ASxxxx Linker V03.00/V05.40 + sdld,  page 1.
Hexadecimal  [32-Bits]

Area                                    Addr        Size        Decimal Bytes (Attributes)
--------------------------------        ----        ----        ------- ----- ------------
.  .ABS.                            00000000    00000000 =           0. bytes (ABS,CON)

      Value  Global                              Global Defined In Module
      -----  --------------------------------   ------------------------
     00000000  .__.ABS.                           SetTileMap
     00000000  _rRAMG                             
     00000000  l__BASE                         
     00000000  l__BSS                          
     00000000  l__CABS                         
     00000000  l__CODE_0                       
     00000000  l__DABS                         
     00000000  l__HEADER                       
     00000000  l__HEAP                         
     00000000  l__HEAP_END                     
     00000000  l__HRAM                         
     00000000  l__LIT                          
     00000000  s__CABS                         
     00000000  s__CABS0                        
     00000000  s__DABS                         
     00000000  s__HEADER                       
     00000000  s__HEADER0                      
     00000000  s__HEADER1                      
     00000000  s__HEADER10                     
     00000000  s__HEADER11                     
     00000000  s__HEADER2                      
     00000000  s__HEADER3                      
     00000000  s__HEADER4                      
     00000000  s__HEADER5                      
     00000000  s__HEADER6                      
     00000000  s__HEADER7                      
     00000000  s__HEADER8                      
     00000000  s__HEADER9                      
     00000000  s__HEADERa                      
     00000000  s__HEADERb                      
     00000000  s__HEADERc                      
     00000000  s__HEADERd                      
     00000000  s__HEADERe                      
     00000000  s__HEADERf                      
     00000000  s__HRAM                         
     00000000  s__HRAM12                       
     00000001  ___bank_GameJohnDoeSetup           GameJohnDoe
     00000001  ___bank_GameJohnDoeUpdate          GameJohnDoe
     00000001  ___bank_GameTitleSetup             GameTitle
     00000001  ___bank_GameTitleUpdate            GameTitle
     00000001  ___bank_const_bank_ID_John         GameJohnDoe
     00000001  ___bank_const_bank_ID_title        GameTitle
     00000001  b_GameJohnDoeSetup                 GameJohnDoe
     00000001  b_GameJohnDoeUpdate                GameJohnDoe
     00000001  b_GameTitleSetup                   GameTitle
     00000001  b_GameTitleUpdate                  GameTitle
     00000001  l__GSFINAL                      
     00000001  l__HEADER0                      
     00000001  l__HEADER5                      
     00000001  l__HEADERa                      
ASxxxx Linker V03.00/V05.40 + sdld,  page 2.
Hexadecimal  [32-Bits]

Area                                    Addr        Size        Decimal Bytes (Attributes)
--------------------------------        ----        ----        ------- ----- ------------
.  .ABS.                            00000000    00000000 =           0. bytes (ABS,CON)

      Value  Global                              Global Defined In Module
      -----  --------------------------------   ------------------------
     00000001  l__HEADERb                      
     00000001  l__HEADERc                      
     00000001  l__HEADERe                      
     00000001  l__HEADERf                      
     00000002  l__HEADER10                     
     00000002  l__HEADER6                      
     00000002  l__HEADERd                      
     00000003  ___bank_CoreGameLoopSetup          CoreGameLoop
     00000003  ___bank_CoreGameLoopUpdate         CoreGameLoop
     00000003  ___bank_const_bank_ID_core         CoreGameLoop
     00000003  ___bank_set_camera                 CoreGameLoop
     00000003  b_CoreGameLoopSetup                CoreGameLoop
     00000003  b_CoreGameLoopUpdate               CoreGameLoop
     00000003  b_set_camera                       CoreGameLoop
     00000003  l__CABS0                        
     00000003  l__HEADER9                      
     00000003  l__HRAM12                       
     00000005  ___bank_BattleSetup                Battle
     00000005  ___bank_BattleUpdate               Battle
     00000005  ___bank_BestiarySetup              Bestiary
     00000005  ___bank_BestiaryUpdate             Bestiary
     00000005  ___bank_const_bank_ID_battle       Battle
     00000005  ___bank_const_bank_ID_bestiary     Bestiary
     00000005  b_BattleSetup                      Battle
     00000005  b_BattleUpdate                     Battle
     00000005  b_BestiarySetup                    Bestiary
     00000005  b_BestiaryUpdate                   Bestiary
     00000005  l__HEADER1                      
     00000006  l__HEADER8                      
     00000007  l__HEADER2                      
     00000008  l__HEADER3                      
     0000000C  l__GSINIT                       
     00000029  l__DATA                         
     00000030  l__HEADER7                      
     00000060  l__HEADER4                      
     000000AB  l__HEADER11                     
     00000200  s__CODE                         
     00000693  l__CODE                         
     000007A9  l__HOME                         
     00000893  s__HOME                         
     00000CBB  l__INITIALIZED                  
     00000CBB  l__INITIALIZER                  
     0000103C  s__BASE                         
     0000103C  s__CODE_0                       
     0000103C  s__INITIALIZER                  
     0000103C  s__LIT                          
     0000159D  l__CODE_1                       
     00001992  l__CODE_3                       
     00001CF7  s__GSINIT                       
     00001D03  s__GSFINAL                      
     00002000  _rROMB0                            
ASxxxx Linker V03.00/V05.40 + sdld,  page 3.
Hexadecimal  [32-Bits]

Area                                    Addr        Size        Decimal Bytes (Attributes)
--------------------------------        ----        ----        ------- ----- ------------
.  .ABS.                            00000000    00000000 =           0. bytes (ABS,CON)

      Value  Global                              Global Defined In Module
      -----  --------------------------------   ------------------------
     00003000  _rROMB1                            
     0000343D  l__CODE_5                       
     00004000  _rRAMB                             
     00008000  __VRAM                             
     00008000  __VRAM8000                         
     00008800  __VRAM8800                         
     00009000  __VRAM9000                         
     00009800  __SCRN0                            
     00009C00  __SCRN1                            
     0000A000  __SRAM                             
     0000C000  __RAM                              
     0000C000  _shadow_OAM                     
     0000C0A0  s__DATA                         
     0000C0C9  s__BSS                          
     0000C0C9  s__INITIALIZED                  
     0000CD84  s__HEAP                         
     0000CD84  s__HEAP_END                     
     0000D000  __RAMBANK                          
     0000E000  .STACK                          
     0000FE00  __OAMRAM                           
     0000FF00  _P1_REG                            
     0000FF00  __IO                               
     0000FF01  _SB_REG                            
     0000FF02  _SC_REG                            
     0000FF04  _DIV_REG                           
     0000FF05  _TIMA_REG                          
     0000FF06  _TMA_REG                           
     0000FF07  _TAC_REG                           
     0000FF0F  _IF_REG                            
     0000FF10  _NR10_REG                          
     0000FF11  _NR11_REG                          
     0000FF12  _NR12_REG                          
     0000FF13  _NR13_REG                          
     0000FF14  _NR14_REG                          
     0000FF16  _NR21_REG                          
     0000FF17  _NR22_REG                          
     0000FF18  _NR23_REG                          
     0000FF19  _NR24_REG                          
     0000FF1A  _NR30_REG                          
     0000FF1B  _NR31_REG                          
     0000FF1C  _NR32_REG                          
     0000FF1D  _NR33_REG                          
     0000FF1E  _NR34_REG                          
     0000FF20  _NR41_REG                          
     0000FF21  _NR42_REG                          
     0000FF22  _NR43_REG                          
     0000FF23  _NR44_REG                          
     0000FF24  _NR50_REG                          
     0000FF25  _NR51_REG                          
     0000FF26  _NR52_REG                          
     0000FF30  _AUD3WAVE                          
ASxxxx Linker V03.00/V05.40 + sdld,  page 4.
Hexadecimal  [32-Bits]

Area                                    Addr        Size        Decimal Bytes (Attributes)
--------------------------------        ----        ----        ------- ----- ------------
.  .ABS.                            00000000    00000000 =           0. bytes (ABS,CON)

      Value  Global                              Global Defined In Module
      -----  --------------------------------   ------------------------
     0000FF30  _PCM_SAMPLE                        
     0000FF30  __AUD3WAVERAM                      
     0000FF40  _LCDC_REG                          
     0000FF41  _STAT_REG                          
     0000FF42  _SCY_REG                           
     0000FF43  _SCX_REG                           
     0000FF44  _LY_REG                            
     0000FF45  _LYC_REG                           
     0000FF46  _DMA_REG                           
     0000FF47  _BGP_REG                           
     0000FF48  _OBP0_REG                          
     0000FF49  _OBP1_REG                          
     0000FF4A  _WY_REG                            
     0000FF4B  _WX_REG                            
     0000FF4D  _KEY1_REG                          
     0000FF4F  _VBK_REG                           
     0000FF51  _HDMA1_REG                         
     0000FF52  _HDMA2_REG                         
     0000FF53  _HDMA3_REG                         
     0000FF54  _HDMA4_REG                         
     0000FF55  _HDMA5_REG                         
     0000FF56  _RP_REG                            
     0000FF68  _BCPS_REG                          
     0000FF69  _BCPD_REG                          
     0000FF6A  _OCPS_REG                          
     0000FF6B  _OCPD_REG                          
     0000FF70  _SVBK_REG                          
     0000FF76  _PCM12_REG                         
     0000FF77  _PCM34_REG                         
     0000FF80  .refresh_OAM                    
     0000FF80  __HRAM                             
     0000FFFF  _IE_REG                            
     00014000  s__CODE_1                       
     00034000  s__CODE_3                       
     00054000  s__CODE_5                       

ASxxxx Linker V03.00/V05.40 + sdld,  page 5.
Hexadecimal  [32-Bits]

Area                                    Addr        Size        Decimal Bytes (Attributes)
--------------------------------        ----        ----        ------- ----- ------------
_CODE                               00000200    00000693 =        1683. bytes (REL,CON)

      Value  Global                              Global Defined In Module
      -----  --------------------------------   ------------------------
     00000200  A$main$69                          main
     00000200  C$main.c$9$0_0$149                 main
     00000200  G$main$0$0                         main
     00000200  _main                              main
     00000201  A$main$73                          main
     00000201  C$main.c$11$2_0$149                main
     00000203  A$main$74                          main
     00000205  A$main$78                          main
     00000205  C$main.c$12$2_0$149                main
     00000207  A$main$86                          main
     00000207  C$main.c$15$1_0$149                main
     00000207  C$main.c$19$2_0$150                main
     00000209  A$main$87                          main
     0000020A  A$main$88                          main
     0000020B  A$main$89                          main
     0000020D  A$main$93                          main
     0000020D  C$main.c$21$3_0$151                main
     0000020F  A$main$94                          main
     00000210  A$main$98                          main
     00000210  C$main.c$22$3_0$151                main
     00000211  A$main$99                          main
     00000212  A$main$100                         main
     00000214  A$main$101                         main
     00000215  A$main$102                         main
     00000217  A$main$103                         main
     00000219  A$main$104                         main
     0000021B  A$main$105                         main
     0000021D  A$main$106                         main
     0000021F  A$main$107                         main
     00000221  A$main$108                         main
     00000223  A$main$109                         main
     00000225  A$main$110                         main
     00000227  A$main$118                         main
     00000227  C$main.c$24$4_0$152                main
     00000227  C$main.c$25$4_0$152                main
     00000229  A$main$119                         main
     0000022B  A$main$120                         main
     0000022E  A$main$121                         main
     00000230  A$main$125                         main
     00000230  C$main.c$26$4_0$152                main
     00000231  A$main$126                         main
     00000234  A$main$127                         main
     00000235  A$main$131                         main
     00000235  C$main.c$27$4_0$152                main
     00000237  A$main$139                         main
     00000237  C$main.c$28$4_0$152                main
     00000237  C$main.c$29$4_0$152                main
     00000239  A$main$140                         main
     0000023B  A$main$141                         main
     0000023E  A$main$142                         main
ASxxxx Linker V03.00/V05.40 + sdld,  page 6.
Hexadecimal  [32-Bits]

Area                                    Addr        Size        Decimal Bytes (Attributes)
--------------------------------        ----        ----        ------- ----- ------------
_CODE                               00000200    00000693 =        1683. bytes (REL,CON)

      Value  Global                              Global Defined In Module
      -----  --------------------------------   ------------------------
     00000240  A$main$146                         main
     00000240  C$main.c$30$4_0$152                main
     00000241  A$main$147                         main
     00000243  A$main$148                         main
     00000246  A$main$149                         main
     00000249  A$main$150                         main
     0000024A  A$main$154                         main
     0000024A  C$main.c$31$4_0$152                main
     0000024C  A$main$162                         main
     0000024C  C$main.c$32$4_0$152                main
     0000024C  C$main.c$33$4_0$152                main
     0000024E  A$main$163                         main
     00000250  A$main$164                         main
     00000253  A$main$165                         main
     00000255  A$main$169                         main
     00000255  C$main.c$34$4_0$152                main
     00000256  A$main$170                         main
     00000258  A$main$171                         main
     0000025B  A$main$172                         main
     0000025E  A$main$173                         main
     0000025F  A$main$177                         main
     0000025F  C$main.c$35$4_0$152                main
     00000261  A$main$185                         main
     00000261  C$main.c$36$4_0$152                main
     00000261  C$main.c$37$4_0$152                main
     00000263  A$main$186                         main
     00000265  A$main$187                         main
     00000268  A$main$188                         main
     0000026A  A$main$192                         main
     0000026A  C$main.c$38$4_0$152                main
     0000026B  A$main$193                         main
     0000026D  A$main$194                         main
     00000270  A$main$195                         main
     00000273  A$main$196                         main
     00000274  A$main$200                         main
     00000274  C$main.c$39$4_0$152                main
     00000276  A$main$208                         main
     00000276  C$main.c$40$4_0$152                main
     00000276  C$main.c$41$4_0$152                main
     00000278  A$main$209                         main
     0000027A  A$main$210                         main
     0000027D  A$main$211                         main
     0000027F  A$main$215                         main
     0000027F  C$main.c$42$4_0$152                main
     00000280  A$main$216                         main
     00000282  A$main$217                         main
     00000285  A$main$218                         main
     00000288  A$main$219                         main
     00000289  A$main$227                         main
     00000289  C$main.c$46$2_0$150                main
     00000289  C$main.c$48$2_0$150                main
ASxxxx Linker V03.00/V05.40 + sdld,  page 7.
Hexadecimal  [32-Bits]

Area                                    Addr        Size        Decimal Bytes (Attributes)
--------------------------------        ----        ----        ------- ----- ------------
_CODE                               00000200    00000693 =        1683. bytes (REL,CON)

      Value  Global                              Global Defined In Module
      -----  --------------------------------   ------------------------
     0000028B  A$main$228                         main
     0000028C  A$main$229                         main
     0000028D  A$main$230                         main
     0000028F  A$main$231                         main
     00000291  A$main$232                         main
     00000292  A$main$233                         main
     00000294  A$main$234                         main
     00000296  A$main$235                         main
     00000298  A$main$236                         main
     00000299  A$main$237                         main
     0000029B  A$main$238                         main
     0000029D  A$main$239                         main
     0000029F  A$main$240                         main
     000002A0  A$main$241                         main
     000002A2  A$main$242                         main
     000002A4  A$main$243                         main
     000002A6  A$main$244                         main
     000002A7  A$main$245                         main
     000002A9  A$main$246                         main
     000002AB  A$main$247                         main
     000002AE  A$main$255                         main
     000002AE  C$main.c$50$3_0$153                main
     000002AE  C$main.c$51$3_0$153                main
     000002B1  A$main$256                         main
     000002B2  A$main$260                         main
     000002B2  C$main.c$52$3_0$153                main
     000002B5  A$main$268                         main
     000002B5  C$main.c$53$3_0$153                main
     000002B5  C$main.c$54$3_0$153                main
     000002B7  A$main$269                         main
     000002BA  A$main$270                         main
     000002BD  A$main$271                         main
     000002BE  A$main$275                         main
     000002BE  C$main.c$55$3_0$153                main
     000002C1  A$main$283                         main
     000002C1  C$main.c$56$3_0$153                main
     000002C1  C$main.c$57$3_0$153                main
     000002C3  A$main$284                         main
     000002C6  A$main$285                         main
     000002C9  A$main$286                         main
     000002CA  A$main$290                         main
     000002CA  C$main.c$58$3_0$153                main
     000002CD  A$main$298                         main
     000002CD  C$main.c$59$3_0$153                main
     000002CD  C$main.c$60$3_0$153                main
     000002CF  A$main$299                         main
     000002D2  A$main$300                         main
     000002D5  A$main$301                         main
     000002D6  A$main$305                         main
     000002D6  C$main.c$61$3_0$153                main
     000002D9  A$main$313                         main
ASxxxx Linker V03.00/V05.40 + sdld,  page 8.
Hexadecimal  [32-Bits]

Area                                    Addr        Size        Decimal Bytes (Attributes)
--------------------------------        ----        ----        ------- ----- ------------
_CODE                               00000200    00000693 =        1683. bytes (REL,CON)

      Value  Global                              Global Defined In Module
      -----  --------------------------------   ------------------------
     000002D9  C$main.c$62$3_0$153                main
     000002D9  C$main.c$63$3_0$153                main
     000002DC  A$main$314                         main
     000002DD  A$main$318                         main
     000002DD  C$main.c$64$3_0$153                main
     000002E0  A$main$325                         main
     000002E0  C$main.c$67$1_0$149                main
     000002E1  A$main$330                         main
     000002E1  C$main.c$69$1_0$149                main
     000002E1  XG$main$0$0                        main
     000002E2  G$FontTiles$0_0$0                  Font
     000002E2  _FontTiles                         Font
     00000642  _set_vram_byte                     
     0000064B  _set_win_tile_xy                   
     00000654  _set_bkg_tile_xy                   
     00000683  _get_win_xy_addr                   
     0000068B  _get_bkg_xy_addr                   
     000006AA  ___move_metasprite                 Metasprites
     000006E7  ___move_metasprite_flipy           Metasprites
     000006E7  ___move_metasprite_hflip           Metasprites
     00000728  ___move_metasprite_flipx           Metasprites
     00000728  ___move_metasprite_vflip           Metasprites
     00000769  ___move_metasprite_flipxy          Metasprites
     00000769  ___move_metasprite_hvflip          Metasprites
     000007AC  __divsuchar                        divmod
     000007B2  __modsuchar                        divmod
     000007BB  __divuschar                        divmod
     000007C4  __moduschar                        divmod
     000007D0  __divschar                         divmod
     000007D5  __modschar                         divmod
     000007DC  __divsint                          divmod
     000007E5  __modsint                          divmod
     000007F1  __divuchar                         divmod
     000007F6  __moduchar                         divmod
     000007FD  __divuint                          divmod
     00000806  __moduint                          divmod
     00000812  .div8                              divmod
     00000812  .mod8                              divmod
     0000081A  .div16                             divmod
     0000081A  .mod16                             divmod
     00000850  .divu8                             divmod
     00000850  .modu8                             divmod
     00000853  .divu16                            divmod
     00000853  .modu16                            divmod

ASxxxx Linker V03.00/V05.40 + sdld,  page 9.
Hexadecimal  [32-Bits]

Area                                    Addr        Size        Decimal Bytes (Attributes)
--------------------------------        ----        ----        ------- ----- ------------
_HEADER0                            00000000    00000001 =           1. bytes (ABS,CON)

      Value  Global                              Global Defined In Module
      -----  --------------------------------   ------------------------
     00000020  .call_hl                           Runtime

ASxxxx Linker V03.00/V05.40 + sdld,  page 10.
Hexadecimal  [32-Bits]

Area                                    Addr        Size        Decimal Bytes (Attributes)
--------------------------------        ----        ----        ------- ----- ------------
_HEADER1                            00000000    00000005 =           5. bytes (ABS,CON)

      Value  Global                              Global Defined In Module
      -----  --------------------------------   ------------------------
     00000028  .MemsetSmall                       Runtime

ASxxxx Linker V03.00/V05.40 + sdld,  page 11.
Hexadecimal  [32-Bits]

Area                                    Addr        Size        Decimal Bytes (Attributes)
--------------------------------        ----        ----        ------- ----- ------------
_HEADER2                            00000000    00000007 =           7. bytes (ABS,CON)

      Value  Global                              Global Defined In Module
      -----  --------------------------------   ------------------------
     00000030  .MemcpySmall                       Runtime

ASxxxx Linker V03.00/V05.40 + sdld,  page 12.
Hexadecimal  [32-Bits]

Area                                    Addr        Size        Decimal Bytes (Attributes)
--------------------------------        ----        ----        ------- ----- ------------
_HEADER3                            00000000    00000008 =           8. bytes (ABS,CON)

      Value  Global                              Global Defined In Module
      -----  --------------------------------   ------------------------
ASxxxx Linker V03.00/V05.40 + sdld,  page 13.
Hexadecimal  [32-Bits]

Area                                    Addr        Size        Decimal Bytes (Attributes)
--------------------------------        ----        ----        ------- ----- ------------
_HEADER4                            00000000    00000060 =          96. bytes (ABS,CON)

      Value  Global                              Global Defined In Module
      -----  --------------------------------   ------------------------
     00000080  .int                               Runtime
     0000008F  _wait_int_handler                  Runtime
     0000009C  __standard_VBL_handler             Runtime
     000000AB  _refresh_OAM                       Runtime
     000000CC  _set_interrupts                    Runtime

ASxxxx Linker V03.00/V05.40 + sdld,  page 14.
Hexadecimal  [32-Bits]

Area                                    Addr        Size        Decimal Bytes (Attributes)
--------------------------------        ----        ----        ------- ----- ------------
_HEADER5                            00000000    00000001 =           1. bytes (ABS,CON)

      Value  Global                              Global Defined In Module
      -----  --------------------------------   ------------------------
ASxxxx Linker V03.00/V05.40 + sdld,  page 15.
Hexadecimal  [32-Bits]

Area                                    Addr        Size        Decimal Bytes (Attributes)
--------------------------------        ----        ----        ------- ----- ------------
_HEADER6                            00000000    00000002 =           2. bytes (ABS,CON)

      Value  Global                              Global Defined In Module
      -----  --------------------------------   ------------------------
ASxxxx Linker V03.00/V05.40 + sdld,  page 16.
Hexadecimal  [32-Bits]

Area                                    Addr        Size        Decimal Bytes (Attributes)
--------------------------------        ----        ----        ------- ----- ------------
_HEADER7                            00000000    00000030 =          48. bytes (ABS,CON)

      Value  Global                              Global Defined In Module
      -----  --------------------------------   ------------------------
ASxxxx Linker V03.00/V05.40 + sdld,  page 17.
Hexadecimal  [32-Bits]

Area                                    Addr        Size        Decimal Bytes (Attributes)
--------------------------------        ----        ----        ------- ----- ------------
_HEADER8                            00000000    00000006 =           6. bytes (ABS,CON)

      Value  Global                              Global Defined In Module
      -----  --------------------------------   ------------------------
ASxxxx Linker V03.00/V05.40 + sdld,  page 18.
Hexadecimal  [32-Bits]

Area                                    Addr        Size        Decimal Bytes (Attributes)
--------------------------------        ----        ----        ------- ----- ------------
_HEADER9                            00000000    00000003 =           3. bytes (ABS,CON)

      Value  Global                              Global Defined In Module
      -----  --------------------------------   ------------------------
ASxxxx Linker V03.00/V05.40 + sdld,  page 19.
Hexadecimal  [32-Bits]

Area                                    Addr        Size        Decimal Bytes (Attributes)
--------------------------------        ----        ----        ------- ----- ------------
_HEADERa                            00000000    00000001 =           1. bytes (ABS,CON)

      Value  Global                              Global Defined In Module
      -----  --------------------------------   ------------------------
ASxxxx Linker V03.00/V05.40 + sdld,  page 20.
Hexadecimal  [32-Bits]

Area                                    Addr        Size        Decimal Bytes (Attributes)
--------------------------------        ----        ----        ------- ----- ------------
_HEADERb                            00000000    00000001 =           1. bytes (ABS,CON)

      Value  Global                              Global Defined In Module
      -----  --------------------------------   ------------------------
ASxxxx Linker V03.00/V05.40 + sdld,  page 21.
Hexadecimal  [32-Bits]

Area                                    Addr        Size        Decimal Bytes (Attributes)
--------------------------------        ----        ----        ------- ----- ------------
_HEADERc                            00000000    00000001 =           1. bytes (ABS,CON)

      Value  Global                              Global Defined In Module
      -----  --------------------------------   ------------------------
ASxxxx Linker V03.00/V05.40 + sdld,  page 22.
Hexadecimal  [32-Bits]

Area                                    Addr        Size        Decimal Bytes (Attributes)
--------------------------------        ----        ----        ------- ----- ------------
_HEADERd                            00000000    00000002 =           2. bytes (ABS,CON)

      Value  Global                              Global Defined In Module
      -----  --------------------------------   ------------------------
ASxxxx Linker V03.00/V05.40 + sdld,  page 23.
Hexadecimal  [32-Bits]

Area                                    Addr        Size        Decimal Bytes (Attributes)
--------------------------------        ----        ----        ------- ----- ------------
_HEADERe                            00000000    00000001 =           1. bytes (ABS,CON)

      Value  Global                              Global Defined In Module
      -----  --------------------------------   ------------------------
ASxxxx Linker V03.00/V05.40 + sdld,  page 24.
Hexadecimal  [32-Bits]

Area                                    Addr        Size        Decimal Bytes (Attributes)
--------------------------------        ----        ----        ------- ----- ------------
_HEADERf                            00000000    00000001 =           1. bytes (ABS,CON)

      Value  Global                              Global Defined In Module
      -----  --------------------------------   ------------------------
ASxxxx Linker V03.00/V05.40 + sdld,  page 25.
Hexadecimal  [32-Bits]

Area                                    Addr        Size        Decimal Bytes (Attributes)
--------------------------------        ----        ----        ------- ----- ------------
_HEADER10                           00000000    00000002 =           2. bytes (ABS,CON)

      Value  Global                              Global Defined In Module
      -----  --------------------------------   ------------------------
ASxxxx Linker V03.00/V05.40 + sdld,  page 26.
Hexadecimal  [32-Bits]

Area                                    Addr        Size        Decimal Bytes (Attributes)
--------------------------------        ----        ----        ------- ----- ------------
_HEADER11                           00000000    000000AB =         171. bytes (ABS,CON)

      Value  Global                              Global Defined In Module
      -----  --------------------------------   ------------------------
     00000150  .reset                             Runtime
     00000150  _reset                             Runtime
     00000157  .code_start                        Runtime
     000001B9  _exit                              Runtime
     000001BD  .wait_vbl_done                     Runtime
     000001BD  _vsync                             Runtime
     000001BD  _wait_vbl_done                     Runtime
     000001CD  .remove_VBL                        Runtime
     000001CD  _remove_VBL                        Runtime
     000001D0  .remove_int                        Runtime
     000001ED  .add_VBL                           Runtime
     000001ED  _add_VBL                           Runtime
     000001F0  .add_int                           Runtime

ASxxxx Linker V03.00/V05.40 + sdld,  page 27.
Hexadecimal  [32-Bits]

Area                                    Addr        Size        Decimal Bytes (Attributes)
--------------------------------        ----        ----        ------- ----- ------------
_HOME                               00000893    000007A9 =        1961. bytes (REL,CON)

      Value  Global                              Global Defined In Module
      -----  --------------------------------   ------------------------
     00000893  .memset_simple                     Runtime
     0000089C  .memcpy_simple                     Runtime
     000008B9  .display_off                       Runtime
     000008B9  _display_off                       Runtime
     000008D1  A$common$75                        common
     000008D1  C$common.c$15$0_0$164              common
     000008D1  G$performantdelay$0$0              common
     000008D1  _performantdelay                   common
     000008D2  A$common$79                        common
     000008D4  A$common$81                        common
     000008D5  A$common$82                        common
     000008D6  A$common$83                        common
     000008D7  A$common$87                        common
     000008D7  C$common.c$19$3_0$165              common
     000008DA  A$common$91                        common
     000008DA  C$common.c$17$2_0$164              common
     000008DB  A$common$99                        common
     000008DB  C$common.c$21$2_0$164              common
     000008DB  XG$performantdelay$0$0             common
     000008DD  A$common$109                       common
     000008DD  C$common.c$24$2_0$167              common
     000008DD  G$DrawNumber$0$0                   common
     000008DD  _DrawNumber                        common
     000008DF  A$common$110                       common
     000008E0  A$common$111                       common
     000008E1  A$common$115                       common
     000008E1  C$common.c$26$2_0$167              common
     000008E3  A$common$116                       common
     000008E5  A$common$117                       common
     000008E6  A$common$118                       common
     000008E7  A$common$119                       common
     000008E9  A$common$120                       common
     000008EA  A$common$121                       common
     000008EB  A$common$122                       common
     000008ED  A$common$123                       common
     000008EE  A$common$124                       common
     000008EF  A$common$125                       common
     000008F1  A$common$126                       common
     000008F2  A$common$127                       common
     000008F4  A$common$131                       common
     000008F4  C$common.c$29$1_0$167              common
     000008F6  A$common$132                       common
     000008F7  A$common$133                       common
     000008F8  A$common$134                       common
     000008F9  A$common$135                       common
     000008FA  A$common$136                       common
     000008FC  A$common$137                       common
     000008FD  A$common$138                       common
     000008FE  A$common$139                       common
     00000901  A$common$140                       common
ASxxxx Linker V03.00/V05.40 + sdld,  page 28.
Hexadecimal  [32-Bits]

Area                                    Addr        Size        Decimal Bytes (Attributes)
--------------------------------        ----        ----        ------- ----- ------------
_HOME                               00000893    000007A9 =        1961. bytes (REL,CON)

      Value  Global                              Global Defined In Module
      -----  --------------------------------   ------------------------
     00000902  A$common$141                       common
     00000903  A$common$142                       common
     00000904  A$common$143                       common
     00000907  A$common$144                       common
     00000909  A$common$145                       common
     0000090A  A$common$149                       common
     0000090A  C$common.c$33$1_1$168              common
     0000090C  A$common$150                       common
     0000090D  A$common$151                       common
     0000090E  A$common$152                       common
     00000910  A$common$156                       common
     00000910  C$common.c$35$2_1$169              common
     00000911  A$common$157                       common
     00000912  A$common$158                       common
     00000913  A$common$159                       common
     00000914  A$common$160                       common
     00000915  A$common$161                       common
     00000918  A$common$162                       common
     00000919  A$common$163                       common
     0000091A  A$common$164                       common
     0000091B  A$common$165                       common
     0000091D  A$common$170                       common
     0000091D  C$common.c$38$2_1$170              common
     0000091E  A$common$171                       common
     0000091F  A$common$172                       common
     00000920  A$common$173                       common
     00000921  A$common$174                       common
     00000922  A$common$175                       common
     00000925  A$common$176                       common
     00000926  A$common$177                       common
     00000927  A$common$178                       common
     00000928  A$common$183                       common
     00000928  C$common.c$42$1_2$171              common
     0000092B  A$common$184                       common
     0000092C  A$common$185                       common
     0000092D  A$common$186                       common
     00000930  A$common$187                       common
     00000931  A$common$188                       common
     00000933  A$common$189                       common
     00000934  A$common$193                       common
     00000934  C$common.c$47$2_2$167              common
     00000936  A$common$194                       common
     00000938  A$common$196                       common
     0000093A  A$common$197                       common
     0000093B  A$common$198                       common
     0000093D  A$common$199                       common
     0000093E  A$common$200                       common
     0000093F  A$common$201                       common
     00000940  A$common$202                       common
     00000941  A$common$203                       common
     00000942  A$common$204                       common
ASxxxx Linker V03.00/V05.40 + sdld,  page 29.
Hexadecimal  [32-Bits]

Area                                    Addr        Size        Decimal Bytes (Attributes)
--------------------------------        ----        ----        ------- ----- ------------
_HOME                               00000893    000007A9 =        1961. bytes (REL,CON)

      Value  Global                              Global Defined In Module
      -----  --------------------------------   ------------------------
     00000944  A$common$205                       common
     00000945  A$common$206                       common
     00000946  A$common$207                       common
     00000947  A$common$208                       common
     00000948  A$common$209                       common
     00000949  A$common$210                       common
     0000094A  A$common$211                       common
     0000094B  A$common$212                       common
     0000094C  A$common$213                       common
     0000094D  A$common$214                       common
     0000094E  A$common$215                       common
     0000094F  A$common$216                       common
     00000950  A$common$217                       common
     00000951  A$common$218                       common
     00000952  A$common$219                       common
     00000953  A$common$220                       common
     00000954  A$common$221                       common
     00000955  A$common$222                       common
     00000957  A$common$223                       common
     00000958  A$common$224                       common
     00000959  A$common$225                       common
     0000095A  A$common$226                       common
     0000095B  A$common$227                       common
     0000095C  A$common$228                       common
     0000095E  A$common$229                       common
     0000095F  A$common$230                       common
     00000961  A$common$231                       common
     00000963  A$common$232                       common
     00000964  A$common$233                       common
     00000965  A$common$234                       common
     00000967  A$common$235                       common
     00000968  A$common$236                       common
     00000969  A$common$237                       common
     0000096A  A$common$238                       common
     0000096B  A$common$239                       common
     0000096C  A$common$240                       common
     0000096D  A$common$241                       common
     0000096E  A$common$242                       common
     0000096F  A$common$243                       common
     00000971  A$common$244                       common
     00000973  A$common$245                       common
     00000975  A$common$246                       common
     00000977  A$common$247                       common
     00000978  A$common$248                       common
     0000097A  A$common$250                       common
     0000097C  A$common$251                       common
     0000097E  A$common$252                       common
     0000097F  A$common$254                       common
     00000981  A$common$258                       common
     00000981  C$common.c$49$3_2$173              common
     00000982  A$common$261                       common
ASxxxx Linker V03.00/V05.40 + sdld,  page 30.
Hexadecimal  [32-Bits]

Area                                    Addr        Size        Decimal Bytes (Attributes)
--------------------------------        ----        ----        ------- ----- ------------
_HOME                               00000893    000007A9 =        1961. bytes (REL,CON)

      Value  Global                              Global Defined In Module
      -----  --------------------------------   ------------------------
     00000983  A$common$262                       common
     00000984  A$common$263                       common
     00000986  A$common$264                       common
     00000987  A$common$265                       common
     0000098A  A$common$269                       common
     0000098A  C$common.c$47$2_2$172              common
     0000098C  A$common$270                       common
     0000098D  A$common$271                       common
     0000098F  A$common$276                       common
     0000098F  C$common.c$54$2_2$167              common
     00000991  A$common$278                       common
     00000992  A$common$279                       common
     00000994  A$common$280                       common
     00000995  A$common$281                       common
     00000997  A$common$285                       common
     00000997  C$common.c$56$3_2$175              common
     00000998  A$common$286                       common
     0000099A  A$common$287                       common
     0000099D  A$common$288                       common
     0000099E  A$common$289                       common
     0000099F  A$common$290                       common
     000009A0  A$common$291                       common
     000009A1  A$common$292                       common
     000009A3  A$common$293                       common
     000009A4  A$common$296                       common
     000009A5  A$common$299                       common
     000009A6  A$common$300                       common
     000009A7  A$common$301                       common
     000009A8  A$common$302                       common
     000009A9  A$common$303                       common
     000009AA  A$common$304                       common
     000009AD  A$common$305                       common
     000009AE  A$common$309                       common
     000009AE  C$common.c$54$2_2$174              common
     000009AF  A$common$310                       common
     000009B1  A$common$315                       common
     000009B1  C$common.c$58$2_2$167              common
     000009B3  A$common$316                       common
     000009B4  A$common$317                       common
     000009B6  A$common$318                       common
     000009B7  A$common$328                       common
     000009B7  C$common.c$60$2_2$177              common
     000009B7  G$DrawText$0$0                     common
     000009B7  _DrawText                          common
     000009B9  A$common$329                       common
     000009BA  A$common$330                       common
     000009BB  A$common$334                       common
     000009BB  C$common.c$67$1_0$177              common
     000009BD  A$common$335                       common
     000009BE  A$common$336                       common
     000009BF  A$common$337                       common
ASxxxx Linker V03.00/V05.40 + sdld,  page 31.
Hexadecimal  [32-Bits]

Area                                    Addr        Size        Decimal Bytes (Attributes)
--------------------------------        ----        ----        ------- ----- ------------
_HOME                               00000893    000007A9 =        1961. bytes (REL,CON)

      Value  Global                              Global Defined In Module
      -----  --------------------------------   ------------------------
     000009C1  A$common$341                       common
     000009C1  C$common.c$69$2_0$178              common
     000009C2  A$common$342                       common
     000009C3  A$common$343                       common
     000009C6  A$common$344                       common
     000009C8  A$common$345                       common
     000009C9  A$common$346                       common
     000009CB  A$common$351                       common
     000009CB  C$common.c$72$2_0$179              common
     000009CC  A$common$352                       common
     000009CD  A$common$353                       common
     000009D0  A$common$354                       common
     000009D2  A$common$355                       common
     000009D3  A$common$360                       common
     000009D5  A$common$362                       common
     000009D7  A$common$363                       common
     000009D8  A$common$364                       common
     000009D9  A$common$365                       common
     000009DA  A$common$366                       common
     000009DB  A$common$367                       common
     000009DD  A$common$368                       common
     000009DE  A$common$369                       common
     000009DF  A$common$370                       common
     000009E0  A$common$374                       common
     000009E0  C$common.c$80$1_0$177              common
     000009E1  A$common$378                       common
     000009E1  C$common.c$75$1_0$177              common
     000009E2  A$common$379                       common
     000009E3  A$common$380                       common
     000009E6  A$common$384                       common
     000009E6  C$common.c$79$1_0$177              common
     000009E7  A$common$385                       common
     000009E8  A$common$386                       common
     000009E9  A$common$387                       common
     000009EA  A$common$388                       common
     000009EB  A$common$389                       common
     000009EC  A$common$390                       common
     000009ED  A$common$391                       common
     000009EF  A$common$392                       common
     000009F0  A$common$393                       common
     000009F1  A$common$394                       common
     000009F2  A$common$395                       common
     000009F4  A$common$396                       common
     000009F5  A$common$397                       common
     000009F6  A$common$398                       common
     000009F7  A$common$399                       common
     000009F9  A$common$400                       common
     000009FB  A$common$401                       common
     000009FD  A$common$402                       common
     000009FE  A$common$403                       common
     00000A00  A$common$404                       common
ASxxxx Linker V03.00/V05.40 + sdld,  page 32.
Hexadecimal  [32-Bits]

Area                                    Addr        Size        Decimal Bytes (Attributes)
--------------------------------        ----        ----        ------- ----- ------------
_HOME                               00000893    000007A9 =        1961. bytes (REL,CON)

      Value  Global                              Global Defined In Module
      -----  --------------------------------   ------------------------
     00000A01  A$common$405                       common
     00000A02  A$common$406                       common
     00000A04  A$common$407                       common
     00000A05  A$common$408                       common
     00000A06  A$common$409                       common
     00000A07  A$common$410                       common
     00000A08  A$common$411                       common
     00000A09  A$common$412                       common
     00000A0A  A$common$413                       common
     00000A0C  A$common$414                       common
     00000A0D  A$common$415                       common
     00000A0E  A$common$416                       common
     00000A0F  A$common$417                       common
     00000A10  A$common$418                       common
     00000A13  A$common$419                       common
     00000A16  A$common$424                       common
     00000A16  C$common.c$80$2_0$180              common
     00000A17  A$common$425                       common
     00000A19  A$common$426                       common
     00000A1B  A$common$427                       common
     00000A1D  A$common$428                       common
     00000A1E  A$common$429                       common
     00000A20  A$common$430                       common
     00000A21  A$common$431                       common
     00000A23  A$common$432                       common
     00000A24  A$common$433                       common
     00000A25  A$common$434                       common
     00000A26  A$common$435                       common
     00000A28  A$common$436                       common
     00000A29  A$common$437                       common
     00000A2A  A$common$438                       common
     00000A2B  A$common$439                       common
     00000A2D  A$common$440                       common
     00000A2E  A$common$441                       common
     00000A2F  A$common$442                       common
     00000A30  A$common$443                       common
     00000A31  A$common$444                       common
     00000A34  A$common$445                       common
     00000A36  A$common$450                       common
     00000A36  C$common.c$81$2_0$180              common
     00000A37  A$common$451                       common
     00000A39  A$common$452                       common
     00000A3B  A$common$453                       common
     00000A3D  A$common$454                       common
     00000A3E  A$common$455                       common
     00000A40  A$common$456                       common
     00000A41  A$common$457                       common
     00000A43  A$common$458                       common
     00000A44  A$common$459                       common
     00000A45  A$common$460                       common
     00000A46  A$common$461                       common
ASxxxx Linker V03.00/V05.40 + sdld,  page 33.
Hexadecimal  [32-Bits]

Area                                    Addr        Size        Decimal Bytes (Attributes)
--------------------------------        ----        ----        ------- ----- ------------
_HOME                               00000893    000007A9 =        1961. bytes (REL,CON)

      Value  Global                              Global Defined In Module
      -----  --------------------------------   ------------------------
     00000A48  A$common$462                       common
     00000A49  A$common$463                       common
     00000A4A  A$common$464                       common
     00000A4B  A$common$465                       common
     00000A4D  A$common$466                       common
     00000A4E  A$common$467                       common
     00000A4F  A$common$468                       common
     00000A50  A$common$469                       common
     00000A51  A$common$470                       common
     00000A54  A$common$471                       common
     00000A56  A$common$476                       common
     00000A56  C$common.c$87$3_0$181              common
     00000A57  A$common$477                       common
     00000A59  A$common$478                       common
     00000A5B  A$common$479                       common
     00000A5D  A$common$480                       common
     00000A5F  A$common$481                       common
     00000A61  A$common$482                       common
     00000A63  A$common$486                       common
     00000A63  C$common.c$88$4_0$182              common
     00000A64  A$common$487                       common
     00000A65  A$common$488                       common
     00000A67  A$common$489                       common
     00000A68  A$common$490                       common
     00000A69  A$common$491                       common
     00000A6A  A$common$492                       common
     00000A6C  A$common$493                       common
     00000A6D  A$common$494                       common
     00000A6E  A$common$495                       common
     00000A6F  A$common$496                       common
     00000A71  A$common$497                       common
     00000A74  A$common$498                       common
     00000A76  A$common$503                       common
     00000A76  C$common.c$89$4_0$182              common
     00000A77  A$common$504                       common
     00000A78  A$common$505                       common
     00000A7A  A$common$506                       common
     00000A7B  A$common$507                       common
     00000A7C  A$common$508                       common
     00000A7D  A$common$509                       common
     00000A7F  A$common$510                       common
     00000A80  A$common$511                       common
     00000A81  A$common$512                       common
     00000A82  A$common$513                       common
     00000A84  A$common$514                       common
     00000A87  A$common$515                       common
     00000A89  A$common$520                       common
     00000A89  C$common.c$90$4_0$182              common
     00000A8A  A$common$521                       common
     00000A8B  A$common$522                       common
     00000A8D  A$common$523                       common
ASxxxx Linker V03.00/V05.40 + sdld,  page 34.
Hexadecimal  [32-Bits]

Area                                    Addr        Size        Decimal Bytes (Attributes)
--------------------------------        ----        ----        ------- ----- ------------
_HOME                               00000893    000007A9 =        1961. bytes (REL,CON)

      Value  Global                              Global Defined In Module
      -----  --------------------------------   ------------------------
     00000A8E  A$common$524                       common
     00000A8F  A$common$525                       common
     00000A90  A$common$526                       common
     00000A92  A$common$527                       common
     00000A93  A$common$528                       common
     00000A94  A$common$529                       common
     00000A95  A$common$530                       common
     00000A97  A$common$531                       common
     00000A9A  A$common$532                       common
     00000A9C  A$common$537                       common
     00000A9C  C$common.c$91$4_0$182              common
     00000A9E  A$common$538                       common
     00000A9F  A$common$539                       common
     00000AA0  A$common$540                       common
     00000AA1  A$common$541                       common
     00000AA3  A$common$542                       common
     00000AA4  A$common$543                       common
     00000AA5  A$common$544                       common
     00000AA6  A$common$552                       common
     00000AA6  C$common.c$92$2_0$180              common
     00000AA6  C$common.c$96$2_0$180              common
     00000AA7  A$common$553                       common
     00000AAA  A$common$558                       common
     00000AAA  C$common.c$98$1_0$177              common
     00000AAC  A$common$559                       common
     00000AAE  A$common$563                       common
     00000AAE  C$common.c$100$1_0$177             common
     00000AB0  A$common$564                       common
     00000AB1  A$common$565                       common
     00000AB3  A$common$566                       common
     00000AB4  A$common$576                       common
     00000AB4  C$common.c$102$1_0$185             common
     00000AB4  G$fadeToBlack$0$0                  common
     00000AB4  _fadeToBlack                       common
     00000AB5  A$common$580                       common
     00000AB7  A$common$582                       common
     00000AB8  A$common$583                       common
     00000ABA  A$common$584                       common
     00000ABB  A$common$588                       common
     00000ABB  C$common.c$106$3_0$186             common
     00000ABC  A$common$589                       common
     00000ABD  A$common$590                       common
     00000ABF  A$common$591                       common
     00000AC0  A$common$592                       common
     00000AC1  A$common$593                       common
     00000AC3  A$common$594                       common
     00000AC4  A$common$595                       common
     00000AC6  A$common$596                       common
     00000AC8  A$common$597                       common
     00000ACA  A$common$598                       common
     00000ACC  A$common$599                       common
ASxxxx Linker V03.00/V05.40 + sdld,  page 35.
Hexadecimal  [32-Bits]

Area                                    Addr        Size        Decimal Bytes (Attributes)
--------------------------------        ----        ----        ------- ----- ------------
_HOME                               00000893    000007A9 =        1961. bytes (REL,CON)

      Value  Global                              Global Defined In Module
      -----  --------------------------------   ------------------------
     00000ACE  A$common$607                       common
     00000ACE  C$common.c$108$4_0$187             common
     00000ACE  C$common.c$109$4_0$187             common
     00000AD0  A$common$608                       common
     00000AD2  A$common$612                       common
     00000AD2  C$common.c$110$4_0$187             common
     00000AD4  A$common$613                       common
     00000AD6  A$common$617                       common
     00000AD6  C$common.c$111$4_0$187             common
     00000AD8  A$common$625                       common
     00000AD8  C$common.c$112$4_0$187             common
     00000AD8  C$common.c$113$4_0$187             common
     00000ADA  A$common$626                       common
     00000ADC  A$common$630                       common
     00000ADC  C$common.c$114$4_0$187             common
     00000ADE  A$common$631                       common
     00000AE0  A$common$635                       common
     00000AE0  C$common.c$115$4_0$187             common
     00000AE2  A$common$643                       common
     00000AE2  C$common.c$116$4_0$187             common
     00000AE2  C$common.c$117$4_0$187             common
     00000AE4  A$common$644                       common
     00000AE6  A$common$648                       common
     00000AE6  C$common.c$118$4_0$187             common
     00000AE8  A$common$649                       common
     00000AEA  A$common$653                       common
     00000AEA  C$common.c$119$4_0$187             common
     00000AEC  A$common$661                       common
     00000AEC  C$common.c$120$4_0$187             common
     00000AEC  C$common.c$121$4_0$187             common
     00000AEE  A$common$662                       common
     00000AF0  A$common$666                       common
     00000AF0  C$common.c$122$4_0$187             common
     00000AF2  A$common$667                       common
     00000AF4  A$common$675                       common
     00000AF4  C$common.c$124$3_0$186             common
     00000AF4  C$common.c$125$3_0$186             common
     00000AF5  A$common$676                       common
     00000AF6  A$common$677                       common
     00000AF9  A$common$678                       common
     00000AFA  A$common$682                       common
     00000AFA  C$common.c$104$2_0$185             common
     00000AFB  A$common$690                       common
     00000AFB  C$common.c$127$2_0$185             common
     00000AFB  XG$fadeToBlack$0$0                 common
     00000AFD  A$common$700                       common
     00000AFD  C$common.c$129$2_0$190             common
     00000AFD  G$fadeFromBlack$0$0                common
     00000AFD  _fadeFromBlack                     common
     00000AFE  A$common$704                       common
     00000B00  A$common$706                       common
ASxxxx Linker V03.00/V05.40 + sdld,  page 36.
Hexadecimal  [32-Bits]

Area                                    Addr        Size        Decimal Bytes (Attributes)
--------------------------------        ----        ----        ------- ----- ------------
_HOME                               00000893    000007A9 =        1961. bytes (REL,CON)

      Value  Global                              Global Defined In Module
      -----  --------------------------------   ------------------------
     00000B01  A$common$707                       common
     00000B03  A$common$708                       common
     00000B04  A$common$712                       common
     00000B04  C$common.c$133$3_0$191             common
     00000B05  A$common$713                       common
     00000B06  A$common$714                       common
     00000B08  A$common$715                       common
     00000B09  A$common$716                       common
     00000B0A  A$common$717                       common
     00000B0C  A$common$718                       common
     00000B0D  A$common$719                       common
     00000B0F  A$common$720                       common
     00000B11  A$common$721                       common
     00000B13  A$common$722                       common
     00000B15  A$common$723                       common
     00000B17  A$common$731                       common
     00000B17  C$common.c$135$4_0$192             common
     00000B17  C$common.c$136$4_0$192             common
     00000B19  A$common$732                       common
     00000B1B  A$common$736                       common
     00000B1B  C$common.c$137$4_0$192             common
     00000B1D  A$common$737                       common
     00000B1F  A$common$741                       common
     00000B1F  C$common.c$138$4_0$192             common
     00000B21  A$common$749                       common
     00000B21  C$common.c$139$4_0$192             common
     00000B21  C$common.c$140$4_0$192             common
     00000B23  A$common$750                       common
     00000B25  A$common$754                       common
     00000B25  C$common.c$141$4_0$192             common
     00000B27  A$common$755                       common
     00000B29  A$common$759                       common
     00000B29  C$common.c$142$4_0$192             common
     00000B2B  A$common$767                       common
     00000B2B  C$common.c$143$4_0$192             common
     00000B2B  C$common.c$144$4_0$192             common
     00000B2D  A$common$768                       common
     00000B2F  A$common$772                       common
     00000B2F  C$common.c$145$4_0$192             common
     00000B31  A$common$773                       common
     00000B33  A$common$777                       common
     00000B33  C$common.c$146$4_0$192             common
     00000B35  A$common$785                       common
     00000B35  C$common.c$147$4_0$192             common
     00000B35  C$common.c$148$4_0$192             common
     00000B37  A$common$786                       common
     00000B39  A$common$790                       common
     00000B39  C$common.c$149$4_0$192             common
     00000B3B  A$common$791                       common
     00000B3D  A$common$799                       common
     00000B3D  C$common.c$151$3_0$191             common
ASxxxx Linker V03.00/V05.40 + sdld,  page 37.
Hexadecimal  [32-Bits]

Area                                    Addr        Size        Decimal Bytes (Attributes)
--------------------------------        ----        ----        ------- ----- ------------
_HOME                               00000893    000007A9 =        1961. bytes (REL,CON)

      Value  Global                              Global Defined In Module
      -----  --------------------------------   ------------------------
     00000B3D  C$common.c$152$3_0$191             common
     00000B3E  A$common$800                       common
     00000B3F  A$common$801                       common
     00000B42  A$common$802                       common
     00000B43  A$common$806                       common
     00000B43  C$common.c$131$2_0$190             common
     00000B44  A$common$814                       common
     00000B44  C$common.c$154$2_0$190             common
     00000B44  XG$fadeFromBlack$0$0               common
     00000B46  A$common$824                       common
     00000B46  C$common.c$156$2_0$195             common
     00000B46  G$fadeToWhite$0$0                  common
     00000B46  _fadeToWhite                       common
     00000B47  A$common$828                       common
     00000B49  A$common$830                       common
     00000B4A  A$common$831                       common
     00000B4C  A$common$832                       common
     00000B4D  A$common$836                       common
     00000B4D  C$common.c$160$3_0$196             common
     00000B4E  A$common$837                       common
     00000B50  A$common$838                       common
     00000B53  A$common$839                       common
     00000B54  A$common$840                       common
     00000B55  A$common$844                       common
     00000B55  C$common.c$162$4_0$197             common
     00000B56  A$common$846                       common
     00000B58  A$common$847                       common
     00000B5A  A$common$848                       common
     00000B5C  A$common$849                       common
     00000B5E  A$common$850                       common
     00000B60  A$common$855                       common
     00000B60  C$common.c$163$4_0$197             common
     00000B62  A$common$856                       common
     00000B64  A$common$860                       common
     00000B64  C$common.c$164$4_0$197             common
     00000B66  A$common$861                       common
     00000B68  A$common$865                       common
     00000B68  C$common.c$165$4_0$197             common
     00000B6A  A$common$873                       common
     00000B6A  C$common.c$166$4_0$197             common
     00000B6A  C$common.c$167$4_0$197             common
     00000B6C  A$common$874                       common
     00000B6E  A$common$878                       common
     00000B6E  C$common.c$168$4_0$197             common
     00000B70  A$common$879                       common
     00000B72  A$common$883                       common
     00000B72  C$common.c$169$4_0$197             common
     00000B74  A$common$891                       common
     00000B74  C$common.c$170$4_0$197             common
     00000B74  C$common.c$171$4_0$197             common
     00000B76  A$common$892                       common
ASxxxx Linker V03.00/V05.40 + sdld,  page 38.
Hexadecimal  [32-Bits]

Area                                    Addr        Size        Decimal Bytes (Attributes)
--------------------------------        ----        ----        ------- ----- ------------
_HOME                               00000893    000007A9 =        1961. bytes (REL,CON)

      Value  Global                              Global Defined In Module
      -----  --------------------------------   ------------------------
     00000B78  A$common$896                       common
     00000B78  C$common.c$172$4_0$197             common
     00000B7A  A$common$897                       common
     00000B7C  A$common$901                       common
     00000B7C  C$common.c$173$4_0$197             common
     00000B7E  A$common$909                       common
     00000B7E  C$common.c$174$4_0$197             common
     00000B7E  C$common.c$175$4_0$197             common
     00000B80  A$common$910                       common
     00000B82  A$common$914                       common
     00000B82  C$common.c$176$4_0$197             common
     00000B84  A$common$915                       common
     00000B86  A$common$919                       common
     00000B86  C$common.c$177$4_0$197             common
     00000B88  A$common$927                       common
     00000B88  C$common.c$178$4_0$197             common
     00000B88  C$common.c$179$4_0$197             common
     00000B89  A$common$928                       common
     00000B8B  A$common$932                       common
     00000B8B  C$common.c$180$4_0$197             common
     00000B8C  A$common$933                       common
     00000B8E  A$common$941                       common
     00000B8E  C$common.c$182$3_0$196             common
     00000B8E  C$common.c$183$3_0$196             common
     00000B8F  A$common$942                       common
     00000B90  A$common$943                       common
     00000B93  A$common$944                       common
     00000B94  A$common$948                       common
     00000B94  C$common.c$158$2_0$195             common
     00000B95  A$common$956                       common
     00000B95  C$common.c$185$2_0$195             common
     00000B95  XG$fadeToWhite$0$0                 common
     00000B97  A$common$966                       common
     00000B97  C$common.c$187$2_0$200             common
     00000B97  G$fadeFromWhite$0$0                common
     00000B97  _fadeFromWhite                     common
     00000B98  A$common$970                       common
     00000B9A  A$common$972                       common
     00000B9B  A$common$973                       common
     00000B9D  A$common$974                       common
     00000B9E  A$common$978                       common
     00000B9E  C$common.c$191$3_0$201             common
     00000B9F  A$common$979                       common
     00000BA0  A$common$980                       common
     00000BA2  A$common$981                       common
     00000BA3  A$common$982                       common
     00000BA4  A$common$983                       common
     00000BA6  A$common$984                       common
     00000BA7  A$common$985                       common
     00000BA9  A$common$986                       common
     00000BAB  A$common$987                       common
ASxxxx Linker V03.00/V05.40 + sdld,  page 39.
Hexadecimal  [32-Bits]

Area                                    Addr        Size        Decimal Bytes (Attributes)
--------------------------------        ----        ----        ------- ----- ------------
_HOME                               00000893    000007A9 =        1961. bytes (REL,CON)

      Value  Global                              Global Defined In Module
      -----  --------------------------------   ------------------------
     00000BAD  A$common$988                       common
     00000BAF  A$common$989                       common
     00000BB1  A$common$997                       common
     00000BB1  C$common.c$193$4_0$202             common
     00000BB1  C$common.c$194$4_0$202             common
     00000BB3  A$common$998                       common
     00000BB5  A$common$1002                      common
     00000BB5  C$common.c$195$4_0$202             common
     00000BB7  A$common$1003                      common
     00000BB9  A$common$1007                      common
     00000BB9  C$common.c$196$4_0$202             common
     00000BBB  A$common$1015                      common
     00000BBB  C$common.c$197$4_0$202             common
     00000BBB  C$common.c$198$4_0$202             common
     00000BBD  A$common$1016                      common
     00000BBF  A$common$1020                      common
     00000BBF  C$common.c$199$4_0$202             common
     00000BC1  A$common$1021                      common
     00000BC3  A$common$1025                      common
     00000BC3  C$common.c$200$4_0$202             common
     00000BC5  A$common$1033                      common
     00000BC5  C$common.c$201$4_0$202             common
     00000BC5  C$common.c$202$4_0$202             common
     00000BC7  A$common$1034                      common
     00000BC9  A$common$1038                      common
     00000BC9  C$common.c$203$4_0$202             common
     00000BCB  A$common$1039                      common
     00000BCD  A$common$1043                      common
     00000BCD  C$common.c$204$4_0$202             common
     00000BCF  A$common$1051                      common
     00000BCF  C$common.c$205$4_0$202             common
     00000BCF  C$common.c$206$4_0$202             common
     00000BD1  A$common$1052                      common
     00000BD3  A$common$1056                      common
     00000BD3  C$common.c$207$4_0$202             common
     00000BD5  A$common$1057                      common
     00000BD7  A$common$1065                      common
     00000BD7  C$common.c$209$3_0$201             common
     00000BD7  C$common.c$210$3_0$201             common
     00000BD8  A$common$1066                      common
     00000BD9  A$common$1067                      common
     00000BDC  A$common$1068                      common
     00000BDD  A$common$1072                      common
     00000BDD  C$common.c$189$2_0$200             common
     00000BDE  A$common$1080                      common
     00000BDE  C$common.c$212$2_0$200             common
     00000BDE  XG$fadeFromWhite$0$0               common
     00000BE0  A$common$1093                      common
     00000BE0  C$common.c$214$2_0$204             common
     00000BE0  C$common.c$216$1_0$204             common
     00000BE0  G$InvertColor$0$0                  common
ASxxxx Linker V03.00/V05.40 + sdld,  page 40.
Hexadecimal  [32-Bits]

Area                                    Addr        Size        Decimal Bytes (Attributes)
--------------------------------        ----        ----        ------- ----- ------------
_HOME                               00000893    000007A9 =        1961. bytes (REL,CON)

      Value  Global                              Global Defined In Module
      -----  --------------------------------   ------------------------
     00000BE0  _InvertColor                       common
     00000BE2  A$common$1094                      common
     00000BE4  A$common$1098                      common
     00000BE4  C$common.c$217$1_0$204             common
     00000BE6  A$common$1099                      common
     00000BE8  A$common$1107                      common
     00000BE8  C$common.c$218$1_0$204             common
     00000BE8  XG$InvertColor$0$0                 common
     00000BE9  A$common$1120                      common
     00000BE9  C$common.c$220$1_0$206             common
     00000BE9  C$common.c$222$1_0$206             common
     00000BE9  G$ResetColor$0$0                   common
     00000BE9  _ResetColor                        common
     00000BEB  A$common$1121                      common
     00000BED  A$common$1125                      common
     00000BED  C$common.c$223$1_0$206             common
     00000BEF  A$common$1126                      common
     00000BF1  A$common$1134                      common
     00000BF1  C$common.c$224$1_0$206             common
[...]
     00056799  A$Battle$675                       Battle
     0005679B  A$Battle$679                       Battle
     0005679B  C$Battle.c$152$2_0$154             Battle
     0005679E  A$Battle$680                       Battle
     0005679F  A$Battle$681                       Battle
     000567A2  A$Battle$682                       Battle
     000567A3  A$Battle$683                       Battle
     000567A6  A$Battle$684                       Battle
     000567A8  A$Battle$688                       Battle
     000567A8  C$Battle.c$153$2_0$154             Battle
     000567AB  A$Battle$689                       Battle
     000567AC  A$Battle$690                       Battle
     000567AF  A$Battle$691                       Battle
     000567B0  A$Battle$692                       Battle
     000567B3  A$Battle$693                       Battle
     000567B4  A$Battle$694                       Battle
     000567B7  A$Battle$695                       Battle
     000567B9  A$Battle$696                       Battle
ASxxxx Linker V03.00/V05.40 + sdld,  page 132.
Hexadecimal  [32-Bits]

Area                                    Addr        Size        Decimal Bytes (Attributes)
--------------------------------        ----        ----        ------- ----- ------------
_CODE_5                             00054000    0000343D =       13373. bytes (REL,CON)

      Value  Global                              Global Defined In Module
      -----  --------------------------------   ------------------------
     000567BC  A$Battle$701                       Battle
     000567BC  C$Battle.c$155$1_0$141             Battle
     000567BF  A$Battle$702                       Battle
     000567C1  A$Battle$703                       Battle
     000567C3  A$Battle$707                       Battle
     000567C3  C$Battle.c$157$2_0$155             Battle
     000567C6  A$Battle$708                       Battle
     000567C7  A$Battle$709                       Battle
     000567CA  A$Battle$710                       Battle
     000567CB  A$Battle$711                       Battle
     000567CE  A$Battle$712                       Battle
     000567D0  A$Battle$716                       Battle
     000567D0  C$Battle.c$158$2_0$155             Battle
     000567D3  A$Battle$717                       Battle
     000567D4  A$Battle$718                       Battle
     000567D7  A$Battle$719                       Battle
     000567D8  A$Battle$720                       Battle
     000567DB  A$Battle$721                       Battle
     000567DC  A$Battle$722                       Battle
     000567DF  A$Battle$723                       Battle
     000567E1  A$Battle$724                       Battle
     000567E4  A$Battle$729                       Battle
     000567E4  C$Battle.c$160$1_0$141             Battle
     000567E7  A$Battle$730                       Battle
     000567E9  A$Battle$731                       Battle
     000567EB  A$Battle$735                       Battle
     000567EB  C$Battle.c$162$2_0$156             Battle
     000567EE  A$Battle$736                       Battle
     000567EF  A$Battle$737                       Battle
     000567F2  A$Battle$738                       Battle
     000567F3  A$Battle$739                       Battle
     000567F6  A$Battle$740                       Battle
     000567F8  A$Battle$744                       Battle
     000567F8  C$Battle.c$163$2_0$156             Battle
     000567FB  A$Battle$745                       Battle
     000567FC  A$Battle$746                       Battle
     000567FF  A$Battle$747                       Battle
     00056800  A$Battle$748                       Battle
     00056803  A$Battle$749                       Battle
     00056804  A$Battle$750                       Battle
     00056807  A$Battle$751                       Battle
     00056809  A$Battle$752                       Battle
     0005680C  A$Battle$757                       Battle
     0005680C  C$Battle.c$165$1_0$141             Battle
     0005680F  A$Battle$758                       Battle
     00056811  A$Battle$759                       Battle
     00056813  A$Battle$763                       Battle
     00056813  C$Battle.c$167$2_0$157             Battle
     00056816  A$Battle$764                       Battle
     00056817  A$Battle$765                       Battle
     0005681A  A$Battle$766                       Battle
ASxxxx Linker V03.00/V05.40 + sdld,  page 133.
Hexadecimal  [32-Bits]

Area                                    Addr        Size        Decimal Bytes (Attributes)
--------------------------------        ----        ----        ------- ----- ------------
_CODE_5                             00054000    0000343D =       13373. bytes (REL,CON)

      Value  Global                              Global Defined In Module
      -----  --------------------------------   ------------------------
     0005681B  A$Battle$767                       Battle
     0005681E  A$Battle$768                       Battle
     00056820  A$Battle$772                       Battle
     00056820  C$Battle.c$168$2_0$157             Battle
     00056823  A$Battle$773                       Battle
     00056824  A$Battle$774                       Battle
     00056827  A$Battle$775                       Battle
     00056828  A$Battle$776                       Battle
     0005682B  A$Battle$777                       Battle
     0005682C  A$Battle$778                       Battle
     0005682F  A$Battle$779                       Battle
     00056831  A$Battle$780                       Battle
     00056833  A$Battle$785                       Battle
     00056833  C$Battle.c$170$1_0$141             Battle
     00056836  A$Battle$786                       Battle
     00056838  A$Battle$787                       Battle
     0005683A  A$Battle$791                       Battle
     0005683A  C$Battle.c$172$2_0$158             Battle
     0005683D  A$Battle$792                       Battle
     0005683E  A$Battle$793                       Battle
     00056841  A$Battle$794                       Battle
     00056842  A$Battle$795                       Battle
     00056845  A$Battle$796                       Battle
     00056847  A$Battle$800                       Battle
     00056847  C$Battle.c$173$2_0$158             Battle
     0005684A  A$Battle$801                       Battle
     0005684B  A$Battle$802                       Battle
     0005684E  A$Battle$803                       Battle
     0005684F  A$Battle$804                       Battle
     00056852  A$Battle$805                       Battle
     00056853  A$Battle$806                       Battle
     00056856  A$Battle$807                       Battle
     00056858  A$Battle$808                       Battle
     0005685A  A$Battle$813                       Battle
     0005685A  C$Battle.c$175$1_0$141             Battle
     0005685D  A$Battle$814                       Battle
     0005685F  A$Battle$815                       Battle
     00056861  A$Battle$819                       Battle
     00056861  C$Battle.c$177$2_0$159             Battle
     00056864  A$Battle$820                       Battle
     00056865  A$Battle$821                       Battle
     00056868  A$Battle$822                       Battle
     00056869  A$Battle$823                       Battle
     0005686C  A$Battle$824                       Battle
     0005686E  A$Battle$828                       Battle
     0005686E  C$Battle.c$178$2_0$159             Battle
     00056871  A$Battle$829                       Battle
     00056872  A$Battle$830                       Battle
     00056875  A$Battle$831                       Battle
     00056876  A$Battle$832                       Battle
     00056879  A$Battle$833                       Battle
ASxxxx Linker V03.00/V05.40 + sdld,  page 134.
Hexadecimal  [32-Bits]

Area                                    Addr        Size        Decimal Bytes (Attributes)
--------------------------------        ----        ----        ------- ----- ------------
_CODE_5                             00054000    0000343D =       13373. bytes (REL,CON)

      Value  Global                              Global Defined In Module
      -----  --------------------------------   ------------------------
     0005687A  A$Battle$834                       Battle
     0005687D  A$Battle$835                       Battle
     0005687F  A$Battle$836                       Battle
     00056881  A$Battle$841                       Battle
     00056881  C$Battle.c$180$1_0$141             Battle
     00056884  A$Battle$842                       Battle
     00056886  A$Battle$843                       Battle
     00056888  A$Battle$847                       Battle
     00056888  C$Battle.c$182$2_0$160             Battle
     0005688B  A$Battle$848                       Battle
     0005688C  A$Battle$849                       Battle
     0005688F  A$Battle$850                       Battle
     00056890  A$Battle$851                       Battle
     00056893  A$Battle$852                       Battle
     00056895  A$Battle$856                       Battle
     00056895  C$Battle.c$183$2_0$160             Battle
     00056898  A$Battle$857                       Battle
     00056899  A$Battle$858                       Battle
     0005689C  A$Battle$859                       Battle
     0005689D  A$Battle$860                       Battle
     000568A0  A$Battle$861                       Battle
     000568A1  A$Battle$862                       Battle
     000568A4  A$Battle$863                       Battle
     000568A6  A$Battle$868                       Battle
     000568A6  C$Battle.c$185$1_0$141             Battle
     000568A8  A$Battle$869                       Battle
     000568AB  A$Battle$871                       Battle
     000568AD  A$Battle$872                       Battle
     000568AF  A$Battle$873                       Battle
     000568B1  A$Battle$884                       Battle
     000568B1  C$Battle.c$186$3_0$141             Battle
     000568B1  C$Battle.c$188$3_0$141             Battle
     000568B1  XG$BattleSetup$0$0                 Battle
     000568B2  G$const_bank_ID_battle$0_0$0       Battle
     000568B2  _const_bank_ID_battle              Battle
     000568B3  FBattle$__str_0$0_0$0              Battle
     000568C2  FBattle$__str_1$0_0$0              Battle
     000568C8  FBattle$__str_2$0_0$0              Battle
     000568D9  FBattle$__str_3$0_0$0              Battle
     000568E9  FBattle$__str_4$0_0$0              Battle
     000568FC  FBattle$__str_5$0_0$0              Battle
     0005690D  A$Battle$938                       Battle
     0005690D  C$Battle.c$190$3_0$174             Battle
     0005690D  C$Battle.c$191$1_0$176             Battle
     0005690D  C$Battle.c$193$1_0$176             Battle
     0005690D  G$BattleUpdate$0$0                 Battle
     0005690D  G$__func_BattleUpdate$0$0          Battle
     0005690D  _BattleUpdate                      Battle
     0005690D  ___func_BattleUpdate               Battle
     00056910  A$Battle$939                       Battle
     00056912  A$Battle$940                       Battle
ASxxxx Linker V03.00/V05.40 + sdld,  page 135.
Hexadecimal  [32-Bits]

Area                                    Addr        Size        Decimal Bytes (Attributes)
--------------------------------        ----        ----        ------- ----- ------------
_CODE_5                             00054000    0000343D =       13373. bytes (REL,CON)

      Value  Global                              Global Defined In Module
      -----  --------------------------------   ------------------------
     00056914  A$Battle$944                       Battle
     00056914  C$Battle.c$195$2_0$177             Battle
     00056916  A$Battle$945                       Battle
     00056917  A$Battle$950                       Battle
     00056917  C$Battle.c$197$1_0$176             Battle
     00056919  A$Battle$951                       Battle
     0005691B  A$Battle$952                       Battle
     0005691C  A$Battle$953                       Battle
     0005691E  A$Battle$957                       Battle
     0005691E  C$Battle.c$199$2_0$178             Battle
     00056921  A$Battle$958                       Battle
     00056922  A$Battle$959                       Battle
     00056923  A$Battle$963                       Battle
     00056923  C$Battle.c$200$2_0$178             Battle
     00056926  A$Battle$964                       Battle
     00056927  A$Battle$965                       Battle
     00056929  A$Battle$966                       Battle
     0005692A  A$Battle$968                       Battle
     0005692B  A$Battle$969                       Battle
     0005692E  A$Battle$970                       Battle
     0005692F  A$Battle$972                       Battle
     00056932  A$Battle$974                       Battle
     00056933  A$Battle$975                       Battle
     00056934  A$Battle$976                       Battle
     00056935  A$Battle$980                       Battle
     00056935  C$Battle.c$202$2_0$178             Battle
     00056937  A$Battle$981                       Battle
     00056938  A$Battle$986                       Battle
     00056938  C$Battle.c$206$2_0$179             Battle
     0005693A  A$Battle$994                       Battle
     0005693A  C$Battle.c$208$1_0$176             Battle
     0005693A  XG$BattleUpdate$0$0                Battle
     0005693B  G$Battle_Map$0_0$0                 Battle_Map
     0005693B  _Battle_Map                        Battle_Map
     00056B07  G$Drunk_Tiles$0_0$0                Drunk_Tiles
     00056B07  _Drunk_Tiles                       Drunk_Tiles
     00056C97  G$Drunk_Map$0_0$0                  Drunk_Map
     00056C97  _Drunk_Map                         Drunk_Map
     00056CAF  G$Experiment_Tiles$0_0$0           Experiment_Tiles
     00056CAF  _Experiment_Tiles                  Experiment_Tiles
     00056E8F  G$Experiment_Map$0_0$0             Experiment_Map
     00056E8F  _Experiment_Map                    Experiment_Map
     00056EB2  G$Ghost_Map$0_0$0                  Ghost_Map
     00056EB2  _Ghost_Map                         Ghost_Map
     00056EC6  G$Ghost_Tiles$0_0$0                Ghost_Tiles
     00056EC6  _Ghost_Tiles                       Ghost_Tiles
     00057006  G$Saucer_Tiles$0_0$0               Saucer_Tiles
     00057006  _Saucer_Tiles                      Saucer_Tiles
     000570F6  G$Saucer_Map$0_0$0                 Saucer_Map
     000570F6  _Saucer_Map                        Saucer_Map
     00057105  G$SockHead_Map$0_0$0               SockHead_Map
ASxxxx Linker V03.00/V05.40 + sdld,  page 136.
Hexadecimal  [32-Bits]

Area                                    Addr        Size        Decimal Bytes (Attributes)
--------------------------------        ----        ----        ------- ----- ------------
_CODE_5                             00054000    0000343D =       13373. bytes (REL,CON)

      Value  Global                              Global Defined In Module
      -----  --------------------------------   ------------------------
     00057105  _SockHead_Map                      SockHead_Map
     00057121  G$SockHead_Tiles$0_0$0             SockHead_Tiles
     00057121  _SockHead_Tiles                    SockHead_Tiles
     00057271  G$Toby_Map$0_0$0                   Toby_Map
     00057271  _Toby_Map                          Toby_Map
     0005728D  G$Toby_Tiles$0_0$0                 Toby_Tiles
     0005728D  _Toby_Tiles                        Toby_Tiles
ASxxxx Linker V03.00/V05.40 + sdld,  page 137.

Files Linked                              [ module(s) ]

C:\gbdk\lib/gb/crt0.o                     [ Runtime ]
obj\main.o                                [ main ]
obj\cast_tiles.o                          [ cast_tiles ]
obj\indoor_tiles.o                        [ indoor_tiles ]
obj\home.o                                [ home ]
obj\player.o                              [ player ]
obj\GameTitle.o                           [ GameTitle ]
obj\Globe_Tiles.o                         [ Globe_Tiles ]
obj\Title_Map.o                           [ Title_Map ]
obj\Title_Tiles.o                         [ Title_Tiles ]
obj\common.o                              [ common ]
obj\CoreGameLoop.o                        [ CoreGameLoop ]
obj\JohnDoe_Map.o                         [ JohnDoe_Map ]
obj\JohnDoe_Tiles.o                       [ JohnDoe_Tiles ]
obj\GameJohnDoe.o                         [ GameJohnDoe ]
obj\Bestiary_Map.o                        [ Bestiary_Map ]
obj\Crow_Tiles.o                          [ Crow_Tiles ]
obj\Crow_Map.o                            [ Crow_Map ]
obj\Bestiary.o                            [ Bestiary ]
obj\Font.o                                [ Font ]
obj\Gypsy_Tiles.o                         [ Gypsy_Tiles ]
obj\Gypsy_Map.o                           [ Gypsy_Map ]
obj\Wally_Tiles.o                         [ Wally_Tiles ]
obj\Wally_Map.o                           [ Wally_Map ]
obj\Skateboard_Tiles.o                    [ Skateboard_Tiles ]
obj\Cop_Tiles.o                           [ Cop_Tiles ]
obj\Officer_Map.o                         [ Officer_Map ]
obj\Police_Map.o                          [ Police_Map ]
obj\Sheriff_Map.o                         [ Sheriff_Map ]
obj\Chief_Map.o                           [ Chief_Map ]
obj\Tick_Tiles.o                          [ Tick_Tiles ]
obj\Tick_Map.o                            [ Tick_Map ]
obj\Man_Tiles.o                           [ Man_Tiles ]
obj\Man_Map.o                             [ Man_Map ]
obj\Sis_Tiles.o                           [ Sis_Tiles ]
obj\BigSis_Map.o                          [ BigSis_Map ]
obj\MadSis_Map.o                          [ MadSis_Map ]
obj\Car_Tiles.o                           [ Car_Tiles ]
obj\Car_Map.o                             [ Car_Map ]
obj\Semi_Tiles.o                          [ Semi_Tiles ]
obj\Semi_Map.o                            [ Semi_Map ]
obj\Battle.o                              [ Battle ]
obj\Battle_Map.o                          [ Battle_Map ]
obj\Drunk_Tiles.o                         [ Drunk_Tiles ]
obj\Drunk_Map.o                           [ Drunk_Map ]
obj\Experiment_Tiles.o                    [ Experiment_Tiles ]
obj\Experiment_Map.o                      [ Experiment_Map ]
obj\Ghost_Map.o                           [ Ghost_Map ]
obj\Ghost_Tiles.o                         [ Ghost_Tiles ]
obj\Saucer_Tiles.o                        [ Saucer_Tiles ]
obj\Saucer_Map.o                          [ Saucer_Map ]
obj\SockHead_Map.o                        [ SockHead_Map ]
obj\SockHead_Tiles.o                      [ SockHead_Tiles ]
obj\Toby_Map.o                            [ Toby_Map ]
obj\Toby_Tiles.o                          [ Toby_Tiles ]


Libraries Linked                          [ object file ]

C:\gbdk\lib/gb/gb.lib                     [ sfr.o ]
C:\gbdk\lib/sm83/sm83.lib                 [ itoa.o ]
C:\gbdk\lib/gb/gb.lib                     [ set_tile.o ]
C:\gbdk\lib/gb/gb.lib                     [ get_addr.o ]
C:\gbdk\lib/gb/gb.lib                     [ set_data.o ]
C:\gbdk\lib/gb/gb.lib                     [ set_tile_submap.o ]
C:\gbdk\lib/gb/gb.lib                     [ pad.o ]
C:\gbdk\lib/gb/gb.lib                     [ metasprites.o ]
C:\gbdk\lib/gb/gb.lib                     [ ___sdcc_bcall_ehl.o ]
C:\gbdk\lib/gb/gb.lib                     [ metasprites_flip.o ]
C:\gbdk\lib/sm83/sm83.lib                 [ strlen.o ]
C:\gbdk\lib/sm83/sm83.lib                 [ div.o ]
C:\gbdk\lib/gb/gb.lib                     [ set_bk_t.o ]
C:\gbdk\lib/gb/gb.lib                     [ set_xy_t.o ]

ASxxxx Linker V03.00/V05.40 + sdld,  page 138.

User Base Address Definitions

_DATA=0xC0A0
_CODE=0x0200
ASxxxx Linker V03.00/V05.40 + sdld,  page 139.

User Global Definitions

_shadow_OAM=0xC000
.STACK=0xE000
.refresh_OAM=0xFF80

