ASxxxx Linker V03.00 + NoICE + sdld,  page 1.
Hexadecimal  [32-Bits]

Area                       Addr        Size        Decimal Bytes (Attributes)
--------------------       ----        ----        ------- ----- ------------
.  .ABS.               00000000    00000000 =           0. bytes (ABS,CON)

        Value  Global            Value  Global            Value  Global    
        -----  ------            -----  ------            -----  ------    
     00000000  .__.ABS.  |    00000000  _rRAMG    |    00000000  l__BASE  
     00000000  l__BSS    |    00000000  l__CABS   |    00000000  l__CODE_0
     00000000  l__DABS   |    00000000  l__HEADER |    00000000  l__HEAP  
     00000000  l__HEAP_E |    00000000  l__HRAM   |    00000000  l__LIT   
     00000000  s__CABS   |    00000000  s__DABS   |    00000000  s__HEADER
     00000000  s__HEADER |    00000000  s__HEADER |    00000000  s__HEADER
     00000000  s__HEADER |    00000000  s__HEADER |    00000000  s__HEADER
     00000000  s__HEADER |    00000000  s__HEADER |    00000000  s__HEADER
     00000000  s__HEADER |    00000000  s__HEADER |    00000000  s__HEADER
     00000000  s__HEADER |    00000000  s__HEADER |    00000000  s__HEADER
     00000000  s__HEADER |    00000000  s__HEADER |    00000000  s__HEADER
     00000000  s__HRAM   |    00000000  s__HRAM12 |    00000001  l__GSFINA
     00000001  l__HEADER |    00000001  l__HEADER |    00000001  l__HEADER
     00000001  l__HEADER |    00000001  l__HEADER |    00000001  l__HEADER
     00000001  l__HEADER |    00000002  l__HEADER |    00000002  l__HEADER
     00000002  l__HEADER |    00000003  l__HEADER |    00000003  l__HRAM12
     00000005  l__HEADER |    00000006  l__HEADER |    00000007  l__HEADER
     00000008  l__HEADER |    0000000C  l__GSINIT |    00000024  l__DATA  
     00000030  l__HEADER |    0000004C  l__HEADER |    00000084  l__HEADER
     00000200  s__CODE   |    00000222  l__HOME   |    00001319  l__INITIA
     00001319  l__INITIA |    00002000  _rROMB0   |    00002734  l__CODE  
     00002934  s__HOME   |    00002B56  s__BASE   |    00002B56  s__CODE_0
     00002B56  s__INITIA |    00002B56  s__LIT    |    00003000  _rROMB1  
     00003E6F  s__GSINIT |    00003E7B  s__GSFINA |    00004000  _rRAMB   
     00008000  __VRAM    |    00008000  __VRAM800 |    00008800  __VRAM880
     00009000  __VRAM900 |    00009800  __SCRN0   |    00009C00  __SCRN1  
     0000A000  __SRAM    |    0000C000  __RAM     |    0000C000  _shadow_O
     0000C0A0  s__DATA   |    0000C0C4  s__BSS    |    0000C0C4  s__INITIA
     0000D000  __RAMBANK |    0000D3DD  s__HEAP   |    0000D3DD  s__HEAP_E
     0000E000  .STACK    |    0000FE00  __OAMRAM  |    0000FF00  _P1_REG  
     0000FF00  __IO      |    0000FF01  _SB_REG   |    0000FF02  _SC_REG  
     0000FF04  _DIV_REG  |    0000FF05  _TIMA_REG |    0000FF06  _TMA_REG 
     0000FF07  _TAC_REG  |    0000FF0F  _IF_REG   |    0000FF10  _NR10_REG
     0000FF11  _NR11_REG |    0000FF12  _NR12_REG |    0000FF13  _NR13_REG
     0000FF14  _NR14_REG |    0000FF16  _NR21_REG |    0000FF17  _NR22_REG
     0000FF18  _NR23_REG |    0000FF19  _NR24_REG |    0000FF1A  _NR30_REG
     0000FF1B  _NR31_REG |    0000FF1C  _NR32_REG |    0000FF1D  _NR33_REG
     0000FF1E  _NR34_REG |    0000FF20  _NR41_REG |    0000FF21  _NR42_REG
     0000FF22  _NR43_REG |    0000FF23  _NR44_REG |    0000FF24  _NR50_REG
     0000FF25  _NR51_REG |    0000FF26  _NR52_REG |    0000FF30  _AUD3WAVE
     0000FF30  _PCM_SAMP |    0000FF30  __AUD3WAV |    0000FF40  _LCDC_REG
     0000FF41  _STAT_REG |    0000FF42  _SCY_REG  |    0000FF43  _SCX_REG 
     0000FF44  _LY_REG   |    0000FF45  _LYC_REG  |    0000FF46  _DMA_REG 
     0000FF47  _BGP_REG  |    0000FF48  _OBP0_REG |    0000FF49  _OBP1_REG
     0000FF4A  _WY_REG   |    0000FF4B  _WX_REG   |    0000FF4D  _KEY1_REG
     0000FF4F  _VBK_REG  |    0000FF51  _HDMA1_RE |    0000FF52  _HDMA2_RE
     0000FF53  _HDMA3_RE |    0000FF54  _HDMA4_RE |    0000FF55  _HDMA5_RE
     0000FF56  _RP_REG   |    0000FF68  _BCPS_REG |    0000FF69  _BCPD_REG
     0000FF6A  _OCPS_REG |    0000FF6B  _OCPD_REG |    0000FF70  _SVBK_REG
     0000FF76  _PCM12_RE |    0000FF77  _PCM34_RE |    0000FF80  .refresh_
ASxxxx Linker V03.00 + NoICE + sdld,  page 2.
Hexadecimal  [32-Bits]

Area                       Addr        Size        Decimal Bytes (Attributes)
--------------------       ----        ----        ------- ----- ------------
.  .ABS.               00000000    00000000 =           0. bytes (ABS,CON)

        Value  Global            Value  Global            Value  Global    
        -----  ------            -----  ------            -----  ------    
     0000FF80  __HRAM    |    0000FFFF  _IE_REG  
ASxxxx Linker V03.00 + NoICE + sdld,  page 3.
Hexadecimal  [32-Bits]

Area                       Addr        Size        Decimal Bytes (Attributes)
--------------------       ----        ----        ------- ----- ------------
_CODE                  00000200    00002734 =       10036. bytes (REL,CON)

        Value  Global            Value  Global            Value  Global    
        -----  ------            -----  ------            -----  ------    
     00000200  A$main$64 |    00000200  C$main.c$ |    00000200  C$main.c$
     00000200  C$main.c$ |    00000200  G$main$0$ |    00000200  _main    
     00000203  A$main$72 |    00000203  C$main.c$ |    00000203  C$main.c$
     00000204  A$main$73 |    00000205  A$main$74 |    00000207  A$main$78
     00000207  C$main.c$ |    00000208  A$main$82 |    00000208  C$main.c$
     00000209  A$main$83 |    0000020A  A$main$84 |    0000020C  A$main$85
     0000020D  A$main$86 |    00000210  A$main$87 |    00000211  A$main$88
     00000213  A$main$93 |    00000213  C$main.c$ |    00000214  A$main$94
     00000216  A$main$95 |    00000218  A$main$96 |    00000219  A$main$97
     0000021C  A$main$98 |    0000021D  A$main$99 |    0000021F  A$main$10
     0000021F  C$main.c$ |    00000220  A$main$10 |    00000222  A$main$10
     00000224  A$main$10 |    00000225  A$main$10 |    00000228  A$main$10
     00000229  A$main$11 |    00000229  C$main.c$ |    0000022A  A$main$11
     0000022B  A$main$11 |    0000022D  A$main$11 |    0000022E  A$main$11
     00000231  A$main$11 |    00000232  A$main$12 |    00000233  A$main$12
     00000235  A$main$12 |    00000235  C$main.c$ |    00000236  A$main$12
     00000238  A$main$12 |    0000023A  A$main$12 |    0000023B  A$main$13
     0000023E  A$main$13 |    0000023F  A$main$13 |    00000240  A$main$13
     00000242  A$main$13 |    00000242  C$main.c$ |    00000243  A$main$13
     00000245  A$main$14 |    00000247  A$main$14 |    00000248  A$main$14
     0000024B  A$main$14 |    0000024C  A$main$14 |    0000024D  A$main$15
     0000024D  C$main.c$ |    0000024D  XG$main$0 |    0000024F  G$Cast_Ti
     0000024F  _Cast_Til |    00000A4F  G$IndoorT |    00000A4F  _IndoorTi
     0000124F  A$home$57 |    0000124F  C$home.c$ |    0000124F  G$returnC
     0000124F  _returnCo |    00001250  A$home$61 |    00001250  C$home.c$
     00001252  A$home$62 |    00001253  A$home$63 |    00001254  A$home$64
     00001255  A$home$65 |    00001256  A$home$66 |    00001257  A$home$67
     00001258  A$home$68 |    00001259  A$home$69 |    0000125A  A$home$70
     0000125D  A$home$71 |    0000125E  A$home$72 |    0000125F  A$home$73
     00001261  A$home$74 |    00001262  A$home$75 |    00001263  A$home$83
     00001263  C$home.c$ |    00001263  XG$return |    00001264  G$HOME_CO
     00001264  _HOME_COL |    000014DA  A$player$ |    000014DA  C$player.
     000014DA  G$PlayerU |    000014DA  _PlayerUp |    000014DB  A$player$
     000014DC  A$player$ |    000014DC  C$player. |    000014DF  A$player$
     000014E0  A$player$ |    000014E1  A$player$ |    000014E2  A$player$
     000014E3  A$player$ |    000014E3  C$player. |    000014E6  A$player$
     000014E9  A$player$ |    000014E9  C$player. |    000014EC  A$player$
     000014EF  A$player$ |    000014F0  A$player$ |    000014F0  C$player.
     000014F1  A$player$ |    000014F1  C$player. |    000014F4  A$player$
     000014F5  A$player$ |    000014F5  C$player. |    000014F7  A$player$
     000014F9  A$player$ |    000014F9  C$player. |    000014FB  A$player$
     000014FC  A$player$ |    000014FC  C$player. |    000014FE  A$player$
     00001500  A$player$ |    00001500  C$player. |    00001502  A$player$
     00001503  A$player$ |    00001503  C$player. |    00001505  A$player$
     00001507  A$player$ |    00001507  C$player. |    00001509  A$player$
     0000150A  A$player$ |    0000150A  C$player. |    0000150C  A$player$
     0000150D  A$player$ |    0000150D  C$player. |    0000150F  A$player$
     0000150F  C$player. |    0000150F  C$player. |    0000150F  XG$Player
     00001510  A$player$ |    00001510  C$player. |    00001510  G$DrawPla
     00001510  _DrawPlay |    00001512  A$player$ |    00001515  A$player$
ASxxxx Linker V03.00 + NoICE + sdld,  page 4.
Hexadecimal  [32-Bits]

Area                       Addr        Size        Decimal Bytes (Attributes)
--------------------       ----        ----        ------- ----- ------------
_CODE                  00000200    00002734 =       10036. bytes (REL,CON)

        Value  Global            Value  Global            Value  Global    
        -----  ------            -----  ------            -----  ------    
     00001516  A$player$ |    00001517  A$player$ |    00001519  A$player$
     0000151A  A$player$ |    0000151A  C$player. |    0000151B  A$player$
     0000151C  A$player$ |    0000151D  A$player$ |    0000151E  A$player$
     0000151F  A$player$ |    00001521  A$player$ |    00001522  A$player$
     00001523  A$player$ |    00001523  C$player. |    00001524  A$player$
     00001525  A$player$ |    00001526  A$player$ |    00001528  A$player$
     0000152A  A$player$ |    0000152B  A$player$ |    0000152C  A$player$
     0000152E  A$player$ |    00001530  A$player$ |    00001531  A$player$
     00001533  A$player$ |    00001535  A$player$ |    00001537  A$player$
     00001538  A$player$ |    0000153A  A$player$ |    0000153C  A$player$
     0000153F  A$player$ |    0000153F  C$player. |    00001541  A$player$
     00001542  A$player$ |    00001543  A$player$ |    00001544  A$player$
     00001547  A$player$ |    00001548  A$player$ |    00001549  A$player$
     0000154A  A$player$ |    0000154D  A$player$ |    0000154E  A$player$
     0000154F  A$player$ |    00001550  A$player$ |    00001553  A$player$
     00001555  A$player$ |    00001556  A$player$ |    00001557  A$player$
     00001558  A$player$ |    0000155A  A$player$ |    0000155B  A$player$
     0000155E  A$player$ |    00001560  A$player$ |    00001560  C$player.
     00001563  A$player$ |    00001563  C$player. |    00001566  A$player$
     00001567  A$player$ |    00001568  A$player$ |    00001569  A$player$
     0000156C  A$player$ |    0000156D  A$player$ |    0000156E  A$player$
     0000156F  A$player$ |    00001572  A$player$ |    00001574  A$player$
     00001576  A$player$ |    00001577  A$player$ |    00001578  A$player$
     00001579  A$player$ |    0000157A  A$player$ |    0000157C  A$player$
     0000157D  A$player$ |    00001580  A$player$ |    00001582  A$player$
     00001582  C$player. |    00001584  A$player$ |    00001584  C$player.
     00001586  A$player$ |    00001587  A$player$ |    00001588  A$player$
     00001589  A$player$ |    0000158C  A$player$ |    0000158D  A$player$
     0000158E  A$player$ |    0000158F  A$player$ |    00001592  A$player$
     00001593  A$player$ |    00001594  A$player$ |    00001595  A$player$
     00001598  A$player$ |    0000159A  A$player$ |    0000159B  A$player$
     0000159C  A$player$ |    0000159D  A$player$ |    0000159F  A$player$
     000015A0  A$player$ |    000015A3  A$player$ |    000015A5  A$player$
     000015A5  C$player. |    000015A7  A$player$ |    000015A7  C$player.
     000015A9  A$player$ |    000015AA  A$player$ |    000015AB  A$player$
     000015AC  A$player$ |    000015AF  A$player$ |    000015B0  A$player$
     000015B1  A$player$ |    000015B2  A$player$ |    000015B5  A$player$
     000015B6  A$player$ |    000015B7  A$player$ |    000015B8  A$player$
     000015BB  A$player$ |    000015BD  A$player$ |    000015BE  A$player$
     000015C0  A$player$ |    000015C1  A$player$ |    000015C2  A$player$
     000015C3  A$player$ |    000015C5  A$player$ |    000015C6  A$player$
     000015C9  A$player$ |    000015CB  A$player$ |    000015CB  C$player.
     000015CD  A$player$ |    000015CD  C$player. |    000015CF  A$player$
     000015D0  A$player$ |    000015D1  A$player$ |    000015D2  A$player$
     000015D5  A$player$ |    000015D6  A$player$ |    000015D7  A$player$
     000015D8  A$player$ |    000015DB  A$player$ |    000015DC  A$player$
     000015DD  A$player$ |    000015DE  A$player$ |    000015E1  A$player$
     000015E3  A$player$ |    000015E4  A$player$ |    000015E6  A$player$
     000015E7  A$player$ |    000015E8  A$player$ |    000015E9  A$player$
     000015EB  A$player$ |    000015EC  A$player$ |    000015EF  A$player$
     000015F1  A$player$ |    000015F1  C$player. |    000015F3  A$player$
ASxxxx Linker V03.00 + NoICE + sdld,  page 5.
Hexadecimal  [32-Bits]

Area                       Addr        Size        Decimal Bytes (Attributes)
--------------------       ----        ----        ------- ----- ------------
_CODE                  00000200    00002734 =       10036. bytes (REL,CON)

        Value  Global            Value  Global            Value  Global    
        -----  ------            -----  ------            -----  ------    
     000015F3  C$player. |    000015F3  XG$DrawPl |    000015F4  G$mouse_d
     000015F4  _mouse_do |    00001600  G$mouse_u |    00001600  _mouse_up
     0000160C  G$mouse_r |    0000160C  _mouse_ri |    00001618  G$mouse_r
     00001618  _mouse_ri |    00001624  G$mouse_m |    00001624  _mouse_me
     0000162C  A$GameTit |    0000162C  C$GameTit |    0000162C  C$GameTit
     0000162C  G$GameTit |    0000162C  _GameTitl |    0000162E  A$GameTit
     00001630  A$GameTit |    00001630  C$GameTit |    00001632  A$GameTit
     00001634  A$GameTit |    00001634  C$GameTit |    00001636  A$GameTit
     00001638  A$GameTit |    0000163A  A$GameTit |    0000163A  C$GameTit
     0000163D  A$GameTit |    0000163E  A$GameTit |    00001641  A$GameTit
     00001642  A$GameTit |    00001645  A$GameTit |    00001647  A$GameTit
     00001647  C$GameTit |    0000164A  A$GameTit |    0000164B  A$GameTit
     0000164E  A$GameTit |    0000164F  A$GameTit |    00001650  A$GameTit
     00001651  A$GameTit |    00001652  A$GameTit |    00001655  A$GameTit
     00001657  A$GameTit |    00001657  C$GameTit |    0000165A  A$GameTit
     0000165B  A$GameTit |    0000165E  A$GameTit |    0000165F  A$GameTit
     00001662  A$GameTit |    00001664  A$GameTit |    00001667  A$GameTit
     00001668  A$GameTit |    00001669  A$GameTit |    0000166A  A$GameTit
     0000166D  A$GameTit |    0000166E  A$GameTit |    0000166F  A$GameTit
     00001670  A$GameTit |    00001673  A$GameTit |    00001675  A$GameTit
     00001678  A$GameTit |    00001679  A$GameTit |    0000167A  A$GameTit
     0000167B  A$GameTit |    0000167C  A$GameTit |    0000167F  A$GameTit
     00001681  A$GameTit |    00001681  C$GameTit |    00001683  A$GameTit
     00001685  A$GameTit |    00001687  A$GameTit |    00001687  C$GameTit
     00001689  A$GameTit |    0000168B  A$GameTit |    0000168D  A$GameTit
     0000168D  C$GameTit |    0000168F  A$GameTit |    0000168F  C$GameTit
     0000168F  XG$GameTi |    00001692  G$globe1$ |    00001692  _globe1  
     000016B6  G$globe2$ |    000016B6  _globe2   |    000016DA  G$globe3$
     000016DA  _globe3   |    000016FE  G$globe4$ |    000016FE  _globe4  
     00001722  G$globe5$ |    00001722  _globe5   |    00001746  G$globe6$
     00001746  _globe6   |    0000176A  G$globe7$ |    0000176A  _globe7  
     0000178E  G$globe_m |    0000178E  _globe_me |    0000179C  A$GameTit
     0000179C  C$GameTit |    0000179C  G$GameTit |    0000179C  _GameTitl
     0000179F  A$GameTit |    000017A2  A$GameTit |    000017A2  C$GameTit
     000017A5  A$GameTit |    000017A8  A$GameTit |    000017A8  C$GameTit
     000017AB  A$GameTit |    000017AC  A$GameTit |    000017AC  C$GameTit
     000017AD  A$GameTit |    000017AF  A$GameTit |    000017B1  A$GameTit
     000017B1  C$GameTit |    000017B4  A$GameTit |    000017B5  A$GameTit
     000017B5  C$GameTit |    000017B8  A$GameTit |    000017BA  A$GameTit
     000017BA  C$GameTit |    000017BD  A$GameTit |    000017BE  A$GameTit
     000017C0  A$GameTit |    000017C2  A$GameTit |    000017C4  A$GameTit
     000017C7  A$GameTit |    000017CA  A$GameTit |    000017CB  A$GameTit
     000017CD  A$GameTit |    000017CE  A$GameTit |    000017CF  A$GameTit
     000017D0  A$GameTit |    000017D1  A$GameTit |    000017D2  A$GameTit
     000017D3  A$GameTit |    000017D6  A$GameTit |    000017D7  A$GameTit
     000017D8  A$GameTit |    000017D9  A$GameTit |    000017DC  A$GameTit
     000017DE  A$GameTit |    000017DF  A$GameTit |    000017E2  A$GameTit
     000017E3  A$GameTit |    000017E4  A$GameTit |    000017E5  A$GameTit
     000017E6  A$GameTit |    000017E9  A$GameTit |    000017EB  A$GameTit
     000017EC  A$GameTit |    000017EC  C$GameTit |    000017EF  A$GameTit
     000017F0  A$GameTit |    000017F0  C$GameTit |    000017F2  A$GameTit
ASxxxx Linker V03.00 + NoICE + sdld,  page 6.
Hexadecimal  [32-Bits]

Area                       Addr        Size        Decimal Bytes (Attributes)
--------------------       ----        ----        ------- ----- ------------
_CODE                  00000200    00002734 =       10036. bytes (REL,CON)

        Value  Global            Value  Global            Value  Global    
        -----  ------            -----  ------            -----  ------    
     000017F4  A$GameTit |    000017F4  C$GameTit |    000017F5  A$GameTit
     000017F7  A$GameTit |    000017FA  A$GameTit |    000017FB  A$GameTit
     000017FE  A$GameTit |    000017FF  A$GameTit |    00001801  A$GameTit
     00001802  A$GameTit |    00001803  A$GameTit |    00001804  A$GameTit
     00001805  A$GameTit |    00001808  A$GameTit |    00001809  A$GameTit
     0000180A  A$GameTit |    0000180D  A$GameTit |    0000180F  A$GameTit
     00001812  A$GameTit |    00001813  A$GameTit |    00001814  A$GameTit
     00001815  A$GameTit |    00001816  A$GameTit |    00001819  A$GameTit
     0000181B  A$GameTit |    0000181B  C$GameTit |    0000181D  A$GameTit
     0000181E  A$GameTit |    0000181E  C$GameTit |    00001820  A$GameTit
     00001822  A$GameTit |    00001822  C$GameTit |    00001823  A$GameTit
     00001825  A$GameTit |    00001828  A$GameTit |    00001829  A$GameTit
     0000182C  A$GameTit |    0000182D  A$GameTit |    0000182F  A$GameTit
     00001830  A$GameTit |    00001831  A$GameTit |    00001832  A$GameTit
     00001833  A$GameTit |    00001836  A$GameTit |    00001837  A$GameTit
     00001838  A$GameTit |    0000183B  A$GameTit |    0000183D  A$GameTit
     00001840  A$GameTit |    00001841  A$GameTit |    00001842  A$GameTit
     00001843  A$GameTit |    00001844  A$GameTit |    00001847  A$GameTit
     00001849  A$GameTit |    00001849  C$GameTit |    0000184B  A$GameTit
     0000184C  A$GameTit |    0000184C  C$GameTit |    0000184E  A$GameTit
     0000184E  C$GameTit |    0000184E  XG$GameTi |    0000184F  G$Globe_T
     0000184F  _Globe_Ti |    00001F4F  G$Title_M |    00001F4F  _Title_Ma
     000020B7  G$TitleLa |    000020B7  _TitleLab |    000023D7  A$common$
     000023D7  C$common. |    000023D7  G$perform |    000023D7  _performa
     000023D8  A$common$ |    000023DA  A$common$ |    000023DB  A$common$
     000023DC  A$common$ |    000023DD  A$common$ |    000023DD  C$common.
     000023E0  A$common$ |    000023E0  C$common. |    000023E1  A$common$
     000023E1  C$common. |    000023E1  XG$perfor |    000023E3  A$common$
     000023E3  C$common. |    000023E3  G$fadeToB |    000023E3  _fadeToBl
     000023E4  A$common$ |    000023E6  A$common$ |    000023E7  A$common$
     000023E9  A$common$ |    000023EA  A$common$ |    000023EA  C$common.
     000023EB  A$common$ |    000023EC  A$common$ |    000023EE  A$common$
     000023EF  A$common$ |    000023F0  A$common$ |    000023F2  A$common$
     000023F3  A$common$ |    000023F5  A$common$ |    000023F7  A$common$
     000023F9  A$common$ |    000023FB  A$common$ |    000023FD  A$common$
     000023FD  C$common. |    000023FD  C$common. |    000023FF  A$common$
     00002401  A$common$ |    00002401  C$common. |    00002403  A$common$
     00002405  A$common$ |    00002405  C$common. |    00002407  A$common$
     00002407  C$common. |    00002407  C$common. |    00002409  A$common$
     0000240B  A$common$ |    0000240B  C$common. |    0000240D  A$common$
     0000240F  A$common$ |    0000240F  C$common. |    00002411  A$common$
     00002411  C$common. |    00002411  C$common. |    00002413  A$common$
     00002415  A$common$ |    00002415  C$common. |    00002417  A$common$
     00002419  A$common$ |    00002419  C$common. |    0000241B  A$common$
     0000241B  C$common. |    0000241B  C$common. |    0000241D  A$common$
     0000241F  A$common$ |    0000241F  C$common. |    00002421  A$common$
     00002423  A$common$ |    00002423  C$common. |    00002423  C$common.
     00002424  A$common$ |    00002425  A$common$ |    00002428  A$common$
     00002429  A$common$ |    00002429  C$common. |    0000242A  A$common$
     0000242A  C$common. |    0000242A  XG$fadeTo |    0000242C  A$common$
     0000242C  C$common. |    0000242C  G$fadeFro |    0000242C  _fadeFrom
ASxxxx Linker V03.00 + NoICE + sdld,  page 7.
Hexadecimal  [32-Bits]

Area                       Addr        Size        Decimal Bytes (Attributes)
--------------------       ----        ----        ------- ----- ------------
_CODE                  00000200    00002734 =       10036. bytes (REL,CON)

        Value  Global            Value  Global            Value  Global    
        -----  ------            -----  ------            -----  ------    
     0000242D  A$common$ |    0000242F  A$common$ |    00002430  A$common$
     00002432  A$common$ |    00002433  A$common$ |    00002433  C$common.
     00002434  A$common$ |    00002435  A$common$ |    00002437  A$common$
     00002438  A$common$ |    00002439  A$common$ |    0000243B  A$common$
     0000243C  A$common$ |    0000243E  A$common$ |    00002440  A$common$
     00002442  A$common$ |    00002444  A$common$ |    00002446  A$common$
     00002446  C$common. |    00002446  C$common. |    00002448  A$common$
     0000244A  A$common$ |    0000244A  C$common. |    0000244C  A$common$
     0000244E  A$common$ |    0000244E  C$common. |    00002450  A$common$
     00002450  C$common. |    00002450  C$common. |    00002452  A$common$
     00002454  A$common$ |    00002454  C$common. |    00002456  A$common$
     00002458  A$common$ |    00002458  C$common. |    0000245A  A$common$
     0000245A  C$common. |    0000245A  C$common. |    0000245C  A$common$
     0000245E  A$common$ |    0000245E  C$common. |    00002460  A$common$
     00002462  A$common$ |    00002462  C$common. |    00002464  A$common$
     00002464  C$common. |    00002464  C$common. |    00002466  A$common$
     00002468  A$common$ |    00002468  C$common. |    0000246A  A$common$
     0000246C  A$common$ |    0000246C  C$common. |    0000246C  C$common.
     0000246D  A$common$ |    0000246E  A$common$ |    00002471  A$common$
     00002472  A$common$ |    00002472  C$common. |    00002473  A$common$
     00002473  C$common. |    00002473  XG$fadeFr |    00002475  A$common$
     00002475  C$common. |    00002475  G$fadeToW |    00002475  _fadeToWh
     00002476  A$common$ |    00002478  A$common$ |    00002479  A$common$
     0000247B  A$common$ |    0000247C  A$common$ |    0000247C  C$common.
     0000247E  A$common$ |    0000247F  A$common$ |    00002481  A$common$
     00002482  A$common$ |    00002484  A$common$ |    00002487  A$common$
     00002488  A$common$ |    00002489  A$common$ |    00002489  C$common.
     0000248A  A$common$ |    0000248C  A$common$ |    0000248E  A$common$
     00002490  A$common$ |    00002492  A$common$ |    00002494  A$common$
     00002494  C$common. |    00002496  A$common$ |    00002498  A$common$
     00002498  C$common. |    0000249A  A$common$ |    0000249C  A$common$
     0000249C  C$common. |    0000249E  A$common$ |    0000249E  C$common.
     0000249E  C$common. |    000024A0  A$common$ |    000024A2  A$common$
     000024A2  C$common. |    000024A4  A$common$ |    000024A6  A$common$
     000024A6  C$common. |    000024A8  A$common$ |    000024A8  C$common.
     000024A8  C$common. |    000024AA  A$common$ |    000024AC  A$common$
     000024AC  C$common. |    000024AE  A$common$ |    000024B0  A$common$
     000024B0  C$common. |    000024B2  A$common$ |    000024B2  C$common.
     000024B2  C$common. |    000024B4  A$common$ |    000024B6  A$common$
     000024B6  C$common. |    000024B8  A$common$ |    000024BA  A$common$
     000024BA  C$common. |    000024BC  A$common$ |    000024BC  C$common.
     000024BC  C$common. |    000024BD  A$common$ |    000024BF  A$common$
     000024BF  C$common. |    000024C0  A$common$ |    000024C2  A$common$
     000024C2  C$common. |    000024C2  C$common. |    000024C3  A$common$
     000024C4  A$common$ |    000024C7  A$common$ |    000024C8  A$common$
     000024C8  C$common. |    000024C9  A$common$ |    000024C9  C$common.
     000024C9  XG$fadeTo |    000024CB  A$common$ |    000024CB  C$common.
     000024CB  G$fadeFro |    000024CB  _fadeFrom |    000024CC  A$common$
     000024CE  A$common$ |    000024CF  A$common$ |    000024D1  A$common$
     000024D2  A$common$ |    000024D2  C$common. |    000024D3  A$common$
     000024D4  A$common$ |    000024D6  A$common$ |    000024D7  A$common$
ASxxxx Linker V03.00 + NoICE + sdld,  page 8.
Hexadecimal  [32-Bits]

Area                       Addr        Size        Decimal Bytes (Attributes)
--------------------       ----        ----        ------- ----- ------------
_CODE                  00000200    00002734 =       10036. bytes (REL,CON)

        Value  Global            Value  Global            Value  Global    
        -----  ------            -----  ------            -----  ------    
     000024D8  A$common$ |    000024DA  A$common$ |    000024DB  A$common$
     000024DD  A$common$ |    000024DF  A$common$ |    000024E1  A$common$
     000024E3  A$common$ |    000024E5  A$common$ |    000024E5  C$common.
     000024E5  C$common. |    000024E7  A$common$ |    000024E9  A$common$
     000024E9  C$common. |    000024EB  A$common$ |    000024ED  A$common$
     000024ED  C$common. |    000024EF  A$common$ |    000024EF  C$common.
     000024EF  C$common. |    000024F1  A$common$ |    000024F3  A$common$
     000024F3  C$common. |    000024F5  A$common$ |    000024F7  A$common$
     000024F7  C$common. |    000024F9  A$common$ |    000024F9  C$common.
     000024F9  C$common. |    000024FB  A$common$ |    000024FD  A$common$
     000024FD  C$common. |    000024FF  A$common$ |    00002501  A$common$
     00002501  C$common. |    00002503  A$common$ |    00002503  C$common.
     00002503  C$common. |    00002505  A$common$ |    00002507  A$common$
     00002507  C$common. |    00002509  A$common$ |    0000250B  A$common$
     0000250B  C$common. |    0000250B  C$common. |    0000250C  A$common$
     0000250D  A$common$ |    00002510  A$common$ |    00002511  A$common$
     00002511  C$common. |    00002512  A$common$ |    00002512  C$common.
     00002512  XG$fadeFr |    00002514  A$CoreGam |    00002514  C$CoreGam
     00002514  G$set_cam |    00002514  _set_came |    00002516  A$CoreGam
     00002516  C$CoreGam |    00002519  A$CoreGam |    0000251B  A$CoreGam
     0000251E  A$CoreGam |    00002520  A$CoreGam |    00002520  C$CoreGam
     00002523  A$CoreGam |    00002524  A$CoreGam |    00002525  A$CoreGam
     00002526  A$CoreGam |    00002528  A$CoreGam |    0000252A  A$CoreGam
     0000252C  A$CoreGam |    0000252E  A$CoreGam |    00002530  A$CoreGam
     00002532  A$CoreGam |    00002535  A$CoreGam |    00002536  A$CoreGam
     00002537  A$CoreGam |    00002537  C$CoreGam |    00002538  A$CoreGam
     0000253B  A$CoreGam |    0000253C  A$CoreGam |    0000253F  A$CoreGam
     00002542  A$CoreGam |    00002543  A$CoreGam |    00002545  A$CoreGam
     00002546  A$CoreGam |    00002547  A$CoreGam |    00002549  A$CoreGam
     0000254A  A$CoreGam |    0000254C  A$CoreGam |    0000254D  A$CoreGam
     0000254E  A$CoreGam |    0000254F  A$CoreGam |    00002550  A$CoreGam
     00002551  A$CoreGam |    00002553  A$CoreGam |    00002554  A$CoreGam
     00002555  A$CoreGam |    00002556  A$CoreGam |    00002557  A$CoreGam
     00002558  A$CoreGam |    0000255A  A$CoreGam |    0000255B  A$CoreGam
     0000255D  A$CoreGam |    0000255E  A$CoreGam |    00002560  A$CoreGam
     00002561  A$CoreGam |    00002562  A$CoreGam |    00002562  C$CoreGam
     00002565  A$CoreGam |    00002568  A$CoreGam |    00002569  A$CoreGam
     0000256A  A$CoreGam |    0000256B  A$CoreGam |    0000256C  A$CoreGam
     0000256D  A$CoreGam |    0000256E  A$CoreGam |    00002570  A$CoreGam
     00002571  A$CoreGam |    00002572  A$CoreGam |    00002574  A$CoreGam
     00002576  A$CoreGam |    00002578  A$CoreGam |    0000257A  A$CoreGam
     0000257B  A$CoreGam |    0000257C  A$CoreGam |    0000257F  A$CoreGam
     00002581  A$CoreGam |    00002583  A$CoreGam |    00002584  A$CoreGam
     00002585  A$CoreGam |    00002588  A$CoreGam |    00002589  A$CoreGam
     0000258B  A$CoreGam |    0000258C  A$CoreGam |    0000258D  A$CoreGam
     0000258E  A$CoreGam |    0000258F  A$CoreGam |    00002591  A$CoreGam
     00002592  A$CoreGam |    00002593  A$CoreGam |    00002594  A$CoreGam
     00002597  A$CoreGam |    00002599  A$CoreGam |    0000259C  A$CoreGam
     0000259E  A$CoreGam |    0000259E  C$CoreGam |    000025A0  A$CoreGam
     000025A0  C$CoreGam |    000025A3  A$CoreGam |    000025A5  A$CoreGam
     000025A7  A$CoreGam |    000025AA  A$CoreGam |    000025AB  A$CoreGam
ASxxxx Linker V03.00 + NoICE + sdld,  page 9.
Hexadecimal  [32-Bits]

Area                       Addr        Size        Decimal Bytes (Attributes)
--------------------       ----        ----        ------- ----- ------------
_CODE                  00000200    00002734 =       10036. bytes (REL,CON)

        Value  Global            Value  Global            Value  Global    
        -----  ------            -----  ------            -----  ------    
     000025AC  A$CoreGam |    000025AE  A$CoreGam |    000025B1  A$CoreGam
     000025B3  A$CoreGam |    000025B5  A$CoreGam |    000025B6  A$CoreGam
     000025B7  A$CoreGam |    000025B8  A$CoreGam |    000025BB  A$CoreGam
     000025BD  A$CoreGam |    000025C0  A$CoreGam |    000025C2  A$CoreGam
     000025C4  A$CoreGam |    000025C5  A$CoreGam |    000025C6  A$CoreGam
     000025C7  A$CoreGam |    000025C9  A$CoreGam |    000025CA  A$CoreGam
     000025CB  A$CoreGam |    000025CC  A$CoreGam |    000025CD  A$CoreGam
     000025CE  A$CoreGam |    000025CF  A$CoreGam |    000025D0  A$CoreGam
     000025D2  A$CoreGam |    000025D3  A$CoreGam |    000025D4  A$CoreGam
     000025D5  A$CoreGam |    000025D8  A$CoreGam |    000025DA  A$CoreGam
     000025DD  A$CoreGam |    000025DF  A$CoreGam |    000025DF  C$CoreGam
     000025DF  C$CoreGam |    000025E2  A$CoreGam |    000025E3  A$CoreGam
     000025E3  C$CoreGam |    000025E6  A$CoreGam |    000025E7  A$CoreGam
     000025E7  C$CoreGam |    000025EA  A$CoreGam |    000025EB  A$CoreGam
     000025EC  A$CoreGam |    000025ED  A$CoreGam |    000025EF  A$CoreGam
     000025F1  A$CoreGam |    000025F3  A$CoreGam |    000025F5  A$CoreGam
     000025F7  A$CoreGam |    000025F9  A$CoreGam |    000025FC  A$CoreGam
     000025FD  A$CoreGam |    000025FD  C$CoreGam |    000025FE  A$CoreGam
     00002601  A$CoreGam |    00002602  A$CoreGam |    00002605  A$CoreGam
     00002605  C$CoreGam |    00002608  A$CoreGam |    00002609  A$CoreGam
     0000260B  A$CoreGam |    0000260C  A$CoreGam |    0000260E  A$CoreGam
     0000260F  A$CoreGam |    00002610  A$CoreGam |    00002611  A$CoreGam
     00002612  A$CoreGam |    00002613  A$CoreGam |    00002615  A$CoreGam
     00002616  A$CoreGam |    00002617  A$CoreGam |    00002618  A$CoreGam
     00002619  A$CoreGam |    0000261A  A$CoreGam |    0000261C  A$CoreGam
     0000261D  A$CoreGam |    0000261F  A$CoreGam |    00002620  A$CoreGam
     00002622  A$CoreGam |    00002623  A$CoreGam |    00002624  A$CoreGam
     00002624  C$CoreGam |    00002625  A$CoreGam |    00002628  A$CoreGam
     0000262B  A$CoreGam |    0000262C  A$CoreGam |    0000262D  A$CoreGam
     0000262E  A$CoreGam |    0000262F  A$CoreGam |    00002630  A$CoreGam
     00002631  A$CoreGam |    00002632  A$CoreGam |    00002634  A$CoreGam
     00002635  A$CoreGam |    00002636  A$CoreGam |    00002638  A$CoreGam
     0000263B  A$CoreGam |    0000263C  A$CoreGam |    0000263F  A$CoreGam
     00002642  A$CoreGam |    00002644  A$CoreGam |    00002646  A$CoreGam
     00002647  A$CoreGam |    00002648  A$CoreGam |    0000264B  A$CoreGam
     0000264C  A$CoreGam |    0000264D  A$CoreGam |    0000264E  A$CoreGam
     00002650  A$CoreGam |    00002651  A$CoreGam |    00002652  A$CoreGam
     00002653  A$CoreGam |    00002654  A$CoreGam |    00002655  A$CoreGam
     00002656  A$CoreGam |    00002657  A$CoreGam |    0000265A  A$CoreGam
     0000265C  A$CoreGam |    0000265F  A$CoreGam |    00002661  A$CoreGam
     00002661  C$CoreGam |    00002663  A$CoreGam |    00002663  C$CoreGam
     00002666  A$CoreGam |    00002668  A$CoreGam |    0000266A  A$CoreGam
     0000266B  A$CoreGam |    0000266C  A$CoreGam |    0000266E  A$CoreGam
     00002671  A$CoreGam |    00002672  A$CoreGam |    00002675  A$CoreGam
     00002677  A$CoreGam |    0000267A  A$CoreGam |    0000267C  A$CoreGam
     0000267E  A$CoreGam |    0000267F  A$CoreGam |    00002680  A$CoreGam
     00002683  A$CoreGam |    00002684  A$CoreGam |    00002685  A$CoreGam
     00002686  A$CoreGam |    00002688  A$CoreGam |    00002689  A$CoreGam
     0000268A  A$CoreGam |    0000268B  A$CoreGam |    0000268C  A$CoreGam
     0000268D  A$CoreGam |    0000268E  A$CoreGam |    0000268F  A$CoreGam
     00002692  A$CoreGam |    00002694  A$CoreGam |    00002697  A$CoreGam
ASxxxx Linker V03.00 + NoICE + sdld,  page 10.
Hexadecimal  [32-Bits]

Area                       Addr        Size        Decimal Bytes (Attributes)
--------------------       ----        ----        ------- ----- ------------
_CODE                  00000200    00002734 =       10036. bytes (REL,CON)

        Value  Global            Value  Global            Value  Global    
        -----  ------            -----  ------            -----  ------    
     00002699  A$CoreGam |    00002699  C$CoreGam |    00002699  C$CoreGam
     0000269C  A$CoreGam |    0000269F  A$CoreGam |    0000269F  C$CoreGam
     000026A2  A$CoreGam |    000026A5  A$CoreGam |    000026A8  A$CoreGam
     000026AB  A$CoreGam |    000026AE  A$CoreGam |    000026B1  A$CoreGam
     000026B4  A$CoreGam |    000026B7  A$CoreGam |    000026B9  A$CoreGam
     000026B9  C$CoreGam |    000026B9  XG$set_ca |    000026BA  A$CoreGam
     000026BA  C$CoreGam |    000026BA  C$CoreGam |    000026BA  G$CoreGam
     000026BA  _CoreGame |    000026BD  A$CoreGam |    000026BF  A$CoreGam
     000026C2  A$CoreGam |    000026C4  A$CoreGam |    000026C4  C$CoreGam
     000026C7  A$CoreGam |    000026C9  A$CoreGam |    000026C9  C$CoreGam
     000026CC  A$CoreGam |    000026CE  A$CoreGam |    000026CF  A$CoreGam
     000026D0  A$CoreGam |    000026D1  A$CoreGam |    000026D1  C$CoreGam
     000026D4  A$CoreGam |    000026D6  A$CoreGam |    000026D7  A$CoreGam
     000026D8  A$CoreGam |    000026D9  A$CoreGam |    000026D9  C$CoreGam
     000026DC  A$CoreGam |    000026DE  A$CoreGam |    000026DF  A$CoreGam
     000026E0  A$CoreGam |    000026E1  A$CoreGam |    000026E4  A$CoreGam
     000026E6  A$CoreGam |    000026E7  A$CoreGam |    000026E8  A$CoreGam
     000026E9  A$CoreGam |    000026E9  C$CoreGam |    000026EC  A$CoreGam
     000026EE  A$CoreGam |    000026EE  C$CoreGam |    000026F1  A$CoreGam
     000026F2  A$CoreGam |    000026F5  A$CoreGam |    000026F6  A$CoreGam
     000026F9  A$CoreGam |    000026FB  A$CoreGam |    000026FE  A$CoreGam
     00002700  A$CoreGam |    00002702  A$CoreGam |    00002703  A$CoreGam
     00002704  A$CoreGam |    00002707  A$CoreGam |    00002708  A$CoreGam
     0000270B  A$CoreGam |    0000270C  A$CoreGam |    0000270D  A$CoreGam
     0000270E  A$CoreGam |    0000270F  A$CoreGam |    00002712  A$CoreGam
     00002714  A$CoreGam |    00002717  A$CoreGam |    00002719  A$CoreGam
     00002719  C$CoreGam |    0000271C  A$CoreGam |    0000271D  A$CoreGam
     00002720  A$CoreGam |    00002721  A$CoreGam |    00002724  A$CoreGam
     00002726  A$CoreGam |    00002726  C$CoreGam |    00002728  A$CoreGam
     0000272A  A$CoreGam |    0000272C  A$CoreGam |    0000272C  C$CoreGam
     0000272E  A$CoreGam |    00002730  A$CoreGam |    00002732  A$CoreGam
     00002732  C$CoreGam |    00002734  A$CoreGam |    00002736  A$CoreGam
     00002738  A$CoreGam |    00002738  C$CoreGam |    0000273B  A$CoreGam
     0000273B  C$CoreGam |    0000273D  A$CoreGam |    0000273D  C$CoreGam
     0000273D  XG$CoreGa |    00002740  A$CoreGam |    00002740  C$CoreGam
     00002740  C$CoreGam |    00002740  G$CoreGam |    00002740  _CoreGame
     00002743  A$CoreGam |    00002746  A$CoreGam |    00002746  C$CoreGam
     00002749  A$CoreGam |    0000274C  A$CoreGam |    0000274C  C$CoreGam
     0000274F  A$CoreGam |    00002752  A$CoreGam |    00002752  C$CoreGam
     00002755  A$CoreGam |    00002756  A$CoreGam |    00002758  A$CoreGam
     0000275A  A$CoreGam |    0000275A  C$CoreGam |    0000275D  A$CoreGam
     0000275E  A$CoreGam |    0000275F  A$CoreGam |    00002761  A$CoreGam
     00002761  C$CoreGam |    00002762  A$CoreGam |    00002763  A$CoreGam
     00002764  A$CoreGam |    00002765  A$CoreGam |    00002766  A$CoreGam
     00002767  A$CoreGam |    00002768  A$CoreGam |    00002769  A$CoreGam
     00002769  C$CoreGam |    0000276C  A$CoreGam |    0000276E  A$CoreGam
     00002770  A$CoreGam |    00002770  C$CoreGam |    00002772  A$CoreGam
     00002774  A$CoreGam |    00002774  C$CoreGam |    00002777  A$CoreGam
     00002778  A$CoreGam |    00002779  A$CoreGam |    0000277B  A$CoreGam
     0000277C  A$CoreGam |    0000277E  A$CoreGam |    00002780  A$CoreGam
     00002780  C$CoreGam |    00002781  A$CoreGam |    00002782  A$CoreGam
ASxxxx Linker V03.00 + NoICE + sdld,  page 11.
Hexadecimal  [32-Bits]

Area                       Addr        Size        Decimal Bytes (Attributes)
--------------------       ----        ----        ------- ----- ------------
_CODE                  00000200    00002734 =       10036. bytes (REL,CON)

        Value  Global            Value  Global            Value  Global    
        -----  ------            -----  ------            -----  ------    
     00002784  A$CoreGam |    00002785  A$CoreGam |    00002786  A$CoreGam
     00002786  C$CoreGam |    00002789  A$CoreGam |    0000278B  A$CoreGam
     0000278B  C$CoreGam |    0000278D  A$CoreGam |    0000278F  A$CoreGam
     0000278F  C$CoreGam |    00002792  A$CoreGam |    00002793  A$CoreGam
     00002794  A$CoreGam |    00002796  A$CoreGam |    00002796  C$CoreGam
     00002797  A$CoreGam |    00002798  A$CoreGam |    00002799  A$CoreGam
     0000279A  A$CoreGam |    0000279B  A$CoreGam |    0000279C  A$CoreGam
     0000279D  A$CoreGam |    0000279E  A$CoreGam |    0000279E  C$CoreGam
     000027A1  A$CoreGam |    000027A3  A$CoreGam |    000027A5  A$CoreGam
     000027A5  C$CoreGam |    000027A7  A$CoreGam |    000027A9  A$CoreGam
     000027A9  C$CoreGam |    000027AC  A$CoreGam |    000027AD  A$CoreGam
     000027AF  A$CoreGam |    000027B0  A$CoreGam |    000027B2  A$CoreGam
     000027B4  A$CoreGam |    000027B4  C$CoreGam |    000027B5  A$CoreGam
     000027B6  A$CoreGam |    000027B8  A$CoreGam |    000027B9  A$CoreGam
     000027BA  A$CoreGam |    000027BA  C$CoreGam |    000027BD  A$CoreGam
     000027BF  A$CoreGam |    000027BF  C$CoreGam |    000027C2  A$CoreGam
     000027C3  A$CoreGam |    000027C5  A$CoreGam |    000027C5  C$CoreGam
     000027C8  A$CoreGam |    000027C8  C$CoreGam |    000027CB  A$CoreGam
     000027CB  C$CoreGam |    000027CE  A$CoreGam |    000027D0  A$CoreGam
     000027D0  C$CoreGam |    000027D2  A$CoreGam |    000027D2  C$CoreGam
     000027D2  XG$CoreGa |    000027D3  A$GameJoh |    000027D3  C$GameJoh
     000027D3  C$GameJoh |    000027D3  G$GameJoh |    000027D3  _GameJohn
     000027D6  A$GameJoh |    000027D7  A$GameJoh |    000027DA  A$GameJoh
     000027DB  A$GameJoh |    000027DE  A$GameJoh |    000027E0  A$GameJoh
     000027E0  C$GameJoh |    000027E3  A$GameJoh |    000027E4  A$GameJoh
     000027E7  A$GameJoh |    000027E8  A$GameJoh |    000027E9  A$GameJoh
     000027EA  A$GameJoh |    000027EB  A$GameJoh |    000027EE  A$GameJoh
     000027F0  A$GameJoh |    000027F0  C$GameJoh |    000027F2  A$GameJoh
     000027F4  A$GameJoh |    000027F6  A$GameJoh |    000027F6  C$GameJoh
     000027F8  A$GameJoh |    000027F8  C$GameJoh |    000027F8  XG$GameJo
     000027FB  A$GameJoh |    000027FB  C$GameJoh |    000027FB  C$GameJoh
     000027FB  G$GameJoh |    000027FB  _GameJohn |    000027FE  A$GameJoh
     00002801  A$GameJoh |    00002801  C$GameJoh |    00002804  A$GameJoh
     00002807  A$GameJoh |    00002808  A$GameJoh |    00002808  C$GameJoh
     0000280A  A$GameJoh |    0000280C  A$GameJoh |    0000280C  C$GameJoh
     0000280E  A$GameJoh |    00002811  A$GameJoh |    00002811  C$GameJoh
     00002813  A$GameJoh |    00002816  A$GameJoh |    00002816  C$GameJoh
     00002819  A$GameJoh |    0000281B  A$GameJoh |    0000281D  A$GameJoh
     0000281D  C$GameJoh |    0000281F  A$GameJoh |    00002822  A$GameJoh
     00002822  C$GameJoh |    00002824  A$GameJoh |    00002827  A$GameJoh
     00002827  C$GameJoh |    00002829  A$GameJoh |    00002829  C$GameJoh
     00002829  XG$GameJo |    0000282A  ___move_m |    00002869  ___move_m
     000028AC  ___move_m |    000028EF  ___move_m
ASxxxx Linker V03.00 + NoICE + sdld,  page 12.
Hexadecimal  [32-Bits]

Area                       Addr        Size        Decimal Bytes (Attributes)
--------------------       ----        ----        ------- ----- ------------
_HEADER0               00000000    00000001 =           1. bytes (ABS,CON)

        Value  Global            Value  Global            Value  Global    
        -----  ------            -----  ------            -----  ------    
     00000020  .call_hl 
ASxxxx Linker V03.00 + NoICE + sdld,  page 13.
Hexadecimal  [32-Bits]

Area                       Addr        Size        Decimal Bytes (Attributes)
--------------------       ----        ----        ------- ----- ------------
_HEADER1               00000000    00000005 =           5. bytes (ABS,CON)

        Value  Global            Value  Global            Value  Global    
        -----  ------            -----  ------            -----  ------    
     00000028  .MemsetSm
ASxxxx Linker V03.00 + NoICE + sdld,  page 14.
Hexadecimal  [32-Bits]

Area                       Addr        Size        Decimal Bytes (Attributes)
--------------------       ----        ----        ------- ----- ------------
_HEADER2               00000000    00000007 =           7. bytes (ABS,CON)

        Value  Global            Value  Global            Value  Global    
        -----  ------            -----  ------            -----  ------    
     00000030  .MemcpySm
ASxxxx Linker V03.00 + NoICE + sdld,  page 15.
Hexadecimal  [32-Bits]

Area                       Addr        Size        Decimal Bytes (Attributes)
--------------------       ----        ----        ------- ----- ------------
_HEADER3               00000000    00000008 =           8. bytes (ABS,CON)

        Value  Global            Value  Global            Value  Global    
        -----  ------            -----  ------            -----  ------    
ASxxxx Linker V03.00 + NoICE + sdld,  page 16.
Hexadecimal  [32-Bits]

Area                       Addr        Size        Decimal Bytes (Attributes)
--------------------       ----        ----        ------- ----- ------------
_HEADER4               00000000    0000004C =          76. bytes (ABS,CON)

        Value  Global            Value  Global            Value  Global    
        -----  ------            -----  ------            -----  ------    
     00000080  .int      |    0000008F  _wait_int |    0000009C  __standar
     000000AC  _refresh_
ASxxxx Linker V03.00 + NoICE + sdld,  page 17.
Hexadecimal  [32-Bits]

Area                       Addr        Size        Decimal Bytes (Attributes)
--------------------       ----        ----        ------- ----- ------------
_HEADER5               00000000    00000002 =           2. bytes (ABS,CON)

        Value  Global            Value  Global            Value  Global    
        -----  ------            -----  ------            -----  ------    
ASxxxx Linker V03.00 + NoICE + sdld,  page 18.
Hexadecimal  [32-Bits]

Area                       Addr        Size        Decimal Bytes (Attributes)
--------------------       ----        ----        ------- ----- ------------
_HEADER6               00000000    00000030 =          48. bytes (ABS,CON)

        Value  Global            Value  Global            Value  Global    
        -----  ------            -----  ------            -----  ------    
ASxxxx Linker V03.00 + NoICE + sdld,  page 19.
Hexadecimal  [32-Bits]

Area                       Addr        Size        Decimal Bytes (Attributes)
--------------------       ----        ----        ------- ----- ------------
_HEADER7               00000000    00000006 =           6. bytes (ABS,CON)

        Value  Global            Value  Global            Value  Global    
        -----  ------            -----  ------            -----  ------    
ASxxxx Linker V03.00 + NoICE + sdld,  page 20.
Hexadecimal  [32-Bits]

Area                       Addr        Size        Decimal Bytes (Attributes)
--------------------       ----        ----        ------- ----- ------------
_HEADER8               00000000    00000003 =           3. bytes (ABS,CON)

        Value  Global            Value  Global            Value  Global    
        -----  ------            -----  ------            -----  ------    
ASxxxx Linker V03.00 + NoICE + sdld,  page 21.
Hexadecimal  [32-Bits]

Area                       Addr        Size        Decimal Bytes (Attributes)
--------------------       ----        ----        ------- ----- ------------
_HEADER9               00000000    00000001 =           1. bytes (ABS,CON)

        Value  Global            Value  Global            Value  Global    
        -----  ------            -----  ------            -----  ------    
ASxxxx Linker V03.00 + NoICE + sdld,  page 22.
Hexadecimal  [32-Bits]

Area                       Addr        Size        Decimal Bytes (Attributes)
--------------------       ----        ----        ------- ----- ------------
_HEADERa               00000000    00000001 =           1. bytes (ABS,CON)

        Value  Global            Value  Global            Value  Global    
        -----  ------            -----  ------            -----  ------    
ASxxxx Linker V03.00 + NoICE + sdld,  page 23.
Hexadecimal  [32-Bits]

Area                       Addr        Size        Decimal Bytes (Attributes)
--------------------       ----        ----        ------- ----- ------------
_HEADERb               00000000    00000001 =           1. bytes (ABS,CON)

        Value  Global            Value  Global            Value  Global    
        -----  ------            -----  ------            -----  ------    
ASxxxx Linker V03.00 + NoICE + sdld,  page 24.
Hexadecimal  [32-Bits]

Area                       Addr        Size        Decimal Bytes (Attributes)
--------------------       ----        ----        ------- ----- ------------
_HEADERc               00000000    00000002 =           2. bytes (ABS,CON)

        Value  Global            Value  Global            Value  Global    
        -----  ------            -----  ------            -----  ------    
ASxxxx Linker V03.00 + NoICE + sdld,  page 25.
Hexadecimal  [32-Bits]

Area                       Addr        Size        Decimal Bytes (Attributes)
--------------------       ----        ----        ------- ----- ------------
_HEADERd               00000000    00000001 =           1. bytes (ABS,CON)

        Value  Global            Value  Global            Value  Global    
        -----  ------            -----  ------            -----  ------    
ASxxxx Linker V03.00 + NoICE + sdld,  page 26.
Hexadecimal  [32-Bits]

Area                       Addr        Size        Decimal Bytes (Attributes)
--------------------       ----        ----        ------- ----- ------------
_HEADERe               00000000    00000001 =           1. bytes (ABS,CON)

        Value  Global            Value  Global            Value  Global    
        -----  ------            -----  ------            -----  ------    
ASxxxx Linker V03.00 + NoICE + sdld,  page 27.
Hexadecimal  [32-Bits]

Area                       Addr        Size        Decimal Bytes (Attributes)
--------------------       ----        ----        ------- ----- ------------
_HEADERf               00000000    00000002 =           2. bytes (ABS,CON)

        Value  Global            Value  Global            Value  Global    
        -----  ------            -----  ------            -----  ------    
ASxxxx Linker V03.00 + NoICE + sdld,  page 28.
Hexadecimal  [32-Bits]

Area                       Addr        Size        Decimal Bytes (Attributes)
--------------------       ----        ----        ------- ----- ------------
_HEADER10              00000000    00000084 =         132. bytes (ABS,CON)

        Value  Global            Value  Global            Value  Global    
        -----  ------            -----  ------            -----  ------    
     00000150  .reset    |    00000150  _reset    |    00000157  .code_sta
     000001B9  _exit     |    000001BD  _set_inte
ASxxxx Linker V03.00 + NoICE + sdld,  page 29.
Hexadecimal  [32-Bits]

Area                       Addr        Size        Decimal Bytes (Attributes)
--------------------       ----        ----        ------- ----- ------------
_HEADER11              00000000    00000001 =           1. bytes (ABS,CON)

        Value  Global            Value  Global            Value  Global    
        -----  ------            -----  ------            -----  ------    
ASxxxx Linker V03.00 + NoICE + sdld,  page 30.
Hexadecimal  [32-Bits]

Area                       Addr        Size        Decimal Bytes (Attributes)
--------------------       ----        ----        ------- ----- ------------
_HOME                  00002934    00000222 =         546. bytes (REL,CON)

        Value  Global            Value  Global            Value  Global    
        -----  ------            -----  ------            -----  ------    
     00002934  .memset_s |    0000293D  .memcpy_s |    0000295A  .remove_V
     0000295D  .remove_i |    0000297A  .add_VBL  |    0000297D  .add_int 
     00002988  .wait_vbl |    00002988  _wait_vbl |    00002998  .display_
     00002998  _display_ |    000029B0  _remove_V |    000029BB  _add_VBL 
     000029C6  _set_tile |    000029CB  _set_bkg_ |    000029CB  _set_win_
     000029D3  _set_spri |    00002A03  _set_bkg_ |    00002A46  .set_xy_w
     00002A4F  .set_xy_b |    00002A5E  .set_xy_s |    00002AA8  .padup   
     00002AA8  _waitpadu |    00002AB8  .jpad     |    00002AB8  _joypad  
     00002AE0  _waitpad  |    00002AE1  .wait_pad |    00002AE8  _set_bkg_
     00002AFC  .set_xy_w |    00002B05  .set_xy_b |    00002B14  .set_xy_t
ASxxxx Linker V03.00 + NoICE + sdld,  page 31.
Hexadecimal  [32-Bits]

Area                       Addr        Size        Decimal Bytes (Attributes)
--------------------       ----        ----        ------- ----- ------------
_INITIALIZER           00002B56    00001319 =        4889. bytes (REL,CON)

        Value  Global            Value  Global            Value  Global    
        -----  ------            -----  ------            -----  ------    
     00002B56  Fhome$__x |    000037F8  FGameTitl |    000037F9  FGameTitl
     000037FA  Fcommon$_ |    000037FB  Fcommon$_ |    000037FC  FCoreGame
     00003804  FJohnDoe_ |    0000396C  FJohnDoe_
ASxxxx Linker V03.00 + NoICE + sdld,  page 32.
Hexadecimal  [32-Bits]

Area                       Addr        Size        Decimal Bytes (Attributes)
--------------------       ----        ----        ------- ----- ------------
_GSINIT                00003E6F    0000000C =          12. bytes (REL,CON)

        Value  Global            Value  Global            Value  Global    
        -----  ------            -----  ------            -----  ------    
     00003E6F  gsinit   
ASxxxx Linker V03.00 + NoICE + sdld,  page 33.
Hexadecimal  [32-Bits]

Area                       Addr        Size        Decimal Bytes (Attributes)
--------------------       ----        ----        ------- ----- ------------
_GSFINAL               00003E7B    00000001 =           1. bytes (REL,CON)

        Value  Global            Value  Global            Value  Global    
        -----  ------            -----  ------            -----  ------    
ASxxxx Linker V03.00 + NoICE + sdld,  page 34.
Hexadecimal  [32-Bits]

Area                       Addr        Size        Decimal Bytes (Attributes)
--------------------       ----        ----        ------- ----- ------------
_DATA                  0000C0A0    00000024 =          36. bytes (REL,CON)

        Value  Global            Value  Global            Value  Global    
        -----  ------            -----  ------            -----  ------    
     0000C0A0  __cpu     |    0000C0A1  __is_GBA  |    0000C0A2  .mode    
     0000C0A3  .sys_time |    0000C0A3  _sys_time |    0000C0A5  .int_0x40
     0000C0B1  G$camera_ |    0000C0B1  _camera_x |    0000C0B3  G$camera_
     0000C0B3  _camera_y |    0000C0B5  G$old_cam |    0000C0B5  _old_came
     0000C0B7  G$old_cam |    0000C0B7  _old_came |    0000C0B9  G$map_pos
     0000C0B9  _map_pos_ |    0000C0BA  G$map_pos |    0000C0BA  _map_pos_
     0000C0BB  G$old_map |    0000C0BB  _old_map_ |    0000C0BC  G$old_map
     0000C0BC  _old_map_ |    0000C0BD  G$redraw$ |    0000C0BD  _redraw  
     0000C0BE  G$camera_ |    0000C0BE  _camera_p |    0000C0BF  G$camera_
     0000C0BF  _camera_p |    0000C0C0  .image_ti |    0000C0C1  ___curren
     0000C0C3  ___curren
ASxxxx Linker V03.00 + NoICE + sdld,  page 35.
Hexadecimal  [32-Bits]

Area                       Addr        Size        Decimal Bytes (Attributes)
--------------------       ----        ----        ------- ----- ------------
_INITIALIZED           0000C0C4    00001319 =        4889. bytes (REL,CON)

        Value  Global            Value  Global            Value  Global    
        -----  ------            -----  ------            -----  ------    
     0000C0C4  G$Home$0_ |    0000C0C4  _Home     |    0000CD66  G$timer$0
     0000CD66  _timer    |    0000CD67  G$frame$0 |    0000CD67  _frame   
     0000CD68  G$joypadP |    0000CD68  _joypadPr |    0000CD69  G$joypadC
     0000CD69  _joypadCu |    0000CD6A  G$mouse$0 |    0000CD6A  _mouse   
     0000CD72  G$JohnDoe |    0000CD72  _JohnDoe_ |    0000CEDA  G$JohnDoe
     0000CEDA  _JohnDoe_ |    0000D3DA  __submap_ |    0000D3DB  ___render
     0000D3DC  __map_til
ASxxxx Linker V03.00 + NoICE + sdld,  page 36.
Hexadecimal  [32-Bits]

Area                       Addr        Size        Decimal Bytes (Attributes)
--------------------       ----        ----        ------- ----- ------------
_HRAM12                00000000    00000003 =           3. bytes (ABS,CON)

        Value  Global            Value  Global            Value  Global    
        -----  ------            -----  ------            -----  ------    
     0000FF90  __current |    0000FF92  __shadow_
ASxxxx Linker V03.00 + NoICE + sdld,  page 37.

Files Linked                              [ module(s) ]

C:\gbdk\lib/gb/crt0.o                     [ Runtime ]
obj\main.o                                [ main ]
obj\cast_tiles.o                          [ cast_tiles ]
obj\indoor_tiles.o                        [ indoor_tiles ]
obj\home.o                                [ home ]
obj\player.o                              [ player ]
obj\GameTitle.o                           [ GameTitle ]
obj\Globe_Tiles.o                         [ Globe_Tiles ]
obj\Title_Map.o                           [ Title_Map ]
obj\Title_Tiles.o                         [ Title_Tiles ]
obj\common.o                              [ common ]
obj\CoreGameLoop.o                        [ CoreGameLoop ]
obj\JohnDoe_Map.o                         [ JohnDoe_Map ]
obj\JohnDoe_Tiles.o                       [ JohnDoe_Tiles ]
obj\GameJohnDoe.o                         [ GameJohnDoe ]


Libraries Linked                          [ object file ]

C:\gbdk\lib/gb/gb.lib                     [ sfr.o ]
C:\gbdk\lib/gb/gb.lib                     [ set_data.o ]
C:\gbdk\lib/gb/gb.lib                     [ set_tile_submap.o ]
C:\gbdk\lib/gb/gb.lib                     [ pad.o ]
C:\gbdk\lib/gb/gb.lib                     [ metasprites.o ]
C:\gbdk\lib/gb/gb.lib                     [ metasprites_flip.o ]
C:\gbdk\lib/gb/gb.lib                     [ set_bk_t.o ]
C:\gbdk\lib/gb/gb.lib                     [ set_xy_t.o ]

ASxxxx Linker V03.00 + NoICE + sdld,  page 38.

User Base Address Definitions

_DATA=0xC0A0
_CODE=0x0200
ASxxxx Linker V03.00 + NoICE + sdld,  page 39.

User Global Definitions

_shadow_OAM=0xC000
.STACK=0xE000
.refresh_OAM=0xFF80

