ASxxxx Linker V03.00 + NoICE + sdld,  page 1.
Hexadecimal  [32-Bits]

Area                       Addr        Size        Decimal Bytes (Attributes)
--------------------       ----        ----        ------- ----- ------------
.  .ABS.               00000000    00000000 =           0. bytes (ABS,CON)

        Value  Global            Value  Global            Value  Global    
        -----  ------            -----  ------            -----  ------    
     00000000  .__.ABS.  |    00000000  _rRAMG    |    00000000  l__BASE  
     00000000  l__BSS    |    00000000  l__CABS   |    00000000  l__CODE_0
     00000000  l__DABS   |    00000000  l__HEADER |    00000000  l__HEAP  
     00000000  l__HEAP_E |    00000000  l__HRAM   |    00000000  l__LIT   
     00000000  s__CABS   |    00000000  s__CABS0  |    00000000  s__DABS  
     00000000  s__HEADER |    00000000  s__HEADER |    00000000  s__HEADER
     00000000  s__HEADER |    00000000  s__HEADER |    00000000  s__HEADER
     00000000  s__HEADER |    00000000  s__HEADER |    00000000  s__HEADER
     00000000  s__HEADER |    00000000  s__HEADER |    00000000  s__HEADER
     00000000  s__HEADER |    00000000  s__HEADER |    00000000  s__HEADER
     00000000  s__HEADER |    00000000  s__HEADER |    00000000  s__HEADER
     00000000  s__HEADER |    00000000  s__HRAM   |    00000000  s__HRAM12
     00000001  l__GSFINA |    00000001  l__HEADER |    00000001  l__HEADER
     00000001  l__HEADER |    00000001  l__HEADER |    00000001  l__HEADER
     00000001  l__HEADER |    00000001  l__HEADER |    00000002  l__HEADER
     00000002  l__HEADER |    00000002  l__HEADER |    00000003  l__CABS0 
     00000003  l__HEADER |    00000003  l__HRAM12 |    00000005  l__HEADER
     00000006  l__HEADER |    00000007  l__HEADER |    00000008  l__HEADER
     0000000C  l__GSINIT |    00000026  l__DATA   |    00000030  l__HEADER
     0000004C  l__HEADER |    00000084  l__HEADER |    00000200  s__CODE  
     000002D6  l__HOME   |    00001B40  l__INITIA |    00001B40  l__INITIA
     00002000  _rROMB0   |    00003000  _rROMB1   |    00004000  _rRAMB   
     00005D04  l__CODE   |    00005F04  s__HOME   |    000061DA  s__BASE  
     000061DA  s__CODE_0 |    000061DA  s__INITIA |    000061DA  s__LIT   
     00007D1A  s__GSINIT |    00007D26  s__GSFINA |    00008000  __VRAM   
     00008000  __VRAM800 |    00008800  __VRAM880 |    00009000  __VRAM900
     00009800  __SCRN0   |    00009C00  __SCRN1   |    0000A000  __SRAM   
     0000C000  __RAM     |    0000C000  _shadow_O |    0000C0A0  s__DATA  
     0000C0C6  s__BSS    |    0000C0C6  s__INITIA |    0000D000  __RAMBANK
     0000DC06  s__HEAP   |    0000DC06  s__HEAP_E |    0000E000  .STACK   
     0000FE00  __OAMRAM  |    0000FF00  _P1_REG   |    0000FF00  __IO     
     0000FF01  _SB_REG   |    0000FF02  _SC_REG   |    0000FF04  _DIV_REG 
     0000FF05  _TIMA_REG |    0000FF06  _TMA_REG  |    0000FF07  _TAC_REG 
     0000FF0F  _IF_REG   |    0000FF10  _NR10_REG |    0000FF11  _NR11_REG
     0000FF12  _NR12_REG |    0000FF13  _NR13_REG |    0000FF14  _NR14_REG
     0000FF16  _NR21_REG |    0000FF17  _NR22_REG |    0000FF18  _NR23_REG
     0000FF19  _NR24_REG |    0000FF1A  _NR30_REG |    0000FF1B  _NR31_REG
     0000FF1C  _NR32_REG |    0000FF1D  _NR33_REG |    0000FF1E  _NR34_REG
     0000FF20  _NR41_REG |    0000FF21  _NR42_REG |    0000FF22  _NR43_REG
     0000FF23  _NR44_REG |    0000FF24  _NR50_REG |    0000FF25  _NR51_REG
     0000FF26  _NR52_REG |    0000FF30  _AUD3WAVE |    0000FF30  _PCM_SAMP
     0000FF30  __AUD3WAV |    0000FF40  _LCDC_REG |    0000FF41  _STAT_REG
     0000FF42  _SCY_REG  |    0000FF43  _SCX_REG  |    0000FF44  _LY_REG  
     0000FF45  _LYC_REG  |    0000FF46  _DMA_REG  |    0000FF47  _BGP_REG 
     0000FF48  _OBP0_REG |    0000FF49  _OBP1_REG |    0000FF4A  _WY_REG  
     0000FF4B  _WX_REG   |    0000FF4D  _KEY1_REG |    0000FF4F  _VBK_REG 
     0000FF51  _HDMA1_RE |    0000FF52  _HDMA2_RE |    0000FF53  _HDMA3_RE
     0000FF54  _HDMA4_RE |    0000FF55  _HDMA5_RE |    0000FF56  _RP_REG  
     0000FF68  _BCPS_REG |    0000FF69  _BCPD_REG |    0000FF6A  _OCPS_REG
     0000FF6B  _OCPD_REG |    0000FF70  _SVBK_REG |    0000FF76  _PCM12_RE
ASxxxx Linker V03.00 + NoICE + sdld,  page 2.
Hexadecimal  [32-Bits]

Area                       Addr        Size        Decimal Bytes (Attributes)
--------------------       ----        ----        ------- ----- ------------
.  .ABS.               00000000    00000000 =           0. bytes (ABS,CON)

        Value  Global            Value  Global            Value  Global    
        -----  ------            -----  ------            -----  ------    
     0000FF77  _PCM34_RE |    0000FF80  .refresh_ |    0000FF80  __HRAM   
     0000FFFF  _IE_REG  
ASxxxx Linker V03.00 + NoICE + sdld,  page 3.
Hexadecimal  [32-Bits]

Area                       Addr        Size        Decimal Bytes (Attributes)
--------------------       ----        ----        ------- ----- ------------
_CODE                  00000200    00005D04 =       23812. bytes (REL,CON)

        Value  Global            Value  Global            Value  Global    
        -----  ------            -----  ------            -----  ------    
     00000200  A$main$68 |    00000200  C$main.c$ |    00000200  C$main.c$
     00000200  C$main.c$ |    00000200  G$main$0$ |    00000200  _main    
     00000203  A$main$76 |    00000203  C$main.c$ |    00000203  C$main.c$
     00000204  A$main$77 |    00000205  A$main$78 |    00000207  A$main$82
     00000207  C$main.c$ |    00000208  A$main$86 |    00000208  C$main.c$
     00000209  A$main$87 |    0000020A  A$main$88 |    0000020C  A$main$89
     0000020D  A$main$90 |    00000210  A$main$91 |    00000211  A$main$92
     00000213  A$main$97 |    00000213  C$main.c$ |    00000214  A$main$98
     00000216  A$main$99 |    00000218  A$main$10 |    00000219  A$main$10
     0000021C  A$main$10 |    0000021D  A$main$10 |    0000021F  A$main$10
     0000021F  C$main.c$ |    00000220  A$main$10 |    00000222  A$main$11
     00000224  A$main$11 |    00000225  A$main$11 |    00000228  A$main$11
     00000229  A$main$11 |    0000022B  A$main$11 |    0000022B  C$main.c$
     0000022C  A$main$12 |    0000022E  A$main$12 |    00000230  A$main$12
     00000231  A$main$12 |    00000234  A$main$12 |    00000235  A$main$12
     00000237  A$main$13 |    00000237  C$main.c$ |    00000238  A$main$13
     0000023A  A$main$13 |    0000023C  A$main$13 |    0000023D  A$main$13
     00000240  A$main$13 |    00000241  A$main$14 |    00000241  C$main.c$
     00000242  A$main$14 |    00000243  A$main$14 |    00000245  A$main$14
     00000246  A$main$14 |    00000249  A$main$14 |    0000024A  A$main$14
     0000024B  A$main$14 |    0000024D  A$main$15 |    0000024D  C$main.c$
     0000024E  A$main$15 |    00000250  A$main$15 |    00000252  A$main$15
     00000253  A$main$15 |    00000256  A$main$15 |    00000257  A$main$15
     00000258  A$main$15 |    0000025A  A$main$16 |    0000025A  C$main.c$
     0000025B  A$main$16 |    0000025D  A$main$16 |    0000025F  A$main$16
     00000260  A$main$16 |    00000263  A$main$16 |    00000264  A$main$17
     00000265  A$main$17 |    00000267  A$main$17 |    00000267  C$main.c$
     00000268  A$main$17 |    0000026A  A$main$17 |    0000026C  A$main$17
     0000026D  A$main$18 |    00000270  A$main$18 |    00000271  A$main$18
     00000272  A$main$18 |    00000274  A$main$18 |    00000274  C$main.c$
     00000275  A$main$18 |    00000277  A$main$19 |    00000279  A$main$19
     0000027A  A$main$19 |    0000027D  A$main$19 |    0000027E  A$main$19
     0000027F  A$main$20 |    0000027F  C$main.c$ |    0000027F  XG$main$0
     00000281  G$Cast_Ti |    00000281  _Cast_Til |    00000A81  G$IndoorT
     00000A81  _IndoorTi |    00001281  A$home$57 |    00001281  C$home.c$
     00001281  G$returnC |    00001281  _returnCo |    00001282  A$home$61
     00001282  C$home.c$ |    00001284  A$home$62 |    00001285  A$home$63
     00001286  A$home$64 |    00001287  A$home$65 |    00001288  A$home$66
     00001289  A$home$67 |    0000128A  A$home$68 |    0000128B  A$home$69
     0000128C  A$home$70 |    0000128F  A$home$71 |    00001290  A$home$72
     00001291  A$home$73 |    00001293  A$home$74 |    00001294  A$home$75
     00001295  A$home$83 |    00001295  C$home.c$ |    00001295  XG$return
     00001296  G$HOME_CO |    00001296  _HOME_COL |    0000150C  A$player$
     0000150C  C$player. |    0000150C  G$check_m |    0000150C  _check_ma
     0000150D  A$player$ |    0000150E  A$player$ |    0000150E  C$player.
     0000150F  A$player$ |    00001510  A$player$ |    00001512  A$player$
     00001512  C$player. |    00001514  A$player$ |    00001515  A$player$
     00001516  A$player$ |    00001519  A$player$ |    00001519  C$player.
     0000151A  A$player$ |    0000151B  A$player$ |    0000151C  G$mouse_d
     0000151C  _mouse_do |    00001528  G$mouse_u |    00001528  _mouse_up
ASxxxx Linker V03.00 + NoICE + sdld,  page 4.
Hexadecimal  [32-Bits]

Area                       Addr        Size        Decimal Bytes (Attributes)
--------------------       ----        ----        ------- ----- ------------
_CODE                  00000200    00005D04 =       23812. bytes (REL,CON)

        Value  Global            Value  Global            Value  Global    
        -----  ------            -----  ------            -----  ------    
     00001534  G$mouse_r |    00001534  _mouse_ri |    00001540  G$mouse_r
     00001540  _mouse_ri |    0000154C  G$mouse_m |    0000154C  _mouse_me
     00001554  A$player$ |    00001554  C$player. |    00001554  G$PlayerU
     00001554  _PlayerUp |    00001555  A$player$ |    00001556  A$player$
     00001556  C$player. |    00001559  A$player$ |    0000155A  A$player$
     0000155B  A$player$ |    0000155C  A$player$ |    0000155D  A$player$
     0000155D  C$player. |    00001560  A$player$ |    00001563  A$player$
     00001563  C$player. |    00001566  A$player$ |    00001569  A$player$
     0000156A  A$player$ |    0000156A  C$player. |    0000156B  A$player$
     0000156B  C$player. |    0000156E  A$player$ |    0000156F  A$player$
     0000156F  C$player. |    00001571  A$player$ |    00001573  A$player$
     00001573  C$player. |    00001575  A$player$ |    00001576  A$player$
     00001576  C$player. |    00001578  A$player$ |    0000157A  A$player$
     0000157A  C$player. |    0000157C  A$player$ |    0000157D  A$player$
     0000157D  C$player. |    0000157F  A$player$ |    00001581  A$player$
     00001581  C$player. |    00001583  A$player$ |    00001584  A$player$
     00001584  C$player. |    00001586  A$player$ |    00001587  A$player$
     00001587  C$player. |    00001589  A$player$ |    00001589  C$player.
     00001589  C$player. |    00001589  XG$Player |    0000158A  A$player$
     0000158A  C$player. |    0000158A  G$DrawPla |    0000158A  _DrawPlay
     0000158C  A$player$ |    0000158F  A$player$ |    00001590  A$player$
     00001591  A$player$ |    00001593  A$player$ |    00001594  A$player$
     00001594  C$player. |    00001595  A$player$ |    00001596  A$player$
     00001597  A$player$ |    00001598  A$player$ |    00001599  A$player$
     0000159B  A$player$ |    0000159C  A$player$ |    0000159D  A$player$
     0000159D  C$player. |    0000159E  A$player$ |    0000159F  A$player$
     000015A0  A$player$ |    000015A2  A$player$ |    000015A4  A$player$
     000015A5  A$player$ |    000015A6  A$player$ |    000015A8  A$player$
     000015AA  A$player$ |    000015AB  A$player$ |    000015AD  A$player$
     000015AF  A$player$ |    000015B1  A$player$ |    000015B2  A$player$
     000015B4  A$player$ |    000015B6  A$player$ |    000015B9  A$player$
     000015B9  C$player. |    000015BB  A$player$ |    000015BC  A$player$
     000015BD  A$player$ |    000015BE  A$player$ |    000015C1  A$player$
     000015C2  A$player$ |    000015C3  A$player$ |    000015C4  A$player$
     000015C7  A$player$ |    000015C8  A$player$ |    000015C9  A$player$
     000015CA  A$player$ |    000015CD  A$player$ |    000015CF  A$player$
     000015D0  A$player$ |    000015D1  A$player$ |    000015D2  A$player$
     000015D4  A$player$ |    000015D5  A$player$ |    000015D8  A$player$
     000015DA  A$player$ |    000015DA  C$player. |    000015DD  A$player$
     000015DD  C$player. |    000015E0  A$player$ |    000015E1  A$player$
     000015E2  A$player$ |    000015E3  A$player$ |    000015E6  A$player$
     000015E7  A$player$ |    000015E8  A$player$ |    000015E9  A$player$
     000015EC  A$player$ |    000015EE  A$player$ |    000015F0  A$player$
     000015F1  A$player$ |    000015F2  A$player$ |    000015F3  A$player$
     000015F4  A$player$ |    000015F6  A$player$ |    000015F7  A$player$
     000015FA  A$player$ |    000015FC  A$player$ |    000015FC  C$player.
     000015FE  A$player$ |    000015FE  C$player. |    00001600  A$player$
     00001601  A$player$ |    00001602  A$player$ |    00001603  A$player$
     00001606  A$player$ |    00001607  A$player$ |    00001608  A$player$
     00001609  A$player$ |    0000160C  A$player$ |    0000160D  A$player$
     0000160E  A$player$ |    0000160F  A$player$ |    00001612  A$player$
ASxxxx Linker V03.00 + NoICE + sdld,  page 5.
Hexadecimal  [32-Bits]

Area                       Addr        Size        Decimal Bytes (Attributes)
--------------------       ----        ----        ------- ----- ------------
_CODE                  00000200    00005D04 =       23812. bytes (REL,CON)

        Value  Global            Value  Global            Value  Global    
        -----  ------            -----  ------            -----  ------    
     00001614  A$player$ |    00001615  A$player$ |    00001616  A$player$
     00001617  A$player$ |    00001619  A$player$ |    0000161A  A$player$
     0000161D  A$player$ |    0000161F  A$player$ |    0000161F  C$player.
     00001621  A$player$ |    00001621  C$player. |    00001623  A$player$
     00001624  A$player$ |    00001625  A$player$ |    00001626  A$player$
     00001629  A$player$ |    0000162A  A$player$ |    0000162B  A$player$
     0000162C  A$player$ |    0000162F  A$player$ |    00001630  A$player$
     00001631  A$player$ |    00001632  A$player$ |    00001635  A$player$
     00001637  A$player$ |    00001638  A$player$ |    0000163A  A$player$
     0000163B  A$player$ |    0000163C  A$player$ |    0000163D  A$player$
     0000163F  A$player$ |    00001640  A$player$ |    00001643  A$player$
     00001645  A$player$ |    00001645  C$player. |    00001647  A$player$
     00001647  C$player. |    00001649  A$player$ |    0000164A  A$player$
     0000164B  A$player$ |    0000164C  A$player$ |    0000164F  A$player$
     00001650  A$player$ |    00001651  A$player$ |    00001652  A$player$
     00001655  A$player$ |    00001656  A$player$ |    00001657  A$player$
     00001658  A$player$ |    0000165B  A$player$ |    0000165D  A$player$
     0000165E  A$player$ |    00001660  A$player$ |    00001661  A$player$
     00001662  A$player$ |    00001663  A$player$ |    00001665  A$player$
     00001666  A$player$ |    00001669  A$player$ |    0000166B  A$player$
     0000166B  C$player. |    0000166D  A$player$ |    0000166D  C$player.
     0000166D  XG$DrawPl |    0000166E  A$GameTit |    0000166E  C$GameTit
     0000166E  G$GameTit |    0000166E  _GameTitl |    0000166F  A$GameTit
     00001671  A$GameTit |    00001672  A$GameTit |    00001674  A$GameTit
     00001674  C$GameTit |    00001676  A$GameTit |    00001678  A$GameTit
     00001678  C$GameTit |    0000167A  A$GameTit |    0000167C  A$GameTit
     0000167C  C$GameTit |    0000167E  A$GameTit |    00001680  A$GameTit
     00001682  A$GameTit |    00001682  C$GameTit |    00001685  A$GameTit
     00001686  A$GameTit |    00001689  A$GameTit |    0000168A  A$GameTit
     0000168D  A$GameTit |    0000168F  A$GameTit |    0000168F  C$GameTit
     00001692  A$GameTit |    00001693  A$GameTit |    00001696  A$GameTit
     00001697  A$GameTit |    00001698  A$GameTit |    00001699  A$GameTit
     0000169A  A$GameTit |    0000169D  A$GameTit |    0000169F  A$GameTit
     0000169F  C$GameTit |    000016A2  A$GameTit |    000016A3  A$GameTit
     000016A6  A$GameTit |    000016A7  A$GameTit |    000016AA  A$GameTit
     000016AC  A$GameTit |    000016AF  A$GameTit |    000016B0  A$GameTit
     000016B1  A$GameTit |    000016B2  A$GameTit |    000016B5  A$GameTit
     000016B6  A$GameTit |    000016B7  A$GameTit |    000016B8  A$GameTit
     000016BB  A$GameTit |    000016BD  A$GameTit |    000016C0  A$GameTit
     000016C1  A$GameTit |    000016C2  A$GameTit |    000016C3  A$GameTit
     000016C4  A$GameTit |    000016C7  A$GameTit |    000016C9  A$GameTit
     000016C9  C$GameTit |    000016CB  A$GameTit |    000016CD  A$GameTit
     000016CF  A$GameTit |    000016CF  C$GameTit |    000016D1  A$GameTit
     000016D3  A$GameTit |    000016D5  A$GameTit |    000016D5  C$GameTit
     000016D7  A$GameTit |    000016D7  C$GameTit |    000016D7  XG$GameTi
     000016DA  G$globe1$ |    000016DA  _globe1   |    000016FE  G$globe2$
     000016FE  _globe2   |    00001722  G$globe3$ |    00001722  _globe3  
     00001746  G$globe4$ |    00001746  _globe4   |    0000176A  G$globe5$
     0000176A  _globe5   |    0000178E  G$globe6$ |    0000178E  _globe6  
     000017B2  G$globe7$ |    000017B2  _globe7   |    000017D6  G$globe_m
     000017D6  _globe_me |    000017E4  A$GameTit |    000017E4  C$GameTit
ASxxxx Linker V03.00 + NoICE + sdld,  page 6.
Hexadecimal  [32-Bits]

Area                       Addr        Size        Decimal Bytes (Attributes)
--------------------       ----        ----        ------- ----- ------------
_CODE                  00000200    00005D04 =       23812. bytes (REL,CON)

        Value  Global            Value  Global            Value  Global    
        -----  ------            -----  ------            -----  ------    
     000017E4  G$GameTit |    000017E4  _GameTitl |    000017E7  A$GameTit
     000017EA  A$GameTit |    000017EA  C$GameTit |    000017ED  A$GameTit
     000017F0  A$GameTit |    000017F0  C$GameTit |    000017F3  A$GameTit
     000017F4  A$GameTit |    000017F4  C$GameTit |    000017F5  A$GameTit
     000017F7  A$GameTit |    000017F9  A$GameTit |    000017F9  C$GameTit
     000017FC  A$GameTit |    000017FD  A$GameTit |    000017FD  C$GameTit
     00001800  A$GameTit |    00001802  A$GameTit |    00001802  C$GameTit
     00001805  A$GameTit |    00001806  A$GameTit |    00001808  A$GameTit
     0000180A  A$GameTit |    0000180C  A$GameTit |    0000180F  A$GameTit
     00001812  A$GameTit |    00001813  A$GameTit |    00001815  A$GameTit
     00001816  A$GameTit |    00001817  A$GameTit |    00001818  A$GameTit
     00001819  A$GameTit |    0000181A  A$GameTit |    0000181B  A$GameTit
     0000181E  A$GameTit |    0000181F  A$GameTit |    00001820  A$GameTit
     00001821  A$GameTit |    00001824  A$GameTit |    00001826  A$GameTit
     00001827  A$GameTit |    0000182A  A$GameTit |    0000182B  A$GameTit
     0000182C  A$GameTit |    0000182D  A$GameTit |    0000182E  A$GameTit
     00001831  A$GameTit |    00001833  A$GameTit |    00001834  A$GameTit
     00001834  C$GameTit |    00001837  A$GameTit |    00001838  A$GameTit
     00001838  C$GameTit |    0000183A  A$GameTit |    0000183C  A$GameTit
     0000183C  C$GameTit |    0000183D  A$GameTit |    0000183F  A$GameTit
     00001842  A$GameTit |    00001843  A$GameTit |    00001846  A$GameTit
     00001847  A$GameTit |    00001849  A$GameTit |    0000184A  A$GameTit
     0000184B  A$GameTit |    0000184C  A$GameTit |    0000184D  A$GameTit
     00001850  A$GameTit |    00001851  A$GameTit |    00001852  A$GameTit
     00001855  A$GameTit |    00001857  A$GameTit |    0000185A  A$GameTit
     0000185B  A$GameTit |    0000185C  A$GameTit |    0000185D  A$GameTit
     0000185E  A$GameTit |    00001861  A$GameTit |    00001863  A$GameTit
     00001863  C$GameTit |    00001865  A$GameTit |    00001866  A$GameTit
     00001866  C$GameTit |    00001868  A$GameTit |    0000186A  A$GameTit
     0000186A  C$GameTit |    0000186B  A$GameTit |    0000186D  A$GameTit
     00001870  A$GameTit |    00001871  A$GameTit |    00001874  A$GameTit
     00001875  A$GameTit |    00001877  A$GameTit |    00001878  A$GameTit
     00001879  A$GameTit |    0000187A  A$GameTit |    0000187B  A$GameTit
     0000187E  A$GameTit |    0000187F  A$GameTit |    00001880  A$GameTit
     00001883  A$GameTit |    00001885  A$GameTit |    00001888  A$GameTit
     00001889  A$GameTit |    0000188A  A$GameTit |    0000188B  A$GameTit
     0000188C  A$GameTit |    0000188F  A$GameTit |    00001891  A$GameTit
     00001891  C$GameTit |    00001893  A$GameTit |    00001894  A$GameTit
     00001894  C$GameTit |    00001896  A$GameTit |    00001898  A$GameTit
     00001898  C$GameTit |    00001899  A$GameTit |    0000189B  A$GameTit
     0000189E  A$GameTit |    000018A0  A$GameTit |    000018A3  A$GameTit
     000018A5  A$GameTit |    000018A8  A$GameTit |    000018AA  A$GameTit
     000018AD  A$GameTit |    000018AF  A$GameTit |    000018B2  A$GameTit
     000018B3  A$GameTit |    000018B6  A$GameTit |    000018B7  A$GameTit
     000018B9  A$GameTit |    000018BA  A$GameTit |    000018BB  A$GameTit
     000018BC  A$GameTit |    000018BD  A$GameTit |    000018C0  A$GameTit
     000018C1  A$GameTit |    000018C2  A$GameTit |    000018C5  A$GameTit
     000018C7  A$GameTit |    000018CA  A$GameTit |    000018CB  A$GameTit
     000018CC  A$GameTit |    000018CD  A$GameTit |    000018CE  A$GameTit
     000018D1  A$GameTit |    000018D3  A$GameTit |    000018D3  C$GameTit
     000018D5  A$GameTit |    000018D6  A$GameTit |    000018D6  C$GameTit
ASxxxx Linker V03.00 + NoICE + sdld,  page 7.
Hexadecimal  [32-Bits]

Area                       Addr        Size        Decimal Bytes (Attributes)
--------------------       ----        ----        ------- ----- ------------
_CODE                  00000200    00005D04 =       23812. bytes (REL,CON)

        Value  Global            Value  Global            Value  Global    
        -----  ------            -----  ------            -----  ------    
     000018D8  A$GameTit |    000018DA  A$GameTit |    000018DA  C$GameTit
     000018DB  A$GameTit |    000018DD  A$GameTit |    000018E0  A$GameTit
     000018E1  A$GameTit |    000018E4  A$GameTit |    000018E5  A$GameTit
     000018E7  A$GameTit |    000018E8  A$GameTit |    000018E9  A$GameTit
     000018EA  A$GameTit |    000018EB  A$GameTit |    000018EE  A$GameTit
     000018EF  A$GameTit |    000018F0  A$GameTit |    000018F3  A$GameTit
     000018F5  A$GameTit |    000018F8  A$GameTit |    000018F9  A$GameTit
     000018FA  A$GameTit |    000018FB  A$GameTit |    000018FC  A$GameTit
     000018FF  A$GameTit |    00001901  A$GameTit |    00001901  C$GameTit
     00001903  A$GameTit |    00001904  A$GameTit |    00001904  C$GameTit
     00001906  A$GameTit |    00001906  C$GameTit |    00001906  XG$GameTi
     00001907  G$Globe_T |    00001907  _Globe_Ti |    00002007  G$Title_M
     00002007  _Title_Ma |    0000216F  G$TitleLa |    0000216F  _TitleLab
     0000248F  A$common$ |    0000248F  C$common. |    0000248F  G$perform
     0000248F  _performa |    00002490  A$common$ |    00002492  A$common$
     00002493  A$common$ |    00002494  A$common$ |    00002495  A$common$
     00002495  C$common. |    00002498  A$common$ |    00002498  C$common.
     00002499  A$common$ |    00002499  C$common. |    00002499  XG$perfor
     0000249B  A$common$ |    0000249B  C$common. |    0000249B  G$DrawNum
     0000249B  _DrawNumb |    0000249D  A$common$ |    0000249F  A$common$
     000024A0  A$common$ |    000024A1  A$common$ |    000024A1  C$common.
     000024A3  A$common$ |    000024A5  A$common$ |    000024A6  A$common$
     000024A7  A$common$ |    000024A9  A$common$ |    000024AA  A$common$
     000024AB  A$common$ |    000024AD  A$common$ |    000024AE  A$common$
     000024AF  A$common$ |    000024B1  A$common$ |    000024B2  A$common$
     000024B4  A$common$ |    000024B4  C$common. |    000024B6  A$common$
     000024B7  A$common$ |    000024B9  A$common$ |    000024BA  A$common$
     000024BC  A$common$ |    000024BD  A$common$ |    000024BF  A$common$
     000024C0  A$common$ |    000024C2  A$common$ |    000024C3  A$common$
     000024C4  A$common$ |    000024C7  A$common$ |    000024C8  A$common$
     000024C9  A$common$ |    000024CB  A$common$ |    000024CC  A$common$
     000024CD  A$common$ |    000024CE  A$common$ |    000024CF  A$common$
     000024D2  A$common$ |    000024D4  A$common$ |    000024D4  C$common.
     000024D6  A$common$ |    000024D7  A$common$ |    000024D8  A$common$
     000024D9  A$common$ |    000024DA  A$common$ |    000024DD  A$common$
     000024DE  A$common$ |    000024E0  A$common$ |    000024E1  A$common$
     000024E2  A$common$ |    000024E3  A$common$ |    000024E5  A$common$
     000024E6  A$common$ |    000024E8  A$common$ |    000024E9  A$common$
     000024EB  A$common$ |    000024EC  A$common$ |    000024EE  A$common$
     000024EF  A$common$ |    000024EF  C$common. |    000024F2  A$common$
     000024F3  A$common$ |    000024F4  A$common$ |    000024F7  A$common$
     000024F8  A$common$ |    000024FA  A$common$ |    000024FB  A$common$
     000024FC  A$common$ |    000024FD  A$common$ |    000024FF  A$common$
     00002500  A$common$ |    00002502  A$common$ |    00002503  A$common$
     00002503  C$common. |    00002505  A$common$ |    00002506  A$common$
     00002508  A$common$ |    00002509  A$common$ |    0000250B  A$common$
     0000250C  A$common$ |    0000250E  A$common$ |    0000250F  A$common$
     00002511  A$common$ |    00002513  A$common$ |    00002514  A$common$
     00002516  A$common$ |    00002517  A$common$ |    00002518  A$common$
     00002519  A$common$ |    0000251A  A$common$ |    0000251B  A$common$
     0000251D  A$common$ |    0000251E  A$common$ |    0000251F  A$common$
ASxxxx Linker V03.00 + NoICE + sdld,  page 8.
Hexadecimal  [32-Bits]

Area                       Addr        Size        Decimal Bytes (Attributes)
--------------------       ----        ----        ------- ----- ------------
_CODE                  00000200    00005D04 =       23812. bytes (REL,CON)

        Value  Global            Value  Global            Value  Global    
        -----  ------            -----  ------            -----  ------    
     00002520  A$common$ |    00002521  A$common$ |    00002522  A$common$
     00002523  A$common$ |    00002524  A$common$ |    00002525  A$common$
     00002526  A$common$ |    00002527  A$common$ |    00002528  A$common$
     00002529  A$common$ |    0000252A  A$common$ |    0000252B  A$common$
     0000252C  A$common$ |    0000252D  A$common$ |    0000252E  A$common$
     00002530  A$common$ |    00002531  A$common$ |    00002532  A$common$
     00002534  A$common$ |    00002535  A$common$ |    00002537  A$common$
     00002539  A$common$ |    0000253A  A$common$ |    0000253B  A$common$
     0000253C  A$common$ |    0000253D  A$common$ |    0000253E  A$common$
     0000253F  A$common$ |    00002540  A$common$ |    00002542  A$common$
     00002544  A$common$ |    00002546  A$common$ |    00002548  A$common$
     00002549  A$common$ |    0000254B  A$common$ |    0000254D  A$common$
     0000254F  A$common$ |    00002550  A$common$ |    00002552  A$common$
     00002552  C$common. |    00002554  A$common$ |    00002555  A$common$
     00002557  A$common$ |    00002558  A$common$ |    0000255A  A$common$
     0000255B  A$common$ |    0000255D  A$common$ |    0000255E  A$common$
     00002560  A$common$ |    00002561  A$common$ |    00002563  A$common$
     00002564  A$common$ |    00002565  A$common$ |    00002567  A$common$
     00002568  A$common$ |    00002569  A$common$ |    0000256B  A$common$
     0000256C  A$common$ |    0000256D  A$common$ |    0000256E  A$common$
     0000256F  A$common$ |    00002572  A$common$ |    00002574  A$common$
     00002574  C$common. |    00002576  A$common$ |    00002577  A$common$
     00002579  A$common$ |    00002579  C$common. |    0000257B  A$common$
     0000257C  A$common$ |    0000257D  A$common$ |    0000257E  A$common$
     00002580  A$common$ |    00002581  A$common$ |    00002583  A$common$
     00002584  A$common$ |    00002586  A$common$ |    00002586  C$common.
     00002587  A$common$ |    00002589  A$common$ |    0000258C  A$common$
     0000258D  A$common$ |    0000258E  A$common$ |    0000258F  A$common$
     00002590  A$common$ |    00002592  A$common$ |    00002593  A$common$
     00002594  A$common$ |    00002595  A$common$ |    00002596  A$common$
     00002597  A$common$ |    00002598  A$common$ |    00002599  A$common$
     0000259C  A$common$ |    0000259E  A$common$ |    0000259F  A$common$
     0000259F  C$common. |    000025A0  A$common$ |    000025A2  A$common$
     000025A2  C$common. |    000025A4  A$common$ |    000025A5  A$common$
     000025A7  A$common$ |    000025A8  A$common$ |    000025A8  C$common.
     000025A8  G$DrawNum |    000025A8  _DrawNumb |    000025AA  A$common$
     000025AC  A$common$ |    000025AD  A$common$ |    000025AE  A$common$
     000025AE  C$common. |    000025B0  A$common$ |    000025B2  A$common$
     000025B3  A$common$ |    000025B4  A$common$ |    000025B6  A$common$
     000025B7  A$common$ |    000025B8  A$common$ |    000025BA  A$common$
     000025BB  A$common$ |    000025BC  A$common$ |    000025BE  A$common$
     000025BF  A$common$ |    000025C1  A$common$ |    000025C1  C$common.
     000025C3  A$common$ |    000025C4  A$common$ |    000025C6  A$common$
     000025C7  A$common$ |    000025C9  A$common$ |    000025CA  A$common$
     000025CC  A$common$ |    000025CD  A$common$ |    000025CF  A$common$
     000025D0  A$common$ |    000025D1  A$common$ |    000025D4  A$common$
     000025D5  A$common$ |    000025D6  A$common$ |    000025D8  A$common$
     000025D9  A$common$ |    000025DA  A$common$ |    000025DB  A$common$
     000025DC  A$common$ |    000025DF  A$common$ |    000025E1  A$common$
     000025E1  C$common. |    000025E3  A$common$ |    000025E4  A$common$
     000025E5  A$common$ |    000025E6  A$common$ |    000025E7  A$common$
ASxxxx Linker V03.00 + NoICE + sdld,  page 9.
Hexadecimal  [32-Bits]

Area                       Addr        Size        Decimal Bytes (Attributes)
--------------------       ----        ----        ------- ----- ------------
_CODE                  00000200    00005D04 =       23812. bytes (REL,CON)

        Value  Global            Value  Global            Value  Global    
        -----  ------            -----  ------            -----  ------    
     000025EA  A$common$ |    000025EB  A$common$ |    000025ED  A$common$
     000025EE  A$common$ |    000025EF  A$common$ |    000025F0  A$common$
     000025F2  A$common$ |    000025F3  A$common$ |    000025F5  A$common$
     000025F6  A$common$ |    000025F8  A$common$ |    000025F9  A$common$
     000025FB  A$common$ |    000025FC  A$common$ |    000025FC  C$common.
     000025FF  A$common$ |    00002600  A$common$ |    00002601  A$common$
     00002604  A$common$ |    00002605  A$common$ |    00002607  A$common$
     00002608  A$common$ |    00002609  A$common$ |    0000260A  A$common$
     0000260C  A$common$ |    0000260D  A$common$ |    0000260F  A$common$
     00002610  A$common$ |    00002610  C$common. |    00002612  A$common$
     00002613  A$common$ |    00002615  A$common$ |    00002616  A$common$
     00002618  A$common$ |    00002619  A$common$ |    0000261B  A$common$
     0000261C  A$common$ |    0000261E  A$common$ |    00002620  A$common$
     00002621  A$common$ |    00002623  A$common$ |    00002624  A$common$
     00002625  A$common$ |    00002626  A$common$ |    00002627  A$common$
     00002628  A$common$ |    0000262A  A$common$ |    0000262B  A$common$
     0000262C  A$common$ |    0000262D  A$common$ |    0000262E  A$common$
     0000262F  A$common$ |    00002630  A$common$ |    00002631  A$common$
     00002632  A$common$ |    00002633  A$common$ |    00002634  A$common$
     00002635  A$common$ |    00002636  A$common$ |    00002637  A$common$
     00002638  A$common$ |    00002639  A$common$ |    0000263A  A$common$
     0000263B  A$common$ |    0000263D  A$common$ |    0000263E  A$common$
     0000263F  A$common$ |    00002641  A$common$ |    00002642  A$common$
     00002644  A$common$ |    00002646  A$common$ |    00002647  A$common$
     00002648  A$common$ |    00002649  A$common$ |    0000264A  A$common$
     0000264B  A$common$ |    0000264C  A$common$ |    0000264D  A$common$
     0000264F  A$common$ |    00002651  A$common$ |    00002653  A$common$
     00002655  A$common$ |    00002656  A$common$ |    00002658  A$common$
     0000265A  A$common$ |    0000265C  A$common$ |    0000265D  A$common$
     0000265F  A$common$ |    0000265F  C$common. |    00002661  A$common$
     00002662  A$common$ |    00002664  A$common$ |    00002665  A$common$
     00002667  A$common$ |    00002668  A$common$ |    0000266A  A$common$
     0000266B  A$common$ |    0000266D  A$common$ |    0000266E  A$common$
     00002670  A$common$ |    00002671  A$common$ |    00002672  A$common$
     00002674  A$common$ |    00002675  A$common$ |    00002676  A$common$
     00002678  A$common$ |    00002679  A$common$ |    0000267A  A$common$
     0000267B  A$common$ |    0000267C  A$common$ |    0000267F  A$common$
     00002681  A$common$ |    00002681  C$common. |    00002683  A$common$
     00002684  A$common$ |    00002686  A$common$ |    00002686  C$common.
     00002688  A$common$ |    00002689  A$common$ |    0000268A  A$common$
     0000268B  A$common$ |    0000268D  A$common$ |    0000268E  A$common$
     00002690  A$common$ |    00002691  A$common$ |    00002693  A$common$
     00002693  C$common. |    00002694  A$common$ |    00002696  A$common$
     00002699  A$common$ |    0000269A  A$common$ |    0000269B  A$common$
     0000269C  A$common$ |    0000269D  A$common$ |    0000269F  A$common$
     000026A0  A$common$ |    000026A1  A$common$ |    000026A2  A$common$
     000026A3  A$common$ |    000026A4  A$common$ |    000026A5  A$common$
     000026A6  A$common$ |    000026A9  A$common$ |    000026AB  A$common$
     000026AC  A$common$ |    000026AC  C$common. |    000026AD  A$common$
     000026AF  A$common$ |    000026AF  C$common. |    000026B1  A$common$
     000026B2  A$common$ |    000026B4  A$common$ |    000026B5  A$common$
ASxxxx Linker V03.00 + NoICE + sdld,  page 10.
Hexadecimal  [32-Bits]

Area                       Addr        Size        Decimal Bytes (Attributes)
--------------------       ----        ----        ------- ----- ------------
_CODE                  00000200    00005D04 =       23812. bytes (REL,CON)

        Value  Global            Value  Global            Value  Global    
        -----  ------            -----  ------            -----  ------    
     000026B5  C$common. |    000026B5  G$DrawTex |    000026B5  _DrawText
     000026B7  A$common$ |    000026B8  A$common$ |    000026B8  C$common.
     000026B9  A$common$ |    000026BA  A$common$ |    000026BB  A$common$
     000026BC  A$common$ |    000026BD  A$common$ |    000026C0  A$common$
     000026C1  A$common$ |    000026C3  A$common$ |    000026C5  A$common$
     000026C6  A$common$ |    000026C8  A$common$ |    000026C9  A$common$
     000026CA  A$common$ |    000026CB  A$common$ |    000026CD  A$common$
     000026CE  A$common$ |    000026D0  A$common$ |    000026D1  A$common$
     000026D2  A$common$ |    000026D3  A$common$ |    000026D4  A$common$
     000026D4  C$common. |    000026D5  A$common$ |    000026D5  C$common.
     000026D6  A$common$ |    000026D7  A$common$ |    000026DA  A$common$
     000026DA  C$common. |    000026DB  A$common$ |    000026DC  A$common$
     000026DD  A$common$ |    000026DE  A$common$ |    000026DF  A$common$
     000026E0  A$common$ |    000026E1  A$common$ |    000026E2  A$common$
     000026E3  A$common$ |    000026E4  A$common$ |    000026E6  A$common$
     000026E8  A$common$ |    000026EA  A$common$ |    000026EB  A$common$
     000026ED  A$common$ |    000026EE  A$common$ |    000026F0  A$common$
     000026F1  A$common$ |    000026F2  A$common$ |    000026F3  A$common$
     000026F4  A$common$ |    000026F5  A$common$ |    000026F6  A$common$
     000026F7  A$common$ |    000026F8  A$common$ |    000026FB  A$common$
     000026FD  A$common$ |    000026FE  A$common$ |    00002701  A$common$
     00002701  C$common. |    00002702  A$common$ |    00002704  A$common$
     00002706  A$common$ |    00002708  A$common$ |    00002709  A$common$
     0000270B  A$common$ |    0000270C  A$common$ |    0000270E  A$common$
     0000270F  A$common$ |    00002710  A$common$ |    00002711  A$common$
     00002712  A$common$ |    00002713  A$common$ |    00002714  A$common$
     00002715  A$common$ |    00002716  A$common$ |    00002719  A$common$
     0000271B  A$common$ |    0000271C  A$common$ |    0000271E  A$common$
     0000271E  C$common. |    0000271F  A$common$ |    00002721  A$common$
     00002723  A$common$ |    00002725  A$common$ |    00002726  A$common$
     00002728  A$common$ |    00002729  A$common$ |    0000272B  A$common$
     0000272C  A$common$ |    0000272D  A$common$ |    0000272E  A$common$
     0000272F  A$common$ |    00002730  A$common$ |    00002731  A$common$
     00002732  A$common$ |    00002733  A$common$ |    00002736  A$common$
     00002738  A$common$ |    00002739  A$common$ |    0000273B  A$common$
     0000273B  C$common. |    0000273C  A$common$ |    0000273E  A$common$
     00002740  A$common$ |    00002742  A$common$ |    00002744  A$common$
     00002746  A$common$ |    00002748  A$common$ |    00002748  C$common.
     00002749  A$common$ |    0000274A  A$common$ |    0000274B  A$common$
     0000274C  A$common$ |    0000274D  A$common$ |    0000274F  A$common$
     00002750  A$common$ |    00002751  A$common$ |    00002752  A$common$
     00002755  A$common$ |    00002757  A$common$ |    00002758  A$common$
     0000275A  A$common$ |    0000275A  C$common. |    0000275B  A$common$
     0000275C  A$common$ |    0000275D  A$common$ |    0000275E  A$common$
     0000275F  A$common$ |    00002761  A$common$ |    00002762  A$common$
     00002763  A$common$ |    00002764  A$common$ |    00002767  A$common$
     00002769  A$common$ |    0000276A  A$common$ |    0000276C  A$common$
     0000276C  C$common. |    0000276D  A$common$ |    0000276E  A$common$
     0000276F  A$common$ |    00002770  A$common$ |    00002771  A$common$
     00002773  A$common$ |    00002774  A$common$ |    00002775  A$common$
     00002776  A$common$ |    00002779  A$common$ |    0000277B  A$common$
ASxxxx Linker V03.00 + NoICE + sdld,  page 11.
Hexadecimal  [32-Bits]

Area                       Addr        Size        Decimal Bytes (Attributes)
--------------------       ----        ----        ------- ----- ------------
_CODE                  00000200    00005D04 =       23812. bytes (REL,CON)

        Value  Global            Value  Global            Value  Global    
        -----  ------            -----  ------            -----  ------    
     0000277C  A$common$ |    0000277E  A$common$ |    0000277E  C$common.
     0000277F  A$common$ |    00002780  A$common$ |    00002780  C$common.
     00002780  C$common. |    00002782  A$common$ |    00002783  A$common$
     00002786  A$common$ |    00002786  C$common. |    00002787  A$common$
     00002789  A$common$ |    00002789  C$common. |    0000278B  A$common$
     0000278C  A$common$ |    0000278D  A$common$ |    0000278E  A$common$
     0000278E  C$common. |    0000278E  G$DrawTex |    0000278E  _DrawText
     00002790  A$common$ |    00002791  A$common$ |    00002791  C$common.
     00002792  A$common$ |    00002793  A$common$ |    00002794  A$common$
     00002795  A$common$ |    00002796  A$common$ |    00002799  A$common$
     0000279A  A$common$ |    0000279C  A$common$ |    0000279E  A$common$
     0000279F  A$common$ |    000027A1  A$common$ |    000027A2  A$common$
     000027A3  A$common$ |    000027A4  A$common$ |    000027A6  A$common$
     000027A7  A$common$ |    000027A9  A$common$ |    000027AA  A$common$
     000027AB  A$common$ |    000027AC  A$common$ |    000027AD  A$common$
     000027AD  C$common. |    000027AE  A$common$ |    000027AE  C$common.
     000027AF  A$common$ |    000027B0  A$common$ |    000027B3  A$common$
     000027B3  C$common. |    000027B4  A$common$ |    000027B5  A$common$
     000027B6  A$common$ |    000027B7  A$common$ |    000027B8  A$common$
     000027B9  A$common$ |    000027BA  A$common$ |    000027BB  A$common$
     000027BC  A$common$ |    000027BD  A$common$ |    000027BF  A$common$
     000027C1  A$common$ |    000027C3  A$common$ |    000027C4  A$common$
     000027C6  A$common$ |    000027C7  A$common$ |    000027C9  A$common$
     000027CA  A$common$ |    000027CB  A$common$ |    000027CC  A$common$
     000027CD  A$common$ |    000027CE  A$common$ |    000027CF  A$common$
     000027D0  A$common$ |    000027D1  A$common$ |    000027D4  A$common$
     000027D6  A$common$ |    000027D7  A$common$ |    000027DA  A$common$
     000027DA  C$common. |    000027DB  A$common$ |    000027DD  A$common$
     000027DF  A$common$ |    000027E1  A$common$ |    000027E2  A$common$
     000027E4  A$common$ |    000027E5  A$common$ |    000027E7  A$common$
     000027E8  A$common$ |    000027E9  A$common$ |    000027EA  A$common$
     000027EB  A$common$ |    000027EC  A$common$ |    000027ED  A$common$
     000027EE  A$common$ |    000027EF  A$common$ |    000027F2  A$common$
     000027F4  A$common$ |    000027F5  A$common$ |    000027F7  A$common$
     000027F7  C$common. |    000027F8  A$common$ |    000027FA  A$common$
     000027FC  A$common$ |    000027FE  A$common$ |    000027FF  A$common$
     00002801  A$common$ |    00002802  A$common$ |    00002804  A$common$
     00002805  A$common$ |    00002806  A$common$ |    00002807  A$common$
     00002808  A$common$ |    00002809  A$common$ |    0000280A  A$common$
     0000280B  A$common$ |    0000280C  A$common$ |    0000280F  A$common$
     00002811  A$common$ |    00002812  A$common$ |    00002814  A$common$
     00002814  C$common. |    00002815  A$common$ |    00002817  A$common$
     00002819  A$common$ |    0000281B  A$common$ |    0000281D  A$common$
     0000281F  A$common$ |    00002821  A$common$ |    00002821  C$common.
     00002822  A$common$ |    00002823  A$common$ |    00002824  A$common$
     00002825  A$common$ |    00002826  A$common$ |    00002828  A$common$
     00002829  A$common$ |    0000282A  A$common$ |    0000282B  A$common$
     0000282E  A$common$ |    00002830  A$common$ |    00002831  A$common$
     00002833  A$common$ |    00002833  C$common. |    00002834  A$common$
     00002835  A$common$ |    00002836  A$common$ |    00002837  A$common$
     00002838  A$common$ |    0000283A  A$common$ |    0000283B  A$common$
ASxxxx Linker V03.00 + NoICE + sdld,  page 12.
Hexadecimal  [32-Bits]

Area                       Addr        Size        Decimal Bytes (Attributes)
--------------------       ----        ----        ------- ----- ------------
_CODE                  00000200    00005D04 =       23812. bytes (REL,CON)

        Value  Global            Value  Global            Value  Global    
        -----  ------            -----  ------            -----  ------    
     0000283C  A$common$ |    0000283D  A$common$ |    00002840  A$common$
     00002842  A$common$ |    00002843  A$common$ |    00002845  A$common$
     00002845  C$common. |    00002846  A$common$ |    00002847  A$common$
     00002848  A$common$ |    00002849  A$common$ |    0000284A  A$common$
     0000284C  A$common$ |    0000284D  A$common$ |    0000284E  A$common$
     0000284F  A$common$ |    00002852  A$common$ |    00002854  A$common$
     00002855  A$common$ |    00002857  A$common$ |    00002857  C$common.
     00002858  A$common$ |    00002859  A$common$ |    00002859  C$common.
     00002859  C$common. |    0000285B  A$common$ |    0000285C  A$common$
     0000285F  A$common$ |    0000285F  C$common. |    00002860  A$common$
     00002862  A$common$ |    00002862  C$common. |    00002864  A$common$
     00002865  A$common$ |    00002866  A$common$ |    00002867  A$common$
     00002867  C$common. |    00002867  G$fadeToB |    00002867  _fadeToBl
     00002868  A$common$ |    0000286A  A$common$ |    0000286B  A$common$
     0000286D  A$common$ |    0000286E  A$common$ |    0000286E  C$common.
     0000286F  A$common$ |    00002870  A$common$ |    00002872  A$common$
     00002873  A$common$ |    00002874  A$common$ |    00002876  A$common$
     00002877  A$common$ |    00002879  A$common$ |    0000287B  A$common$
     0000287D  A$common$ |    0000287F  A$common$ |    00002881  A$common$
     00002881  C$common. |    00002881  C$common. |    00002883  A$common$
     00002885  A$common$ |    00002885  C$common. |    00002887  A$common$
     00002889  A$common$ |    00002889  C$common. |    0000288B  A$common$
     0000288B  C$common. |    0000288B  C$common. |    0000288D  A$common$
     0000288F  A$common$ |    0000288F  C$common. |    00002891  A$common$
     00002893  A$common$ |    00002893  C$common. |    00002895  A$common$
     00002895  C$common. |    00002895  C$common. |    00002897  A$common$
     00002899  A$common$ |    00002899  C$common. |    0000289B  A$common$
     0000289D  A$common$ |    0000289D  C$common. |    0000289F  A$common$
     0000289F  C$common. |    0000289F  C$common. |    000028A1  A$common$
     000028A3  A$common$ |    000028A3  C$common. |    000028A5  A$common$
     000028A7  A$common$ |    000028A7  C$common. |    000028A7  C$common.
     000028A8  A$common$ |    000028A9  A$common$ |    000028AC  A$common$
     000028AD  A$common$ |    000028AD  C$common. |    000028AE  A$common$
     000028AE  C$common. |    000028AE  XG$fadeTo |    000028B0  A$common$
     000028B0  C$common. |    000028B0  G$fadeFro |    000028B0  _fadeFrom
     000028B1  A$common$ |    000028B3  A$common$ |    000028B4  A$common$
     000028B6  A$common$ |    000028B7  A$common$ |    000028B7  C$common.
     000028B8  A$common$ |    000028B9  A$common$ |    000028BB  A$common$
     000028BC  A$common$ |    000028BD  A$common$ |    000028BF  A$common$
     000028C0  A$common$ |    000028C2  A$common$ |    000028C4  A$common$
     000028C6  A$common$ |    000028C8  A$common$ |    000028CA  A$common$
     000028CA  C$common. |    000028CA  C$common. |    000028CC  A$common$
     000028CE  A$common$ |    000028CE  C$common. |    000028D0  A$common$
     000028D2  A$common$ |    000028D2  C$common. |    000028D4  A$common$
     000028D4  C$common. |    000028D4  C$common. |    000028D6  A$common$
     000028D8  A$common$ |    000028D8  C$common. |    000028DA  A$common$
     000028DC  A$common$ |    000028DC  C$common. |    000028DE  A$common$
     000028DE  C$common. |    000028DE  C$common. |    000028E0  A$common$
     000028E2  A$common$ |    000028E2  C$common. |    000028E4  A$common$
     000028E6  A$common$ |    000028E6  C$common. |    000028E8  A$common$
     000028E8  C$common. |    000028E8  C$common. |    000028EA  A$common$
ASxxxx Linker V03.00 + NoICE + sdld,  page 13.
Hexadecimal  [32-Bits]

Area                       Addr        Size        Decimal Bytes (Attributes)
--------------------       ----        ----        ------- ----- ------------
_CODE                  00000200    00005D04 =       23812. bytes (REL,CON)

        Value  Global            Value  Global            Value  Global    
        -----  ------            -----  ------            -----  ------    
     000028EC  A$common$ |    000028EC  C$common. |    000028EE  A$common$
     000028F0  A$common$ |    000028F0  C$common. |    000028F0  C$common.
     000028F1  A$common$ |    000028F2  A$common$ |    000028F5  A$common$
     000028F6  A$common$ |    000028F6  C$common. |    000028F7  A$common$
     000028F7  C$common. |    000028F7  XG$fadeFr |    000028F9  A$common$
     000028F9  C$common. |    000028F9  G$fadeToW |    000028F9  _fadeToWh
     000028FA  A$common$ |    000028FC  A$common$ |    000028FD  A$common$
     000028FF  A$common$ |    00002900  A$common$ |    00002900  C$common.
     00002902  A$common$ |    00002903  A$common$ |    00002905  A$common$
     00002906  A$common$ |    00002908  A$common$ |    0000290B  A$common$
     0000290C  A$common$ |    0000290D  A$common$ |    0000290D  C$common.
     0000290E  A$common$ |    00002910  A$common$ |    00002912  A$common$
     00002914  A$common$ |    00002916  A$common$ |    00002918  A$common$
     00002918  C$common. |    0000291A  A$common$ |    0000291C  A$common$
     0000291C  C$common. |    0000291E  A$common$ |    00002920  A$common$
     00002920  C$common. |    00002922  A$common$ |    00002922  C$common.
     00002922  C$common. |    00002924  A$common$ |    00002926  A$common$
     00002926  C$common. |    00002928  A$common$ |    0000292A  A$common$
     0000292A  C$common. |    0000292C  A$common$ |    0000292C  C$common.
     0000292C  C$common. |    0000292E  A$common$ |    00002930  A$common$
     00002930  C$common. |    00002932  A$common$ |    00002934  A$common$
     00002934  C$common. |    00002936  A$common$ |    00002936  C$common.
     00002936  C$common. |    00002938  A$common$ |    0000293A  A$common$
     0000293A  C$common. |    0000293C  A$common$ |    0000293E  A$common$
     0000293E  C$common. |    00002940  A$common$ |    00002940  C$common.
     00002940  C$common. |    00002941  A$common$ |    00002943  A$common$
     00002943  C$common. |    00002944  A$common$ |    00002946  A$common$
     00002946  C$common. |    00002946  C$common. |    00002947  A$common$
     00002948  A$common$ |    0000294B  A$common$ |    0000294C  A$common$
     0000294C  C$common. |    0000294D  A$common$ |    0000294D  C$common.
     0000294D  XG$fadeTo |    0000294F  A$common$ |    0000294F  C$common.
     0000294F  G$fadeFro |    0000294F  _fadeFrom |    00002950  A$common$
     00002952  A$common$ |    00002953  A$common$ |    00002955  A$common$
     00002956  A$common$ |    00002956  C$common. |    00002957  A$common$
     00002958  A$common$ |    0000295A  A$common$ |    0000295B  A$common$
     0000295C  A$common$ |    0000295E  A$common$ |    0000295F  A$common$
     00002961  A$common$ |    00002963  A$common$ |    00002965  A$common$
     00002967  A$common$ |    00002969  A$common$ |    00002969  C$common.
     00002969  C$common. |    0000296B  A$common$ |    0000296D  A$common$
     0000296D  C$common. |    0000296F  A$common$ |    00002971  A$common$
     00002971  C$common. |    00002973  A$common$ |    00002973  C$common.
     00002973  C$common. |    00002975  A$common$ |    00002977  A$common$
     00002977  C$common. |    00002979  A$common$ |    0000297B  A$common$
     0000297B  C$common. |    0000297D  A$common$ |    0000297D  C$common.
     0000297D  C$common. |    0000297F  A$common$ |    00002981  A$common$
     00002981  C$common. |    00002983  A$common$ |    00002985  A$common$
     00002985  C$common. |    00002987  A$common$ |    00002987  C$common.
     00002987  C$common. |    00002989  A$common$ |    0000298B  A$common$
     0000298B  C$common. |    0000298D  A$common$ |    0000298F  A$common$
     0000298F  C$common. |    0000298F  C$common. |    00002990  A$common$
     00002991  A$common$ |    00002994  A$common$ |    00002995  A$common$
ASxxxx Linker V03.00 + NoICE + sdld,  page 14.
Hexadecimal  [32-Bits]

Area                       Addr        Size        Decimal Bytes (Attributes)
--------------------       ----        ----        ------- ----- ------------
_CODE                  00000200    00005D04 =       23812. bytes (REL,CON)

        Value  Global            Value  Global            Value  Global    
        -----  ------            -----  ------            -----  ------    
     00002995  C$common. |    00002996  A$common$ |    00002996  C$common.
     00002996  XG$fadeFr |    00002998  A$common$ |    00002998  C$common.
     00002998  C$common. |    00002998  G$InvertC |    00002998  _InvertCo
     0000299A  A$common$ |    0000299C  A$common$ |    0000299C  C$common.
     0000299E  A$common$ |    000029A0  A$common$ |    000029A0  C$common.
     000029A0  XG$Invert |    000029A1  A$common$ |    000029A1  C$common.
     000029A1  C$common. |    000029A1  G$ResetCo |    000029A1  _ResetCol
     000029A3  A$common$ |    000029A5  A$common$ |    000029A5  C$common.
     000029A7  A$common$ |    000029A9  A$common$ |    000029A9  C$common.
     000029A9  XG$ResetC |    000029AA  A$CoreGam |    000029AA  C$CoreGam
     000029AA  G$set_cam |    000029AA  _set_came |    000029AC  A$CoreGam
     000029AC  C$CoreGam |    000029AF  A$CoreGam |    000029B1  A$CoreGam
     000029B4  A$CoreGam |    000029B6  A$CoreGam |    000029B6  C$CoreGam
     000029B9  A$CoreGam |    000029BA  A$CoreGam |    000029BB  A$CoreGam
     000029BC  A$CoreGam |    000029BE  A$CoreGam |    000029C0  A$CoreGam
     000029C2  A$CoreGam |    000029C4  A$CoreGam |    000029C6  A$CoreGam
     000029C8  A$CoreGam |    000029CB  A$CoreGam |    000029CC  A$CoreGam
     000029CD  A$CoreGam |    000029CD  C$CoreGam |    000029CE  A$CoreGam
     000029D1  A$CoreGam |    000029D2  A$CoreGam |    000029D5  A$CoreGam
     000029D8  A$CoreGam |    000029D9  A$CoreGam |    000029DB  A$CoreGam
     000029DC  A$CoreGam |    000029DD  A$CoreGam |    000029DF  A$CoreGam
     000029E0  A$CoreGam |    000029E2  A$CoreGam |    000029E3  A$CoreGam
     000029E4  A$CoreGam |    000029E5  A$CoreGam |    000029E6  A$CoreGam
     000029E7  A$CoreGam |    000029E9  A$CoreGam |    000029EA  A$CoreGam
     000029EB  A$CoreGam |    000029EC  A$CoreGam |    000029ED  A$CoreGam
     000029EE  A$CoreGam |    000029F0  A$CoreGam |    000029F1  A$CoreGam
     000029F3  A$CoreGam |    000029F4  A$CoreGam |    000029F6  A$CoreGam
     000029F7  A$CoreGam |    000029F8  A$CoreGam |    000029F8  C$CoreGam
     000029FB  A$CoreGam |    000029FE  A$CoreGam |    000029FF  A$CoreGam
     00002A00  A$CoreGam |    00002A01  A$CoreGam |    00002A02  A$CoreGam
     00002A03  A$CoreGam |    00002A04  A$CoreGam |    00002A06  A$CoreGam
     00002A07  A$CoreGam |    00002A08  A$CoreGam |    00002A0A  A$CoreGam
     00002A0C  A$CoreGam |    00002A0E  A$CoreGam |    00002A10  A$CoreGam
     00002A11  A$CoreGam |    00002A12  A$CoreGam |    00002A15  A$CoreGam
     00002A17  A$CoreGam |    00002A19  A$CoreGam |    00002A1A  A$CoreGam
     00002A1B  A$CoreGam |    00002A1E  A$CoreGam |    00002A1F  A$CoreGam
     00002A21  A$CoreGam |    00002A22  A$CoreGam |    00002A23  A$CoreGam
     00002A24  A$CoreGam |    00002A25  A$CoreGam |    00002A27  A$CoreGam
     00002A28  A$CoreGam |    00002A29  A$CoreGam |    00002A2A  A$CoreGam
     00002A2D  A$CoreGam |    00002A2F  A$CoreGam |    00002A32  A$CoreGam
     00002A34  A$CoreGam |    00002A34  C$CoreGam |    00002A36  A$CoreGam
     00002A36  C$CoreGam |    00002A39  A$CoreGam |    00002A3B  A$CoreGam
     00002A3D  A$CoreGam |    00002A40  A$CoreGam |    00002A41  A$CoreGam
     00002A42  A$CoreGam |    00002A44  A$CoreGam |    00002A47  A$CoreGam
     00002A49  A$CoreGam |    00002A4B  A$CoreGam |    00002A4C  A$CoreGam
     00002A4D  A$CoreGam |    00002A4E  A$CoreGam |    00002A51  A$CoreGam
     00002A53  A$CoreGam |    00002A56  A$CoreGam |    00002A58  A$CoreGam
     00002A5A  A$CoreGam |    00002A5B  A$CoreGam |    00002A5C  A$CoreGam
     00002A5D  A$CoreGam |    00002A5F  A$CoreGam |    00002A60  A$CoreGam
     00002A61  A$CoreGam |    00002A62  A$CoreGam |    00002A63  A$CoreGam
     00002A64  A$CoreGam |    00002A65  A$CoreGam |    00002A66  A$CoreGam
ASxxxx Linker V03.00 + NoICE + sdld,  page 15.
Hexadecimal  [32-Bits]

Area                       Addr        Size        Decimal Bytes (Attributes)
--------------------       ----        ----        ------- ----- ------------
_CODE                  00000200    00005D04 =       23812. bytes (REL,CON)

        Value  Global            Value  Global            Value  Global    
        -----  ------            -----  ------            -----  ------    
     00002A68  A$CoreGam |    00002A69  A$CoreGam |    00002A6A  A$CoreGam
     00002A6B  A$CoreGam |    00002A6E  A$CoreGam |    00002A70  A$CoreGam
     00002A73  A$CoreGam |    00002A75  A$CoreGam |    00002A75  C$CoreGam
     00002A75  C$CoreGam |    00002A78  A$CoreGam |    00002A79  A$CoreGam
     00002A79  C$CoreGam |    00002A7C  A$CoreGam |    00002A7D  A$CoreGam
     00002A7D  C$CoreGam |    00002A80  A$CoreGam |    00002A81  A$CoreGam
     00002A82  A$CoreGam |    00002A83  A$CoreGam |    00002A85  A$CoreGam
     00002A87  A$CoreGam |    00002A89  A$CoreGam |    00002A8B  A$CoreGam
     00002A8D  A$CoreGam |    00002A8F  A$CoreGam |    00002A92  A$CoreGam
     00002A93  A$CoreGam |    00002A93  C$CoreGam |    00002A94  A$CoreGam
     00002A97  A$CoreGam |    00002A98  A$CoreGam |    00002A9B  A$CoreGam
     00002A9B  C$CoreGam |    00002A9E  A$CoreGam |    00002A9F  A$CoreGam
     00002AA1  A$CoreGam |    00002AA2  A$CoreGam |    00002AA4  A$CoreGam
     00002AA5  A$CoreGam |    00002AA6  A$CoreGam |    00002AA7  A$CoreGam
     00002AA8  A$CoreGam |    00002AA9  A$CoreGam |    00002AAB  A$CoreGam
     00002AAC  A$CoreGam |    00002AAD  A$CoreGam |    00002AAE  A$CoreGam
     00002AAF  A$CoreGam |    00002AB0  A$CoreGam |    00002AB2  A$CoreGam
     00002AB3  A$CoreGam |    00002AB5  A$CoreGam |    00002AB6  A$CoreGam
     00002AB8  A$CoreGam |    00002AB9  A$CoreGam |    00002ABA  A$CoreGam
     00002ABA  C$CoreGam |    00002ABB  A$CoreGam |    00002ABE  A$CoreGam
     00002AC1  A$CoreGam |    00002AC2  A$CoreGam |    00002AC3  A$CoreGam
     00002AC4  A$CoreGam |    00002AC5  A$CoreGam |    00002AC6  A$CoreGam
     00002AC7  A$CoreGam |    00002AC8  A$CoreGam |    00002ACA  A$CoreGam
     00002ACB  A$CoreGam |    00002ACC  A$CoreGam |    00002ACE  A$CoreGam
     00002AD1  A$CoreGam |    00002AD2  A$CoreGam |    00002AD5  A$CoreGam
     00002AD8  A$CoreGam |    00002ADA  A$CoreGam |    00002ADC  A$CoreGam
     00002ADD  A$CoreGam |    00002ADE  A$CoreGam |    00002AE1  A$CoreGam
     00002AE2  A$CoreGam |    00002AE3  A$CoreGam |    00002AE4  A$CoreGam
     00002AE6  A$CoreGam |    00002AE7  A$CoreGam |    00002AE8  A$CoreGam
     00002AE9  A$CoreGam |    00002AEA  A$CoreGam |    00002AEB  A$CoreGam
     00002AEC  A$CoreGam |    00002AED  A$CoreGam |    00002AF0  A$CoreGam
     00002AF2  A$CoreGam |    00002AF5  A$CoreGam |    00002AF7  A$CoreGam
     00002AF7  C$CoreGam |    00002AF9  A$CoreGam |    00002AF9  C$CoreGam
     00002AFC  A$CoreGam |    00002AFE  A$CoreGam |    00002B00  A$CoreGam
     00002B01  A$CoreGam |    00002B02  A$CoreGam |    00002B04  A$CoreGam
     00002B07  A$CoreGam |    00002B08  A$CoreGam |    00002B0B  A$CoreGam
     00002B0D  A$CoreGam |    00002B10  A$CoreGam |    00002B12  A$CoreGam
     00002B14  A$CoreGam |    00002B15  A$CoreGam |    00002B16  A$CoreGam
     00002B19  A$CoreGam |    00002B1A  A$CoreGam |    00002B1B  A$CoreGam
     00002B1C  A$CoreGam |    00002B1E  A$CoreGam |    00002B1F  A$CoreGam
     00002B20  A$CoreGam |    00002B21  A$CoreGam |    00002B22  A$CoreGam
     00002B23  A$CoreGam |    00002B24  A$CoreGam |    00002B25  A$CoreGam
     00002B28  A$CoreGam |    00002B2A  A$CoreGam |    00002B2D  A$CoreGam
     00002B2F  A$CoreGam |    00002B2F  C$CoreGam |    00002B2F  C$CoreGam
     00002B32  A$CoreGam |    00002B35  A$CoreGam |    00002B35  C$CoreGam
     00002B38  A$CoreGam |    00002B3B  A$CoreGam |    00002B3E  A$CoreGam
     00002B41  A$CoreGam |    00002B44  A$CoreGam |    00002B47  A$CoreGam
     00002B4A  A$CoreGam |    00002B4D  A$CoreGam |    00002B4F  A$CoreGam
     00002B4F  C$CoreGam |    00002B4F  XG$set_ca |    00002B50  A$CoreGam
     00002B50  C$CoreGam |    00002B50  C$CoreGam |    00002B50  G$CoreGam
     00002B50  _CoreGame |    00002B53  A$CoreGam |    00002B55  A$CoreGam
ASxxxx Linker V03.00 + NoICE + sdld,  page 16.
Hexadecimal  [32-Bits]

Area                       Addr        Size        Decimal Bytes (Attributes)
--------------------       ----        ----        ------- ----- ------------
_CODE                  00000200    00005D04 =       23812. bytes (REL,CON)

        Value  Global            Value  Global            Value  Global    
        -----  ------            -----  ------            -----  ------    
     00002B58  A$CoreGam |    00002B5A  A$CoreGam |    00002B5A  C$CoreGam
     00002B5D  A$CoreGam |    00002B5F  A$CoreGam |    00002B5F  C$CoreGam
     00002B62  A$CoreGam |    00002B64  A$CoreGam |    00002B65  A$CoreGam
     00002B66  A$CoreGam |    00002B67  A$CoreGam |    00002B67  C$CoreGam
     00002B6A  A$CoreGam |    00002B6C  A$CoreGam |    00002B6D  A$CoreGam
     00002B6E  A$CoreGam |    00002B6F  A$CoreGam |    00002B6F  C$CoreGam
     00002B72  A$CoreGam |    00002B74  A$CoreGam |    00002B75  A$CoreGam
     00002B76  A$CoreGam |    00002B77  A$CoreGam |    00002B7A  A$CoreGam
     00002B7C  A$CoreGam |    00002B7D  A$CoreGam |    00002B7E  A$CoreGam
     00002B7F  A$CoreGam |    00002B7F  C$CoreGam |    00002B82  A$CoreGam
     00002B84  A$CoreGam |    00002B84  C$CoreGam |    00002B87  A$CoreGam
     00002B88  A$CoreGam |    00002B8B  A$CoreGam |    00002B8C  A$CoreGam
     00002B8F  A$CoreGam |    00002B91  A$CoreGam |    00002B94  A$CoreGam
     00002B96  A$CoreGam |    00002B98  A$CoreGam |    00002B99  A$CoreGam
     00002B9A  A$CoreGam |    00002B9D  A$CoreGam |    00002B9E  A$CoreGam
     00002BA1  A$CoreGam |    00002BA2  A$CoreGam |    00002BA3  A$CoreGam
     00002BA4  A$CoreGam |    00002BA5  A$CoreGam |    00002BA8  A$CoreGam
     00002BAA  A$CoreGam |    00002BAD  A$CoreGam |    00002BAF  A$CoreGam
     00002BAF  C$CoreGam |    00002BB2  A$CoreGam |    00002BB3  A$CoreGam
     00002BB6  A$CoreGam |    00002BB7  A$CoreGam |    00002BBA  A$CoreGam
     00002BBC  A$CoreGam |    00002BBC  C$CoreGam |    00002BBE  A$CoreGam
     00002BC0  A$CoreGam |    00002BC2  A$CoreGam |    00002BC2  C$CoreGam
     00002BC4  A$CoreGam |    00002BC6  A$CoreGam |    00002BC8  A$CoreGam
     00002BC8  C$CoreGam |    00002BCA  A$CoreGam |    00002BCC  A$CoreGam
     00002BCE  A$CoreGam |    00002BCE  C$CoreGam |    00002BD1  A$CoreGam
     00002BD1  C$CoreGam |    00002BD3  A$CoreGam |    00002BD6  A$CoreGam
     00002BD6  C$CoreGam |    00002BD8  A$CoreGam |    00002BD9  A$CoreGam
     00002BDA  A$CoreGam |    00002BDD  A$CoreGam |    00002BDE  A$CoreGam
     00002BE0  A$CoreGam |    00002BE1  A$CoreGam |    00002BE4  A$CoreGam
     00002BE4  C$CoreGam |    00002BE7  A$CoreGam |    00002BE8  A$CoreGam
     00002BEA  A$CoreGam |    00002BEC  A$CoreGam |    00002BEF  A$CoreGam
     00002BEF  C$CoreGam |    00002BEF  XG$CoreGa |    00002BF0  FCoreGame
     00002BFC  A$CoreGam |    00002BFC  C$CoreGam |    00002BFC  C$CoreGam
     00002BFC  G$CoreGam |    00002BFC  _CoreGame |    00002BFF  A$CoreGam
     00002C01  A$CoreGam |    00002C04  A$CoreGam |    00002C06  A$CoreGam
     00002C06  C$CoreGam |    00002C09  A$CoreGam |    00002C0B  A$CoreGam
     00002C0B  C$CoreGam |    00002C0E  A$CoreGam |    00002C10  A$CoreGam
     00002C11  A$CoreGam |    00002C12  A$CoreGam |    00002C13  A$CoreGam
     00002C13  C$CoreGam |    00002C16  A$CoreGam |    00002C18  A$CoreGam
     00002C19  A$CoreGam |    00002C1A  A$CoreGam |    00002C1B  A$CoreGam
     00002C1B  C$CoreGam |    00002C1E  A$CoreGam |    00002C20  A$CoreGam
     00002C21  A$CoreGam |    00002C22  A$CoreGam |    00002C23  A$CoreGam
     00002C26  A$CoreGam |    00002C28  A$CoreGam |    00002C29  A$CoreGam
     00002C2A  A$CoreGam |    00002C2B  A$CoreGam |    00002C2B  C$CoreGam
     00002C2E  A$CoreGam |    00002C30  A$CoreGam |    00002C30  C$CoreGam
     00002C33  A$CoreGam |    00002C34  A$CoreGam |    00002C37  A$CoreGam
     00002C38  A$CoreGam |    00002C3B  A$CoreGam |    00002C3D  A$CoreGam
     00002C40  A$CoreGam |    00002C42  A$CoreGam |    00002C44  A$CoreGam
     00002C45  A$CoreGam |    00002C46  A$CoreGam |    00002C49  A$CoreGam
     00002C4A  A$CoreGam |    00002C4D  A$CoreGam |    00002C4E  A$CoreGam
     00002C4F  A$CoreGam |    00002C50  A$CoreGam |    00002C51  A$CoreGam
ASxxxx Linker V03.00 + NoICE + sdld,  page 17.
Hexadecimal  [32-Bits]

Area                       Addr        Size        Decimal Bytes (Attributes)
--------------------       ----        ----        ------- ----- ------------
_CODE                  00000200    00005D04 =       23812. bytes (REL,CON)

        Value  Global            Value  Global            Value  Global    
        -----  ------            -----  ------            -----  ------    
     00002C54  A$CoreGam |    00002C56  A$CoreGam |    00002C59  A$CoreGam
     00002C5B  A$CoreGam |    00002C5B  C$CoreGam |    00002C5E  A$CoreGam
     00002C5F  A$CoreGam |    00002C62  A$CoreGam |    00002C63  A$CoreGam
     00002C66  A$CoreGam |    00002C68  A$CoreGam |    00002C68  C$CoreGam
     00002C6A  A$CoreGam |    00002C6C  A$CoreGam |    00002C6E  A$CoreGam
     00002C6E  C$CoreGam |    00002C70  A$CoreGam |    00002C72  A$CoreGam
     00002C74  A$CoreGam |    00002C74  C$CoreGam |    00002C76  A$CoreGam
     00002C78  A$CoreGam |    00002C7A  A$CoreGam |    00002C7A  C$CoreGam
     00002C7D  A$CoreGam |    00002C7D  C$CoreGam |    00002C7F  A$CoreGam
     00002C7F  C$CoreGam |    00002C7F  XG$CoreGa |    00002C82  A$CoreGam
     00002C82  C$CoreGam |    00002C82  C$CoreGam |    00002C82  G$CoreGam
     00002C82  _CoreGame |    00002C85  A$CoreGam |    00002C88  A$CoreGam
     00002C88  C$CoreGam |    00002C8B  A$CoreGam |    00002C8E  A$CoreGam
     00002C8E  C$CoreGam |    00002C91  A$CoreGam |    00002C94  A$CoreGam
     00002C94  C$CoreGam |    00002C97  A$CoreGam |    00002C98  A$CoreGam
     00002C9A  A$CoreGam |    00002C9C  A$CoreGam |    00002C9C  C$CoreGam
     00002C9F  A$CoreGam |    00002CA0  A$CoreGam |    00002CA1  A$CoreGam
     00002CA3  A$CoreGam |    00002CA3  C$CoreGam |    00002CA4  A$CoreGam
     00002CA5  A$CoreGam |    00002CA6  A$CoreGam |    00002CA7  A$CoreGam
     00002CA8  A$CoreGam |    00002CA9  A$CoreGam |    00002CAA  A$CoreGam
     00002CAB  A$CoreGam |    00002CAB  C$CoreGam |    00002CAE  A$CoreGam
     00002CB0  A$CoreGam |    00002CB2  A$CoreGam |    00002CB2  C$CoreGam
     00002CB4  A$CoreGam |    00002CB6  A$CoreGam |    00002CB6  C$CoreGam
     00002CB9  A$CoreGam |    00002CBA  A$CoreGam |    00002CBB  A$CoreGam
     00002CBD  A$CoreGam |    00002CBE  A$CoreGam |    00002CC0  A$CoreGam
     00002CC2  A$CoreGam |    00002CC2  C$CoreGam |    00002CC3  A$CoreGam
     00002CC4  A$CoreGam |    00002CC6  A$CoreGam |    00002CC7  A$CoreGam
     00002CC8  A$CoreGam |    00002CC8  C$CoreGam |    00002CCB  A$CoreGam
     00002CCD  A$CoreGam |    00002CCD  C$CoreGam |    00002CCF  A$CoreGam
     00002CD1  A$CoreGam |    00002CD1  C$CoreGam |    00002CD4  A$CoreGam
     00002CD5  A$CoreGam |    00002CD6  A$CoreGam |    00002CD8  A$CoreGam
     00002CD8  C$CoreGam |    00002CD9  A$CoreGam |    00002CDA  A$CoreGam
     00002CDB  A$CoreGam |    00002CDC  A$CoreGam |    00002CDD  A$CoreGam
     00002CDE  A$CoreGam |    00002CDF  A$CoreGam |    00002CE0  A$CoreGam
     00002CE0  C$CoreGam |    00002CE3  A$CoreGam |    00002CE5  A$CoreGam
     00002CE7  A$CoreGam |    00002CE7  C$CoreGam |    00002CE9  A$CoreGam
     00002CEB  A$CoreGam |    00002CEB  C$CoreGam |    00002CEE  A$CoreGam
     00002CEF  A$CoreGam |    00002CF1  A$CoreGam |    00002CF2  A$CoreGam
     00002CF4  A$CoreGam |    00002CF6  A$CoreGam |    00002CF6  C$CoreGam
     00002CF7  A$CoreGam |    00002CF8  A$CoreGam |    00002CFA  A$CoreGam
     00002CFB  A$CoreGam |    00002CFC  A$CoreGam |    00002CFC  C$CoreGam
     00002CFF  A$CoreGam |    00002D01  A$CoreGam |    00002D03  A$CoreGam
     00002D03  C$CoreGam |    00002D05  A$CoreGam |    00002D07  A$CoreGam
     00002D07  C$CoreGam |    00002D09  A$CoreGam |    00002D0C  A$CoreGam
     00002D0C  C$CoreGam |    00002D0E  A$CoreGam |    00002D0F  A$CoreGam
     00002D0F  C$CoreGam |    00002D11  A$CoreGam |    00002D13  A$CoreGam
     00002D13  C$CoreGam |    00002D16  A$CoreGam |    00002D17  A$CoreGam
     00002D1A  A$CoreGam |    00002D1B  A$CoreGam |    00002D1E  A$CoreGam
     00002D20  A$CoreGam |    00002D20  C$CoreGam |    00002D23  A$CoreGam
     00002D24  A$CoreGam |    00002D26  A$CoreGam |    00002D26  C$CoreGam
     00002D29  A$CoreGam |    00002D29  C$CoreGam |    00002D2C  A$CoreGam
ASxxxx Linker V03.00 + NoICE + sdld,  page 18.
Hexadecimal  [32-Bits]

Area                       Addr        Size        Decimal Bytes (Attributes)
--------------------       ----        ----        ------- ----- ------------
_CODE                  00000200    00005D04 =       23812. bytes (REL,CON)

        Value  Global            Value  Global            Value  Global    
        -----  ------            -----  ------            -----  ------    
     00002D2C  C$CoreGam |    00002D2F  A$CoreGam |    00002D31  A$CoreGam
     00002D31  C$CoreGam |    00002D33  A$CoreGam |    00002D33  C$CoreGam
     00002D33  XG$CoreGa |    00002D34  G$JohnDoe |    00002D34  _JohnDoe_
     00002E9C  G$JohnDoe |    00002E9C  _JohnDoe_ |    0000339C  A$GameJoh
     0000339C  C$GameJoh |    0000339C  G$scanlin |    0000339C  _scanline
     0000339D  A$GameJoh |    0000339E  A$GameJoh |    0000339F  A$GameJoh
     000033A0  A$GameJoh |    000033A0  C$GameJoh |    000033A2  A$GameJoh
     000033A4  A$GameJoh |    000033A5  A$GameJoh |    000033A8  A$GameJoh
     000033A9  A$GameJoh |    000033AA  A$GameJoh |    000033AB  A$GameJoh
     000033AC  A$GameJoh |    000033AE  A$GameJoh |    000033AF  A$GameJoh
     000033B0  A$GameJoh |    000033B2  A$GameJoh |    000033B3  A$GameJoh
     000033B4  A$GameJoh |    000033B5  A$GameJoh |    000033B6  A$GameJoh
     000033B6  C$GameJoh |    000033B6  XG$scanli |    000033B7  G$scanlin
     000033B7  _scanline |    000033C7  G$scanlin |    000033C7  _scanline
     000033D7  A$GameJoh |    000033D7  C$GameJoh |    000033D7  G$GameJoh
     000033D7  _GameJohn |    000033D8  A$GameJoh |    000033DA  A$GameJoh
     000033DB  A$GameJoh |    000033DD  A$GameJoh |    000033DD  C$GameJoh
     000033E0  A$GameJoh |    000033E1  A$GameJoh |    000033E4  A$GameJoh
     000033E5  A$GameJoh |    000033E8  A$GameJoh |    000033EA  A$GameJoh
     000033EA  C$GameJoh |    000033ED  A$GameJoh |    000033EE  A$GameJoh
     000033F1  A$GameJoh |    000033F2  A$GameJoh |    000033F3  A$GameJoh
     000033F4  A$GameJoh |    000033F5  A$GameJoh |    000033F8  A$GameJoh
     000033FA  A$GameJoh |    000033FA  C$GameJoh |    000033FC  A$GameJoh
     000033FE  A$GameJoh |    00003400  A$GameJoh |    00003400  C$GameJoh
     00003402  A$GameJoh |    00003402  C$GameJoh |    00003402  XG$GameJo
     00003405  A$GameJoh |    00003405  C$GameJoh |    00003405  C$GameJoh
     00003405  G$GameJoh |    00003405  _GameJohn |    00003408  A$GameJoh
     0000340B  A$GameJoh |    0000340B  C$GameJoh |    0000340E  A$GameJoh
     00003411  A$GameJoh |    00003412  A$GameJoh |    00003412  C$GameJoh
     00003413  A$GameJoh |    00003415  A$GameJoh |    00003417  A$GameJoh
     0000341A  A$GameJoh |    0000341C  A$GameJoh |    0000341E  A$GameJoh
     00003421  A$GameJoh |    00003423  A$GameJoh |    00003425  A$GameJoh
     00003428  A$GameJoh |    0000342A  A$GameJoh |    0000342C  A$GameJoh
     0000342F  A$GameJoh |    00003431  A$GameJoh |    00003433  A$GameJoh
     00003435  A$GameJoh |    00003435  C$GameJoh |    00003435  C$GameJoh
     00003438  A$GameJoh |    00003439  A$GameJoh |    0000343B  A$GameJoh
     0000343B  C$GameJoh |    0000343E  A$GameJoh |    0000343E  C$GameJoh
     00003441  A$GameJoh |    00003443  A$GameJoh |    00003445  A$GameJoh
     00003445  C$GameJoh |    00003448  A$GameJoh |    00003448  C$GameJoh
     0000344B  A$GameJoh |    0000344D  A$GameJoh |    0000344D  C$GameJoh
     0000344F  A$GameJoh |    0000344F  C$GameJoh |    0000344F  C$GameJoh
     00003451  A$GameJoh |    00003454  A$GameJoh |    00003454  C$GameJoh
     00003456  A$GameJoh |    00003459  A$GameJoh |    00003459  C$GameJoh
     0000345B  A$GameJoh |    0000345B  C$GameJoh |    0000345B  C$GameJoh
     0000345D  A$GameJoh |    00003460  A$GameJoh |    00003460  C$GameJoh
     00003462  A$GameJoh |    00003465  A$GameJoh |    00003465  C$GameJoh
     00003467  A$GameJoh |    00003467  C$GameJoh |    00003467  C$GameJoh
     0000346A  A$GameJoh |    0000346B  A$GameJoh |    0000346D  A$GameJoh
     0000346D  C$GameJoh |    0000346F  A$GameJoh |    00003471  A$GameJoh
     00003471  C$GameJoh |    00003473  A$GameJoh |    00003474  A$GameJoh
     00003475  A$GameJoh |    00003478  A$GameJoh |    00003479  A$GameJoh
ASxxxx Linker V03.00 + NoICE + sdld,  page 19.
Hexadecimal  [32-Bits]

Area                       Addr        Size        Decimal Bytes (Attributes)
--------------------       ----        ----        ------- ----- ------------
_CODE                  00000200    00005D04 =       23812. bytes (REL,CON)

        Value  Global            Value  Global            Value  Global    
        -----  ------            -----  ------            -----  ------    
     00003479  C$GameJoh |    0000347C  A$GameJoh |    0000347E  A$GameJoh
     00003480  A$GameJoh |    00003480  C$GameJoh |    00003483  A$GameJoh
     00003485  A$GameJoh |    00003485  C$GameJoh |    00003487  A$GameJoh
     00003487  C$GameJoh |    00003487  C$GameJoh |    00003489  A$GameJoh
     0000348C  A$GameJoh |    0000348C  C$GameJoh |    0000348E  A$GameJoh
     0000348F  A$GameJoh |    0000348F  C$GameJoh |    0000348F  C$GameJoh
     00003492  A$GameJoh |    00003493  A$GameJoh |    00003494  A$GameJoh
     00003495  A$GameJoh |    00003497  A$GameJoh |    00003499  A$GameJoh
     0000349B  A$GameJoh |    0000349D  A$GameJoh |    0000349E  A$GameJoh
     000034A0  A$GameJoh |    000034A2  A$GameJoh |    000034A4  A$GameJoh
     000034A5  A$GameJoh |    000034A6  A$GameJoh |    000034A8  A$GameJoh
     000034AB  A$GameJoh |    000034AC  A$GameJoh |    000034AD  A$GameJoh
     000034AE  A$GameJoh |    000034AE  C$GameJoh |    000034AE  C$GameJoh
     000034B0  A$GameJoh |    000034B0  C$GameJoh |    000034B0  XG$GameJo
     000034B1  G$Crow_Ti |    000034B1  _Crow_Til |    00003641  G$Crow_Ma
     00003641  _Crow_Map |    00003664  A$Bestiar |    00003664  C$Bestiar
     00003664  G$Bestiar |    00003664  _Bestiary |    00003665  A$Bestiar
     00003667  A$Bestiar |    00003668  A$Bestiar |    0000366A  A$Bestiar
     0000366A  C$Bestiar |    0000366D  A$Bestiar |    0000366E  A$Bestiar
     00003671  A$Bestiar |    00003672  A$Bestiar |    00003675  A$Bestiar
     00003677  A$Bestiar |    00003677  C$Bestiar |    0000367A  A$Bestiar
     0000367B  A$Bestiar |    0000367E  A$Bestiar |    0000367F  A$Bestiar
     00003680  A$Bestiar |    00003681  A$Bestiar |    00003682  A$Bestiar
     00003685  A$Bestiar |    00003687  A$Bestiar |    00003687  C$Bestiar
     00003689  A$Bestiar |    0000368B  A$Bestiar |    0000368D  A$Bestiar
     0000368D  C$Bestiar |    0000368F  A$Bestiar |    0000368F  C$Bestiar
     0000368F  XG$Bestia |    00003692  A$Bestiar |    00003692  C$Bestiar
     00003692  G$Bestiar |    00003692  _Bestiary |    00003695  A$Bestiar
     00003698  A$Bestiar |    00003698  C$Bestiar |    0000369B  A$Bestiar
     0000369E  A$Bestiar |    0000369F  A$Bestiar |    0000369F  C$Bestiar
     000036A1  A$Bestiar |    000036A3  A$Bestiar |    000036A6  A$Bestiar
     000036A8  A$Bestiar |    000036AA  A$Bestiar |    000036AA  C$Bestiar
     000036AD  A$Bestiar |    000036AE  A$Bestiar |    000036B0  A$Bestiar
     000036B1  A$Bestiar |    000036B3  A$Bestiar |    000036B5  A$Bestiar
     000036B5  C$Bestiar |    000036B6  A$Bestiar |    000036B6  C$Bestiar
     000036B9  A$Bestiar |    000036BA  A$Bestiar |    000036BD  A$Bestiar
     000036BE  A$Bestiar |    000036BF  A$Bestiar |    000036C0  A$Bestiar
     000036C1  A$Bestiar |    000036C4  A$Bestiar |    000036C6  A$Bestiar
     000036C6  C$Bestiar |    000036C9  A$Bestiar |    000036CA  A$Bestiar
     000036CC  A$Bestiar |    000036CF  A$Bestiar |    000036D0  A$Bestiar
     000036D2  A$Bestiar |    000036D2  C$Bestiar |    000036D5  A$Bestiar
     000036D6  A$Bestiar |    000036D8  A$Bestiar |    000036D9  A$Bestiar
     000036DA  A$Bestiar |    000036DC  A$Bestiar |    000036DE  A$Bestiar
     000036DF  A$Bestiar |    000036E1  A$Bestiar |    000036E2  A$Bestiar
     000036E4  A$Bestiar |    000036E6  A$Bestiar |    000036E8  A$Bestiar
     000036EA  A$Bestiar |    000036EB  A$Bestiar |    000036ED  A$Bestiar
     000036EF  A$Bestiar |    000036F1  A$Bestiar |    000036F2  A$Bestiar
     000036F4  A$Bestiar |    000036F4  C$Bestiar |    000036F7  A$Bestiar
     000036F8  A$Bestiar |    000036F8  C$Bestiar |    000036FB  A$Bestiar
     000036FC  A$Bestiar |    000036FF  A$Bestiar |    00003700  A$Bestiar
     00003701  A$Bestiar |    00003702  A$Bestiar |    00003703  A$Bestiar
ASxxxx Linker V03.00 + NoICE + sdld,  page 20.
Hexadecimal  [32-Bits]

Area                       Addr        Size        Decimal Bytes (Attributes)
--------------------       ----        ----        ------- ----- ------------
_CODE                  00000200    00005D04 =       23812. bytes (REL,CON)

        Value  Global            Value  Global            Value  Global    
        -----  ------            -----  ------            -----  ------    
     00003706  A$Bestiar |    00003708  A$Bestiar |    00003708  C$Bestiar
     0000370B  A$Bestiar |    0000370C  A$Bestiar |    0000370E  A$Bestiar
     0000370E  C$Bestiar |    00003711  A$Bestiar |    00003711  C$Bestiar
     00003714  A$Bestiar |    00003714  C$Bestiar |    00003716  A$Bestiar
     00003718  A$Bestiar |    00003718  C$Bestiar |    0000371A  A$Bestiar
     0000371D  A$Bestiar |    0000371D  C$Bestiar |    0000371F  A$Bestiar
     00003720  A$Bestiar |    00003720  C$Bestiar |    00003722  A$Bestiar
     00003724  A$Bestiar |    00003724  C$Bestiar |    00003726  A$Bestiar
     00003729  A$Bestiar |    00003729  C$Bestiar |    0000372B  A$Bestiar
     0000372E  A$Bestiar |    0000372E  C$Bestiar |    00003730  A$Bestiar
     00003733  A$Bestiar |    00003733  C$Bestiar |    00003735  A$Bestiar
     00003738  A$Bestiar |    00003738  C$Bestiar |    0000373A  A$Bestiar
     0000373D  A$Bestiar |    0000373D  C$Bestiar |    0000373F  A$Bestiar
     00003740  A$Bestiar |    00003740  C$Bestiar |    00003743  A$Bestiar
     00003744  A$Bestiar |    00003747  A$Bestiar |    00003747  C$Bestiar
     0000374A  A$Bestiar |    0000374B  A$Bestiar |    0000374E  A$Bestiar
     0000374F  A$Bestiar |    00003752  A$Bestiar |    00003754  A$Bestiar
     00003754  C$Bestiar |    00003757  A$Bestiar |    00003758  A$Bestiar
     0000375B  A$Bestiar |    0000375C  A$Bestiar |    0000375F  A$Bestiar
     00003760  A$Bestiar |    00003763  A$Bestiar |    00003765  A$Bestiar
     00003765  C$Bestiar |    00003767  A$Bestiar |    00003768  A$Bestiar
     00003769  A$Bestiar |    0000376C  A$Bestiar |    0000376D  A$Bestiar
     0000376F  A$Bestiar |    00003771  A$Bestiar |    00003774  A$Bestiar
     00003774  C$Bestiar |    00003776  A$Bestiar |    00003777  A$Bestiar
     00003778  A$Bestiar |    0000377B  A$Bestiar |    0000377C  A$Bestiar
     0000377E  A$Bestiar |    00003780  A$Bestiar |    00003783  A$Bestiar
     00003783  C$Bestiar |    00003785  A$Bestiar |    00003786  A$Bestiar
[...]
Hexadecimal  [32-Bits]

Area                       Addr        Size        Decimal Bytes (Attributes)
--------------------       ----        ----        ------- ----- ------------
_HEADER1               00000000    00000005 =           5. bytes (ABS,CON)

        Value  Global            Value  Global            Value  Global    
        -----  ------            -----  ------            -----  ------    
     00000028  .MemsetSm
ASxxxx Linker V03.00 + NoICE + sdld,  page 37.
Hexadecimal  [32-Bits]

Area                       Addr        Size        Decimal Bytes (Attributes)
--------------------       ----        ----        ------- ----- ------------
_HEADER2               00000000    00000007 =           7. bytes (ABS,CON)

        Value  Global            Value  Global            Value  Global    
        -----  ------            -----  ------            -----  ------    
     00000030  .MemcpySm
ASxxxx Linker V03.00 + NoICE + sdld,  page 38.
Hexadecimal  [32-Bits]

Area                       Addr        Size        Decimal Bytes (Attributes)
--------------------       ----        ----        ------- ----- ------------
_HEADER3               00000000    00000008 =           8. bytes (ABS,CON)

        Value  Global            Value  Global            Value  Global    
        -----  ------            -----  ------            -----  ------    
ASxxxx Linker V03.00 + NoICE + sdld,  page 39.
Hexadecimal  [32-Bits]

Area                       Addr        Size        Decimal Bytes (Attributes)
--------------------       ----        ----        ------- ----- ------------
_HEADER4               00000000    0000004C =          76. bytes (ABS,CON)

        Value  Global            Value  Global            Value  Global    
        -----  ------            -----  ------            -----  ------    
     00000080  .int      |    0000008F  _wait_int |    0000009C  __standar
     000000AC  _refresh_
ASxxxx Linker V03.00 + NoICE + sdld,  page 40.
Hexadecimal  [32-Bits]

Area                       Addr        Size        Decimal Bytes (Attributes)
--------------------       ----        ----        ------- ----- ------------
_HEADER5               00000000    00000002 =           2. bytes (ABS,CON)

        Value  Global            Value  Global            Value  Global    
        -----  ------            -----  ------            -----  ------    
ASxxxx Linker V03.00 + NoICE + sdld,  page 41.
Hexadecimal  [32-Bits]

Area                       Addr        Size        Decimal Bytes (Attributes)
--------------------       ----        ----        ------- ----- ------------
_HEADER6               00000000    00000030 =          48. bytes (ABS,CON)

        Value  Global            Value  Global            Value  Global    
        -----  ------            -----  ------            -----  ------    
ASxxxx Linker V03.00 + NoICE + sdld,  page 42.
Hexadecimal  [32-Bits]

Area                       Addr        Size        Decimal Bytes (Attributes)
--------------------       ----        ----        ------- ----- ------------
_HEADER7               00000000    00000006 =           6. bytes (ABS,CON)

        Value  Global            Value  Global            Value  Global    
        -----  ------            -----  ------            -----  ------    
ASxxxx Linker V03.00 + NoICE + sdld,  page 43.
Hexadecimal  [32-Bits]

Area                       Addr        Size        Decimal Bytes (Attributes)
--------------------       ----        ----        ------- ----- ------------
_HEADER8               00000000    00000003 =           3. bytes (ABS,CON)

        Value  Global            Value  Global            Value  Global    
        -----  ------            -----  ------            -----  ------    
ASxxxx Linker V03.00 + NoICE + sdld,  page 44.
Hexadecimal  [32-Bits]

Area                       Addr        Size        Decimal Bytes (Attributes)
--------------------       ----        ----        ------- ----- ------------
_HEADER9               00000000    00000001 =           1. bytes (ABS,CON)

        Value  Global            Value  Global            Value  Global    
        -----  ------            -----  ------            -----  ------    
ASxxxx Linker V03.00 + NoICE + sdld,  page 45.
Hexadecimal  [32-Bits]

Area                       Addr        Size        Decimal Bytes (Attributes)
--------------------       ----        ----        ------- ----- ------------
_HEADERa               00000000    00000001 =           1. bytes (ABS,CON)

        Value  Global            Value  Global            Value  Global    
        -----  ------            -----  ------            -----  ------    
ASxxxx Linker V03.00 + NoICE + sdld,  page 46.
Hexadecimal  [32-Bits]

Area                       Addr        Size        Decimal Bytes (Attributes)
--------------------       ----        ----        ------- ----- ------------
_HEADERb               00000000    00000001 =           1. bytes (ABS,CON)

        Value  Global            Value  Global            Value  Global    
        -----  ------            -----  ------            -----  ------    
ASxxxx Linker V03.00 + NoICE + sdld,  page 47.
Hexadecimal  [32-Bits]

Area                       Addr        Size        Decimal Bytes (Attributes)
--------------------       ----        ----        ------- ----- ------------
_HEADERc               00000000    00000002 =           2. bytes (ABS,CON)

        Value  Global            Value  Global            Value  Global    
        -----  ------            -----  ------            -----  ------    
ASxxxx Linker V03.00 + NoICE + sdld,  page 48.
Hexadecimal  [32-Bits]

Area                       Addr        Size        Decimal Bytes (Attributes)
--------------------       ----        ----        ------- ----- ------------
_HEADERd               00000000    00000001 =           1. bytes (ABS,CON)

        Value  Global            Value  Global            Value  Global    
        -----  ------            -----  ------            -----  ------    
ASxxxx Linker V03.00 + NoICE + sdld,  page 49.
Hexadecimal  [32-Bits]

Area                       Addr        Size        Decimal Bytes (Attributes)
--------------------       ----        ----        ------- ----- ------------
_HEADERe               00000000    00000001 =           1. bytes (ABS,CON)

        Value  Global            Value  Global            Value  Global    
        -----  ------            -----  ------            -----  ------    
ASxxxx Linker V03.00 + NoICE + sdld,  page 50.
Hexadecimal  [32-Bits]

Area                       Addr        Size        Decimal Bytes (Attributes)
--------------------       ----        ----        ------- ----- ------------
_HEADERf               00000000    00000002 =           2. bytes (ABS,CON)

        Value  Global            Value  Global            Value  Global    
        -----  ------            -----  ------            -----  ------    
ASxxxx Linker V03.00 + NoICE + sdld,  page 51.
Hexadecimal  [32-Bits]

Area                       Addr        Size        Decimal Bytes (Attributes)
--------------------       ----        ----        ------- ----- ------------
_HEADER10              00000000    00000084 =         132. bytes (ABS,CON)

        Value  Global            Value  Global            Value  Global    
        -----  ------            -----  ------            -----  ------    
     00000150  .reset    |    00000150  _reset    |    00000157  .code_sta
     000001B9  _exit     |    000001BD  _set_inte
ASxxxx Linker V03.00 + NoICE + sdld,  page 52.
Hexadecimal  [32-Bits]

Area                       Addr        Size        Decimal Bytes (Attributes)
--------------------       ----        ----        ------- ----- ------------
_HEADER11              00000000    00000001 =           1. bytes (ABS,CON)

        Value  Global            Value  Global            Value  Global    
        -----  ------            -----  ------            -----  ------    
ASxxxx Linker V03.00 + NoICE + sdld,  page 53.
Hexadecimal  [32-Bits]

Area                       Addr        Size        Decimal Bytes (Attributes)
--------------------       ----        ----        ------- ----- ------------
_HOME                  00005F04    000002D6 =         726. bytes (REL,CON)

        Value  Global            Value  Global            Value  Global    
        -----  ------            -----  ------            -----  ------    
     00005F04  .memset_s |    00005F0D  .memcpy_s |    00005F2A  .remove_V
     00005F2D  .remove_i |    00005F4A  .add_VBL  |    00005F4D  .add_int 
     00005F58  .wait_vbl |    00005F58  _wait_vbl |    00005F68  .display_
     00005F68  _display_ |    00005F80  _remove_V |    00005F8B  _add_VBL 
     00005F96  _uitoa    |    00005FA5  _itoa     |    00005FB4  .itoa    
     00005FC8  .utoa     |    0000603C  _set_tile |    00006041  _set_bkg_
     00006041  _set_win_ |    00006049  _set_spri |    00006079  _set_bkg_
     000060BC  .set_xy_w |    000060C5  .set_xy_b |    000060D4  .set_xy_s
     0000611E  .padup    |    0000611E  _waitpadu |    0000612E  .jpad    
     0000612E  _joypad   |    00006156  _waitpad  |    00006157  .wait_pad
     0000615E  _strlen   |    00006163  .strlen   |    0000616C  _set_bkg_
     00006180  .set_xy_w |    00006189  .set_xy_b |    00006198  .set_xy_t
ASxxxx Linker V03.00 + NoICE + sdld,  page 54.
Hexadecimal  [32-Bits]

Area                       Addr        Size        Decimal Bytes (Attributes)
--------------------       ----        ----        ------- ----- ------------
_INITIALIZER           000061DA    00001B40 =        6976. bytes (REL,CON)

        Value  Global            Value  Global            Value  Global    
        -----  ------            -----  ------            -----  ------    
     000061DA  Fhome$__x |    00006E7C  FGameTitl |    00006E7D  FGameTitl
     00006E7E  Fcommon$_ |    00006E7F  Fcommon$_ |    00006E80  Fcommon$_
     00006E81  FCoreGame |    00006E8D  FGameJohn |    00006E8E  FGameJohn
     00006E8F  FGameJohn |    00006E91  FBestiary |    00006FF9  FBestiary
     00006FFA  FWally_Ti |    000071BA  FWally_Ma |    000071D8  FTick_Map
     000071F1  FMan_Map$ |    00007215  FBattle_M |    000073E1  FDrunk_Ti
     00007571  FDrunk_Ma |    00007589  FExperime |    00007769  FExperime
     0000778C  FGhost_Ma |    000077A0  FGhost_Ti |    000078E0  FSaucer_T
     000079D0  FSaucer_M |    000079DF  FSockHead |    000079FB  FSockHead
     00007B4B  FToby_Map |    00007B67  FToby_Til
ASxxxx Linker V03.00 + NoICE + sdld,  page 55.
Hexadecimal  [32-Bits]

Area                       Addr        Size        Decimal Bytes (Attributes)
--------------------       ----        ----        ------- ----- ------------
_GSINIT                00007D1A    0000000C =          12. bytes (REL,CON)

        Value  Global            Value  Global            Value  Global    
        -----  ------            -----  ------            -----  ------    
     00007D1A  gsinit   
ASxxxx Linker V03.00 + NoICE + sdld,  page 56.
Hexadecimal  [32-Bits]

Area                       Addr        Size        Decimal Bytes (Attributes)
--------------------       ----        ----        ------- ----- ------------
_GSFINAL               00007D26    00000001 =           1. bytes (REL,CON)

        Value  Global            Value  Global            Value  Global    
        -----  ------            -----  ------            -----  ------    
ASxxxx Linker V03.00 + NoICE + sdld,  page 57.
Hexadecimal  [32-Bits]

Area                       Addr        Size        Decimal Bytes (Attributes)
--------------------       ----        ----        ------- ----- ------------
_DATA                  0000C0A0    00000026 =          38. bytes (REL,CON)

        Value  Global            Value  Global            Value  Global    
        -----  ------            -----  ------            -----  ------    
     0000C0A0  __cpu     |    0000C0A1  __is_GBA  |    0000C0A2  .mode    
     0000C0A3  .sys_time |    0000C0A3  _sys_time |    0000C0A5  .int_0x40
     0000C0B1  G$camera_ |    0000C0B1  _camera_x |    0000C0B3  G$camera_
     0000C0B3  _camera_y |    0000C0B5  G$old_cam |    0000C0B5  _old_came
     0000C0B7  G$old_cam |    0000C0B7  _old_came |    0000C0B9  G$map_pos
     0000C0B9  _map_pos_ |    0000C0BA  G$map_pos |    0000C0BA  _map_pos_
     0000C0BB  G$old_map |    0000C0BB  _old_map_ |    0000C0BC  G$old_map
     0000C0BC  _old_map_ |    0000C0BD  G$redraw$ |    0000C0BD  _redraw  
     0000C0BE  G$camera_ |    0000C0BE  _camera_p |    0000C0BF  G$camera_
     0000C0BF  _camera_p |    0000C0C0  G$cursor_ |    0000C0C0  _cursor_x
     0000C0C1  G$cursor_ |    0000C0C1  _cursor_y |    0000C0C2  .image_ti
     0000C0C3  ___curren |    0000C0C5  ___curren
ASxxxx Linker V03.00 + NoICE + sdld,  page 58.
Hexadecimal  [32-Bits]

Area                       Addr        Size        Decimal Bytes (Attributes)
--------------------       ----        ----        ------- ----- ------------
_INITIALIZED           0000C0C6    00001B40 =        6976. bytes (REL,CON)

        Value  Global            Value  Global            Value  Global    
        -----  ------            -----  ------            -----  ------    
     0000C0C6  G$Home$0_ |    0000C0C6  _Home     |    0000CD68  G$timer$0
     0000CD68  _timer    |    0000CD69  G$frame$0 |    0000CD69  _frame   
     0000CD6A  G$joypadP |    0000CD6A  _joypadPr |    0000CD6B  G$joypadC
     0000CD6B  _joypadCu |    0000CD6C  G$index$0 |    0000CD6C  _index   
     0000CD6D  G$mouse$0 |    0000CD6D  _mouse    |    0000CD79  G$wabble$
     0000CD79  _wabble   |    0000CD7A  G$invert_ |    0000CD7A  _invert_b
     0000CD7B  G$scanlin |    0000CD7B  _scanline |    0000CD7D  G$Bestiar
     0000CD7D  _Bestiary |    0000CEE5  G$invert$ |    0000CEE5  _invert  
     0000CEE6  G$WallyTi |    0000CEE6  _WallyTil |    0000D0A6  G$Wally_M
     0000D0A6  _Wally_Ma |    0000D0C4  G$Tick_Ma |    0000D0C4  _Tick_Map
     0000D0DD  G$Man_Map |    0000D0DD  _Man_Map  |    0000D101  G$Battle_
     0000D101  _Battle_M |    0000D2CD  G$Drunk_T |    0000D2CD  _Drunk_Ti
     0000D45D  G$Drunk_M |    0000D45D  _Drunk_Ma |    0000D475  G$Experim
     0000D475  _Experime |    0000D655  G$Experim |    0000D655  _Experime
     0000D678  G$Ghost_M |    0000D678  _Ghost_Ma |    0000D68C  G$Ghost_T
     0000D68C  _Ghost_Ti |    0000D7CC  G$Saucer_ |    0000D7CC  _Saucer_T
     0000D8BC  G$Saucer_ |    0000D8BC  _Saucer_M |    0000D8CB  G$SockHea
     0000D8CB  _SockHead |    0000D8E7  G$SockHea |    0000D8E7  _SockHead
     0000DA37  G$Toby_Ma |    0000DA37  _Toby_Map |    0000DA53  G$Toby_Ti
     0000DA53  _Toby_Til |    0000DC03  __submap_ |    0000DC04  ___render
     0000DC05  __map_til
ASxxxx Linker V03.00 + NoICE + sdld,  page 59.
Hexadecimal  [32-Bits]

Area                       Addr        Size        Decimal Bytes (Attributes)
--------------------       ----        ----        ------- ----- ------------
_HRAM12                00000000    00000003 =           3. bytes (ABS,CON)

        Value  Global            Value  Global            Value  Global    
        -----  ------            -----  ------            -----  ------    
     0000FF90  __current |    0000FF92  __shadow_
ASxxxx Linker V03.00 + NoICE + sdld,  page 60.
Hexadecimal  [32-Bits]

Area                       Addr        Size        Decimal Bytes (Attributes)
--------------------       ----        ----        ------- ----- ------------
_CABS0                 00000000    00000003 =           3. bytes (ABS,CON)

        Value  Global            Value  Global            Value  Global    
        -----  ------            -----  ------            -----  ------    
     00000048  FGameJohn
ASxxxx Linker V03.00 + NoICE + sdld,  page 61.

Files Linked                              [ module(s) ]

C:\gbdk\lib/gb/crt0.o                     [ Runtime ]
obj\main.o                                [ main ]
obj\cast_tiles.o                          [ cast_tiles ]
obj\indoor_tiles.o                        [ indoor_tiles ]
obj\home.o                                [ home ]
obj\player.o                              [ player ]
obj\GameTitle.o                           [ GameTitle ]
obj\Globe_Tiles.o                         [ Globe_Tiles ]
obj\Title_Map.o                           [ Title_Map ]
obj\Title_Tiles.o                         [ Title_Tiles ]
obj\common.o                              [ common ]
obj\CoreGameLoop.o                        [ CoreGameLoop ]
obj\JohnDoe_Map.o                         [ JohnDoe_Map ]
obj\JohnDoe_Tiles.o                       [ JohnDoe_Tiles ]
obj\GameJohnDoe.o                         [ GameJohnDoe ]
obj\Bestiary_Map.o                        [ Bestiary_Map ]
obj\Crow_Tiles.o                          [ Crow_Tiles ]
obj\Crow_Map.o                            [ Crow_Map ]
obj\Bestiary.o                            [ Bestiary ]
obj\Font.o                                [ Font ]
obj\Gypsy_Tiles.o                         [ Gypsy_Tiles ]
obj\Gypsy_Map.o                           [ Gypsy_Map ]
obj\Wally_Tiles.o                         [ Wally_Tiles ]
obj\Wally_Map.o                           [ Wally_Map ]
obj\Skateboard_Tiles.o                    [ Skateboard_Tiles ]
obj\Cop_Tiles.o                           [ Cop_Tiles ]
obj\Officer_Map.o                         [ Officer_Map ]
obj\Police_Map.o                          [ Police_Map ]
obj\Sheriff_Map.o                         [ Sheriff_Map ]
obj\Chief_Map.o                           [ Chief_Map ]
obj\Tick_Tiles.o                          [ Tick_Tiles ]
obj\Tick_Map.o                            [ Tick_Map ]
obj\Man_Tiles.o                           [ Man_Tiles ]
obj\Man_Map.o                             [ Man_Map ]
obj\Sis_Tiles.o                           [ Sis_Tiles ]
obj\BigSis_Map.o                          [ BigSis_Map ]
obj\MadSis_Map.o                          [ MadSis_Map ]
obj\Car_Tiles.o                           [ Car_Tiles ]
obj\Car_Map.o                             [ Car_Map ]
obj\Semi_Tiles.o                          [ Semi_Tiles ]
obj\Semi_Map.o                            [ Semi_Map ]
obj\Battle.o                              [ Battle ]
obj\Battle_Map.o                          [ Battle_Map ]
obj\Drunk_Tiles.o                         [ Drunk_Tiles ]
obj\Drunk_Map.o                           [ Drunk_Map ]
obj\Experiment_Tiles.o                    [ Experiment_Tiles ]
obj\Experiment_Map.o                      [ Experiment_Map ]
obj\Ghost_Map.o                           [ Ghost_Map ]
obj\Ghost_Tiles.o                         [ Ghost_Tiles ]
obj\Saucer_Tiles.o                        [ Saucer_Tiles ]
obj\Saucer_Map.o                          [ Saucer_Map ]
obj\SockHead_Map.o                        [ SockHead_Map ]
obj\SockHead_Tiles.o                      [ SockHead_Tiles ]
obj\Toby_Map.o                            [ Toby_Map ]
obj\Toby_Tiles.o                          [ Toby_Tiles ]


Libraries Linked                          [ object file ]

C:\gbdk\lib/gb/gb.lib                     [ sfr.o ]
C:\gbdk\lib/sm83/sm83.lib                 [ itoa.o ]
C:\gbdk\lib/gb/gb.lib                     [ set_tile.o ]
C:\gbdk\lib/gb/gb.lib                     [ get_addr.o ]
C:\gbdk\lib/gb/gb.lib                     [ set_data.o ]
C:\gbdk\lib/gb/gb.lib                     [ set_tile_submap.o ]
C:\gbdk\lib/gb/gb.lib                     [ pad.o ]
C:\gbdk\lib/gb/gb.lib                     [ metasprites.o ]
C:\gbdk\lib/gb/gb.lib                     [ metasprites_flip.o ]
C:\gbdk\lib/sm83/sm83.lib                 [ strlen.o ]
C:\gbdk\lib/gb/gb.lib                     [ set_bk_t.o ]
C:\gbdk\lib/gb/gb.lib                     [ set_xy_t.o ]

ASxxxx Linker V03.00 + NoICE + sdld,  page 62.

User Base Address Definitions

_DATA=0xC0A0
_CODE=0x0200
ASxxxx Linker V03.00 + NoICE + sdld,  page 63.

User Global Definitions

_shadow_OAM=0xC000
.STACK=0xE000
.refresh_OAM=0xFF80

