ASxxxx Linker V03.00 + NoICE + sdld,  page 1.
Hexadecimal  [32-Bits]

Area                       Addr        Size        Decimal Bytes (Attributes)
--------------------       ----        ----        ------- ----- ------------
.  .ABS.               00000000    00000000 =           0. bytes (ABS,CON)

        Value  Global            Value  Global            Value  Global    
        -----  ------            -----  ------            -----  ------    
     00000000  .__.ABS.  |    00000000  _rRAMG    |    00000000  l__BASE  
     00000000  l__BSS    |    00000000  l__CABS   |    00000000  l__CODE_0
     00000000  l__DABS   |    00000000  l__HEADER |    00000000  l__HEAP  
     00000000  l__HEAP_E |    00000000  l__HRAM   |    00000000  l__LIT   
     00000000  s__CABS   |    00000000  s__CABS0  |    00000000  s__DABS  
     00000000  s__HEADER |    00000000  s__HEADER |    00000000  s__HEADER
     00000000  s__HEADER |    00000000  s__HEADER |    00000000  s__HEADER
     00000000  s__HEADER |    00000000  s__HEADER |    00000000  s__HEADER
     00000000  s__HEADER |    00000000  s__HEADER |    00000000  s__HEADER
     00000000  s__HEADER |    00000000  s__HEADER |    00000000  s__HEADER
     00000000  s__HEADER |    00000000  s__HEADER |    00000000  s__HEADER
     00000000  s__HEADER |    00000000  s__HRAM   |    00000000  s__HRAM12
     00000001  l__GSFINA |    00000001  l__HEADER |    00000001  l__HEADER
     00000001  l__HEADER |    00000001  l__HEADER |    00000001  l__HEADER
     00000001  l__HEADER |    00000001  l__HEADER |    00000002  l__HEADER
     00000002  l__HEADER |    00000002  l__HEADER |    00000003  l__CABS0 
     00000003  l__HEADER |    00000003  l__HRAM12 |    00000005  l__HEADER
     00000006  l__HEADER |    00000007  l__HEADER |    00000008  l__HEADER
     0000000C  l__GSINIT |    00000026  l__DATA   |    00000030  l__HEADER
     0000004C  l__HEADER |    00000084  l__HEADER |    00000200  s__CODE  
     000002D6  l__HOME   |    00001B3C  l__INITIA |    00001B3C  l__INITIA
     00002000  _rROMB0   |    00003000  _rROMB1   |    00004000  _rRAMB   
     000059B5  l__CODE   |    00005BB5  s__HOME   |    00005E8B  s__BASE  
     00005E8B  s__CODE_0 |    00005E8B  s__INITIA |    00005E8B  s__LIT   
     000079C7  s__GSINIT |    000079D3  s__GSFINA |    00008000  __VRAM   
     00008000  __VRAM800 |    00008800  __VRAM880 |    00009000  __VRAM900
     00009800  __SCRN0   |    00009C00  __SCRN1   |    0000A000  __SRAM   
     0000C000  __RAM     |    0000C000  _shadow_O |    0000C0A0  s__DATA  
     0000C0C6  s__BSS    |    0000C0C6  s__INITIA |    0000D000  __RAMBANK
     0000DC02  s__HEAP   |    0000DC02  s__HEAP_E |    0000E000  .STACK   
     0000FE00  __OAMRAM  |    0000FF00  _P1_REG   |    0000FF00  __IO     
     0000FF01  _SB_REG   |    0000FF02  _SC_REG   |    0000FF04  _DIV_REG 
     0000FF05  _TIMA_REG |    0000FF06  _TMA_REG  |    0000FF07  _TAC_REG 
     0000FF0F  _IF_REG   |    0000FF10  _NR10_REG |    0000FF11  _NR11_REG
     0000FF12  _NR12_REG |    0000FF13  _NR13_REG |    0000FF14  _NR14_REG
     0000FF16  _NR21_REG |    0000FF17  _NR22_REG |    0000FF18  _NR23_REG
     0000FF19  _NR24_REG |    0000FF1A  _NR30_REG |    0000FF1B  _NR31_REG
     0000FF1C  _NR32_REG |    0000FF1D  _NR33_REG |    0000FF1E  _NR34_REG
     0000FF20  _NR41_REG |    0000FF21  _NR42_REG |    0000FF22  _NR43_REG
     0000FF23  _NR44_REG |    0000FF24  _NR50_REG |    0000FF25  _NR51_REG
     0000FF26  _NR52_REG |    0000FF30  _AUD3WAVE |    0000FF30  _PCM_SAMP
     0000FF30  __AUD3WAV |    0000FF40  _LCDC_REG |    0000FF41  _STAT_REG
     0000FF42  _SCY_REG  |    0000FF43  _SCX_REG  |    0000FF44  _LY_REG  
     0000FF45  _LYC_REG  |    0000FF46  _DMA_REG  |    0000FF47  _BGP_REG 
     0000FF48  _OBP0_REG |    0000FF49  _OBP1_REG |    0000FF4A  _WY_REG  
     0000FF4B  _WX_REG   |    0000FF4D  _KEY1_REG |    0000FF4F  _VBK_REG 
     0000FF51  _HDMA1_RE |    0000FF52  _HDMA2_RE |    0000FF53  _HDMA3_RE
     0000FF54  _HDMA4_RE |    0000FF55  _HDMA5_RE |    0000FF56  _RP_REG  
     0000FF68  _BCPS_REG |    0000FF69  _BCPD_REG |    0000FF6A  _OCPS_REG
     0000FF6B  _OCPD_REG |    0000FF70  _SVBK_REG |    0000FF76  _PCM12_RE
ASxxxx Linker V03.00 + NoICE + sdld,  page 2.
Hexadecimal  [32-Bits]

Area                       Addr        Size        Decimal Bytes (Attributes)
--------------------       ----        ----        ------- ----- ------------
.  .ABS.               00000000    00000000 =           0. bytes (ABS,CON)

        Value  Global            Value  Global            Value  Global    
        -----  ------            -----  ------            -----  ------    
     0000FF77  _PCM34_RE |    0000FF80  .refresh_ |    0000FF80  __HRAM   
     0000FFFF  _IE_REG  
ASxxxx Linker V03.00 + NoICE + sdld,  page 3.
Hexadecimal  [32-Bits]

Area                       Addr        Size        Decimal Bytes (Attributes)
--------------------       ----        ----        ------- ----- ------------
_CODE                  00000200    000059B5 =       22965. bytes (REL,CON)

        Value  Global            Value  Global            Value  Global    
        -----  ------            -----  ------            -----  ------    
     00000200  A$main$68 |    00000200  C$main.c$ |    00000200  C$main.c$
     00000200  C$main.c$ |    00000200  G$main$0$ |    00000200  _main    
     00000203  A$main$76 |    00000203  C$main.c$ |    00000203  C$main.c$
     00000204  A$main$77 |    00000205  A$main$78 |    00000207  A$main$82
     00000207  C$main.c$ |    00000208  A$main$86 |    00000208  C$main.c$
     00000209  A$main$87 |    0000020A  A$main$88 |    0000020C  A$main$89
     0000020D  A$main$90 |    00000210  A$main$91 |    00000211  A$main$92
     00000213  A$main$97 |    00000213  C$main.c$ |    00000214  A$main$98
     00000216  A$main$99 |    00000218  A$main$10 |    00000219  A$main$10
     0000021C  A$main$10 |    0000021D  A$main$10 |    0000021F  A$main$10
     0000021F  C$main.c$ |    00000220  A$main$10 |    00000222  A$main$11
     00000224  A$main$11 |    00000225  A$main$11 |    00000228  A$main$11
     00000229  A$main$11 |    0000022B  A$main$11 |    0000022B  C$main.c$
     0000022C  A$main$12 |    0000022E  A$main$12 |    00000230  A$main$12
     00000231  A$main$12 |    00000234  A$main$12 |    00000235  A$main$12
     00000237  A$main$13 |    00000237  C$main.c$ |    00000238  A$main$13
     0000023A  A$main$13 |    0000023C  A$main$13 |    0000023D  A$main$13
     00000240  A$main$13 |    00000241  A$main$14 |    00000241  C$main.c$
     00000242  A$main$14 |    00000243  A$main$14 |    00000245  A$main$14
     00000246  A$main$14 |    00000249  A$main$14 |    0000024A  A$main$14
     0000024B  A$main$14 |    0000024D  A$main$15 |    0000024D  C$main.c$
     0000024E  A$main$15 |    00000250  A$main$15 |    00000252  A$main$15
     00000253  A$main$15 |    00000256  A$main$15 |    00000257  A$main$15
     00000258  A$main$15 |    0000025A  A$main$16 |    0000025A  C$main.c$
     0000025B  A$main$16 |    0000025D  A$main$16 |    0000025F  A$main$16
     00000260  A$main$16 |    00000263  A$main$16 |    00000264  A$main$17
     00000265  A$main$17 |    00000267  A$main$17 |    00000267  C$main.c$
     00000268  A$main$17 |    0000026A  A$main$17 |    0000026C  A$main$17
     0000026D  A$main$18 |    00000270  A$main$18 |    00000271  A$main$18
     00000272  A$main$18 |    00000274  A$main$18 |    00000274  C$main.c$
     00000275  A$main$18 |    00000277  A$main$19 |    00000279  A$main$19
     0000027A  A$main$19 |    0000027D  A$main$19 |    0000027E  A$main$19
     0000027F  A$main$20 |    0000027F  C$main.c$ |    0000027F  XG$main$0
     00000281  G$Cast_Ti |    00000281  _Cast_Til |    00000A81  G$IndoorT
     00000A81  _IndoorTi |    00001281  A$home$57 |    00001281  C$home.c$
     00001281  G$returnC |    00001281  _returnCo |    00001282  A$home$61
     00001282  C$home.c$ |    00001284  A$home$62 |    00001285  A$home$63
     00001286  A$home$64 |    00001287  A$home$65 |    00001288  A$home$66
     00001289  A$home$67 |    0000128A  A$home$68 |    0000128B  A$home$69
     0000128C  A$home$70 |    0000128F  A$home$71 |    00001290  A$home$72
     00001291  A$home$73 |    00001293  A$home$74 |    00001294  A$home$75
     00001295  A$home$83 |    00001295  C$home.c$ |    00001295  XG$return
     00001296  G$HOME_CO |    00001296  _HOME_COL |    0000150C  A$player$
     0000150C  C$player. |    0000150C  G$PlayerU |    0000150C  _PlayerUp
     0000150D  A$player$ |    0000150E  A$player$ |    0000150E  C$player.
     00001511  A$player$ |    00001512  A$player$ |    00001513  A$player$
     00001514  A$player$ |    00001515  A$player$ |    00001515  C$player.
     00001518  A$player$ |    0000151B  A$player$ |    0000151B  C$player.
     0000151E  A$player$ |    00001521  A$player$ |    00001522  A$player$
     00001522  C$player. |    00001523  A$player$ |    00001523  C$player.
ASxxxx Linker V03.00 + NoICE + sdld,  page 4.
Hexadecimal  [32-Bits]

Area                       Addr        Size        Decimal Bytes (Attributes)
--------------------       ----        ----        ------- ----- ------------
_CODE                  00000200    000059B5 =       22965. bytes (REL,CON)

        Value  Global            Value  Global            Value  Global    
        -----  ------            -----  ------            -----  ------    
     00001526  A$player$ |    00001527  A$player$ |    00001527  C$player.
     00001529  A$player$ |    0000152B  A$player$ |    0000152B  C$player.
     0000152D  A$player$ |    0000152E  A$player$ |    0000152E  C$player.
     00001530  A$player$ |    00001532  A$player$ |    00001532  C$player.
     00001534  A$player$ |    00001535  A$player$ |    00001535  C$player.
     00001537  A$player$ |    00001539  A$player$ |    00001539  C$player.
     0000153B  A$player$ |    0000153C  A$player$ |    0000153C  C$player.
     0000153E  A$player$ |    0000153F  A$player$ |    0000153F  C$player.
     00001541  A$player$ |    00001541  C$player. |    00001541  C$player.
     00001541  XG$Player |    00001542  A$player$ |    00001542  C$player.
     00001542  G$DrawPla |    00001542  _DrawPlay |    00001544  A$player$
     00001547  A$player$ |    00001548  A$player$ |    00001549  A$player$
     0000154B  A$player$ |    0000154C  A$player$ |    0000154C  C$player.
     0000154D  A$player$ |    0000154E  A$player$ |    0000154F  A$player$
     00001550  A$player$ |    00001551  A$player$ |    00001553  A$player$
     00001554  A$player$ |    00001555  A$player$ |    00001555  C$player.
     00001556  A$player$ |    00001557  A$player$ |    00001558  A$player$
     0000155A  A$player$ |    0000155C  A$player$ |    0000155D  A$player$
     0000155E  A$player$ |    00001560  A$player$ |    00001562  A$player$
     00001563  A$player$ |    00001565  A$player$ |    00001567  A$player$
     00001569  A$player$ |    0000156A  A$player$ |    0000156C  A$player$
     0000156E  A$player$ |    00001571  A$player$ |    00001571  C$player.
     00001573  A$player$ |    00001574  A$player$ |    00001575  A$player$
     00001576  A$player$ |    00001579  A$player$ |    0000157A  A$player$
     0000157B  A$player$ |    0000157C  A$player$ |    0000157F  A$player$
     00001580  A$player$ |    00001581  A$player$ |    00001582  A$player$
     00001585  A$player$ |    00001587  A$player$ |    00001588  A$player$
     00001589  A$player$ |    0000158A  A$player$ |    0000158C  A$player$
     0000158D  A$player$ |    00001590  A$player$ |    00001592  A$player$
     00001592  C$player. |    00001595  A$player$ |    00001595  C$player.
     00001598  A$player$ |    00001599  A$player$ |    0000159A  A$player$
     0000159B  A$player$ |    0000159E  A$player$ |    0000159F  A$player$
     000015A0  A$player$ |    000015A1  A$player$ |    000015A4  A$player$
     000015A6  A$player$ |    000015A8  A$player$ |    000015A9  A$player$
     000015AA  A$player$ |    000015AB  A$player$ |    000015AC  A$player$
     000015AE  A$player$ |    000015AF  A$player$ |    000015B2  A$player$
     000015B4  A$player$ |    000015B4  C$player. |    000015B6  A$player$
     000015B6  C$player. |    000015B8  A$player$ |    000015B9  A$player$
     000015BA  A$player$ |    000015BB  A$player$ |    000015BE  A$player$
     000015BF  A$player$ |    000015C0  A$player$ |    000015C1  A$player$
     000015C4  A$player$ |    000015C5  A$player$ |    000015C6  A$player$
     000015C7  A$player$ |    000015CA  A$player$ |    000015CC  A$player$
     000015CD  A$player$ |    000015CE  A$player$ |    000015CF  A$player$
     000015D1  A$player$ |    000015D2  A$player$ |    000015D5  A$player$
     000015D7  A$player$ |    000015D7  C$player. |    000015D9  A$player$
     000015D9  C$player. |    000015DB  A$player$ |    000015DC  A$player$
     000015DD  A$player$ |    000015DE  A$player$ |    000015E1  A$player$
     000015E2  A$player$ |    000015E3  A$player$ |    000015E4  A$player$
     000015E7  A$player$ |    000015E8  A$player$ |    000015E9  A$player$
     000015EA  A$player$ |    000015ED  A$player$ |    000015EF  A$player$
     000015F0  A$player$ |    000015F2  A$player$ |    000015F3  A$player$
ASxxxx Linker V03.00 + NoICE + sdld,  page 5.
Hexadecimal  [32-Bits]

Area                       Addr        Size        Decimal Bytes (Attributes)
--------------------       ----        ----        ------- ----- ------------
_CODE                  00000200    000059B5 =       22965. bytes (REL,CON)

        Value  Global            Value  Global            Value  Global    
        -----  ------            -----  ------            -----  ------    
     000015F4  A$player$ |    000015F5  A$player$ |    000015F7  A$player$
     000015F8  A$player$ |    000015FB  A$player$ |    000015FD  A$player$
     000015FD  C$player. |    000015FF  A$player$ |    000015FF  C$player.
     00001601  A$player$ |    00001602  A$player$ |    00001603  A$player$
     00001604  A$player$ |    00001607  A$player$ |    00001608  A$player$
     00001609  A$player$ |    0000160A  A$player$ |    0000160D  A$player$
     0000160E  A$player$ |    0000160F  A$player$ |    00001610  A$player$
     00001613  A$player$ |    00001615  A$player$ |    00001616  A$player$
     00001618  A$player$ |    00001619  A$player$ |    0000161A  A$player$
     0000161B  A$player$ |    0000161D  A$player$ |    0000161E  A$player$
     00001621  A$player$ |    00001623  A$player$ |    00001623  C$player.
     00001625  A$player$ |    00001625  C$player. |    00001625  XG$DrawPl
     00001626  G$mouse_d |    00001626  _mouse_do |    00001632  G$mouse_u
     00001632  _mouse_up |    0000163E  G$mouse_r |    0000163E  _mouse_ri
     0000164A  G$mouse_r |    0000164A  _mouse_ri |    00001656  G$mouse_m
     00001656  _mouse_me |    0000165E  A$GameTit |    0000165E  C$GameTit
     0000165E  G$GameTit |    0000165E  _GameTitl |    0000165F  A$GameTit
     00001661  A$GameTit |    00001662  A$GameTit |    00001664  A$GameTit
     00001664  C$GameTit |    00001666  A$GameTit |    00001668  A$GameTit
     00001668  C$GameTit |    0000166A  A$GameTit |    0000166C  A$GameTit
     0000166C  C$GameTit |    0000166E  A$GameTit |    00001670  A$GameTit
     00001672  A$GameTit |    00001672  C$GameTit |    00001675  A$GameTit
     00001676  A$GameTit |    00001679  A$GameTit |    0000167A  A$GameTit
     0000167D  A$GameTit |    0000167F  A$GameTit |    0000167F  C$GameTit
     00001682  A$GameTit |    00001683  A$GameTit |    00001686  A$GameTit
     00001687  A$GameTit |    00001688  A$GameTit |    00001689  A$GameTit
     0000168A  A$GameTit |    0000168D  A$GameTit |    0000168F  A$GameTit
     0000168F  C$GameTit |    00001692  A$GameTit |    00001693  A$GameTit
     00001696  A$GameTit |    00001697  A$GameTit |    0000169A  A$GameTit
     0000169C  A$GameTit |    0000169F  A$GameTit |    000016A0  A$GameTit
     000016A1  A$GameTit |    000016A2  A$GameTit |    000016A5  A$GameTit
     000016A6  A$GameTit |    000016A7  A$GameTit |    000016A8  A$GameTit
     000016AB  A$GameTit |    000016AD  A$GameTit |    000016B0  A$GameTit
     000016B1  A$GameTit |    000016B2  A$GameTit |    000016B3  A$GameTit
     000016B4  A$GameTit |    000016B7  A$GameTit |    000016B9  A$GameTit
     000016B9  C$GameTit |    000016BB  A$GameTit |    000016BD  A$GameTit
     000016BF  A$GameTit |    000016BF  C$GameTit |    000016C1  A$GameTit
     000016C3  A$GameTit |    000016C5  A$GameTit |    000016C5  C$GameTit
     000016C7  A$GameTit |    000016C7  C$GameTit |    000016C7  XG$GameTi
     000016CA  G$globe1$ |    000016CA  _globe1   |    000016EE  G$globe2$
     000016EE  _globe2   |    00001712  G$globe3$ |    00001712  _globe3  
     00001736  G$globe4$ |    00001736  _globe4   |    0000175A  G$globe5$
     0000175A  _globe5   |    0000177E  G$globe6$ |    0000177E  _globe6  
     000017A2  G$globe7$ |    000017A2  _globe7   |    000017C6  G$globe_m
     000017C6  _globe_me |    000017D4  A$GameTit |    000017D4  C$GameTit
     000017D4  G$GameTit |    000017D4  _GameTitl |    000017D7  A$GameTit
     000017DA  A$GameTit |    000017DA  C$GameTit |    000017DD  A$GameTit
     000017E0  A$GameTit |    000017E0  C$GameTit |    000017E3  A$GameTit
     000017E4  A$GameTit |    000017E4  C$GameTit |    000017E5  A$GameTit
     000017E7  A$GameTit |    000017E9  A$GameTit |    000017E9  C$GameTit
     000017EC  A$GameTit |    000017ED  A$GameTit |    000017ED  C$GameTit
ASxxxx Linker V03.00 + NoICE + sdld,  page 6.
Hexadecimal  [32-Bits]

Area                       Addr        Size        Decimal Bytes (Attributes)
--------------------       ----        ----        ------- ----- ------------
_CODE                  00000200    000059B5 =       22965. bytes (REL,CON)

        Value  Global            Value  Global            Value  Global    
        -----  ------            -----  ------            -----  ------    
     000017F0  A$GameTit |    000017F2  A$GameTit |    000017F2  C$GameTit
     000017F5  A$GameTit |    000017F6  A$GameTit |    000017F8  A$GameTit
     000017FA  A$GameTit |    000017FC  A$GameTit |    000017FF  A$GameTit
     00001802  A$GameTit |    00001803  A$GameTit |    00001805  A$GameTit
     00001806  A$GameTit |    00001807  A$GameTit |    00001808  A$GameTit
     00001809  A$GameTit |    0000180A  A$GameTit |    0000180B  A$GameTit
     0000180E  A$GameTit |    0000180F  A$GameTit |    00001810  A$GameTit
     00001811  A$GameTit |    00001814  A$GameTit |    00001816  A$GameTit
     00001817  A$GameTit |    0000181A  A$GameTit |    0000181B  A$GameTit
     0000181C  A$GameTit |    0000181D  A$GameTit |    0000181E  A$GameTit
     00001821  A$GameTit |    00001823  A$GameTit |    00001824  A$GameTit
     00001824  C$GameTit |    00001827  A$GameTit |    00001828  A$GameTit
     00001828  C$GameTit |    0000182A  A$GameTit |    0000182C  A$GameTit
     0000182C  C$GameTit |    0000182D  A$GameTit |    0000182F  A$GameTit
     00001832  A$GameTit |    00001833  A$GameTit |    00001836  A$GameTit
     00001837  A$GameTit |    00001839  A$GameTit |    0000183A  A$GameTit
     0000183B  A$GameTit |    0000183C  A$GameTit |    0000183D  A$GameTit
     00001840  A$GameTit |    00001841  A$GameTit |    00001842  A$GameTit
     00001845  A$GameTit |    00001847  A$GameTit |    0000184A  A$GameTit
     0000184B  A$GameTit |    0000184C  A$GameTit |    0000184D  A$GameTit
     0000184E  A$GameTit |    00001851  A$GameTit |    00001853  A$GameTit
     00001853  C$GameTit |    00001855  A$GameTit |    00001856  A$GameTit
     00001856  C$GameTit |    00001858  A$GameTit |    0000185A  A$GameTit
     0000185A  C$GameTit |    0000185B  A$GameTit |    0000185D  A$GameTit
     00001860  A$GameTit |    00001861  A$GameTit |    00001864  A$GameTit
     00001865  A$GameTit |    00001867  A$GameTit |    00001868  A$GameTit
     00001869  A$GameTit |    0000186A  A$GameTit |    0000186B  A$GameTit
     0000186E  A$GameTit |    0000186F  A$GameTit |    00001870  A$GameTit
     00001873  A$GameTit |    00001875  A$GameTit |    00001878  A$GameTit
     00001879  A$GameTit |    0000187A  A$GameTit |    0000187B  A$GameTit
     0000187C  A$GameTit |    0000187F  A$GameTit |    00001881  A$GameTit
     00001881  C$GameTit |    00001883  A$GameTit |    00001884  A$GameTit
     00001884  C$GameTit |    00001886  A$GameTit |    00001888  A$GameTit
     00001888  C$GameTit |    00001889  A$GameTit |    0000188B  A$GameTit
     0000188E  A$GameTit |    00001890  A$GameTit |    00001893  A$GameTit
     00001895  A$GameTit |    00001898  A$GameTit |    0000189A  A$GameTit
     0000189D  A$GameTit |    0000189F  A$GameTit |    000018A2  A$GameTit
     000018A3  A$GameTit |    000018A6  A$GameTit |    000018A7  A$GameTit
     000018A9  A$GameTit |    000018AA  A$GameTit |    000018AB  A$GameTit
     000018AC  A$GameTit |    000018AD  A$GameTit |    000018B0  A$GameTit
     000018B1  A$GameTit |    000018B2  A$GameTit |    000018B5  A$GameTit
     000018B7  A$GameTit |    000018BA  A$GameTit |    000018BB  A$GameTit
     000018BC  A$GameTit |    000018BD  A$GameTit |    000018BE  A$GameTit
     000018C1  A$GameTit |    000018C3  A$GameTit |    000018C3  C$GameTit
     000018C5  A$GameTit |    000018C6  A$GameTit |    000018C6  C$GameTit
     000018C8  A$GameTit |    000018CA  A$GameTit |    000018CA  C$GameTit
     000018CB  A$GameTit |    000018CD  A$GameTit |    000018D0  A$GameTit
     000018D1  A$GameTit |    000018D4  A$GameTit |    000018D5  A$GameTit
     000018D7  A$GameTit |    000018D8  A$GameTit |    000018D9  A$GameTit
     000018DA  A$GameTit |    000018DB  A$GameTit |    000018DE  A$GameTit
     000018DF  A$GameTit |    000018E0  A$GameTit |    000018E3  A$GameTit
ASxxxx Linker V03.00 + NoICE + sdld,  page 7.
Hexadecimal  [32-Bits]

Area                       Addr        Size        Decimal Bytes (Attributes)
--------------------       ----        ----        ------- ----- ------------
_CODE                  00000200    000059B5 =       22965. bytes (REL,CON)

        Value  Global            Value  Global            Value  Global    
        -----  ------            -----  ------            -----  ------    
     000018E5  A$GameTit |    000018E8  A$GameTit |    000018E9  A$GameTit
     000018EA  A$GameTit |    000018EB  A$GameTit |    000018EC  A$GameTit
     000018EF  A$GameTit |    000018F1  A$GameTit |    000018F1  C$GameTit
     000018F3  A$GameTit |    000018F4  A$GameTit |    000018F4  C$GameTit
     000018F6  A$GameTit |    000018F6  C$GameTit |    000018F6  XG$GameTi
     000018F7  G$Globe_T |    000018F7  _Globe_Ti |    00001FF7  G$Title_M
     00001FF7  _Title_Ma |    0000215F  G$TitleLa |    0000215F  _TitleLab
     0000247F  A$common$ |    0000247F  C$common. |    0000247F  G$perform
     0000247F  _performa |    00002480  A$common$ |    00002482  A$common$
     00002483  A$common$ |    00002484  A$common$ |    00002485  A$common$
     00002485  C$common. |    00002488  A$common$ |    00002488  C$common.
     00002489  A$common$ |    00002489  C$common. |    00002489  XG$perfor
     0000248B  A$common$ |    0000248B  C$common. |    0000248B  G$DrawNum
     0000248B  _DrawNumb |    0000248D  A$common$ |    0000248F  A$common$
     00002490  A$common$ |    00002491  A$common$ |    00002491  C$common.
     00002493  A$common$ |    00002495  A$common$ |    00002496  A$common$
     00002497  A$common$ |    00002499  A$common$ |    0000249A  A$common$
     0000249B  A$common$ |    0000249D  A$common$ |    0000249E  A$common$
     0000249F  A$common$ |    000024A1  A$common$ |    000024A2  A$common$
     000024A4  A$common$ |    000024A4  C$common. |    000024A6  A$common$
     000024A7  A$common$ |    000024A9  A$common$ |    000024AA  A$common$
     000024AC  A$common$ |    000024AD  A$common$ |    000024AF  A$common$
     000024B0  A$common$ |    000024B2  A$common$ |    000024B3  A$common$
     000024B4  A$common$ |    000024B7  A$common$ |    000024B8  A$common$
     000024B9  A$common$ |    000024BB  A$common$ |    000024BC  A$common$
     000024BD  A$common$ |    000024BE  A$common$ |    000024BF  A$common$
     000024C2  A$common$ |    000024C4  A$common$ |    000024C4  C$common.
     000024C6  A$common$ |    000024C7  A$common$ |    000024C8  A$common$
     000024C9  A$common$ |    000024CA  A$common$ |    000024CD  A$common$
     000024CE  A$common$ |    000024D0  A$common$ |    000024D1  A$common$
     000024D2  A$common$ |    000024D3  A$common$ |    000024D5  A$common$
     000024D6  A$common$ |    000024D8  A$common$ |    000024D9  A$common$
     000024DB  A$common$ |    000024DC  A$common$ |    000024DE  A$common$
     000024DF  A$common$ |    000024DF  C$common. |    000024E2  A$common$
     000024E3  A$common$ |    000024E4  A$common$ |    000024E7  A$common$
     000024E8  A$common$ |    000024EA  A$common$ |    000024EB  A$common$
     000024EC  A$common$ |    000024ED  A$common$ |    000024EF  A$common$
     000024F0  A$common$ |    000024F2  A$common$ |    000024F3  A$common$
     000024F3  C$common. |    000024F5  A$common$ |    000024F6  A$common$
     000024F8  A$common$ |    000024F9  A$common$ |    000024FB  A$common$
     000024FC  A$common$ |    000024FE  A$common$ |    000024FF  A$common$
     00002501  A$common$ |    00002503  A$common$ |    00002504  A$common$
     00002506  A$common$ |    00002507  A$common$ |    00002508  A$common$
     00002509  A$common$ |    0000250A  A$common$ |    0000250B  A$common$
     0000250D  A$common$ |    0000250E  A$common$ |    0000250F  A$common$
     00002510  A$common$ |    00002511  A$common$ |    00002512  A$common$
     00002513  A$common$ |    00002514  A$common$ |    00002515  A$common$
     00002516  A$common$ |    00002517  A$common$ |    00002518  A$common$
     00002519  A$common$ |    0000251A  A$common$ |    0000251B  A$common$
     0000251C  A$common$ |    0000251D  A$common$ |    0000251E  A$common$
     00002520  A$common$ |    00002521  A$common$ |    00002522  A$common$
ASxxxx Linker V03.00 + NoICE + sdld,  page 8.
Hexadecimal  [32-Bits]

Area                       Addr        Size        Decimal Bytes (Attributes)
--------------------       ----        ----        ------- ----- ------------
_CODE                  00000200    000059B5 =       22965. bytes (REL,CON)

        Value  Global            Value  Global            Value  Global    
        -----  ------            -----  ------            -----  ------    
     00002524  A$common$ |    00002525  A$common$ |    00002527  A$common$
     00002529  A$common$ |    0000252A  A$common$ |    0000252B  A$common$
     0000252C  A$common$ |    0000252D  A$common$ |    0000252E  A$common$
     0000252F  A$common$ |    00002530  A$common$ |    00002532  A$common$
     00002534  A$common$ |    00002536  A$common$ |    00002538  A$common$
     00002539  A$common$ |    0000253B  A$common$ |    0000253D  A$common$
     0000253F  A$common$ |    00002540  A$common$ |    00002542  A$common$
     00002542  C$common. |    00002544  A$common$ |    00002545  A$common$
     00002547  A$common$ |    00002548  A$common$ |    0000254A  A$common$
     0000254B  A$common$ |    0000254D  A$common$ |    0000254E  A$common$
     00002550  A$common$ |    00002551  A$common$ |    00002553  A$common$
     00002554  A$common$ |    00002555  A$common$ |    00002557  A$common$
     00002558  A$common$ |    00002559  A$common$ |    0000255B  A$common$
     0000255C  A$common$ |    0000255D  A$common$ |    0000255E  A$common$
     0000255F  A$common$ |    00002562  A$common$ |    00002564  A$common$
     00002564  C$common. |    00002566  A$common$ |    00002567  A$common$
     00002569  A$common$ |    00002569  C$common. |    0000256B  A$common$
     0000256C  A$common$ |    0000256D  A$common$ |    0000256E  A$common$
     00002570  A$common$ |    00002571  A$common$ |    00002573  A$common$
     00002574  A$common$ |    00002576  A$common$ |    00002576  C$common.
     00002577  A$common$ |    00002579  A$common$ |    0000257C  A$common$
     0000257D  A$common$ |    0000257E  A$common$ |    0000257F  A$common$
     00002580  A$common$ |    00002582  A$common$ |    00002583  A$common$
     00002584  A$common$ |    00002585  A$common$ |    00002586  A$common$
     00002587  A$common$ |    00002588  A$common$ |    00002589  A$common$
     0000258C  A$common$ |    0000258E  A$common$ |    0000258F  A$common$
     0000258F  C$common. |    00002590  A$common$ |    00002592  A$common$
     00002592  C$common. |    00002594  A$common$ |    00002595  A$common$
     00002597  A$common$ |    00002598  A$common$ |    00002598  C$common.
     00002598  G$DrawTex |    00002598  _DrawText |    0000259A  A$common$
     0000259B  A$common$ |    0000259B  C$common. |    0000259C  A$common$
     0000259D  A$common$ |    0000259E  A$common$ |    0000259F  A$common$
     000025A0  A$common$ |    000025A3  A$common$ |    000025A4  A$common$
     000025A6  A$common$ |    000025A8  A$common$ |    000025A9  A$common$
     000025AB  A$common$ |    000025AC  A$common$ |    000025AD  A$common$
     000025AE  A$common$ |    000025B0  A$common$ |    000025B1  A$common$
     000025B3  A$common$ |    000025B4  A$common$ |    000025B5  A$common$
     000025B6  A$common$ |    000025B7  A$common$ |    000025B7  C$common.
     000025B8  A$common$ |    000025B8  C$common. |    000025B9  A$common$
     000025BA  A$common$ |    000025BD  A$common$ |    000025BD  C$common.
     000025BE  A$common$ |    000025BF  A$common$ |    000025C0  A$common$
     000025C1  A$common$ |    000025C2  A$common$ |    000025C3  A$common$
     000025C4  A$common$ |    000025C5  A$common$ |    000025C6  A$common$
     000025C7  A$common$ |    000025C9  A$common$ |    000025CB  A$common$
     000025CD  A$common$ |    000025CE  A$common$ |    000025D0  A$common$
     000025D1  A$common$ |    000025D3  A$common$ |    000025D4  A$common$
     000025D5  A$common$ |    000025D6  A$common$ |    000025D7  A$common$
     000025D8  A$common$ |    000025D9  A$common$ |    000025DA  A$common$
     000025DB  A$common$ |    000025DE  A$common$ |    000025E0  A$common$
     000025E1  A$common$ |    000025E4  A$common$ |    000025E4  C$common.
     000025E5  A$common$ |    000025E7  A$common$ |    000025E9  A$common$
ASxxxx Linker V03.00 + NoICE + sdld,  page 9.
Hexadecimal  [32-Bits]

Area                       Addr        Size        Decimal Bytes (Attributes)
--------------------       ----        ----        ------- ----- ------------
_CODE                  00000200    000059B5 =       22965. bytes (REL,CON)

        Value  Global            Value  Global            Value  Global    
        -----  ------            -----  ------            -----  ------    
     000025EB  A$common$ |    000025EC  A$common$ |    000025EE  A$common$
     000025EF  A$common$ |    000025F1  A$common$ |    000025F2  A$common$
     000025F3  A$common$ |    000025F4  A$common$ |    000025F5  A$common$
     000025F6  A$common$ |    000025F7  A$common$ |    000025F8  A$common$
     000025F9  A$common$ |    000025FC  A$common$ |    000025FE  A$common$
     000025FF  A$common$ |    00002601  A$common$ |    00002601  C$common.
     00002602  A$common$ |    00002604  A$common$ |    00002606  A$common$
     00002608  A$common$ |    00002609  A$common$ |    0000260B  A$common$
     0000260C  A$common$ |    0000260E  A$common$ |    0000260F  A$common$
     00002610  A$common$ |    00002611  A$common$ |    00002612  A$common$
     00002613  A$common$ |    00002614  A$common$ |    00002615  A$common$
     00002616  A$common$ |    00002619  A$common$ |    0000261B  A$common$
     0000261C  A$common$ |    0000261E  A$common$ |    0000261E  C$common.
     0000261F  A$common$ |    00002621  A$common$ |    00002623  A$common$
     00002625  A$common$ |    00002627  A$common$ |    00002629  A$common$
     0000262B  A$common$ |    0000262B  C$common. |    0000262C  A$common$
     0000262D  A$common$ |    0000262E  A$common$ |    0000262F  A$common$
     00002630  A$common$ |    00002632  A$common$ |    00002633  A$common$
     00002634  A$common$ |    00002635  A$common$ |    00002638  A$common$
     0000263A  A$common$ |    0000263B  A$common$ |    0000263D  A$common$
     0000263D  C$common. |    0000263E  A$common$ |    0000263F  A$common$
     00002640  A$common$ |    00002641  A$common$ |    00002642  A$common$
     00002644  A$common$ |    00002645  A$common$ |    00002646  A$common$
     00002647  A$common$ |    0000264A  A$common$ |    0000264C  A$common$
     0000264D  A$common$ |    0000264F  A$common$ |    0000264F  C$common.
     00002650  A$common$ |    00002651  A$common$ |    00002652  A$common$
     00002653  A$common$ |    00002654  A$common$ |    00002656  A$common$
     00002657  A$common$ |    00002658  A$common$ |    00002659  A$common$
     0000265C  A$common$ |    0000265E  A$common$ |    0000265F  A$common$
     00002661  A$common$ |    00002661  C$common. |    00002662  A$common$
     00002663  A$common$ |    00002663  C$common. |    00002663  C$common.
     00002665  A$common$ |    00002666  A$common$ |    00002669  A$common$
     00002669  C$common. |    0000266A  A$common$ |    0000266C  A$common$
     0000266C  C$common. |    0000266E  A$common$ |    0000266F  A$common$
     00002670  A$common$ |    00002671  A$common$ |    00002671  C$common.
     00002671  G$fadeToB |    00002671  _fadeToBl |    00002672  A$common$
     00002674  A$common$ |    00002675  A$common$ |    00002677  A$common$
     00002678  A$common$ |    00002678  C$common. |    00002679  A$common$
     0000267A  A$common$ |    0000267C  A$common$ |    0000267D  A$common$
     0000267E  A$common$ |    00002680  A$common$ |    00002681  A$common$
     00002683  A$common$ |    00002685  A$common$ |    00002687  A$common$
     00002689  A$common$ |    0000268B  A$common$ |    0000268B  C$common.
     0000268B  C$common. |    0000268D  A$common$ |    0000268F  A$common$
     0000268F  C$common. |    00002691  A$common$ |    00002693  A$common$
     00002693  C$common. |    00002695  A$common$ |    00002695  C$common.
     00002695  C$common. |    00002697  A$common$ |    00002699  A$common$
     00002699  C$common. |    0000269B  A$common$ |    0000269D  A$common$
     0000269D  C$common. |    0000269F  A$common$ |    0000269F  C$common.
     0000269F  C$common. |    000026A1  A$common$ |    000026A3  A$common$
     000026A3  C$common. |    000026A5  A$common$ |    000026A7  A$common$
     000026A7  C$common. |    000026A9  A$common$ |    000026A9  C$common.
ASxxxx Linker V03.00 + NoICE + sdld,  page 10.
Hexadecimal  [32-Bits]

Area                       Addr        Size        Decimal Bytes (Attributes)
--------------------       ----        ----        ------- ----- ------------
_CODE                  00000200    000059B5 =       22965. bytes (REL,CON)

        Value  Global            Value  Global            Value  Global    
        -----  ------            -----  ------            -----  ------    
     000026A9  C$common. |    000026AB  A$common$ |    000026AD  A$common$
     000026AD  C$common. |    000026AF  A$common$ |    000026B1  A$common$
     000026B1  C$common. |    000026B1  C$common. |    000026B2  A$common$
     000026B3  A$common$ |    000026B6  A$common$ |    000026B7  A$common$
     000026B7  C$common. |    000026B8  A$common$ |    000026B8  C$common.
     000026B8  XG$fadeTo |    000026BA  A$common$ |    000026BA  C$common.
     000026BA  G$fadeFro |    000026BA  _fadeFrom |    000026BB  A$common$
     000026BD  A$common$ |    000026BE  A$common$ |    000026C0  A$common$
     000026C1  A$common$ |    000026C1  C$common. |    000026C2  A$common$
     000026C3  A$common$ |    000026C5  A$common$ |    000026C6  A$common$
     000026C7  A$common$ |    000026C9  A$common$ |    000026CA  A$common$
     000026CC  A$common$ |    000026CE  A$common$ |    000026D0  A$common$
     000026D2  A$common$ |    000026D4  A$common$ |    000026D4  C$common.
     000026D4  C$common. |    000026D6  A$common$ |    000026D8  A$common$
     000026D8  C$common. |    000026DA  A$common$ |    000026DC  A$common$
     000026DC  C$common. |    000026DE  A$common$ |    000026DE  C$common.
     000026DE  C$common. |    000026E0  A$common$ |    000026E2  A$common$
     000026E2  C$common. |    000026E4  A$common$ |    000026E6  A$common$
     000026E6  C$common. |    000026E8  A$common$ |    000026E8  C$common.
     000026E8  C$common. |    000026EA  A$common$ |    000026EC  A$common$
     000026EC  C$common. |    000026EE  A$common$ |    000026F0  A$common$
     000026F0  C$common. |    000026F2  A$common$ |    000026F2  C$common.
     000026F2  C$common. |    000026F4  A$common$ |    000026F6  A$common$
     000026F6  C$common. |    000026F8  A$common$ |    000026FA  A$common$
     000026FA  C$common. |    000026FA  C$common. |    000026FB  A$common$
     000026FC  A$common$ |    000026FF  A$common$ |    00002700  A$common$
     00002700  C$common. |    00002701  A$common$ |    00002701  C$common.
     00002701  XG$fadeFr |    00002703  A$common$ |    00002703  C$common.
     00002703  G$fadeToW |    00002703  _fadeToWh |    00002704  A$common$
     00002706  A$common$ |    00002707  A$common$ |    00002709  A$common$
     0000270A  A$common$ |    0000270A  C$common. |    0000270C  A$common$
     0000270D  A$common$ |    0000270F  A$common$ |    00002710  A$common$
     00002712  A$common$ |    00002715  A$common$ |    00002716  A$common$
     00002717  A$common$ |    00002717  C$common. |    00002718  A$common$
     0000271A  A$common$ |    0000271C  A$common$ |    0000271E  A$common$
     00002720  A$common$ |    00002722  A$common$ |    00002722  C$common.
     00002724  A$common$ |    00002726  A$common$ |    00002726  C$common.
     00002728  A$common$ |    0000272A  A$common$ |    0000272A  C$common.
     0000272C  A$common$ |    0000272C  C$common. |    0000272C  C$common.
     0000272E  A$common$ |    00002730  A$common$ |    00002730  C$common.
     00002732  A$common$ |    00002734  A$common$ |    00002734  C$common.
     00002736  A$common$ |    00002736  C$common. |    00002736  C$common.
     00002738  A$common$ |    0000273A  A$common$ |    0000273A  C$common.
     0000273C  A$common$ |    0000273E  A$common$ |    0000273E  C$common.
     00002740  A$common$ |    00002740  C$common. |    00002740  C$common.
     00002742  A$common$ |    00002744  A$common$ |    00002744  C$common.
     00002746  A$common$ |    00002748  A$common$ |    00002748  C$common.
     0000274A  A$common$ |    0000274A  C$common. |    0000274A  C$common.
     0000274B  A$common$ |    0000274D  A$common$ |    0000274D  C$common.
     0000274E  A$common$ |    00002750  A$common$ |    00002750  C$common.
     00002750  C$common. |    00002751  A$common$ |    00002752  A$common$
ASxxxx Linker V03.00 + NoICE + sdld,  page 11.
Hexadecimal  [32-Bits]

Area                       Addr        Size        Decimal Bytes (Attributes)
--------------------       ----        ----        ------- ----- ------------
_CODE                  00000200    000059B5 =       22965. bytes (REL,CON)

        Value  Global            Value  Global            Value  Global    
        -----  ------            -----  ------            -----  ------    
     00002755  A$common$ |    00002756  A$common$ |    00002756  C$common.
     00002757  A$common$ |    00002757  C$common. |    00002757  XG$fadeTo
     00002759  A$common$ |    00002759  C$common. |    00002759  G$fadeFro
     00002759  _fadeFrom |    0000275A  A$common$ |    0000275C  A$common$
     0000275D  A$common$ |    0000275F  A$common$ |    00002760  A$common$
     00002760  C$common. |    00002761  A$common$ |    00002762  A$common$
     00002764  A$common$ |    00002765  A$common$ |    00002766  A$common$
     00002768  A$common$ |    00002769  A$common$ |    0000276B  A$common$
     0000276D  A$common$ |    0000276F  A$common$ |    00002771  A$common$
     00002773  A$common$ |    00002773  C$common. |    00002773  C$common.
     00002775  A$common$ |    00002777  A$common$ |    00002777  C$common.
     00002779  A$common$ |    0000277B  A$common$ |    0000277B  C$common.
     0000277D  A$common$ |    0000277D  C$common. |    0000277D  C$common.
     0000277F  A$common$ |    00002781  A$common$ |    00002781  C$common.
     00002783  A$common$ |    00002785  A$common$ |    00002785  C$common.
     00002787  A$common$ |    00002787  C$common. |    00002787  C$common.
     00002789  A$common$ |    0000278B  A$common$ |    0000278B  C$common.
     0000278D  A$common$ |    0000278F  A$common$ |    0000278F  C$common.
     00002791  A$common$ |    00002791  C$common. |    00002791  C$common.
     00002793  A$common$ |    00002795  A$common$ |    00002795  C$common.
     00002797  A$common$ |    00002799  A$common$ |    00002799  C$common.
     00002799  C$common. |    0000279A  A$common$ |    0000279B  A$common$
     0000279E  A$common$ |    0000279F  A$common$ |    0000279F  C$common.
     000027A0  A$common$ |    000027A0  C$common. |    000027A0  XG$fadeFr
     000027A2  A$common$ |    000027A2  C$common. |    000027A2  C$common.
     000027A2  G$InvertC |    000027A2  _InvertCo |    000027A4  A$common$
     000027A6  A$common$ |    000027A6  C$common. |    000027A8  A$common$
     000027AA  A$common$ |    000027AA  C$common. |    000027AA  XG$Invert
     000027AB  A$common$ |    000027AB  C$common. |    000027AB  C$common.
     000027AB  G$ResetCo |    000027AB  _ResetCol |    000027AD  A$common$
     000027AF  A$common$ |    000027AF  C$common. |    000027B1  A$common$
     000027B3  A$common$ |    000027B3  C$common. |    000027B3  XG$ResetC
     000027B4  A$CoreGam |    000027B4  C$CoreGam |    000027B4  G$set_cam
     000027B4  _set_came |    000027B6  A$CoreGam |    000027B6  C$CoreGam
     000027B9  A$CoreGam |    000027BB  A$CoreGam |    000027BE  A$CoreGam
     000027C0  A$CoreGam |    000027C0  C$CoreGam |    000027C3  A$CoreGam
     000027C4  A$CoreGam |    000027C5  A$CoreGam |    000027C6  A$CoreGam
     000027C8  A$CoreGam |    000027CA  A$CoreGam |    000027CC  A$CoreGam
     000027CE  A$CoreGam |    000027D0  A$CoreGam |    000027D2  A$CoreGam
     000027D5  A$CoreGam |    000027D6  A$CoreGam |    000027D7  A$CoreGam
     000027D7  C$CoreGam |    000027D8  A$CoreGam |    000027DB  A$CoreGam
     000027DC  A$CoreGam |    000027DF  A$CoreGam |    000027E2  A$CoreGam
     000027E3  A$CoreGam |    000027E5  A$CoreGam |    000027E6  A$CoreGam
     000027E7  A$CoreGam |    000027E9  A$CoreGam |    000027EA  A$CoreGam
     000027EC  A$CoreGam |    000027ED  A$CoreGam |    000027EE  A$CoreGam
     000027EF  A$CoreGam |    000027F0  A$CoreGam |    000027F1  A$CoreGam
     000027F3  A$CoreGam |    000027F4  A$CoreGam |    000027F5  A$CoreGam
     000027F6  A$CoreGam |    000027F7  A$CoreGam |    000027F8  A$CoreGam
     000027FA  A$CoreGam |    000027FB  A$CoreGam |    000027FD  A$CoreGam
     000027FE  A$CoreGam |    00002800  A$CoreGam |    00002801  A$CoreGam
     00002802  A$CoreGam |    00002802  C$CoreGam |    00002805  A$CoreGam
ASxxxx Linker V03.00 + NoICE + sdld,  page 12.
Hexadecimal  [32-Bits]

Area                       Addr        Size        Decimal Bytes (Attributes)
--------------------       ----        ----        ------- ----- ------------
_CODE                  00000200    000059B5 =       22965. bytes (REL,CON)

        Value  Global            Value  Global            Value  Global    
        -----  ------            -----  ------            -----  ------    
     00002808  A$CoreGam |    00002809  A$CoreGam |    0000280A  A$CoreGam
     0000280B  A$CoreGam |    0000280C  A$CoreGam |    0000280D  A$CoreGam
     0000280E  A$CoreGam |    00002810  A$CoreGam |    00002811  A$CoreGam
     00002812  A$CoreGam |    00002814  A$CoreGam |    00002816  A$CoreGam
     00002818  A$CoreGam |    0000281A  A$CoreGam |    0000281B  A$CoreGam
     0000281C  A$CoreGam |    0000281F  A$CoreGam |    00002821  A$CoreGam
     00002823  A$CoreGam |    00002824  A$CoreGam |    00002825  A$CoreGam
     00002828  A$CoreGam |    00002829  A$CoreGam |    0000282B  A$CoreGam
     0000282C  A$CoreGam |    0000282D  A$CoreGam |    0000282E  A$CoreGam
     0000282F  A$CoreGam |    00002831  A$CoreGam |    00002832  A$CoreGam
     00002833  A$CoreGam |    00002834  A$CoreGam |    00002837  A$CoreGam
     00002839  A$CoreGam |    0000283C  A$CoreGam |    0000283E  A$CoreGam
     0000283E  C$CoreGam |    00002840  A$CoreGam |    00002840  C$CoreGam
     00002843  A$CoreGam |    00002845  A$CoreGam |    00002847  A$CoreGam
     0000284A  A$CoreGam |    0000284B  A$CoreGam |    0000284C  A$CoreGam
     0000284E  A$CoreGam |    00002851  A$CoreGam |    00002853  A$CoreGam
     00002855  A$CoreGam |    00002856  A$CoreGam |    00002857  A$CoreGam
     00002858  A$CoreGam |    0000285B  A$CoreGam |    0000285D  A$CoreGam
     00002860  A$CoreGam |    00002862  A$CoreGam |    00002864  A$CoreGam
     00002865  A$CoreGam |    00002866  A$CoreGam |    00002867  A$CoreGam
     00002869  A$CoreGam |    0000286A  A$CoreGam |    0000286B  A$CoreGam
     0000286C  A$CoreGam |    0000286D  A$CoreGam |    0000286E  A$CoreGam
     0000286F  A$CoreGam |    00002870  A$CoreGam |    00002872  A$CoreGam
     00002873  A$CoreGam |    00002874  A$CoreGam |    00002875  A$CoreGam
     00002878  A$CoreGam |    0000287A  A$CoreGam |    0000287D  A$CoreGam
     0000287F  A$CoreGam |    0000287F  C$CoreGam |    0000287F  C$CoreGam
     00002882  A$CoreGam |    00002883  A$CoreGam |    00002883  C$CoreGam
     00002886  A$CoreGam |    00002887  A$CoreGam |    00002887  C$CoreGam
     0000288A  A$CoreGam |    0000288B  A$CoreGam |    0000288C  A$CoreGam
     0000288D  A$CoreGam |    0000288F  A$CoreGam |    00002891  A$CoreGam
     00002893  A$CoreGam |    00002895  A$CoreGam |    00002897  A$CoreGam
     00002899  A$CoreGam |    0000289C  A$CoreGam |    0000289D  A$CoreGam
     0000289D  C$CoreGam |    0000289E  A$CoreGam |    000028A1  A$CoreGam
     000028A2  A$CoreGam |    000028A5  A$CoreGam |    000028A5  C$CoreGam
     000028A8  A$CoreGam |    000028A9  A$CoreGam |    000028AB  A$CoreGam
     000028AC  A$CoreGam |    000028AE  A$CoreGam |    000028AF  A$CoreGam
     000028B0  A$CoreGam |    000028B1  A$CoreGam |    000028B2  A$CoreGam
     000028B3  A$CoreGam |    000028B5  A$CoreGam |    000028B6  A$CoreGam
     000028B7  A$CoreGam |    000028B8  A$CoreGam |    000028B9  A$CoreGam
     000028BA  A$CoreGam |    000028BC  A$CoreGam |    000028BD  A$CoreGam
     000028BF  A$CoreGam |    000028C0  A$CoreGam |    000028C2  A$CoreGam
     000028C3  A$CoreGam |    000028C4  A$CoreGam |    000028C4  C$CoreGam
     000028C5  A$CoreGam |    000028C8  A$CoreGam |    000028CB  A$CoreGam
     000028CC  A$CoreGam |    000028CD  A$CoreGam |    000028CE  A$CoreGam
     000028CF  A$CoreGam |    000028D0  A$CoreGam |    000028D1  A$CoreGam
     000028D2  A$CoreGam |    000028D4  A$CoreGam |    000028D5  A$CoreGam
     000028D6  A$CoreGam |    000028D8  A$CoreGam |    000028DB  A$CoreGam
     000028DC  A$CoreGam |    000028DF  A$CoreGam |    000028E2  A$CoreGam
     000028E4  A$CoreGam |    000028E6  A$CoreGam |    000028E7  A$CoreGam
     000028E8  A$CoreGam |    000028EB  A$CoreGam |    000028EC  A$CoreGam
     000028ED  A$CoreGam |    000028EE  A$CoreGam |    000028F0  A$CoreGam
ASxxxx Linker V03.00 + NoICE + sdld,  page 13.
Hexadecimal  [32-Bits]

Area                       Addr        Size        Decimal Bytes (Attributes)
--------------------       ----        ----        ------- ----- ------------
_CODE                  00000200    000059B5 =       22965. bytes (REL,CON)

        Value  Global            Value  Global            Value  Global    
        -----  ------            -----  ------            -----  ------    
     000028F1  A$CoreGam |    000028F2  A$CoreGam |    000028F3  A$CoreGam
     000028F4  A$CoreGam |    000028F5  A$CoreGam |    000028F6  A$CoreGam
     000028F7  A$CoreGam |    000028FA  A$CoreGam |    000028FC  A$CoreGam
     000028FF  A$CoreGam |    00002901  A$CoreGam |    00002901  C$CoreGam
     00002903  A$CoreGam |    00002903  C$CoreGam |    00002906  A$CoreGam
     00002908  A$CoreGam |    0000290A  A$CoreGam |    0000290B  A$CoreGam
     0000290C  A$CoreGam |    0000290E  A$CoreGam |    00002911  A$CoreGam
     00002912  A$CoreGam |    00002915  A$CoreGam |    00002917  A$CoreGam
     0000291A  A$CoreGam |    0000291C  A$CoreGam |    0000291E  A$CoreGam
     0000291F  A$CoreGam |    00002920  A$CoreGam |    00002923  A$CoreGam
     00002924  A$CoreGam |    00002925  A$CoreGam |    00002926  A$CoreGam
     00002928  A$CoreGam |    00002929  A$CoreGam |    0000292A  A$CoreGam
     0000292B  A$CoreGam |    0000292C  A$CoreGam |    0000292D  A$CoreGam
     0000292E  A$CoreGam |    0000292F  A$CoreGam |    00002932  A$CoreGam
     00002934  A$CoreGam |    00002937  A$CoreGam |    00002939  A$CoreGam
     00002939  C$CoreGam |    00002939  C$CoreGam |    0000293C  A$CoreGam
     0000293F  A$CoreGam |    0000293F  C$CoreGam |    00002942  A$CoreGam
     00002945  A$CoreGam |    00002948  A$CoreGam |    0000294B  A$CoreGam
     0000294E  A$CoreGam |    00002951  A$CoreGam |    00002954  A$CoreGam
     00002957  A$CoreGam |    00002959  A$CoreGam |    00002959  C$CoreGam
     00002959  XG$set_ca |    0000295A  A$CoreGam |    0000295A  C$CoreGam
     0000295A  C$CoreGam |    0000295A  G$CoreGam |    0000295A  _CoreGame
     0000295D  A$CoreGam |    0000295F  A$CoreGam |    00002962  A$CoreGam
     00002964  A$CoreGam |    00002964  C$CoreGam |    00002967  A$CoreGam
     00002969  A$CoreGam |    00002969  C$CoreGam |    0000296C  A$CoreGam
     0000296E  A$CoreGam |    0000296F  A$CoreGam |    00002970  A$CoreGam
     00002971  A$CoreGam |    00002971  C$CoreGam |    00002974  A$CoreGam
     00002976  A$CoreGam |    00002977  A$CoreGam |    00002978  A$CoreGam
     00002979  A$CoreGam |    00002979  C$CoreGam |    0000297C  A$CoreGam
     0000297E  A$CoreGam |    0000297F  A$CoreGam |    00002980  A$CoreGam
     00002981  A$CoreGam |    00002984  A$CoreGam |    00002986  A$CoreGam
     00002987  A$CoreGam |    00002988  A$CoreGam |    00002989  A$CoreGam
     00002989  C$CoreGam |    0000298C  A$CoreGam |    0000298E  A$CoreGam
     0000298E  C$CoreGam |    00002991  A$CoreGam |    00002992  A$CoreGam
     00002995  A$CoreGam |    00002996  A$CoreGam |    00002999  A$CoreGam
     0000299B  A$CoreGam |    0000299E  A$CoreGam |    000029A0  A$CoreGam
     000029A2  A$CoreGam |    000029A3  A$CoreGam |    000029A4  A$CoreGam
     000029A7  A$CoreGam |    000029A8  A$CoreGam |    000029AB  A$CoreGam
     000029AC  A$CoreGam |    000029AD  A$CoreGam |    000029AE  A$CoreGam
     000029AF  A$CoreGam |    000029B2  A$CoreGam |    000029B4  A$CoreGam
     000029B7  A$CoreGam |    000029B9  A$CoreGam |    000029B9  C$CoreGam
     000029BC  A$CoreGam |    000029BD  A$CoreGam |    000029C0  A$CoreGam
     000029C1  A$CoreGam |    000029C4  A$CoreGam |    000029C6  A$CoreGam
     000029C6  C$CoreGam |    000029C8  A$CoreGam |    000029CA  A$CoreGam
     000029CC  A$CoreGam |    000029CC  C$CoreGam |    000029CE  A$CoreGam
     000029D0  A$CoreGam |    000029D2  A$CoreGam |    000029D2  C$CoreGam
     000029D4  A$CoreGam |    000029D6  A$CoreGam |    000029D8  A$CoreGam
     000029D8  C$CoreGam |    000029DB  A$CoreGam |    000029DB  C$CoreGam
     000029DD  A$CoreGam |    000029DD  C$CoreGam |    000029DD  XG$CoreGa
     000029E0  A$CoreGam |    000029E0  C$CoreGam |    000029E0  C$CoreGam
     000029E0  G$CoreGam |    000029E0  _CoreGame |    000029E3  A$CoreGam
ASxxxx Linker V03.00 + NoICE + sdld,  page 14.
Hexadecimal  [32-Bits]

Area                       Addr        Size        Decimal Bytes (Attributes)
--------------------       ----        ----        ------- ----- ------------
_CODE                  00000200    000059B5 =       22965. bytes (REL,CON)

        Value  Global            Value  Global            Value  Global    
        -----  ------            -----  ------            -----  ------    
     000029E6  A$CoreGam |    000029E6  C$CoreGam |    000029E9  A$CoreGam
     000029EC  A$CoreGam |    000029EC  C$CoreGam |    000029EF  A$CoreGam
     000029F2  A$CoreGam |    000029F2  C$CoreGam |    000029F5  A$CoreGam
     000029F6  A$CoreGam |    000029F8  A$CoreGam |    000029FA  A$CoreGam
     000029FA  C$CoreGam |    000029FD  A$CoreGam |    000029FE  A$CoreGam
     000029FF  A$CoreGam |    00002A01  A$CoreGam |    00002A01  C$CoreGam
     00002A02  A$CoreGam |    00002A03  A$CoreGam |    00002A04  A$CoreGam
     00002A05  A$CoreGam |    00002A06  A$CoreGam |    00002A07  A$CoreGam
     00002A08  A$CoreGam |    00002A09  A$CoreGam |    00002A09  C$CoreGam
     00002A0C  A$CoreGam |    00002A0E  A$CoreGam |    00002A10  A$CoreGam
     00002A10  C$CoreGam |    00002A12  A$CoreGam |    00002A14  A$CoreGam
     00002A14  C$CoreGam |    00002A17  A$CoreGam |    00002A18  A$CoreGam
     00002A19  A$CoreGam |    00002A1B  A$CoreGam |    00002A1C  A$CoreGam
     00002A1E  A$CoreGam |    00002A20  A$CoreGam |    00002A20  C$CoreGam
     00002A21  A$CoreGam |    00002A22  A$CoreGam |    00002A24  A$CoreGam
     00002A25  A$CoreGam |    00002A26  A$CoreGam |    00002A26  C$CoreGam
     00002A29  A$CoreGam |    00002A2B  A$CoreGam |    00002A2B  C$CoreGam
     00002A2D  A$CoreGam |    00002A2F  A$CoreGam |    00002A2F  C$CoreGam
     00002A32  A$CoreGam |    00002A33  A$CoreGam |    00002A34  A$CoreGam
     00002A36  A$CoreGam |    00002A36  C$CoreGam |    00002A37  A$CoreGam
     00002A38  A$CoreGam |    00002A39  A$CoreGam |    00002A3A  A$CoreGam
     00002A3B  A$CoreGam |    00002A3C  A$CoreGam |    00002A3D  A$CoreGam
     00002A3E  A$CoreGam |    00002A3E  C$CoreGam |    00002A41  A$CoreGam
     00002A43  A$CoreGam |    00002A45  A$CoreGam |    00002A45  C$CoreGam
     00002A47  A$CoreGam |    00002A49  A$CoreGam |    00002A49  C$CoreGam
     00002A4C  A$CoreGam |    00002A4D  A$CoreGam |    00002A4F  A$CoreGam
     00002A50  A$CoreGam |    00002A52  A$CoreGam |    00002A54  A$CoreGam
     00002A54  C$CoreGam |    00002A55  A$CoreGam |    00002A56  A$CoreGam
     00002A58  A$CoreGam |    00002A59  A$CoreGam |    00002A5A  A$CoreGam
     00002A5A  C$CoreGam |    00002A5D  A$CoreGam |    00002A5F  A$CoreGam
     00002A61  A$CoreGam |    00002A61  C$CoreGam |    00002A63  A$CoreGam
     00002A65  A$CoreGam |    00002A65  C$CoreGam |    00002A67  A$CoreGam
     00002A6A  A$CoreGam |    00002A6A  C$CoreGam |    00002A6C  A$CoreGam
     00002A6D  A$CoreGam |    00002A6D  C$CoreGam |    00002A6F  A$CoreGam
     00002A71  A$CoreGam |    00002A71  C$CoreGam |    00002A74  A$CoreGam
     00002A75  A$CoreGam |    00002A78  A$CoreGam |    00002A79  A$CoreGam
     00002A7C  A$CoreGam |    00002A7E  A$CoreGam |    00002A7E  C$CoreGam
     00002A81  A$CoreGam |    00002A82  A$CoreGam |    00002A84  A$CoreGam
     00002A84  C$CoreGam |    00002A87  A$CoreGam |    00002A87  C$CoreGam
     00002A8A  A$CoreGam |    00002A8A  C$CoreGam |    00002A8D  A$CoreGam
     00002A8F  A$CoreGam |    00002A8F  C$CoreGam |    00002A91  A$CoreGam
     00002A91  C$CoreGam |    00002A91  XG$CoreGa |    00002A92  G$JohnDoe
     00002A92  _JohnDoe_ |    00002BFA  G$JohnDoe |    00002BFA  _JohnDoe_
     000030FA  A$GameJoh |    000030FA  C$GameJoh |    000030FA  G$scanlin
     000030FA  _scanline |    000030FB  A$GameJoh |    000030FC  A$GameJoh
     000030FD  A$GameJoh |    000030FE  A$GameJoh |    000030FE  C$GameJoh
     00003100  A$GameJoh |    00003102  A$GameJoh |    00003103  A$GameJoh
     00003106  A$GameJoh |    00003107  A$GameJoh |    00003108  A$GameJoh
     00003109  A$GameJoh |    0000310A  A$GameJoh |    0000310C  A$GameJoh
     0000310D  A$GameJoh |    0000310E  A$GameJoh |    00003110  A$GameJoh
     00003111  A$GameJoh |    00003112  A$GameJoh |    00003113  A$GameJoh
ASxxxx Linker V03.00 + NoICE + sdld,  page 15.
Hexadecimal  [32-Bits]

Area                       Addr        Size        Decimal Bytes (Attributes)
--------------------       ----        ----        ------- ----- ------------
_CODE                  00000200    000059B5 =       22965. bytes (REL,CON)

        Value  Global            Value  Global            Value  Global    
        -----  ------            -----  ------            -----  ------    
     00003114  A$GameJoh |    00003114  C$GameJoh |    00003114  XG$scanli
     00003115  G$scanlin |    00003115  _scanline |    00003125  G$scanlin
     00003125  _scanline |    00003135  A$GameJoh |    00003135  C$GameJoh
     00003135  G$GameJoh |    00003135  _GameJohn |    00003136  A$GameJoh
     00003138  A$GameJoh |    00003139  A$GameJoh |    0000313B  A$GameJoh
     0000313B  C$GameJoh |    0000313E  A$GameJoh |    0000313F  A$GameJoh
     00003142  A$GameJoh |    00003143  A$GameJoh |    00003146  A$GameJoh
     00003148  A$GameJoh |    00003148  C$GameJoh |    0000314B  A$GameJoh
     0000314C  A$GameJoh |    0000314F  A$GameJoh |    00003150  A$GameJoh
     00003151  A$GameJoh |    00003152  A$GameJoh |    00003153  A$GameJoh
     00003156  A$GameJoh |    00003158  A$GameJoh |    00003158  C$GameJoh
     0000315A  A$GameJoh |    0000315C  A$GameJoh |    0000315E  A$GameJoh
     0000315E  C$GameJoh |    00003160  A$GameJoh |    00003160  C$GameJoh
     00003160  XG$GameJo |    00003163  A$GameJoh |    00003163  C$GameJoh
     00003163  C$GameJoh |    00003163  G$GameJoh |    00003163  _GameJohn
     00003166  A$GameJoh |    00003169  A$GameJoh |    00003169  C$GameJoh
     0000316C  A$GameJoh |    0000316F  A$GameJoh |    00003170  A$GameJoh
     00003170  C$GameJoh |    00003171  A$GameJoh |    00003173  A$GameJoh
     00003175  A$GameJoh |    00003178  A$GameJoh |    0000317A  A$GameJoh
     0000317C  A$GameJoh |    0000317F  A$GameJoh |    00003181  A$GameJoh
     00003183  A$GameJoh |    00003186  A$GameJoh |    00003188  A$GameJoh
     0000318A  A$GameJoh |    0000318D  A$GameJoh |    0000318F  A$GameJoh
     00003191  A$GameJoh |    00003193  A$GameJoh |    00003193  C$GameJoh
     00003193  C$GameJoh |    00003196  A$GameJoh |    00003197  A$GameJoh
     00003199  A$GameJoh |    00003199  C$GameJoh |    0000319C  A$GameJoh
     0000319C  C$GameJoh |    0000319F  A$GameJoh |    000031A1  A$GameJoh
     000031A3  A$GameJoh |    000031A3  C$GameJoh |    000031A6  A$GameJoh
     000031A6  C$GameJoh |    000031A9  A$GameJoh |    000031AB  A$GameJoh
     000031AB  C$GameJoh |    000031AD  A$GameJoh |    000031AD  C$GameJoh
     000031AD  C$GameJoh |    000031AF  A$GameJoh |    000031B2  A$GameJoh
     000031B2  C$GameJoh |    000031B4  A$GameJoh |    000031B7  A$GameJoh
     000031B7  C$GameJoh |    000031B9  A$GameJoh |    000031B9  C$GameJoh
     000031B9  C$GameJoh |    000031BB  A$GameJoh |    000031BE  A$GameJoh
     000031BE  C$GameJoh |    000031C0  A$GameJoh |    000031C3  A$GameJoh
     000031C3  C$GameJoh |    000031C5  A$GameJoh |    000031C5  C$GameJoh
     000031C5  C$GameJoh |    000031C8  A$GameJoh |    000031C9  A$GameJoh
     000031CB  A$GameJoh |    000031CB  C$GameJoh |    000031CD  A$GameJoh
     000031CF  A$GameJoh |    000031CF  C$GameJoh |    000031D1  A$GameJoh
     000031D2  A$GameJoh |    000031D3  A$GameJoh |    000031D6  A$GameJoh
     000031D7  A$GameJoh |    000031D7  C$GameJoh |    000031DA  A$GameJoh
     000031DC  A$GameJoh |    000031DE  A$GameJoh |    000031DE  C$GameJoh
     000031E1  A$GameJoh |    000031E3  A$GameJoh |    000031E3  C$GameJoh
     000031E5  A$GameJoh |    000031E5  C$GameJoh |    000031E5  C$GameJoh
     000031E7  A$GameJoh |    000031EA  A$GameJoh |    000031EA  C$GameJoh
     000031EC  A$GameJoh |    000031ED  A$GameJoh |    000031ED  C$GameJoh
     000031ED  C$GameJoh |    000031F0  A$GameJoh |    000031F1  A$GameJoh
     000031F2  A$GameJoh |    000031F3  A$GameJoh |    000031F5  A$GameJoh
     000031F7  A$GameJoh |    000031F9  A$GameJoh |    000031FB  A$GameJoh
     000031FC  A$GameJoh |    000031FE  A$GameJoh |    00003200  A$GameJoh
     00003202  A$GameJoh |    00003203  A$GameJoh |    00003204  A$GameJoh
     00003206  A$GameJoh |    00003209  A$GameJoh |    0000320A  A$GameJoh
ASxxxx Linker V03.00 + NoICE + sdld,  page 16.
Hexadecimal  [32-Bits]

Area                       Addr        Size        Decimal Bytes (Attributes)
--------------------       ----        ----        ------- ----- ------------
_CODE                  00000200    000059B5 =       22965. bytes (REL,CON)

        Value  Global            Value  Global            Value  Global    
        -----  ------            -----  ------            -----  ------    
     0000320B  A$GameJoh |    0000320C  A$GameJoh |    0000320C  C$GameJoh
     0000320C  C$GameJoh |    0000320E  A$GameJoh |    0000320E  C$GameJoh
     0000320E  XG$GameJo |    0000320F  G$Crow_Ti |    0000320F  _Crow_Til
     0000339F  G$Crow_Ma |    0000339F  _Crow_Map |    000033C2  A$Bestiar
     000033C2  C$Bestiar |    000033C2  G$Bestiar |    000033C2  _Bestiary
     000033C3  A$Bestiar |    000033C5  A$Bestiar |    000033C6  A$Bestiar
     000033C8  A$Bestiar |    000033C8  C$Bestiar |    000033CB  A$Bestiar
     000033CC  A$Bestiar |    000033CF  A$Bestiar |    000033D0  A$Bestiar
     000033D3  A$Bestiar |    000033D5  A$Bestiar |    000033D5  C$Bestiar
     000033D8  A$Bestiar |    000033D9  A$Bestiar |    000033DC  A$Bestiar
     000033DD  A$Bestiar |    000033DE  A$Bestiar |    000033DF  A$Bestiar
     000033E0  A$Bestiar |    000033E3  A$Bestiar |    000033E5  A$Bestiar
     000033E5  C$Bestiar |    000033E7  A$Bestiar |    000033E9  A$Bestiar
     000033EB  A$Bestiar |    000033EB  C$Bestiar |    000033ED  A$Bestiar
     000033ED  C$Bestiar |    000033ED  XG$Bestia |    000033F0  A$Bestiar
     000033F0  C$Bestiar |    000033F0  G$Bestiar |    000033F0  _Bestiary
     000033F3  A$Bestiar |    000033F6  A$Bestiar |    000033F6  C$Bestiar
     000033F9  A$Bestiar |    000033FC  A$Bestiar |    000033FD  A$Bestiar
     000033FD  C$Bestiar |    000033FF  A$Bestiar |    00003401  A$Bestiar
     00003404  A$Bestiar |    00003406  A$Bestiar |    00003408  A$Bestiar
     00003408  C$Bestiar |    0000340B  A$Bestiar |    0000340C  A$Bestiar
     0000340E  A$Bestiar |    0000340F  A$Bestiar |    00003411  A$Bestiar
     00003413  A$Bestiar |    00003413  C$Bestiar |    00003414  A$Bestiar
     00003414  C$Bestiar |    00003417  A$Bestiar |    00003418  A$Bestiar
     0000341B  A$Bestiar |    0000341C  A$Bestiar |    0000341D  A$Bestiar
     0000341E  A$Bestiar |    0000341F  A$Bestiar |    00003422  A$Bestiar
     00003424  A$Bestiar |    00003424  C$Bestiar |    00003427  A$Bestiar
     00003428  A$Bestiar |    0000342A  A$Bestiar |    0000342D  A$Bestiar
     0000342E  A$Bestiar |    00003430  A$Bestiar |    00003430  C$Bestiar
     00003433  A$Bestiar |    00003434  A$Bestiar |    00003436  A$Bestiar
     00003437  A$Bestiar |    00003438  A$Bestiar |    0000343A  A$Bestiar
     0000343C  A$Bestiar |    0000343D  A$Bestiar |    0000343F  A$Bestiar
     00003440  A$Bestiar |    00003442  A$Bestiar |    00003444  A$Bestiar
     00003446  A$Bestiar |    00003448  A$Bestiar |    00003449  A$Bestiar
     0000344B  A$Bestiar |    0000344D  A$Bestiar |    0000344F  A$Bestiar
     00003450  A$Bestiar |    00003452  A$Bestiar |    00003452  C$Bestiar
     00003455  A$Bestiar |    00003456  A$Bestiar |    00003456  C$Bestiar
     00003459  A$Bestiar |    0000345A  A$Bestiar |    0000345D  A$Bestiar
     0000345E  A$Bestiar |    0000345F  A$Bestiar |    00003460  A$Bestiar
     00003461  A$Bestiar |    00003464  A$Bestiar |    00003466  A$Bestiar
     00003466  C$Bestiar |    00003469  A$Bestiar |    0000346A  A$Bestiar
     0000346C  A$Bestiar |    0000346C  C$Bestiar |    0000346F  A$Bestiar
     0000346F  C$Bestiar |    00003472  A$Bestiar |    00003472  C$Bestiar
     00003474  A$Bestiar |    00003476  A$Bestiar |    00003476  C$Bestiar
     00003478  A$Bestiar |    0000347B  A$Bestiar |    0000347B  C$Bestiar
     0000347D  A$Bestiar |    0000347E  A$Bestiar |    0000347E  C$Bestiar
     00003480  A$Bestiar |    00003482  A$Bestiar |    00003482  C$Bestiar
     00003484  A$Bestiar |    00003487  A$Bestiar |    00003487  C$Bestiar
     00003489  A$Bestiar |    0000348C  A$Bestiar |    0000348C  C$Bestiar
     0000348E  A$Bestiar |    00003491  A$Bestiar |    00003491  C$Bestiar
     00003493  A$Bestiar |    00003496  A$Bestiar |    00003496  C$Bestiar
ASxxxx Linker V03.00 + NoICE + sdld,  page 17.
Hexadecimal  [32-Bits]

Area                       Addr        Size        Decimal Bytes (Attributes)
--------------------       ----        ----        ------- ----- ------------
_CODE                  00000200    000059B5 =       22965. bytes (REL,CON)

        Value  Global            Value  Global            Value  Global    
        -----  ------            -----  ------            -----  ------    
     00003498  A$Bestiar |    0000349B  A$Bestiar |    0000349B  C$Bestiar
     0000349D  A$Bestiar |    0000349E  A$Bestiar |    0000349E  C$Bestiar
     000034A1  A$Bestiar |    000034A2  A$Bestiar |    000034A5  A$Bestiar
     000034A5  C$Bestiar |    000034A8  A$Bestiar |    000034A9  A$Bestiar
     000034AC  A$Bestiar |    000034AD  A$Bestiar |    000034B0  A$Bestiar
     000034B2  A$Bestiar |    000034B2  C$Bestiar |    000034B5  A$Bestiar
     000034B6  A$Bestiar |    000034B9  A$Bestiar |    000034BA  A$Bestiar
     000034BD  A$Bestiar |    000034BE  A$Bestiar |    000034C1  A$Bestiar
     000034C3  A$Bestiar |    000034C3  C$Bestiar |    000034C5  A$Bestiar
     000034C6  A$Bestiar |    000034C7  A$Bestiar |    000034CA  A$Bestiar
     000034CB  A$Bestiar |    000034CD  A$Bestiar |    000034CF  A$Bestiar
     000034D2  A$Bestiar |    000034D2  C$Bestiar |    000034D4  A$Bestiar
     000034D5  A$Bestiar |    000034D6  A$Bestiar |    000034D9  A$Bestiar
     000034DA  A$Bestiar |    000034DC  A$Bestiar |    000034DE  A$Bestiar
     000034E1  A$Bestiar |    000034E1  C$Bestiar |    000034E3  A$Bestiar
     000034E4  A$Bestiar |    000034E5  A$Bestiar |    000034E8  A$Bestiar
     000034E9  A$Bestiar |    000034EB  A$Bestiar |    000034ED  A$Bestiar
     000034F0  A$Bestiar |    000034F0  C$Bestiar |    000034F2  A$Bestiar
     000034F3  A$Bestiar |    000034F4  A$Bestiar |    000034F7  A$Bestiar
     000034F8  A$Bestiar |    000034FA  A$Bestiar |    000034FC  A$Bestiar
     000034FF  A$Bestiar |    000034FF  C$Bestiar |    00003501  A$Bestiar
     00003502  A$Bestiar |    00003503  A$Bestiar |    00003506  A$Bestiar
     00003507  A$Bestiar |    00003509  A$Bestiar |    0000350B  A$Bestiar
     0000350E  A$Bestiar |    0000350E  C$Bestiar |    00003510  A$Bestiar
     00003511  A$Bestiar |    00003512  A$Bestiar |    00003515  A$Bestiar
     00003516  A$Bestiar |    00003518  A$Bestiar |    0000351A  A$Bestiar
     0000351D  A$Bestiar |    0000351D  C$Bestiar |    00003520  A$Bestiar
     00003521  A$Bestiar |    00003523  A$Bestiar |    00003525  A$Bestiar
     00003528  A$Bestiar |    00003528  C$Bestiar |    0000352B  A$Bestiar
     0000352C  A$Bestiar |    0000352E  A$Bestiar |    00003530  A$Bestiar
     00003533  A$Bestiar |    00003533  C$Bestiar |    00003536  A$Bestiar
     00003537  A$Bestiar |    00003539  A$Bestiar |    0000353B  A$Bestiar
     0000353E  A$Bestiar |    00003541  A$Bestiar |    00003541  C$Bestiar
     00003544  A$Bestiar |    00003545  A$Bestiar |    00003548  A$Bestiar
     00003548  C$Bestiar |    0000354B  A$Bestiar |    0000354C  A$Bestiar
     0000354F  A$Bestiar |    00003550  A$Bestiar |    00003553  A$Bestiar
     00003555  A$Bestiar |    00003555  C$Bestiar |    00003558  A$Bestiar
     00003559  A$Bestiar |    0000355C  A$Bestiar |    0000355D  A$Bestiar
     00003560  A$Bestiar |    00003561  A$Bestiar |    00003564  A$Bestiar
     00003566  A$Bestiar |    00003566  C$Bestiar |    00003568  A$Bestiar
     00003569  A$Bestiar |    0000356A  A$Bestiar |    0000356D  A$Bestiar
     0000356E  A$Bestiar |    00003570  A$Bestiar |    00003572  A$Bestiar
     00003575  A$Bestiar |    00003575  C$Bestiar |    00003577  A$Bestiar
     00003578  A$Bestiar |    00003579  A$Bestiar |    0000357C  A$Bestiar
     0000357D  A$Bestiar |    0000357F  A$Bestiar |    00003581  A$Bestiar
     00003584  A$Bestiar |    00003584  C$Bestiar |    00003586  A$Bestiar
     00003587  A$Bestiar |    00003588  A$Bestiar |    0000358B  A$Bestiar
     0000358C  A$Bestiar |    0000358E  A$Bestiar |    00003590  A$Bestiar
     00003593  A$Bestiar |    00003593  C$Bestiar |    00003595  A$Bestiar
     00003596  A$Bestiar |    00003597  A$Bestiar |    0000359A  A$Bestiar
     0000359B  A$Bestiar |    0000359D  A$Bestiar |    0000359F  A$Bestiar
ASxxxx Linker V03.00 + NoICE + sdld,  page 18.
Hexadecimal  [32-Bits]

Area                       Addr        Size        Decimal Bytes (Attributes)
--------------------       ----        ----        ------- ----- ------------
_CODE                  00000200    000059B5 =       22965. bytes (REL,CON)

        Value  Global            Value  Global            Value  Global    
        -----  ------            -----  ------            -----  ------    
     000035A2  A$Bestiar |    000035A2  C$Bestiar |    000035A4  A$Bestiar
     000035A5  A$Bestiar |    000035A6  A$Bestiar |    000035A9  A$Bestiar
     000035AA  A$Bestiar |    000035AC  A$Bestiar |    000035AE  A$Bestiar
     000035B1  A$Bestiar |    000035B1  C$Bestiar |    000035B3  A$Bestiar
     000035B4  A$Bestiar |    000035B5  A$Bestiar |    000035B8  A$Bestiar
     000035B9  A$Bestiar |    000035BB  A$Bestiar |    000035BD  A$Bestiar
     000035C0  A$Bestiar |    000035C0  C$Bestiar |    000035C3  A$Bestiar
     000035C4  A$Bestiar |    000035C6  A$Bestiar |    000035C8  A$Bestiar
     000035CB  A$Bestiar |    000035CB  C$Bestiar |    000035CE  A$Bestiar
     000035CF  A$Bestiar |    000035D1  A$Bestiar |    000035D3  A$Bestiar
     000035D6  A$Bestiar |    000035D6  C$Bestiar |    000035D9  A$Bestiar
     000035DA  A$Bestiar |    000035DC  A$Bestiar |    000035DE  A$Bestiar
     000035E1  A$Bestiar |    000035E4  A$Bestiar |    000035E4  C$Bestiar
     000035E7  A$Bestiar |    000035E9  A$Bestiar |    000035EC  A$Bestiar
     000035EC  C$Bestiar |    000035EF  A$Bestiar |    000035F0  A$Bestiar
     000035F3  A$Bestiar |    000035F4  A$Bestiar |    000035F7  A$Bestiar
     000035F9  A$Bestiar |    000035F9  C$Bestiar |    000035FC  A$Bestiar
     000035FD  A$Bestiar |    00003600  A$Bestiar |    00003601  A$Bestiar
     00003604  A$Bestiar |    00003605  A$Bestiar |    00003608  A$Bestiar
     0000360A  A$Bestiar |    0000360A  C$Bestiar |    0000360C  A$Bestiar
     0000360D  A$Bestiar |    0000360E  A$Bestiar |    00003611  A$Bestiar
     00003612  A$Bestiar |    00003614  A$Bestiar |    00003616  A$Bestiar
     00003619  A$Bestiar |    00003619  C$Bestiar |    0000361B  A$Bestiar
     0000361C  A$Bestiar |    0000361D  A$Bestiar |    00003620  A$Bestiar
     00003621  A$Bestiar |    00003623  A$Bestiar |    00003625  A$Bestiar
     00003628  A$Bestiar |    00003628  C$Bestiar |    0000362A  A$Bestiar
     0000362B  A$Bestiar |    0000362C  A$Bestiar |    0000362F  A$Bestiar
     00003630  A$Bestiar |    00003632  A$Bestiar |    00003634  A$Bestiar
     00003637  A$Bestiar |    00003637  C$Bestiar |    00003639  A$Bestiar
     0000363A  A$Bestiar |    0000363B  A$Bestiar |    0000363E  A$Bestiar
     0000363F  A$Bestiar |    00003641  A$Bestiar |    00003643  A$Bestiar
     00003646  A$Bestiar |    00003646  C$Bestiar |    00003648  A$Bestiar
     00003649  A$Bestiar |    0000364A  A$Bestiar |    0000364D  A$Bestiar
     0000364E  A$Bestiar |    00003650  A$Bestiar |    00003652  A$Bestiar
     00003655  A$Bestiar |    00003655  C$Bestiar |    00003657  A$Bestiar
     00003658  A$Bestiar |    00003659  A$Bestiar |    0000365C  A$Bestiar
     0000365D  A$Bestiar |    0000365F  A$Bestiar |    00003661  A$Bestiar
     00003664  A$Bestiar |    00003664  C$Bestiar |    00003667  A$Bestiar
     00003668  A$Bestiar |    0000366A  A$Bestiar |    0000366C  A$Bestiar
     0000366F  A$Bestiar |    0000366F  C$Bestiar |    00003672  A$Bestiar
     00003673  A$Bestiar |    00003675  A$Bestiar |    00003677  A$Bestiar
     0000367A  A$Bestiar |    0000367A  C$Bestiar |    0000367D  A$Bestiar
     0000367E  A$Bestiar |    00003680  A$Bestiar |    00003682  A$Bestiar
     00003685  A$Bestiar |    00003685  C$Bestiar |    00003688  A$Bestiar
     00003689  A$Bestiar |    0000368B  A$Bestiar |    0000368D  A$Bestiar
     00003690  A$Bestiar |    00003693  A$Bestiar |    00003693  C$Bestiar
     00003696  A$Bestiar |    00003698  A$Bestiar |    0000369B  A$Bestiar
     0000369B  C$Bestiar |    0000369E  A$Bestiar |    0000369F  A$Bestiar
     000036A2  A$Bestiar |    000036A3  A$Bestiar |    000036A6  A$Bestiar
     000036A8  A$Bestiar |    000036A8  C$Bestiar |    000036AB  A$Bestiar
     000036AC  A$Bestiar |    000036AF  A$Bestiar |    000036B0  A$Bestiar
ASxxxx Linker V03.00 + NoICE + sdld,  page 19.
Hexadecimal  [32-Bits]

Area                       Addr        Size        Decimal Bytes (Attributes)
--------------------       ----        ----        ------- ----- ------------
_CODE                  00000200    000059B5 =       22965. bytes (REL,CON)

        Value  Global            Value  Global            Value  Global    
        -----  ------            -----  ------            -----  ------    
     000036B3  A$Bestiar |    000036B4  A$Bestiar |    000036B7  A$Bestiar
     000036B9  A$Bestiar |    000036B9  C$Bestiar |    000036BB  A$Bestiar
     000036BC  A$Bestiar |    000036BD  A$Bestiar |    000036C0  A$Bestiar
     000036C1  A$Bestiar |    000036C3  A$Bestiar |    000036C5  A$Bestiar
     000036C8  A$Bestiar |    000036C8  C$Bestiar |    000036CA  A$Bestiar
     000036CB  A$Bestiar |    000036CC  A$Bestiar |    000036CF  A$Bestiar
     000036D0  A$Bestiar |    000036D2  A$Bestiar |    000036D4  A$Bestiar
     000036D7  A$Bestiar |    000036D7  C$Bestiar |    000036D9  A$Bestiar
     000036DA  A$Bestiar |    000036DB  A$Bestiar |    000036DE  A$Bestiar
     000036DF  A$Bestiar |    000036E1  A$Bestiar |    000036E3  A$Bestiar
     000036E6  A$Bestiar |    000036E6  C$Bestiar |    000036E8  A$Bestiar
     000036E9  A$Bestiar |    000036EA  A$Bestiar |    000036ED  A$Bestiar
     000036EE  A$Bestiar |    000036F0  A$Bestiar |    000036F2  A$Bestiar
     000036F5  A$Bestiar |    000036F5  C$Bestiar |    000036F7  A$Bestiar
     000036F8  A$Bestiar |    000036F9  A$Bestiar |    000036FC  A$Bestiar
     000036FD  A$Bestiar |    000036FF  A$Bestiar |    00003701  A$Bestiar
     00003704  A$Bestiar |    00003704  C$Bestiar |    00003706  A$Bestiar
     00003707  A$Bestiar |    00003708  A$Bestiar |    0000370B  A$Bestiar
     0000370C  A$Bestiar |    0000370E  A$Bestiar |    00003710  A$Bestiar
     00003713  A$Bestiar |    00003713  C$Bestiar |    00003716  A$Bestiar
     00003717  A$Bestiar |    00003719  A$Bestiar |    0000371B  A$Bestiar
     0000371E  A$Bestiar |    0000371E  C$Bestiar |    00003721  A$Bestiar
     00003722  A$Bestiar |    00003724  A$Bestiar |    00003726  A$Bestiar
     00003729  A$Bestiar |    00003729  C$Bestiar |    0000372C  A$Bestiar
     0000372D  A$Bestiar |    0000372F  A$Bestiar |    00003731  A$Bestiar
     00003734  A$Bestiar |    00003734  C$Bestiar |    00003737  A$Bestiar
     00003738  A$Bestiar |    0000373A  A$Bestiar |    0000373C  A$Bestiar
     0000373F  A$Bestiar |    00003742  A$Bestiar |    00003742  C$Bestiar
     00003745  A$Bestiar |    00003747  A$Bestiar |    0000374A  A$Bestiar
     0000374A  C$Bestiar |    0000374D  A$Bestiar |    0000374E  A$Bestiar
     00003751  A$Bestiar |    00003752  A$Bestiar |    00003755  A$Bestiar
     00003757  A$Bestiar |    00003757  C$Bestiar |    0000375A  A$Bestiar
     0000375B  A$Bestiar |    0000375E  A$Bestiar |    0000375F  A$Bestiar
     00003762  A$Bestiar |    00003763  A$Bestiar |    00003766  A$Bestiar
     00003768  A$Bestiar |    00003768  C$Bestiar |    0000376A  A$Bestiar
     0000376B  A$Bestiar |    0000376C  A$Bestiar |    0000376F  A$Bestiar
     00003770  A$Bestiar |    00003772  A$Bestiar |    00003774  A$Bestiar
     00003777  A$Bestiar |    00003777  C$Bestiar |    00003779  A$Bestiar
     0000377A  A$Bestiar |    0000377B  A$Bestiar |    0000377E  A$Bestiar
     0000377F  A$Bestiar |    00003781  A$Bestiar |    00003783  A$Bestiar
     00003786  A$Bestiar |    00003786  C$Bestiar |    00003788  A$Bestiar
     00003789  A$Bestiar |    0000378A  A$Bestiar |    0000378D  A$Bestiar
     0000378E  A$Bestiar |    00003790  A$Bestiar |    00003792  A$Bestiar
     00003795  A$Bestiar |    00003795  C$Bestiar |    00003797  A$Bestiar
     00003798  A$Bestiar |    00003799  A$Bestiar |    0000379C  A$Bestiar
     0000379D  A$Bestiar |    0000379F  A$Bestiar |    000037A1  A$Bestiar
     000037A4  A$Bestiar |    000037A4  C$Bestiar |    000037A6  A$Bestiar
     000037A7  A$Bestiar |    000037A8  A$Bestiar |    000037AB  A$Bestiar
     000037AC  A$Bestiar |    000037AE  A$Bestiar |    000037B0  A$Bestiar
     000037B3  A$Bestiar |    000037B3  C$Bestiar |    000037B5  A$Bestiar
     000037B6  A$Bestiar |    000037B7  A$Bestiar |    000037BA  A$Bestiar
ASxxxx Linker V03.00 + NoICE + sdld,  page 20.
Hexadecimal  [32-Bits]

Area                       Addr        Size        Decimal Bytes (Attributes)
--------------------       ----        ----        ------- ----- ------------
_CODE                  00000200    000059B5 =       22965. bytes (REL,CON)

        Value  Global            Value  Global            Value  Global    
        -----  ------            -----  ------            -----  ------    
     000037BB  A$Bestiar |    000037BD  A$Bestiar |    000037BF  A$Bestiar
     000037C2  A$Bestiar |    000037C2  C$Bestiar |    000037C5  A$Bestiar
     000037C6  A$Bestiar |    000037C8  A$Bestiar |    000037CA  A$Bestiar
     000037CD  A$Bestiar |    000037CD  C$Bestiar |    000037D0  A$Bestiar
     000037D1  A$Bestiar |    000037D3  A$Bestiar |    000037D5  A$Bestiar
     000037D8  A$Bestiar |    000037D8  C$Bestiar |    000037DB  A$Bestiar
     000037DC  A$Bestiar |    000037DE  A$Bestiar |    000037E0  A$Bestiar
     000037E3  A$Bestiar |    000037E3  C$Bestiar |    000037E6  A$Bestiar
     000037E7  A$Bestiar |    000037E9  A$Bestiar |    000037EB  A$Bestiar
     000037EE  A$Bestiar |    000037F1  A$Bestiar |    000037F1  C$Bestiar
     000037F4  A$Bestiar |    000037F6  A$Bestiar |    000037F9  A$Bestiar
     000037F9  C$Bestiar |    000037FC  A$Bestiar |    000037FD  A$Bestiar
     00003800  A$Bestiar |    00003801  A$Bestiar |    00003804  A$Bestiar
     00003806  A$Bestiar |    00003806  C$Bestiar |    00003809  A$Bestiar
     0000380A  A$Bestiar |    0000380D  A$Bestiar |    0000380E  A$Bestiar
     00003811  A$Bestiar |    00003812  A$Bestiar |    00003815  A$Bestiar
     00003817  A$Bestiar |    00003817  C$Bestiar |    00003819  A$Bestiar
     0000381A  A$Bestiar |    0000381B  A$Bestiar |    0000381E  A$Bestiar
     0000381F  A$Bestiar |    00003821  A$Bestiar |    00003823  A$Bestiar
     00003826  A$Bestiar |    00003826  C$Bestiar |    00003828  A$Bestiar
     00003829  A$Bestiar |    0000382A  A$Bestiar |    0000382D  A$Bestiar
     0000382E  A$Bestiar |    00003830  A$Bestiar |    00003832  A$Bestiar
     00003835  A$Bestiar |    00003835  C$Bestiar |    00003837  A$Bestiar
     00003838  A$Bestiar |    00003839  A$Bestiar |    0000383C  A$Bestiar
     0000383D  A$Bestiar |    0000383F  A$Bestiar |    00003841  A$Bestiar
     00003844  A$Bestiar |    00003844  C$Bestiar |    00003846  A$Bestiar
     00003847  A$Bestiar |    00003848  A$Bestiar |    0000384B  A$Bestiar
[...]
Hexadecimal  [32-Bits]

Area                       Addr        Size        Decimal Bytes (Attributes)
--------------------       ----        ----        ------- ----- ------------
_HEADER1               00000000    00000005 =           5. bytes (ABS,CON)

        Value  Global            Value  Global            Value  Global    
        -----  ------            -----  ------            -----  ------    
     00000028  .MemsetSm
ASxxxx Linker V03.00 + NoICE + sdld,  page 34.
Hexadecimal  [32-Bits]

Area                       Addr        Size        Decimal Bytes (Attributes)
--------------------       ----        ----        ------- ----- ------------
_HEADER2               00000000    00000007 =           7. bytes (ABS,CON)

        Value  Global            Value  Global            Value  Global    
        -----  ------            -----  ------            -----  ------    
     00000030  .MemcpySm
ASxxxx Linker V03.00 + NoICE + sdld,  page 35.
Hexadecimal  [32-Bits]

Area                       Addr        Size        Decimal Bytes (Attributes)
--------------------       ----        ----        ------- ----- ------------
_HEADER3               00000000    00000008 =           8. bytes (ABS,CON)

        Value  Global            Value  Global            Value  Global    
        -----  ------            -----  ------            -----  ------    
ASxxxx Linker V03.00 + NoICE + sdld,  page 36.
Hexadecimal  [32-Bits]

Area                       Addr        Size        Decimal Bytes (Attributes)
--------------------       ----        ----        ------- ----- ------------
_HEADER4               00000000    0000004C =          76. bytes (ABS,CON)

        Value  Global            Value  Global            Value  Global    
        -----  ------            -----  ------            -----  ------    
     00000080  .int      |    0000008F  _wait_int |    0000009C  __standar
     000000AC  _refresh_
ASxxxx Linker V03.00 + NoICE + sdld,  page 37.
Hexadecimal  [32-Bits]

Area                       Addr        Size        Decimal Bytes (Attributes)
--------------------       ----        ----        ------- ----- ------------
_HEADER5               00000000    00000002 =           2. bytes (ABS,CON)

        Value  Global            Value  Global            Value  Global    
        -----  ------            -----  ------            -----  ------    
ASxxxx Linker V03.00 + NoICE + sdld,  page 38.
Hexadecimal  [32-Bits]

Area                       Addr        Size        Decimal Bytes (Attributes)
--------------------       ----        ----        ------- ----- ------------
_HEADER6               00000000    00000030 =          48. bytes (ABS,CON)

        Value  Global            Value  Global            Value  Global    
        -----  ------            -----  ------            -----  ------    
ASxxxx Linker V03.00 + NoICE + sdld,  page 39.
Hexadecimal  [32-Bits]

Area                       Addr        Size        Decimal Bytes (Attributes)
--------------------       ----        ----        ------- ----- ------------
_HEADER7               00000000    00000006 =           6. bytes (ABS,CON)

        Value  Global            Value  Global            Value  Global    
        -----  ------            -----  ------            -----  ------    
ASxxxx Linker V03.00 + NoICE + sdld,  page 40.
Hexadecimal  [32-Bits]

Area                       Addr        Size        Decimal Bytes (Attributes)
--------------------       ----        ----        ------- ----- ------------
_HEADER8               00000000    00000003 =           3. bytes (ABS,CON)

        Value  Global            Value  Global            Value  Global    
        -----  ------            -----  ------            -----  ------    
ASxxxx Linker V03.00 + NoICE + sdld,  page 41.
Hexadecimal  [32-Bits]

Area                       Addr        Size        Decimal Bytes (Attributes)
--------------------       ----        ----        ------- ----- ------------
_HEADER9               00000000    00000001 =           1. bytes (ABS,CON)

        Value  Global            Value  Global            Value  Global    
        -----  ------            -----  ------            -----  ------    
ASxxxx Linker V03.00 + NoICE + sdld,  page 42.
Hexadecimal  [32-Bits]

Area                       Addr        Size        Decimal Bytes (Attributes)
--------------------       ----        ----        ------- ----- ------------
_HEADERa               00000000    00000001 =           1. bytes (ABS,CON)

        Value  Global            Value  Global            Value  Global    
        -----  ------            -----  ------            -----  ------    
ASxxxx Linker V03.00 + NoICE + sdld,  page 43.
Hexadecimal  [32-Bits]

Area                       Addr        Size        Decimal Bytes (Attributes)
--------------------       ----        ----        ------- ----- ------------
_HEADERb               00000000    00000001 =           1. bytes (ABS,CON)

        Value  Global            Value  Global            Value  Global    
        -----  ------            -----  ------            -----  ------    
ASxxxx Linker V03.00 + NoICE + sdld,  page 44.
Hexadecimal  [32-Bits]

Area                       Addr        Size        Decimal Bytes (Attributes)
--------------------       ----        ----        ------- ----- ------------
_HEADERc               00000000    00000002 =           2. bytes (ABS,CON)

        Value  Global            Value  Global            Value  Global    
        -----  ------            -----  ------            -----  ------    
ASxxxx Linker V03.00 + NoICE + sdld,  page 45.
Hexadecimal  [32-Bits]

Area                       Addr        Size        Decimal Bytes (Attributes)
--------------------       ----        ----        ------- ----- ------------
_HEADERd               00000000    00000001 =           1. bytes (ABS,CON)

        Value  Global            Value  Global            Value  Global    
        -----  ------            -----  ------            -----  ------    
ASxxxx Linker V03.00 + NoICE + sdld,  page 46.
Hexadecimal  [32-Bits]

Area                       Addr        Size        Decimal Bytes (Attributes)
--------------------       ----        ----        ------- ----- ------------
_HEADERe               00000000    00000001 =           1. bytes (ABS,CON)

        Value  Global            Value  Global            Value  Global    
        -----  ------            -----  ------            -----  ------    
ASxxxx Linker V03.00 + NoICE + sdld,  page 47.
Hexadecimal  [32-Bits]

Area                       Addr        Size        Decimal Bytes (Attributes)
--------------------       ----        ----        ------- ----- ------------
_HEADERf               00000000    00000002 =           2. bytes (ABS,CON)

        Value  Global            Value  Global            Value  Global    
        -----  ------            -----  ------            -----  ------    
ASxxxx Linker V03.00 + NoICE + sdld,  page 48.
Hexadecimal  [32-Bits]

Area                       Addr        Size        Decimal Bytes (Attributes)
--------------------       ----        ----        ------- ----- ------------
_HEADER10              00000000    00000084 =         132. bytes (ABS,CON)

        Value  Global            Value  Global            Value  Global    
        -----  ------            -----  ------            -----  ------    
     00000150  .reset    |    00000150  _reset    |    00000157  .code_sta
     000001B9  _exit     |    000001BD  _set_inte
ASxxxx Linker V03.00 + NoICE + sdld,  page 49.
Hexadecimal  [32-Bits]

Area                       Addr        Size        Decimal Bytes (Attributes)
--------------------       ----        ----        ------- ----- ------------
_HEADER11              00000000    00000001 =           1. bytes (ABS,CON)

        Value  Global            Value  Global            Value  Global    
        -----  ------            -----  ------            -----  ------    
ASxxxx Linker V03.00 + NoICE + sdld,  page 50.
Hexadecimal  [32-Bits]

Area                       Addr        Size        Decimal Bytes (Attributes)
--------------------       ----        ----        ------- ----- ------------
_HOME                  00005BB5    000002D6 =         726. bytes (REL,CON)

        Value  Global            Value  Global            Value  Global    
        -----  ------            -----  ------            -----  ------    
     00005BB5  .memset_s |    00005BBE  .memcpy_s |    00005BDB  .remove_V
     00005BDE  .remove_i |    00005BFB  .add_VBL  |    00005BFE  .add_int 
     00005C09  .wait_vbl |    00005C09  _wait_vbl |    00005C19  .display_
     00005C19  _display_ |    00005C31  _remove_V |    00005C3C  _add_VBL 
     00005C47  _uitoa    |    00005C56  _itoa     |    00005C65  .itoa    
     00005C79  .utoa     |    00005CED  _set_tile |    00005CF2  _set_bkg_
     00005CF2  _set_win_ |    00005CFA  _set_spri |    00005D2A  _set_bkg_
     00005D6D  .set_xy_w |    00005D76  .set_xy_b |    00005D85  .set_xy_s
     00005DCF  .padup    |    00005DCF  _waitpadu |    00005DDF  .jpad    
     00005DDF  _joypad   |    00005E07  _waitpad  |    00005E08  .wait_pad
     00005E0F  _strlen   |    00005E14  .strlen   |    00005E1D  _set_bkg_
     00005E31  .set_xy_w |    00005E3A  .set_xy_b |    00005E49  .set_xy_t
ASxxxx Linker V03.00 + NoICE + sdld,  page 51.
Hexadecimal  [32-Bits]

Area                       Addr        Size        Decimal Bytes (Attributes)
--------------------       ----        ----        ------- ----- ------------
_INITIALIZER           00005E8B    00001B3C =        6972. bytes (REL,CON)

        Value  Global            Value  Global            Value  Global    
        -----  ------            -----  ------            -----  ------    
     00005E8B  Fhome$__x |    00006B2D  FGameTitl |    00006B2E  FGameTitl
     00006B2F  Fcommon$_ |    00006B30  Fcommon$_ |    00006B31  Fcommon$_
     00006B32  FCoreGame |    00006B3A  FGameJohn |    00006B3B  FGameJohn
     00006B3C  FGameJohn |    00006B3E  FBestiary |    00006CA6  FBestiary
     00006CA7  FWally_Ti |    00006E67  FWally_Ma |    00006E85  FTick_Map
     00006E9E  FMan_Map$ |    00006EC2  FBattle_M |    0000708E  FDrunk_Ti
     0000721E  FDrunk_Ma |    00007236  FExperime |    00007416  FExperime
     00007439  FGhost_Ma |    0000744D  FGhost_Ti |    0000758D  FSaucer_T
     0000767D  FSaucer_M |    0000768C  FSockHead |    000076A8  FSockHead
     000077F8  FToby_Map |    00007814  FToby_Til
ASxxxx Linker V03.00 + NoICE + sdld,  page 52.
Hexadecimal  [32-Bits]

Area                       Addr        Size        Decimal Bytes (Attributes)
--------------------       ----        ----        ------- ----- ------------
_GSINIT                000079C7    0000000C =          12. bytes (REL,CON)

        Value  Global            Value  Global            Value  Global    
        -----  ------            -----  ------            -----  ------    
     000079C7  gsinit   
ASxxxx Linker V03.00 + NoICE + sdld,  page 53.
Hexadecimal  [32-Bits]

Area                       Addr        Size        Decimal Bytes (Attributes)
--------------------       ----        ----        ------- ----- ------------
_GSFINAL               000079D3    00000001 =           1. bytes (REL,CON)

        Value  Global            Value  Global            Value  Global    
        -----  ------            -----  ------            -----  ------    
ASxxxx Linker V03.00 + NoICE + sdld,  page 54.
Hexadecimal  [32-Bits]

Area                       Addr        Size        Decimal Bytes (Attributes)
--------------------       ----        ----        ------- ----- ------------
_DATA                  0000C0A0    00000026 =          38. bytes (REL,CON)

        Value  Global            Value  Global            Value  Global    
        -----  ------            -----  ------            -----  ------    
     0000C0A0  __cpu     |    0000C0A1  __is_GBA  |    0000C0A2  .mode    
     0000C0A3  .sys_time |    0000C0A3  _sys_time |    0000C0A5  .int_0x40
     0000C0B1  G$camera_ |    0000C0B1  _camera_x |    0000C0B3  G$camera_
     0000C0B3  _camera_y |    0000C0B5  G$old_cam |    0000C0B5  _old_came
     0000C0B7  G$old_cam |    0000C0B7  _old_came |    0000C0B9  G$map_pos
     0000C0B9  _map_pos_ |    0000C0BA  G$map_pos |    0000C0BA  _map_pos_
     0000C0BB  G$old_map |    0000C0BB  _old_map_ |    0000C0BC  G$old_map
     0000C0BC  _old_map_ |    0000C0BD  G$redraw$ |    0000C0BD  _redraw  
     0000C0BE  G$camera_ |    0000C0BE  _camera_p |    0000C0BF  G$camera_
     0000C0BF  _camera_p |    0000C0C0  G$cursor_ |    0000C0C0  _cursor_x
     0000C0C1  G$cursor_ |    0000C0C1  _cursor_y |    0000C0C2  .image_ti
     0000C0C3  ___curren |    0000C0C5  ___curren
ASxxxx Linker V03.00 + NoICE + sdld,  page 55.
Hexadecimal  [32-Bits]

Area                       Addr        Size        Decimal Bytes (Attributes)
--------------------       ----        ----        ------- ----- ------------
_INITIALIZED           0000C0C6    00001B3C =        6972. bytes (REL,CON)

        Value  Global            Value  Global            Value  Global    
        -----  ------            -----  ------            -----  ------    
     0000C0C6  G$Home$0_ |    0000C0C6  _Home     |    0000CD68  G$timer$0
     0000CD68  _timer    |    0000CD69  G$frame$0 |    0000CD69  _frame   
     0000CD6A  G$joypadP |    0000CD6A  _joypadPr |    0000CD6B  G$joypadC
     0000CD6B  _joypadCu |    0000CD6C  G$index$0 |    0000CD6C  _index   
     0000CD6D  G$mouse$0 |    0000CD6D  _mouse    |    0000CD75  G$wabble$
     0000CD75  _wabble   |    0000CD76  G$invert_ |    0000CD76  _invert_b
     0000CD77  G$scanlin |    0000CD77  _scanline |    0000CD79  G$Bestiar
     0000CD79  _Bestiary |    0000CEE1  G$invert$ |    0000CEE1  _invert  
     0000CEE2  G$WallyTi |    0000CEE2  _WallyTil |    0000D0A2  G$Wally_M
     0000D0A2  _Wally_Ma |    0000D0C0  G$Tick_Ma |    0000D0C0  _Tick_Map
     0000D0D9  G$Man_Map |    0000D0D9  _Man_Map  |    0000D0FD  G$Battle_
     0000D0FD  _Battle_M |    0000D2C9  G$Drunk_T |    0000D2C9  _Drunk_Ti
     0000D459  G$Drunk_M |    0000D459  _Drunk_Ma |    0000D471  G$Experim
     0000D471  _Experime |    0000D651  G$Experim |    0000D651  _Experime
     0000D674  G$Ghost_M |    0000D674  _Ghost_Ma |    0000D688  G$Ghost_T
     0000D688  _Ghost_Ti |    0000D7C8  G$Saucer_ |    0000D7C8  _Saucer_T
     0000D8B8  G$Saucer_ |    0000D8B8  _Saucer_M |    0000D8C7  G$SockHea
     0000D8C7  _SockHead |    0000D8E3  G$SockHea |    0000D8E3  _SockHead
     0000DA33  G$Toby_Ma |    0000DA33  _Toby_Map |    0000DA4F  G$Toby_Ti
     0000DA4F  _Toby_Til |    0000DBFF  __submap_ |    0000DC00  ___render
     0000DC01  __map_til
ASxxxx Linker V03.00 + NoICE + sdld,  page 56.
Hexadecimal  [32-Bits]

Area                       Addr        Size        Decimal Bytes (Attributes)
--------------------       ----        ----        ------- ----- ------------
_HRAM12                00000000    00000003 =           3. bytes (ABS,CON)

        Value  Global            Value  Global            Value  Global    
        -----  ------            -----  ------            -----  ------    
     0000FF90  __current |    0000FF92  __shadow_
ASxxxx Linker V03.00 + NoICE + sdld,  page 57.
Hexadecimal  [32-Bits]

Area                       Addr        Size        Decimal Bytes (Attributes)
--------------------       ----        ----        ------- ----- ------------
_CABS0                 00000000    00000003 =           3. bytes (ABS,CON)

        Value  Global            Value  Global            Value  Global    
        -----  ------            -----  ------            -----  ------    
     00000048  FGameJohn
ASxxxx Linker V03.00 + NoICE + sdld,  page 58.

Files Linked                              [ module(s) ]

C:\gbdk\lib/gb/crt0.o                     [ Runtime ]
obj\main.o                                [ main ]
obj\cast_tiles.o                          [ cast_tiles ]
obj\indoor_tiles.o                        [ indoor_tiles ]
obj\home.o                                [ home ]
obj\player.o                              [ player ]
obj\GameTitle.o                           [ GameTitle ]
obj\Globe_Tiles.o                         [ Globe_Tiles ]
obj\Title_Map.o                           [ Title_Map ]
obj\Title_Tiles.o                         [ Title_Tiles ]
obj\common.o                              [ common ]
obj\CoreGameLoop.o                        [ CoreGameLoop ]
obj\JohnDoe_Map.o                         [ JohnDoe_Map ]
obj\JohnDoe_Tiles.o                       [ JohnDoe_Tiles ]
obj\GameJohnDoe.o                         [ GameJohnDoe ]
obj\Bestiary_Map.o                        [ Bestiary_Map ]
obj\Crow_Tiles.o                          [ Crow_Tiles ]
obj\Crow_Map.o                            [ Crow_Map ]
obj\Bestiary.o                            [ Bestiary ]
obj\Font.o                                [ Font ]
obj\Gypsy_Tiles.o                         [ Gypsy_Tiles ]
obj\Gypsy_Map.o                           [ Gypsy_Map ]
obj\Wally_Tiles.o                         [ Wally_Tiles ]
obj\Wally_Map.o                           [ Wally_Map ]
obj\Skateboard_Tiles.o                    [ Skateboard_Tiles ]
obj\Cop_Tiles.o                           [ Cop_Tiles ]
obj\Officer_Map.o                         [ Officer_Map ]
obj\Police_Map.o                          [ Police_Map ]
obj\Sheriff_Map.o                         [ Sheriff_Map ]
obj\Chief_Map.o                           [ Chief_Map ]
obj\Tick_Tiles.o                          [ Tick_Tiles ]
obj\Tick_Map.o                            [ Tick_Map ]
obj\Man_Tiles.o                           [ Man_Tiles ]
obj\Man_Map.o                             [ Man_Map ]
obj\Sis_Tiles.o                           [ Sis_Tiles ]
obj\BigSis_Map.o                          [ BigSis_Map ]
obj\MadSis_Map.o                          [ MadSis_Map ]
obj\Car_Tiles.o                           [ Car_Tiles ]
obj\Car_Map.o                             [ Car_Map ]
obj\Semi_Tiles.o                          [ Semi_Tiles ]
obj\Semi_Map.o                            [ Semi_Map ]
obj\Battle.o                              [ Battle ]
obj\Battle_Map.o                          [ Battle_Map ]
obj\Drunk_Tiles.o                         [ Drunk_Tiles ]
obj\Drunk_Map.o                           [ Drunk_Map ]
obj\Experiment_Tiles.o                    [ Experiment_Tiles ]
obj\Experiment_Map.o                      [ Experiment_Map ]
obj\Ghost_Map.o                           [ Ghost_Map ]
obj\Ghost_Tiles.o                         [ Ghost_Tiles ]
obj\Saucer_Tiles.o                        [ Saucer_Tiles ]
obj\Saucer_Map.o                          [ Saucer_Map ]
obj\SockHead_Map.o                        [ SockHead_Map ]
obj\SockHead_Tiles.o                      [ SockHead_Tiles ]
obj\Toby_Map.o                            [ Toby_Map ]
obj\Toby_Tiles.o                          [ Toby_Tiles ]


Libraries Linked                          [ object file ]

C:\gbdk\lib/gb/gb.lib                     [ sfr.o ]
C:\gbdk\lib/sm83/sm83.lib                 [ itoa.o ]
C:\gbdk\lib/gb/gb.lib                     [ set_tile.o ]
C:\gbdk\lib/gb/gb.lib                     [ set_data.o ]
C:\gbdk\lib/gb/gb.lib                     [ set_tile_submap.o ]
C:\gbdk\lib/gb/gb.lib                     [ pad.o ]
C:\gbdk\lib/gb/gb.lib                     [ metasprites.o ]
C:\gbdk\lib/gb/gb.lib                     [ metasprites_flip.o ]
C:\gbdk\lib/sm83/sm83.lib                 [ strlen.o ]
C:\gbdk\lib/gb/gb.lib                     [ get_addr.o ]
C:\gbdk\lib/gb/gb.lib                     [ set_bk_t.o ]
C:\gbdk\lib/gb/gb.lib                     [ set_xy_t.o ]

ASxxxx Linker V03.00 + NoICE + sdld,  page 59.

User Base Address Definitions

_DATA=0xC0A0
_CODE=0x0200
ASxxxx Linker V03.00 + NoICE + sdld,  page 60.

User Global Definitions

_shadow_OAM=0xC000
.STACK=0xE000
.refresh_OAM=0xFF80

