ASxxxx Linker V03.00 + NoICE + sdld,  page 1.
Hexadecimal  [32-Bits]

Area                       Addr        Size        Decimal Bytes (Attributes)
--------------------       ----        ----        ------- ----- ------------
.  .ABS.               00000000    00000000 =           0. bytes (ABS,CON)

        Value  Global            Value  Global            Value  Global    
        -----  ------            -----  ------            -----  ------    
     00000000  .__.ABS.  |    00000000  _rRAMG    |    00000000  l__BASE  
     00000000  l__BSS    |    00000000  l__CABS   |    00000000  l__CODE_0
     00000000  l__DABS   |    00000000  l__HEADER |    00000000  l__HEAP  
     00000000  l__HEAP_E |    00000000  l__HRAM   |    00000000  l__LIT   
     00000000  s__CABS   |    00000000  s__CABS0  |    00000000  s__DABS  
     00000000  s__HEADER |    00000000  s__HEADER |    00000000  s__HEADER
     00000000  s__HEADER |    00000000  s__HEADER |    00000000  s__HEADER
     00000000  s__HEADER |    00000000  s__HEADER |    00000000  s__HEADER
     00000000  s__HEADER |    00000000  s__HEADER |    00000000  s__HEADER
     00000000  s__HEADER |    00000000  s__HEADER |    00000000  s__HEADER
     00000000  s__HEADER |    00000000  s__HEADER |    00000000  s__HEADER
     00000000  s__HEADER |    00000000  s__HRAM   |    00000000  s__HRAM12
     00000001  l__GSFINA |    00000001  l__HEADER |    00000001  l__HEADER
     00000001  l__HEADER |    00000001  l__HEADER |    00000001  l__HEADER
     00000001  l__HEADER |    00000001  l__HEADER |    00000002  l__HEADER
     00000002  l__HEADER |    00000002  l__HEADER |    00000003  l__CABS0 
     00000003  l__HEADER |    00000003  l__HRAM12 |    00000005  l__HEADER
     00000006  l__HEADER |    00000007  l__HEADER |    00000008  l__HEADER
     0000000C  l__GSINIT |    00000024  l__DATA   |    00000030  l__HEADER
     0000004C  l__HEADER |    00000084  l__HEADER |    00000200  s__CODE  
     000002D6  l__HOME   |    00001039  l__INITIA |    00001039  l__INITIA
     00002000  _rROMB0   |    00003000  _rROMB1   |    00004000  _rRAMB   
     00004D24  l__CODE   |    00004F24  s__HOME   |    000051FA  s__BASE  
     000051FA  s__CODE_0 |    000051FA  s__INITIA |    000051FA  s__LIT   
     00006233  s__GSINIT |    0000623F  s__GSFINA |    00008000  __VRAM   
     00008000  __VRAM800 |    00008800  __VRAM880 |    00009000  __VRAM900
     00009800  __SCRN0   |    00009C00  __SCRN1   |    0000A000  __SRAM   
     0000C000  __RAM     |    0000C000  _shadow_O |    0000C0A0  s__DATA  
     0000C0C4  s__BSS    |    0000C0C4  s__INITIA |    0000D000  __RAMBANK
     0000D0FD  s__HEAP   |    0000D0FD  s__HEAP_E |    0000E000  .STACK   
     0000FE00  __OAMRAM  |    0000FF00  _P1_REG   |    0000FF00  __IO     
     0000FF01  _SB_REG   |    0000FF02  _SC_REG   |    0000FF04  _DIV_REG 
     0000FF05  _TIMA_REG |    0000FF06  _TMA_REG  |    0000FF07  _TAC_REG 
     0000FF0F  _IF_REG   |    0000FF10  _NR10_REG |    0000FF11  _NR11_REG
     0000FF12  _NR12_REG |    0000FF13  _NR13_REG |    0000FF14  _NR14_REG
     0000FF16  _NR21_REG |    0000FF17  _NR22_REG |    0000FF18  _NR23_REG
     0000FF19  _NR24_REG |    0000FF1A  _NR30_REG |    0000FF1B  _NR31_REG
     0000FF1C  _NR32_REG |    0000FF1D  _NR33_REG |    0000FF1E  _NR34_REG
     0000FF20  _NR41_REG |    0000FF21  _NR42_REG |    0000FF22  _NR43_REG
     0000FF23  _NR44_REG |    0000FF24  _NR50_REG |    0000FF25  _NR51_REG
     0000FF26  _NR52_REG |    0000FF30  _AUD3WAVE |    0000FF30  _PCM_SAMP
     0000FF30  __AUD3WAV |    0000FF40  _LCDC_REG |    0000FF41  _STAT_REG
     0000FF42  _SCY_REG  |    0000FF43  _SCX_REG  |    0000FF44  _LY_REG  
     0000FF45  _LYC_REG  |    0000FF46  _DMA_REG  |    0000FF47  _BGP_REG 
     0000FF48  _OBP0_REG |    0000FF49  _OBP1_REG |    0000FF4A  _WY_REG  
     0000FF4B  _WX_REG   |    0000FF4D  _KEY1_REG |    0000FF4F  _VBK_REG 
     0000FF51  _HDMA1_RE |    0000FF52  _HDMA2_RE |    0000FF53  _HDMA3_RE
     0000FF54  _HDMA4_RE |    0000FF55  _HDMA5_RE |    0000FF56  _RP_REG  
     0000FF68  _BCPS_REG |    0000FF69  _BCPD_REG |    0000FF6A  _OCPS_REG
     0000FF6B  _OCPD_REG |    0000FF70  _SVBK_REG |    0000FF76  _PCM12_RE
ASxxxx Linker V03.00 + NoICE + sdld,  page 2.
Hexadecimal  [32-Bits]

Area                       Addr        Size        Decimal Bytes (Attributes)
--------------------       ----        ----        ------- ----- ------------
.  .ABS.               00000000    00000000 =           0. bytes (ABS,CON)

        Value  Global            Value  Global            Value  Global    
        -----  ------            -----  ------            -----  ------    
     0000FF77  _PCM34_RE |    0000FF80  .refresh_ |    0000FF80  __HRAM   
     0000FFFF  _IE_REG  
ASxxxx Linker V03.00 + NoICE + sdld,  page 3.
Hexadecimal  [32-Bits]

Area                       Addr        Size        Decimal Bytes (Attributes)
--------------------       ----        ----        ------- ----- ------------
_CODE                  00000200    00004D24 =       19748. bytes (REL,CON)

        Value  Global            Value  Global            Value  Global    
        -----  ------            -----  ------            -----  ------    
     00000200  A$main$66 |    00000200  C$main.c$ |    00000200  C$main.c$
     00000200  C$main.c$ |    00000200  G$main$0$ |    00000200  _main    
     00000203  A$main$74 |    00000203  C$main.c$ |    00000203  C$main.c$
     00000204  A$main$75 |    00000205  A$main$76 |    00000207  A$main$80
     00000207  C$main.c$ |    00000208  A$main$84 |    00000208  C$main.c$
     00000209  A$main$85 |    0000020A  A$main$86 |    0000020C  A$main$87
     0000020D  A$main$88 |    00000210  A$main$89 |    00000211  A$main$90
     00000213  A$main$95 |    00000213  C$main.c$ |    00000214  A$main$96
     00000216  A$main$97 |    00000218  A$main$98 |    00000219  A$main$99
     0000021C  A$main$10 |    0000021D  A$main$10 |    0000021F  A$main$10
     0000021F  C$main.c$ |    00000220  A$main$10 |    00000222  A$main$10
     00000224  A$main$10 |    00000225  A$main$11 |    00000228  A$main$11
     00000229  A$main$11 |    0000022B  A$main$11 |    0000022B  C$main.c$
     0000022C  A$main$11 |    0000022E  A$main$11 |    00000230  A$main$12
     00000231  A$main$12 |    00000234  A$main$12 |    00000235  A$main$12
     00000235  C$main.c$ |    00000236  A$main$12 |    00000237  A$main$12
     00000239  A$main$13 |    0000023A  A$main$13 |    0000023D  A$main$13
     0000023E  A$main$13 |    0000023F  A$main$13 |    00000241  A$main$13
     00000241  C$main.c$ |    00000242  A$main$14 |    00000244  A$main$14
     00000246  A$main$14 |    00000247  A$main$14 |    0000024A  A$main$14
     0000024B  A$main$14 |    0000024C  A$main$14 |    0000024E  A$main$15
     0000024E  C$main.c$ |    0000024F  A$main$15 |    00000251  A$main$15
     00000253  A$main$15 |    00000254  A$main$15 |    00000257  A$main$15
     00000258  A$main$15 |    00000259  A$main$15 |    0000025B  A$main$16
     0000025B  C$main.c$ |    0000025C  A$main$16 |    0000025E  A$main$16
     00000260  A$main$16 |    00000261  A$main$16 |    00000264  A$main$16
     00000265  A$main$16 |    00000266  A$main$17 |    00000266  C$main.c$
     00000266  XG$main$0 |    00000268  G$Cast_Ti |    00000268  _Cast_Til
     00000A68  G$IndoorT |    00000A68  _IndoorTi |    00001268  A$home$57
     00001268  C$home.c$ |    00001268  G$returnC |    00001268  _returnCo
     00001269  A$home$61 |    00001269  C$home.c$ |    0000126B  A$home$62
     0000126C  A$home$63 |    0000126D  A$home$64 |    0000126E  A$home$65
     0000126F  A$home$66 |    00001270  A$home$67 |    00001271  A$home$68
     00001272  A$home$69 |    00001273  A$home$70 |    00001276  A$home$71
     00001277  A$home$72 |    00001278  A$home$73 |    0000127A  A$home$74
     0000127B  A$home$75 |    0000127C  A$home$83 |    0000127C  C$home.c$
     0000127C  XG$return |    0000127D  G$HOME_CO |    0000127D  _HOME_COL
     000014F3  A$player$ |    000014F3  C$player. |    000014F3  G$PlayerU
     000014F3  _PlayerUp |    000014F4  A$player$ |    000014F5  A$player$
     000014F5  C$player. |    000014F8  A$player$ |    000014F9  A$player$
     000014FA  A$player$ |    000014FB  A$player$ |    000014FC  A$player$
     000014FC  C$player. |    000014FF  A$player$ |    00001502  A$player$
     00001502  C$player. |    00001505  A$player$ |    00001508  A$player$
     00001509  A$player$ |    00001509  C$player. |    0000150A  A$player$
     0000150A  C$player. |    0000150D  A$player$ |    0000150E  A$player$
     0000150E  C$player. |    00001510  A$player$ |    00001512  A$player$
     00001512  C$player. |    00001514  A$player$ |    00001515  A$player$
     00001515  C$player. |    00001517  A$player$ |    00001519  A$player$
     00001519  C$player. |    0000151B  A$player$ |    0000151C  A$player$
     0000151C  C$player. |    0000151E  A$player$ |    00001520  A$player$
ASxxxx Linker V03.00 + NoICE + sdld,  page 4.
Hexadecimal  [32-Bits]

Area                       Addr        Size        Decimal Bytes (Attributes)
--------------------       ----        ----        ------- ----- ------------
_CODE                  00000200    00004D24 =       19748. bytes (REL,CON)

        Value  Global            Value  Global            Value  Global    
        -----  ------            -----  ------            -----  ------    
     00001520  C$player. |    00001522  A$player$ |    00001523  A$player$
     00001523  C$player. |    00001525  A$player$ |    00001526  A$player$
     00001526  C$player. |    00001528  A$player$ |    00001528  C$player.
     00001528  C$player. |    00001528  XG$Player |    00001529  A$player$
     00001529  C$player. |    00001529  G$DrawPla |    00001529  _DrawPlay
     0000152B  A$player$ |    0000152E  A$player$ |    0000152F  A$player$
     00001530  A$player$ |    00001532  A$player$ |    00001533  A$player$
     00001533  C$player. |    00001534  A$player$ |    00001535  A$player$
     00001536  A$player$ |    00001537  A$player$ |    00001538  A$player$
     0000153A  A$player$ |    0000153B  A$player$ |    0000153C  A$player$
     0000153C  C$player. |    0000153D  A$player$ |    0000153E  A$player$
     0000153F  A$player$ |    00001541  A$player$ |    00001543  A$player$
     00001544  A$player$ |    00001545  A$player$ |    00001547  A$player$
     00001549  A$player$ |    0000154A  A$player$ |    0000154C  A$player$
     0000154E  A$player$ |    00001550  A$player$ |    00001551  A$player$
     00001553  A$player$ |    00001555  A$player$ |    00001558  A$player$
     00001558  C$player. |    0000155A  A$player$ |    0000155B  A$player$
     0000155C  A$player$ |    0000155D  A$player$ |    00001560  A$player$
     00001561  A$player$ |    00001562  A$player$ |    00001563  A$player$
     00001566  A$player$ |    00001567  A$player$ |    00001568  A$player$
     00001569  A$player$ |    0000156C  A$player$ |    0000156E  A$player$
     0000156F  A$player$ |    00001570  A$player$ |    00001571  A$player$
     00001573  A$player$ |    00001574  A$player$ |    00001577  A$player$
     00001579  A$player$ |    00001579  C$player. |    0000157C  A$player$
     0000157C  C$player. |    0000157F  A$player$ |    00001580  A$player$
     00001581  A$player$ |    00001582  A$player$ |    00001585  A$player$
     00001586  A$player$ |    00001587  A$player$ |    00001588  A$player$
     0000158B  A$player$ |    0000158D  A$player$ |    0000158F  A$player$
     00001590  A$player$ |    00001591  A$player$ |    00001592  A$player$
     00001593  A$player$ |    00001595  A$player$ |    00001596  A$player$
     00001599  A$player$ |    0000159B  A$player$ |    0000159B  C$player.
     0000159D  A$player$ |    0000159D  C$player. |    0000159F  A$player$
     000015A0  A$player$ |    000015A1  A$player$ |    000015A2  A$player$
     000015A5  A$player$ |    000015A6  A$player$ |    000015A7  A$player$
     000015A8  A$player$ |    000015AB  A$player$ |    000015AC  A$player$
     000015AD  A$player$ |    000015AE  A$player$ |    000015B1  A$player$
     000015B3  A$player$ |    000015B4  A$player$ |    000015B5  A$player$
     000015B6  A$player$ |    000015B8  A$player$ |    000015B9  A$player$
     000015BC  A$player$ |    000015BE  A$player$ |    000015BE  C$player.
     000015C0  A$player$ |    000015C0  C$player. |    000015C2  A$player$
     000015C3  A$player$ |    000015C4  A$player$ |    000015C5  A$player$
     000015C8  A$player$ |    000015C9  A$player$ |    000015CA  A$player$
     000015CB  A$player$ |    000015CE  A$player$ |    000015CF  A$player$
     000015D0  A$player$ |    000015D1  A$player$ |    000015D4  A$player$
     000015D6  A$player$ |    000015D7  A$player$ |    000015D9  A$player$
     000015DA  A$player$ |    000015DB  A$player$ |    000015DC  A$player$
     000015DE  A$player$ |    000015DF  A$player$ |    000015E2  A$player$
     000015E4  A$player$ |    000015E4  C$player. |    000015E6  A$player$
     000015E6  C$player. |    000015E8  A$player$ |    000015E9  A$player$
     000015EA  A$player$ |    000015EB  A$player$ |    000015EE  A$player$
     000015EF  A$player$ |    000015F0  A$player$ |    000015F1  A$player$
ASxxxx Linker V03.00 + NoICE + sdld,  page 5.
Hexadecimal  [32-Bits]

Area                       Addr        Size        Decimal Bytes (Attributes)
--------------------       ----        ----        ------- ----- ------------
_CODE                  00000200    00004D24 =       19748. bytes (REL,CON)

        Value  Global            Value  Global            Value  Global    
        -----  ------            -----  ------            -----  ------    
     000015F4  A$player$ |    000015F5  A$player$ |    000015F6  A$player$
     000015F7  A$player$ |    000015FA  A$player$ |    000015FC  A$player$
     000015FD  A$player$ |    000015FF  A$player$ |    00001600  A$player$
     00001601  A$player$ |    00001602  A$player$ |    00001604  A$player$
     00001605  A$player$ |    00001608  A$player$ |    0000160A  A$player$
     0000160A  C$player. |    0000160C  A$player$ |    0000160C  C$player.
     0000160C  XG$DrawPl |    0000160D  G$mouse_d |    0000160D  _mouse_do
     00001619  G$mouse_u |    00001619  _mouse_up |    00001625  G$mouse_r
     00001625  _mouse_ri |    00001631  G$mouse_r |    00001631  _mouse_ri
     0000163D  G$mouse_m |    0000163D  _mouse_me |    00001645  A$GameTit
     00001645  C$GameTit |    00001645  C$GameTit |    00001645  G$GameTit
     00001645  _GameTitl |    00001647  A$GameTit |    00001649  A$GameTit
     00001649  C$GameTit |    0000164B  A$GameTit |    0000164D  A$GameTit
     0000164D  C$GameTit |    0000164F  A$GameTit |    00001651  A$GameTit
     00001653  A$GameTit |    00001653  C$GameTit |    00001656  A$GameTit
     00001657  A$GameTit |    0000165A  A$GameTit |    0000165B  A$GameTit
     0000165E  A$GameTit |    00001660  A$GameTit |    00001660  C$GameTit
     00001663  A$GameTit |    00001664  A$GameTit |    00001667  A$GameTit
     00001668  A$GameTit |    00001669  A$GameTit |    0000166A  A$GameTit
     0000166B  A$GameTit |    0000166E  A$GameTit |    00001670  A$GameTit
     00001670  C$GameTit |    00001673  A$GameTit |    00001674  A$GameTit
     00001677  A$GameTit |    00001678  A$GameTit |    0000167B  A$GameTit
     0000167D  A$GameTit |    00001680  A$GameTit |    00001681  A$GameTit
     00001682  A$GameTit |    00001683  A$GameTit |    00001686  A$GameTit
     00001687  A$GameTit |    00001688  A$GameTit |    00001689  A$GameTit
     0000168C  A$GameTit |    0000168E  A$GameTit |    00001691  A$GameTit
     00001692  A$GameTit |    00001693  A$GameTit |    00001694  A$GameTit
     00001695  A$GameTit |    00001698  A$GameTit |    0000169A  A$GameTit
     0000169A  C$GameTit |    0000169C  A$GameTit |    0000169E  A$GameTit
     000016A0  A$GameTit |    000016A0  C$GameTit |    000016A2  A$GameTit
     000016A4  A$GameTit |    000016A6  A$GameTit |    000016A6  C$GameTit
     000016A8  A$GameTit |    000016A8  C$GameTit |    000016A8  XG$GameTi
     000016AB  G$globe1$ |    000016AB  _globe1   |    000016CF  G$globe2$
     000016CF  _globe2   |    000016F3  G$globe3$ |    000016F3  _globe3  
     00001717  G$globe4$ |    00001717  _globe4   |    0000173B  G$globe5$
     0000173B  _globe5   |    0000175F  G$globe6$ |    0000175F  _globe6  
     00001783  G$globe7$ |    00001783  _globe7   |    000017A7  G$globe_m
     000017A7  _globe_me |    000017B5  A$GameTit |    000017B5  C$GameTit
     000017B5  G$GameTit |    000017B5  _GameTitl |    000017B8  A$GameTit
     000017BB  A$GameTit |    000017BB  C$GameTit |    000017BE  A$GameTit
     000017C1  A$GameTit |    000017C1  C$GameTit |    000017C4  A$GameTit
     000017C5  A$GameTit |    000017C5  C$GameTit |    000017C6  A$GameTit
     000017C8  A$GameTit |    000017CA  A$GameTit |    000017CA  C$GameTit
     000017CD  A$GameTit |    000017CE  A$GameTit |    000017CE  C$GameTit
     000017D1  A$GameTit |    000017D3  A$GameTit |    000017D3  C$GameTit
     000017D6  A$GameTit |    000017D7  A$GameTit |    000017D9  A$GameTit
     000017DB  A$GameTit |    000017DD  A$GameTit |    000017E0  A$GameTit
     000017E3  A$GameTit |    000017E4  A$GameTit |    000017E6  A$GameTit
     000017E7  A$GameTit |    000017E8  A$GameTit |    000017E9  A$GameTit
     000017EA  A$GameTit |    000017EB  A$GameTit |    000017EC  A$GameTit
     000017EF  A$GameTit |    000017F0  A$GameTit |    000017F1  A$GameTit
ASxxxx Linker V03.00 + NoICE + sdld,  page 6.
Hexadecimal  [32-Bits]

Area                       Addr        Size        Decimal Bytes (Attributes)
--------------------       ----        ----        ------- ----- ------------
_CODE                  00000200    00004D24 =       19748. bytes (REL,CON)

        Value  Global            Value  Global            Value  Global    
        -----  ------            -----  ------            -----  ------    
     000017F2  A$GameTit |    000017F5  A$GameTit |    000017F7  A$GameTit
     000017F8  A$GameTit |    000017FB  A$GameTit |    000017FC  A$GameTit
     000017FD  A$GameTit |    000017FE  A$GameTit |    000017FF  A$GameTit
     00001802  A$GameTit |    00001804  A$GameTit |    00001805  A$GameTit
     00001805  C$GameTit |    00001808  A$GameTit |    00001809  A$GameTit
     00001809  C$GameTit |    0000180B  A$GameTit |    0000180D  A$GameTit
     0000180D  C$GameTit |    0000180E  A$GameTit |    00001810  A$GameTit
     00001813  A$GameTit |    00001814  A$GameTit |    00001817  A$GameTit
     00001818  A$GameTit |    0000181A  A$GameTit |    0000181B  A$GameTit
     0000181C  A$GameTit |    0000181D  A$GameTit |    0000181E  A$GameTit
     00001821  A$GameTit |    00001822  A$GameTit |    00001823  A$GameTit
     00001826  A$GameTit |    00001828  A$GameTit |    0000182B  A$GameTit
     0000182C  A$GameTit |    0000182D  A$GameTit |    0000182E  A$GameTit
     0000182F  A$GameTit |    00001832  A$GameTit |    00001834  A$GameTit
     00001834  C$GameTit |    00001836  A$GameTit |    00001837  A$GameTit
     00001837  C$GameTit |    00001839  A$GameTit |    0000183B  A$GameTit
     0000183B  C$GameTit |    0000183C  A$GameTit |    0000183E  A$GameTit
     00001841  A$GameTit |    00001842  A$GameTit |    00001845  A$GameTit
     00001846  A$GameTit |    00001848  A$GameTit |    00001849  A$GameTit
     0000184A  A$GameTit |    0000184B  A$GameTit |    0000184C  A$GameTit
     0000184F  A$GameTit |    00001850  A$GameTit |    00001851  A$GameTit
     00001854  A$GameTit |    00001856  A$GameTit |    00001859  A$GameTit
     0000185A  A$GameTit |    0000185B  A$GameTit |    0000185C  A$GameTit
     0000185D  A$GameTit |    00001860  A$GameTit |    00001862  A$GameTit
     00001862  C$GameTit |    00001864  A$GameTit |    00001865  A$GameTit
     00001865  C$GameTit |    00001867  A$GameTit |    00001869  A$GameTit
     00001869  C$GameTit |    0000186A  A$GameTit |    0000186C  A$GameTit
     0000186F  A$GameTit |    00001870  A$GameTit |    00001873  A$GameTit
     00001874  A$GameTit |    00001876  A$GameTit |    00001877  A$GameTit
     00001878  A$GameTit |    00001879  A$GameTit |    0000187A  A$GameTit
     0000187D  A$GameTit |    0000187E  A$GameTit |    0000187F  A$GameTit
     00001882  A$GameTit |    00001884  A$GameTit |    00001887  A$GameTit
     00001888  A$GameTit |    00001889  A$GameTit |    0000188A  A$GameTit
     0000188B  A$GameTit |    0000188E  A$GameTit |    00001890  A$GameTit
     00001890  C$GameTit |    00001892  A$GameTit |    00001893  A$GameTit
     00001893  C$GameTit |    00001895  A$GameTit |    00001895  C$GameTit
     00001895  XG$GameTi |    00001896  G$Globe_T |    00001896  _Globe_Ti
     00001F96  G$Title_M |    00001F96  _Title_Ma |    000020FE  G$TitleLa
     000020FE  _TitleLab |    0000241E  A$common$ |    0000241E  C$common.
     0000241E  G$perform |    0000241E  _performa |    0000241F  A$common$
     00002421  A$common$ |    00002422  A$common$ |    00002423  A$common$
     00002424  A$common$ |    00002424  C$common. |    00002427  A$common$
     00002427  C$common. |    00002428  A$common$ |    00002428  C$common.
     00002428  XG$perfor |    0000242A  A$common$ |    0000242A  C$common.
     0000242A  G$DrawNum |    0000242A  _DrawNumb |    0000242C  A$common$
     0000242E  A$common$ |    0000242F  A$common$ |    00002430  A$common$
     00002430  C$common. |    00002432  A$common$ |    00002434  A$common$
     00002435  A$common$ |    00002436  A$common$ |    00002438  A$common$
     00002439  A$common$ |    0000243A  A$common$ |    0000243C  A$common$
     0000243D  A$common$ |    0000243E  A$common$ |    00002440  A$common$
     00002441  A$common$ |    00002443  A$common$ |    00002443  C$common.
ASxxxx Linker V03.00 + NoICE + sdld,  page 7.
Hexadecimal  [32-Bits]

Area                       Addr        Size        Decimal Bytes (Attributes)
--------------------       ----        ----        ------- ----- ------------
_CODE                  00000200    00004D24 =       19748. bytes (REL,CON)

        Value  Global            Value  Global            Value  Global    
        -----  ------            -----  ------            -----  ------    
     00002445  A$common$ |    00002446  A$common$ |    00002448  A$common$
     00002449  A$common$ |    0000244B  A$common$ |    0000244C  A$common$
     0000244E  A$common$ |    0000244F  A$common$ |    00002451  A$common$
     00002452  A$common$ |    00002453  A$common$ |    00002456  A$common$
     00002457  A$common$ |    00002458  A$common$ |    0000245A  A$common$
     0000245B  A$common$ |    0000245C  A$common$ |    0000245D  A$common$
     0000245E  A$common$ |    00002461  A$common$ |    00002463  A$common$
     00002463  C$common. |    00002465  A$common$ |    00002466  A$common$
     00002467  A$common$ |    00002468  A$common$ |    00002469  A$common$
     0000246C  A$common$ |    0000246D  A$common$ |    0000246F  A$common$
     00002470  A$common$ |    00002471  A$common$ |    00002472  A$common$
     00002474  A$common$ |    00002475  A$common$ |    00002477  A$common$
     00002478  A$common$ |    0000247A  A$common$ |    0000247B  A$common$
     0000247D  A$common$ |    0000247E  A$common$ |    0000247E  C$common.
     00002481  A$common$ |    00002482  A$common$ |    00002483  A$common$
     00002486  A$common$ |    00002487  A$common$ |    00002489  A$common$
     0000248A  A$common$ |    0000248B  A$common$ |    0000248C  A$common$
     0000248E  A$common$ |    0000248F  A$common$ |    00002491  A$common$
     00002492  A$common$ |    00002492  C$common. |    00002494  A$common$
     00002495  A$common$ |    00002497  A$common$ |    00002498  A$common$
     0000249A  A$common$ |    0000249B  A$common$ |    0000249D  A$common$
     0000249E  A$common$ |    000024A0  A$common$ |    000024A2  A$common$
     000024A3  A$common$ |    000024A5  A$common$ |    000024A6  A$common$
     000024A7  A$common$ |    000024A8  A$common$ |    000024A9  A$common$
     000024AA  A$common$ |    000024AC  A$common$ |    000024AD  A$common$
     000024AE  A$common$ |    000024AF  A$common$ |    000024B0  A$common$
     000024B1  A$common$ |    000024B2  A$common$ |    000024B3  A$common$
     000024B4  A$common$ |    000024B5  A$common$ |    000024B6  A$common$
     000024B7  A$common$ |    000024B8  A$common$ |    000024B9  A$common$
     000024BA  A$common$ |    000024BB  A$common$ |    000024BC  A$common$
     000024BD  A$common$ |    000024BF  A$common$ |    000024C0  A$common$
     000024C1  A$common$ |    000024C3  A$common$ |    000024C4  A$common$
     000024C6  A$common$ |    000024C8  A$common$ |    000024C9  A$common$
     000024CA  A$common$ |    000024CB  A$common$ |    000024CC  A$common$
     000024CD  A$common$ |    000024CE  A$common$ |    000024CF  A$common$
     000024D1  A$common$ |    000024D3  A$common$ |    000024D5  A$common$
     000024D7  A$common$ |    000024D8  A$common$ |    000024DA  A$common$
     000024DC  A$common$ |    000024DE  A$common$ |    000024DF  A$common$
     000024E1  A$common$ |    000024E1  C$common. |    000024E3  A$common$
     000024E4  A$common$ |    000024E6  A$common$ |    000024E7  A$common$
     000024E9  A$common$ |    000024EA  A$common$ |    000024EC  A$common$
     000024ED  A$common$ |    000024EF  A$common$ |    000024F0  A$common$
     000024F2  A$common$ |    000024F3  A$common$ |    000024F4  A$common$
     000024F6  A$common$ |    000024F7  A$common$ |    000024F8  A$common$
     000024FA  A$common$ |    000024FB  A$common$ |    000024FC  A$common$
     000024FD  A$common$ |    000024FE  A$common$ |    00002501  A$common$
     00002503  A$common$ |    00002503  C$common. |    00002505  A$common$
     00002506  A$common$ |    00002508  A$common$ |    00002508  C$common.
     0000250A  A$common$ |    0000250B  A$common$ |    0000250C  A$common$
     0000250D  A$common$ |    0000250F  A$common$ |    00002510  A$common$
     00002512  A$common$ |    00002513  A$common$ |    00002515  A$common$
ASxxxx Linker V03.00 + NoICE + sdld,  page 8.
Hexadecimal  [32-Bits]

Area                       Addr        Size        Decimal Bytes (Attributes)
--------------------       ----        ----        ------- ----- ------------
_CODE                  00000200    00004D24 =       19748. bytes (REL,CON)

        Value  Global            Value  Global            Value  Global    
        -----  ------            -----  ------            -----  ------    
     00002515  C$common. |    00002516  A$common$ |    00002518  A$common$
     0000251B  A$common$ |    0000251C  A$common$ |    0000251D  A$common$
     0000251E  A$common$ |    0000251F  A$common$ |    00002521  A$common$
     00002522  A$common$ |    00002523  A$common$ |    00002524  A$common$
     00002525  A$common$ |    00002526  A$common$ |    00002527  A$common$
     00002528  A$common$ |    0000252B  A$common$ |    0000252D  A$common$
     0000252E  A$common$ |    0000252E  C$common. |    0000252F  A$common$
     00002531  A$common$ |    00002531  C$common. |    00002533  A$common$
     00002534  A$common$ |    00002536  A$common$ |    00002537  A$common$
     00002537  C$common. |    00002537  G$fadeToB |    00002537  _fadeToBl
     00002538  A$common$ |    0000253A  A$common$ |    0000253B  A$common$
     0000253D  A$common$ |    0000253E  A$common$ |    0000253E  C$common.
     0000253F  A$common$ |    00002540  A$common$ |    00002542  A$common$
     00002543  A$common$ |    00002544  A$common$ |    00002546  A$common$
     00002547  A$common$ |    00002549  A$common$ |    0000254B  A$common$
     0000254D  A$common$ |    0000254F  A$common$ |    00002551  A$common$
     00002551  C$common. |    00002551  C$common. |    00002553  A$common$
     00002555  A$common$ |    00002555  C$common. |    00002557  A$common$
     00002559  A$common$ |    00002559  C$common. |    0000255B  A$common$
     0000255B  C$common. |    0000255B  C$common. |    0000255D  A$common$
     0000255F  A$common$ |    0000255F  C$common. |    00002561  A$common$
     00002563  A$common$ |    00002563  C$common. |    00002565  A$common$
     00002565  C$common. |    00002565  C$common. |    00002567  A$common$
     00002569  A$common$ |    00002569  C$common. |    0000256B  A$common$
     0000256D  A$common$ |    0000256D  C$common. |    0000256F  A$common$
     0000256F  C$common. |    0000256F  C$common. |    00002571  A$common$
     00002573  A$common$ |    00002573  C$common. |    00002575  A$common$
     00002577  A$common$ |    00002577  C$common. |    00002577  C$common.
     00002578  A$common$ |    00002579  A$common$ |    0000257C  A$common$
     0000257D  A$common$ |    0000257D  C$common. |    0000257E  A$common$
     0000257E  C$common. |    0000257E  XG$fadeTo |    00002580  A$common$
     00002580  C$common. |    00002580  G$fadeFro |    00002580  _fadeFrom
     00002581  A$common$ |    00002583  A$common$ |    00002584  A$common$
     00002586  A$common$ |    00002587  A$common$ |    00002587  C$common.
     00002588  A$common$ |    00002589  A$common$ |    0000258B  A$common$
     0000258C  A$common$ |    0000258D  A$common$ |    0000258F  A$common$
     00002590  A$common$ |    00002592  A$common$ |    00002594  A$common$
     00002596  A$common$ |    00002598  A$common$ |    0000259A  A$common$
     0000259A  C$common. |    0000259A  C$common. |    0000259C  A$common$
     0000259E  A$common$ |    0000259E  C$common. |    000025A0  A$common$
     000025A2  A$common$ |    000025A2  C$common. |    000025A4  A$common$
     000025A4  C$common. |    000025A4  C$common. |    000025A6  A$common$
     000025A8  A$common$ |    000025A8  C$common. |    000025AA  A$common$
     000025AC  A$common$ |    000025AC  C$common. |    000025AE  A$common$
     000025AE  C$common. |    000025AE  C$common. |    000025B0  A$common$
     000025B2  A$common$ |    000025B2  C$common. |    000025B4  A$common$
     000025B6  A$common$ |    000025B6  C$common. |    000025B8  A$common$
     000025B8  C$common. |    000025B8  C$common. |    000025BA  A$common$
     000025BC  A$common$ |    000025BC  C$common. |    000025BE  A$common$
     000025C0  A$common$ |    000025C0  C$common. |    000025C0  C$common.
     000025C1  A$common$ |    000025C2  A$common$ |    000025C5  A$common$
ASxxxx Linker V03.00 + NoICE + sdld,  page 9.
Hexadecimal  [32-Bits]

Area                       Addr        Size        Decimal Bytes (Attributes)
--------------------       ----        ----        ------- ----- ------------
_CODE                  00000200    00004D24 =       19748. bytes (REL,CON)

        Value  Global            Value  Global            Value  Global    
        -----  ------            -----  ------            -----  ------    
     000025C6  A$common$ |    000025C6  C$common. |    000025C7  A$common$
     000025C7  C$common. |    000025C7  XG$fadeFr |    000025C9  A$common$
     000025C9  C$common. |    000025C9  G$fadeToW |    000025C9  _fadeToWh
     000025CA  A$common$ |    000025CC  A$common$ |    000025CD  A$common$
     000025CF  A$common$ |    000025D0  A$common$ |    000025D0  C$common.
     000025D2  A$common$ |    000025D3  A$common$ |    000025D5  A$common$
     000025D6  A$common$ |    000025D8  A$common$ |    000025DB  A$common$
     000025DC  A$common$ |    000025DD  A$common$ |    000025DD  C$common.
     000025DE  A$common$ |    000025E0  A$common$ |    000025E2  A$common$
     000025E4  A$common$ |    000025E6  A$common$ |    000025E8  A$common$
     000025E8  C$common. |    000025EA  A$common$ |    000025EC  A$common$
     000025EC  C$common. |    000025EE  A$common$ |    000025F0  A$common$
     000025F0  C$common. |    000025F2  A$common$ |    000025F2  C$common.
     000025F2  C$common. |    000025F4  A$common$ |    000025F6  A$common$
     000025F6  C$common. |    000025F8  A$common$ |    000025FA  A$common$
     000025FA  C$common. |    000025FC  A$common$ |    000025FC  C$common.
     000025FC  C$common. |    000025FE  A$common$ |    00002600  A$common$
     00002600  C$common. |    00002602  A$common$ |    00002604  A$common$
     00002604  C$common. |    00002606  A$common$ |    00002606  C$common.
     00002606  C$common. |    00002608  A$common$ |    0000260A  A$common$
     0000260A  C$common. |    0000260C  A$common$ |    0000260E  A$common$
     0000260E  C$common. |    00002610  A$common$ |    00002610  C$common.
     00002610  C$common. |    00002611  A$common$ |    00002613  A$common$
     00002613  C$common. |    00002614  A$common$ |    00002616  A$common$
     00002616  C$common. |    00002616  C$common. |    00002617  A$common$
     00002618  A$common$ |    0000261B  A$common$ |    0000261C  A$common$
     0000261C  C$common. |    0000261D  A$common$ |    0000261D  C$common.
     0000261D  XG$fadeTo |    0000261F  A$common$ |    0000261F  C$common.
     0000261F  G$fadeFro |    0000261F  _fadeFrom |    00002620  A$common$
     00002622  A$common$ |    00002623  A$common$ |    00002625  A$common$
     00002626  A$common$ |    00002626  C$common. |    00002627  A$common$
     00002628  A$common$ |    0000262A  A$common$ |    0000262B  A$common$
     0000262C  A$common$ |    0000262E  A$common$ |    0000262F  A$common$
     00002631  A$common$ |    00002633  A$common$ |    00002635  A$common$
     00002637  A$common$ |    00002639  A$common$ |    00002639  C$common.
     00002639  C$common. |    0000263B  A$common$ |    0000263D  A$common$
     0000263D  C$common. |    0000263F  A$common$ |    00002641  A$common$
     00002641  C$common. |    00002643  A$common$ |    00002643  C$common.
     00002643  C$common. |    00002645  A$common$ |    00002647  A$common$
     00002647  C$common. |    00002649  A$common$ |    0000264B  A$common$
     0000264B  C$common. |    0000264D  A$common$ |    0000264D  C$common.
     0000264D  C$common. |    0000264F  A$common$ |    00002651  A$common$
     00002651  C$common. |    00002653  A$common$ |    00002655  A$common$
     00002655  C$common. |    00002657  A$common$ |    00002657  C$common.
     00002657  C$common. |    00002659  A$common$ |    0000265B  A$common$
     0000265B  C$common. |    0000265D  A$common$ |    0000265F  A$common$
     0000265F  C$common. |    0000265F  C$common. |    00002660  A$common$
     00002661  A$common$ |    00002664  A$common$ |    00002665  A$common$
     00002665  C$common. |    00002666  A$common$ |    00002666  C$common.
     00002666  XG$fadeFr |    00002668  A$common$ |    00002668  C$common.
     00002668  C$common. |    00002668  G$InvertC |    00002668  _InvertCo
ASxxxx Linker V03.00 + NoICE + sdld,  page 10.
Hexadecimal  [32-Bits]

Area                       Addr        Size        Decimal Bytes (Attributes)
--------------------       ----        ----        ------- ----- ------------
_CODE                  00000200    00004D24 =       19748. bytes (REL,CON)

        Value  Global            Value  Global            Value  Global    
        -----  ------            -----  ------            -----  ------    
     0000266A  A$common$ |    0000266C  A$common$ |    0000266C  C$common.
     0000266E  A$common$ |    00002670  A$common$ |    00002670  C$common.
     00002670  XG$Invert |    00002671  A$common$ |    00002671  C$common.
     00002671  C$common. |    00002671  G$ResetCo |    00002671  _ResetCol
     00002673  A$common$ |    00002675  A$common$ |    00002675  C$common.
     00002677  A$common$ |    00002679  A$common$ |    00002679  C$common.
     00002679  XG$ResetC |    0000267A  A$CoreGam |    0000267A  C$CoreGam
     0000267A  G$set_cam |    0000267A  _set_came |    0000267C  A$CoreGam
     0000267C  C$CoreGam |    0000267F  A$CoreGam |    00002681  A$CoreGam
     00002684  A$CoreGam |    00002686  A$CoreGam |    00002686  C$CoreGam
     00002689  A$CoreGam |    0000268A  A$CoreGam |    0000268B  A$CoreGam
     0000268C  A$CoreGam |    0000268E  A$CoreGam |    00002690  A$CoreGam
     00002692  A$CoreGam |    00002694  A$CoreGam |    00002696  A$CoreGam
     00002698  A$CoreGam |    0000269B  A$CoreGam |    0000269C  A$CoreGam
     0000269D  A$CoreGam |    0000269D  C$CoreGam |    0000269E  A$CoreGam
     000026A1  A$CoreGam |    000026A2  A$CoreGam |    000026A5  A$CoreGam
     000026A8  A$CoreGam |    000026A9  A$CoreGam |    000026AB  A$CoreGam
     000026AC  A$CoreGam |    000026AD  A$CoreGam |    000026AF  A$CoreGam
     000026B0  A$CoreGam |    000026B2  A$CoreGam |    000026B3  A$CoreGam
     000026B4  A$CoreGam |    000026B5  A$CoreGam |    000026B6  A$CoreGam
     000026B7  A$CoreGam |    000026B9  A$CoreGam |    000026BA  A$CoreGam
     000026BB  A$CoreGam |    000026BC  A$CoreGam |    000026BD  A$CoreGam
     000026BE  A$CoreGam |    000026C0  A$CoreGam |    000026C1  A$CoreGam
     000026C3  A$CoreGam |    000026C4  A$CoreGam |    000026C6  A$CoreGam
     000026C7  A$CoreGam |    000026C8  A$CoreGam |    000026C8  C$CoreGam
     000026CB  A$CoreGam |    000026CE  A$CoreGam |    000026CF  A$CoreGam
     000026D0  A$CoreGam |    000026D1  A$CoreGam |    000026D2  A$CoreGam
     000026D3  A$CoreGam |    000026D4  A$CoreGam |    000026D6  A$CoreGam
     000026D7  A$CoreGam |    000026D8  A$CoreGam |    000026DA  A$CoreGam
     000026DC  A$CoreGam |    000026DE  A$CoreGam |    000026E0  A$CoreGam
     000026E1  A$CoreGam |    000026E2  A$CoreGam |    000026E5  A$CoreGam
     000026E7  A$CoreGam |    000026E9  A$CoreGam |    000026EA  A$CoreGam
     000026EB  A$CoreGam |    000026EE  A$CoreGam |    000026EF  A$CoreGam
     000026F1  A$CoreGam |    000026F2  A$CoreGam |    000026F3  A$CoreGam
     000026F4  A$CoreGam |    000026F5  A$CoreGam |    000026F7  A$CoreGam
     000026F8  A$CoreGam |    000026F9  A$CoreGam |    000026FA  A$CoreGam
     000026FD  A$CoreGam |    000026FF  A$CoreGam |    00002702  A$CoreGam
     00002704  A$CoreGam |    00002704  C$CoreGam |    00002706  A$CoreGam
     00002706  C$CoreGam |    00002709  A$CoreGam |    0000270B  A$CoreGam
     0000270D  A$CoreGam |    00002710  A$CoreGam |    00002711  A$CoreGam
     00002712  A$CoreGam |    00002714  A$CoreGam |    00002717  A$CoreGam
     00002719  A$CoreGam |    0000271B  A$CoreGam |    0000271C  A$CoreGam
     0000271D  A$CoreGam |    0000271E  A$CoreGam |    00002721  A$CoreGam
     00002723  A$CoreGam |    00002726  A$CoreGam |    00002728  A$CoreGam
     0000272A  A$CoreGam |    0000272B  A$CoreGam |    0000272C  A$CoreGam
     0000272D  A$CoreGam |    0000272F  A$CoreGam |    00002730  A$CoreGam
     00002731  A$CoreGam |    00002732  A$CoreGam |    00002733  A$CoreGam
     00002734  A$CoreGam |    00002735  A$CoreGam |    00002736  A$CoreGam
     00002738  A$CoreGam |    00002739  A$CoreGam |    0000273A  A$CoreGam
     0000273B  A$CoreGam |    0000273E  A$CoreGam |    00002740  A$CoreGam
     00002743  A$CoreGam |    00002745  A$CoreGam |    00002745  C$CoreGam
ASxxxx Linker V03.00 + NoICE + sdld,  page 11.
Hexadecimal  [32-Bits]

Area                       Addr        Size        Decimal Bytes (Attributes)
--------------------       ----        ----        ------- ----- ------------
_CODE                  00000200    00004D24 =       19748. bytes (REL,CON)

        Value  Global            Value  Global            Value  Global    
        -----  ------            -----  ------            -----  ------    
     00002745  C$CoreGam |    00002748  A$CoreGam |    00002749  A$CoreGam
     00002749  C$CoreGam |    0000274C  A$CoreGam |    0000274D  A$CoreGam
     0000274D  C$CoreGam |    00002750  A$CoreGam |    00002751  A$CoreGam
     00002752  A$CoreGam |    00002753  A$CoreGam |    00002755  A$CoreGam
     00002757  A$CoreGam |    00002759  A$CoreGam |    0000275B  A$CoreGam
     0000275D  A$CoreGam |    0000275F  A$CoreGam |    00002762  A$CoreGam
     00002763  A$CoreGam |    00002763  C$CoreGam |    00002764  A$CoreGam
     00002767  A$CoreGam |    00002768  A$CoreGam |    0000276B  A$CoreGam
     0000276B  C$CoreGam |    0000276E  A$CoreGam |    0000276F  A$CoreGam
     00002771  A$CoreGam |    00002772  A$CoreGam |    00002774  A$CoreGam
     00002775  A$CoreGam |    00002776  A$CoreGam |    00002777  A$CoreGam
     00002778  A$CoreGam |    00002779  A$CoreGam |    0000277B  A$CoreGam
     0000277C  A$CoreGam |    0000277D  A$CoreGam |    0000277E  A$CoreGam
     0000277F  A$CoreGam |    00002780  A$CoreGam |    00002782  A$CoreGam
     00002783  A$CoreGam |    00002785  A$CoreGam |    00002786  A$CoreGam
     00002788  A$CoreGam |    00002789  A$CoreGam |    0000278A  A$CoreGam
     0000278A  C$CoreGam |    0000278B  A$CoreGam |    0000278E  A$CoreGam
     00002791  A$CoreGam |    00002792  A$CoreGam |    00002793  A$CoreGam
     00002794  A$CoreGam |    00002795  A$CoreGam |    00002796  A$CoreGam
     00002797  A$CoreGam |    00002798  A$CoreGam |    0000279A  A$CoreGam
     0000279B  A$CoreGam |    0000279C  A$CoreGam |    0000279E  A$CoreGam
     000027A1  A$CoreGam |    000027A2  A$CoreGam |    000027A5  A$CoreGam
     000027A8  A$CoreGam |    000027AA  A$CoreGam |    000027AC  A$CoreGam
     000027AD  A$CoreGam |    000027AE  A$CoreGam |    000027B1  A$CoreGam
     000027B2  A$CoreGam |    000027B3  A$CoreGam |    000027B4  A$CoreGam
     000027B6  A$CoreGam |    000027B7  A$CoreGam |    000027B8  A$CoreGam
     000027B9  A$CoreGam |    000027BA  A$CoreGam |    000027BB  A$CoreGam
     000027BC  A$CoreGam |    000027BD  A$CoreGam |    000027C0  A$CoreGam
     000027C2  A$CoreGam |    000027C5  A$CoreGam |    000027C7  A$CoreGam
     000027C7  C$CoreGam |    000027C9  A$CoreGam |    000027C9  C$CoreGam
     000027CC  A$CoreGam |    000027CE  A$CoreGam |    000027D0  A$CoreGam
     000027D1  A$CoreGam |    000027D2  A$CoreGam |    000027D4  A$CoreGam
     000027D7  A$CoreGam |    000027D8  A$CoreGam |    000027DB  A$CoreGam
     000027DD  A$CoreGam |    000027E0  A$CoreGam |    000027E2  A$CoreGam
     000027E4  A$CoreGam |    000027E5  A$CoreGam |    000027E6  A$CoreGam
     000027E9  A$CoreGam |    000027EA  A$CoreGam |    000027EB  A$CoreGam
     000027EC  A$CoreGam |    000027EE  A$CoreGam |    000027EF  A$CoreGam
     000027F0  A$CoreGam |    000027F1  A$CoreGam |    000027F2  A$CoreGam
     000027F3  A$CoreGam |    000027F4  A$CoreGam |    000027F5  A$CoreGam
     000027F8  A$CoreGam |    000027FA  A$CoreGam |    000027FD  A$CoreGam
     000027FF  A$CoreGam |    000027FF  C$CoreGam |    000027FF  C$CoreGam
     00002802  A$CoreGam |    00002805  A$CoreGam |    00002805  C$CoreGam
     00002808  A$CoreGam |    0000280B  A$CoreGam |    0000280E  A$CoreGam
     00002811  A$CoreGam |    00002814  A$CoreGam |    00002817  A$CoreGam
     0000281A  A$CoreGam |    0000281D  A$CoreGam |    0000281F  A$CoreGam
     0000281F  C$CoreGam |    0000281F  XG$set_ca |    00002820  A$CoreGam
     00002820  C$CoreGam |    00002820  C$CoreGam |    00002820  G$CoreGam
     00002820  _CoreGame |    00002823  A$CoreGam |    00002825  A$CoreGam
     00002828  A$CoreGam |    0000282A  A$CoreGam |    0000282A  C$CoreGam
     0000282D  A$CoreGam |    0000282F  A$CoreGam |    0000282F  C$CoreGam
     00002832  A$CoreGam |    00002834  A$CoreGam |    00002835  A$CoreGam
ASxxxx Linker V03.00 + NoICE + sdld,  page 12.
Hexadecimal  [32-Bits]

Area                       Addr        Size        Decimal Bytes (Attributes)
--------------------       ----        ----        ------- ----- ------------
_CODE                  00000200    00004D24 =       19748. bytes (REL,CON)

        Value  Global            Value  Global            Value  Global    
        -----  ------            -----  ------            -----  ------    
     00002836  A$CoreGam |    00002837  A$CoreGam |    00002837  C$CoreGam
     0000283A  A$CoreGam |    0000283C  A$CoreGam |    0000283D  A$CoreGam
     0000283E  A$CoreGam |    0000283F  A$CoreGam |    0000283F  C$CoreGam
     00002842  A$CoreGam |    00002844  A$CoreGam |    00002845  A$CoreGam
     00002846  A$CoreGam |    00002847  A$CoreGam |    0000284A  A$CoreGam
     0000284C  A$CoreGam |    0000284D  A$CoreGam |    0000284E  A$CoreGam
     0000284F  A$CoreGam |    0000284F  C$CoreGam |    00002852  A$CoreGam
     00002854  A$CoreGam |    00002854  C$CoreGam |    00002857  A$CoreGam
     00002858  A$CoreGam |    0000285B  A$CoreGam |    0000285C  A$CoreGam
     0000285F  A$CoreGam |    00002861  A$CoreGam |    00002864  A$CoreGam
     00002866  A$CoreGam |    00002868  A$CoreGam |    00002869  A$CoreGam
     0000286A  A$CoreGam |    0000286D  A$CoreGam |    0000286E  A$CoreGam
     00002871  A$CoreGam |    00002872  A$CoreGam |    00002873  A$CoreGam
     00002874  A$CoreGam |    00002875  A$CoreGam |    00002878  A$CoreGam
     0000287A  A$CoreGam |    0000287D  A$CoreGam |    0000287F  A$CoreGam
     0000287F  C$CoreGam |    00002882  A$CoreGam |    00002883  A$CoreGam
     00002886  A$CoreGam |    00002887  A$CoreGam |    0000288A  A$CoreGam
     0000288C  A$CoreGam |    0000288C  C$CoreGam |    0000288E  A$CoreGam
     00002890  A$CoreGam |    00002892  A$CoreGam |    00002892  C$CoreGam
     00002894  A$CoreGam |    00002896  A$CoreGam |    00002898  A$CoreGam
     00002898  C$CoreGam |    0000289A  A$CoreGam |    0000289C  A$CoreGam
     0000289E  A$CoreGam |    0000289E  C$CoreGam |    000028A1  A$CoreGam
     000028A1  C$CoreGam |    000028A3  A$CoreGam |    000028A3  C$CoreGam
     000028A3  XG$CoreGa |    000028A6  A$CoreGam |    000028A6  C$CoreGam
     000028A6  C$CoreGam |    000028A6  G$CoreGam |    000028A6  _CoreGame
     000028A9  A$CoreGam |    000028AC  A$CoreGam |    000028AC  C$CoreGam
     000028AF  A$CoreGam |    000028B2  A$CoreGam |    000028B2  C$CoreGam
     000028B5  A$CoreGam |    000028B8  A$CoreGam |    000028B8  C$CoreGam
     000028BB  A$CoreGam |    000028BC  A$CoreGam |    000028BE  A$CoreGam
     000028C0  A$CoreGam |    000028C0  C$CoreGam |    000028C3  A$CoreGam
     000028C4  A$CoreGam |    000028C5  A$CoreGam |    000028C7  A$CoreGam
     000028C7  C$CoreGam |    000028C8  A$CoreGam |    000028C9  A$CoreGam
     000028CA  A$CoreGam |    000028CB  A$CoreGam |    000028CC  A$CoreGam
     000028CD  A$CoreGam |    000028CE  A$CoreGam |    000028CF  A$CoreGam
     000028CF  C$CoreGam |    000028D2  A$CoreGam |    000028D4  A$CoreGam
     000028D6  A$CoreGam |    000028D6  C$CoreGam |    000028D8  A$CoreGam
     000028DA  A$CoreGam |    000028DA  C$CoreGam |    000028DD  A$CoreGam
     000028DE  A$CoreGam |    000028DF  A$CoreGam |    000028E1  A$CoreGam
     000028E2  A$CoreGam |    000028E4  A$CoreGam |    000028E6  A$CoreGam
     000028E6  C$CoreGam |    000028E7  A$CoreGam |    000028E8  A$CoreGam
     000028EA  A$CoreGam |    000028EB  A$CoreGam |    000028EC  A$CoreGam
     000028EC  C$CoreGam |    000028EF  A$CoreGam |    000028F1  A$CoreGam
     000028F1  C$CoreGam |    000028F3  A$CoreGam |    000028F5  A$CoreGam
     000028F5  C$CoreGam |    000028F8  A$CoreGam |    000028F9  A$CoreGam
     000028FA  A$CoreGam |    000028FC  A$CoreGam |    000028FC  C$CoreGam
     000028FD  A$CoreGam |    000028FE  A$CoreGam |    000028FF  A$CoreGam
     00002900  A$CoreGam |    00002901  A$CoreGam |    00002902  A$CoreGam
     00002903  A$CoreGam |    00002904  A$CoreGam |    00002904  C$CoreGam
     00002907  A$CoreGam |    00002909  A$CoreGam |    0000290B  A$CoreGam
     0000290B  C$CoreGam |    0000290D  A$CoreGam |    0000290F  A$CoreGam
     0000290F  C$CoreGam |    00002912  A$CoreGam |    00002913  A$CoreGam
ASxxxx Linker V03.00 + NoICE + sdld,  page 13.
Hexadecimal  [32-Bits]

Area                       Addr        Size        Decimal Bytes (Attributes)
--------------------       ----        ----        ------- ----- ------------
_CODE                  00000200    00004D24 =       19748. bytes (REL,CON)

        Value  Global            Value  Global            Value  Global    
        -----  ------            -----  ------            -----  ------    
     00002915  A$CoreGam |    00002916  A$CoreGam |    00002918  A$CoreGam
     0000291A  A$CoreGam |    0000291A  C$CoreGam |    0000291B  A$CoreGam
     0000291C  A$CoreGam |    0000291E  A$CoreGam |    0000291F  A$CoreGam
     00002920  A$CoreGam |    00002920  C$CoreGam |    00002923  A$CoreGam
     00002925  A$CoreGam |    00002927  A$CoreGam |    00002927  C$CoreGam
     00002929  A$CoreGam |    0000292B  A$CoreGam |    0000292B  C$CoreGam
     0000292D  A$CoreGam |    00002930  A$CoreGam |    00002930  C$CoreGam
     00002932  A$CoreGam |    00002933  A$CoreGam |    00002933  C$CoreGam
     00002935  A$CoreGam |    00002937  A$CoreGam |    00002937  C$CoreGam
     0000293A  A$CoreGam |    0000293B  A$CoreGam |    0000293E  A$CoreGam
     0000293F  A$CoreGam |    00002942  A$CoreGam |    00002944  A$CoreGam
     00002944  C$CoreGam |    00002947  A$CoreGam |    00002948  A$CoreGam
     0000294A  A$CoreGam |    0000294A  C$CoreGam |    0000294D  A$CoreGam
     0000294D  C$CoreGam |    00002950  A$CoreGam |    00002950  C$CoreGam
     00002953  A$CoreGam |    00002955  A$CoreGam |    00002955  C$CoreGam
     00002957  A$CoreGam |    00002957  C$CoreGam |    00002957  XG$CoreGa
     00002958  G$JohnDoe |    00002958  _JohnDoe_ |    00002AC0  G$JohnDoe
     00002AC0  _JohnDoe_ |    00002FC0  A$GameJoh |    00002FC0  C$GameJoh
     00002FC0  G$scanlin |    00002FC0  _scanline |    00002FC1  A$GameJoh
     00002FC2  A$GameJoh |    00002FC3  A$GameJoh |    00002FC4  A$GameJoh
     00002FC4  C$GameJoh |    00002FC6  A$GameJoh |    00002FC8  A$GameJoh
     00002FC9  A$GameJoh |    00002FCC  A$GameJoh |    00002FCD  A$GameJoh
     00002FCE  A$GameJoh |    00002FCF  A$GameJoh |    00002FD0  A$GameJoh
     00002FD2  A$GameJoh |    00002FD3  A$GameJoh |    00002FD4  A$GameJoh
     00002FD6  A$GameJoh |    00002FD7  A$GameJoh |    00002FD8  A$GameJoh
     00002FD9  A$GameJoh |    00002FDA  A$GameJoh |    00002FDA  C$GameJoh
     00002FDA  XG$scanli |    00002FDB  G$scanlin |    00002FDB  _scanline
     00002FEB  G$scanlin |    00002FEB  _scanline |    00002FFB  A$GameJoh
     00002FFB  C$GameJoh |    00002FFB  C$GameJoh |    00002FFB  G$GameJoh
     00002FFB  _GameJohn |    00002FFE  A$GameJoh |    00002FFF  A$GameJoh
     00003002  A$GameJoh |    00003003  A$GameJoh |    00003006  A$GameJoh
     00003008  A$GameJoh |    00003008  C$GameJoh |    0000300B  A$GameJoh
     0000300C  A$GameJoh |    0000300F  A$GameJoh |    00003010  A$GameJoh
     00003011  A$GameJoh |    00003012  A$GameJoh |    00003013  A$GameJoh
     00003016  A$GameJoh |    00003018  A$GameJoh |    00003018  C$GameJoh
     0000301A  A$GameJoh |    0000301C  A$GameJoh |    0000301E  A$GameJoh
     0000301E  C$GameJoh |    00003020  A$GameJoh |    00003020  C$GameJoh
     00003020  XG$GameJo |    00003023  A$GameJoh |    00003023  C$GameJoh
     00003023  C$GameJoh |    00003023  G$GameJoh |    00003023  _GameJohn
     00003026  A$GameJoh |    00003029  A$GameJoh |    00003029  C$GameJoh
     0000302C  A$GameJoh |    0000302F  A$GameJoh |    00003030  A$GameJoh
     00003030  C$GameJoh |    00003032  A$GameJoh |    00003034  A$GameJoh
     00003034  C$GameJoh |    00003036  A$GameJoh |    00003039  A$GameJoh
     00003039  C$GameJoh |    0000303B  A$GameJoh |    0000303E  A$GameJoh
     0000303E  C$GameJoh |    00003041  A$GameJoh |    00003043  A$GameJoh
     00003045  A$GameJoh |    00003045  C$GameJoh |    00003047  A$GameJoh
     0000304A  A$GameJoh |    0000304A  C$GameJoh |    0000304C  A$GameJoh
     0000304F  A$GameJoh |    0000304F  C$GameJoh |    00003052  A$GameJoh
     00003053  A$GameJoh |    00003055  A$GameJoh |    00003055  C$GameJoh
     00003058  A$GameJoh |    00003059  A$GameJoh |    0000305B  A$GameJoh
     0000305B  C$GameJoh |    0000305D  A$GameJoh |    0000305F  A$GameJoh
ASxxxx Linker V03.00 + NoICE + sdld,  page 14.
Hexadecimal  [32-Bits]

Area                       Addr        Size        Decimal Bytes (Attributes)
--------------------       ----        ----        ------- ----- ------------
_CODE                  00000200    00004D24 =       19748. bytes (REL,CON)

        Value  Global            Value  Global            Value  Global    
        -----  ------            -----  ------            -----  ------    
     0000305F  C$GameJoh |    00003061  A$GameJoh |    00003062  A$GameJoh
     00003063  A$GameJoh |    00003066  A$GameJoh |    00003067  A$GameJoh
     00003067  C$GameJoh |    0000306A  A$GameJoh |    0000306C  A$GameJoh
     0000306E  A$GameJoh |    0000306E  C$GameJoh |    00003071  A$GameJoh
     00003073  A$GameJoh |    00003073  C$GameJoh |    00003076  A$GameJoh
     00003078  A$GameJoh |    0000307A  A$GameJoh |    0000307A  C$GameJoh
     0000307C  A$GameJoh |    0000307F  A$GameJoh |    0000307F  C$GameJoh
     00003081  A$GameJoh |    00003082  A$GameJoh |    00003082  C$GameJoh
     00003085  A$GameJoh |    00003086  A$GameJoh |    00003087  A$GameJoh
     00003088  A$GameJoh |    0000308A  A$GameJoh |    0000308C  A$GameJoh
     0000308E  A$GameJoh |    00003090  A$GameJoh |    00003091  A$GameJoh
     00003093  A$GameJoh |    00003095  A$GameJoh |    00003097  A$GameJoh
     00003098  A$GameJoh |    00003099  A$GameJoh |    0000309B  A$GameJoh
     0000309E  A$GameJoh |    0000309F  A$GameJoh |    000030A0  A$GameJoh
     000030A1  A$GameJoh |    000030A1  C$GameJoh |    000030A3  A$GameJoh
     000030A3  C$GameJoh |    000030A3  XG$GameJo |    000030A4  G$Crow_Ti
     000030A4  _Crow_Til |    00003234  G$Crow_Ma |    00003234  _Crow_Map
     00003257  A$Bestiar |    00003257  C$Bestiar |    00003257  C$Bestiar
     00003257  G$Bestiar |    00003257  _Bestiary |    0000325A  A$Bestiar
     0000325B  A$Bestiar |    0000325E  A$Bestiar |    0000325F  A$Bestiar
     00003262  A$Bestiar |    00003264  A$Bestiar |    00003264  C$Bestiar
     00003267  A$Bestiar |    00003268  A$Bestiar |    0000326B  A$Bestiar
     0000326C  A$Bestiar |    0000326D  A$Bestiar |    0000326E  A$Bestiar
     0000326F  A$Bestiar |    00003272  A$Bestiar |    00003274  A$Bestiar
     00003274  C$Bestiar |    00003276  A$Bestiar |    00003278  A$Bestiar
     0000327A  A$Bestiar |    0000327A  C$Bestiar |    0000327C  A$Bestiar
     0000327C  C$Bestiar |    0000327C  XG$Bestia |    0000327F  A$Bestiar
     0000327F  C$Bestiar |    0000327F  G$Bestiar |    0000327F  _Bestiary
     00003282  A$Bestiar |    00003285  A$Bestiar |    00003285  C$Bestiar
     00003288  A$Bestiar |    0000328B  A$Bestiar |    0000328C  A$Bestiar
     0000328C  C$Bestiar |    0000328D  A$Bestiar |    0000328D  C$Bestiar
     0000328F  A$Bestiar |    00003291  A$Bestiar |    00003291  C$Bestiar
     00003294  A$Bestiar |    00003295  A$Bestiar |    00003296  A$Bestiar
     00003297  A$Bestiar |    00003298  A$Bestiar |    00003299  A$Bestiar
     0000329A  A$Bestiar |    0000329C  A$Bestiar |    0000329E  A$Bestiar
     0000329E  C$Bestiar |    000032A1  A$Bestiar |    000032A2  A$Bestiar
     000032A2  C$Bestiar |    000032A4  A$Bestiar |    000032A6  A$Bestiar
     000032A6  C$Bestiar |    000032A9  A$Bestiar |    000032AA  A$Bestiar
     000032AB  A$Bestiar |    000032AC  A$Bestiar |    000032AD  A$Bestiar
     000032AE  A$Bestiar |    000032AF  A$Bestiar |    000032B0  A$Bestiar
     000032B2  A$Bestiar |    000032B4  A$Bestiar |    000032B5  A$Bestiar
     000032B7  A$Bestiar |    000032B8  A$Bestiar |    000032BA  A$Bestiar
     000032BC  A$Bestiar |    000032BE  A$Bestiar |    000032C0  A$Bestiar
     000032C1  A$Bestiar |    000032C3  A$Bestiar |    000032C5  A$Bestiar
     000032C7  A$Bestiar |    000032C8  A$Bestiar |    000032CA  A$Bestiar
     000032CA  C$Bestiar |    000032CD  A$Bestiar |    000032CE  A$Bestiar
     000032CE  C$Bestiar |    000032D0  A$Bestiar |    000032D2  A$Bestiar
     000032D2  C$Bestiar |    000032D5  A$Bestiar |    000032D5  C$Bestiar
     000032D8  A$Bestiar |    000032DA  A$Bestiar |    000032DC  A$Bestiar
     000032DC  C$Bestiar |    000032DE  A$Bestiar |    000032E1  A$Bestiar
     000032E1  C$Bestiar |    000032E3  A$Bestiar |    000032E4  A$Bestiar
ASxxxx Linker V03.00 + NoICE + sdld,  page 15.
Hexadecimal  [32-Bits]

Area                       Addr        Size        Decimal Bytes (Attributes)
--------------------       ----        ----        ------- ----- ------------
_CODE                  00000200    00004D24 =       19748. bytes (REL,CON)

        Value  Global            Value  Global            Value  Global    
        -----  ------            -----  ------            -----  ------    
     000032E4  C$Bestiar |    000032E7  A$Bestiar |    000032E8  A$Bestiar
     000032EA  A$Bestiar |    000032EA  C$Bestiar |    000032ED  A$Bestiar
     000032EE  A$Bestiar |    000032F1  A$Bestiar |    000032F2  A$Bestiar
     000032F5  A$Bestiar |    000032F7  A$Bestiar |    000032F7  C$Bestiar
     000032FA  A$Bestiar |    000032FB  A$Bestiar |    000032FE  A$Bestiar
     000032FF  A$Bestiar |    00003302  A$Bestiar |    00003303  A$Bestiar
     00003306  A$Bestiar |    00003308  A$Bestiar |    00003308  C$Bestiar
     0000330A  A$Bestiar |    0000330B  A$Bestiar |    0000330C  A$Bestiar
     0000330F  A$Bestiar |    00003310  A$Bestiar |    00003312  A$Bestiar
     00003314  A$Bestiar |    00003317  A$Bestiar |    00003317  C$Bestiar
     00003319  A$Bestiar |    0000331A  A$Bestiar |    0000331B  A$Bestiar
     0000331E  A$Bestiar |    0000331F  A$Bestiar |    00003321  A$Bestiar
     00003323  A$Bestiar |    00003326  A$Bestiar |    00003326  C$Bestiar
     00003328  A$Bestiar |    00003329  A$Bestiar |    0000332A  A$Bestiar
     0000332D  A$Bestiar |    0000332E  A$Bestiar |    00003330  A$Bestiar
     00003332  A$Bestiar |    00003335  A$Bestiar |    00003335  C$Bestiar
     00003337  A$Bestiar |    00003338  A$Bestiar |    00003339  A$Bestiar
     0000333C  A$Bestiar |    0000333D  A$Bestiar |    0000333F  A$Bestiar
     00003341  A$Bestiar |    00003344  A$Bestiar |    00003344  C$Bestiar
     00003346  A$Bestiar |    00003347  A$Bestiar |    00003348  A$Bestiar
     0000334B  A$Bestiar |    0000334C  A$Bestiar |    0000334E  A$Bestiar
     00003350  A$Bestiar |    00003353  A$Bestiar |    00003353  C$Bestiar
     00003355  A$Bestiar |    00003356  A$Bestiar |    00003357  A$Bestiar
     0000335A  A$Bestiar |    0000335B  A$Bestiar |    0000335D  A$Bestiar
     0000335F  A$Bestiar |    00003362  A$Bestiar |    00003365  A$Bestiar
     00003365  C$Bestiar |    00003368  A$Bestiar |    00003369  A$Bestiar
     0000336B  A$Bestiar |    0000336B  C$Bestiar |    0000336E  A$Bestiar
     0000336F  A$Bestiar |    00003372  A$Bestiar |    00003373  A$Bestiar
     00003376  A$Bestiar |    00003378  A$Bestiar |    00003378  C$Bestiar
     0000337B  A$Bestiar |    0000337C  A$Bestiar |    0000337F  A$Bestiar
     00003380  A$Bestiar |    00003383  A$Bestiar |    00003384  A$Bestiar
     00003387  A$Bestiar |    00003389  A$Bestiar |    00003389  C$Bestiar
     0000338B  A$Bestiar |    0000338C  A$Bestiar |    0000338D  A$Bestiar
     00003390  A$Bestiar |    00003391  A$Bestiar |    00003393  A$Bestiar
     00003395  A$Bestiar |    00003398  A$Bestiar |    00003398  C$Bestiar
     0000339A  A$Bestiar |    0000339B  A$Bestiar |    0000339C  A$Bestiar
     0000339F  A$Bestiar |    000033A0  A$Bestiar |    000033A2  A$Bestiar
     000033A4  A$Bestiar |    000033A7  A$Bestiar |    000033A7  C$Bestiar
     000033A9  A$Bestiar |    000033AA  A$Bestiar |    000033AB  A$Bestiar
     000033AE  A$Bestiar |    000033AF  A$Bestiar |    000033B1  A$Bestiar
     000033B3  A$Bestiar |    000033B6  A$Bestiar |    000033B6  C$Bestiar
     000033B8  A$Bestiar |    000033B9  A$Bestiar |    000033BA  A$Bestiar
     000033BD  A$Bestiar |    000033BE  A$Bestiar |    000033C0  A$Bestiar
     000033C2  A$Bestiar |    000033C5  A$Bestiar |    000033C5  C$Bestiar
     000033C7  A$Bestiar |    000033C8  A$Bestiar |    000033C9  A$Bestiar
     000033CC  A$Bestiar |    000033CD  A$Bestiar |    000033CF  A$Bestiar
     000033D1  A$Bestiar |    000033D4  A$Bestiar |    000033D4  C$Bestiar
     000033D6  A$Bestiar |    000033D7  A$Bestiar |    000033D8  A$Bestiar
     000033DB  A$Bestiar |    000033DC  A$Bestiar |    000033DE  A$Bestiar
     000033E0  A$Bestiar |    000033E3  A$Bestiar |    000033E6  A$Bestiar
     000033E6  C$Bestiar |    000033E9  A$Bestiar |    000033EB  A$Bestiar
ASxxxx Linker V03.00 + NoICE + sdld,  page 16.
Hexadecimal  [32-Bits]

Area                       Addr        Size        Decimal Bytes (Attributes)
--------------------       ----        ----        ------- ----- ------------
_CODE                  00000200    00004D24 =       19748. bytes (REL,CON)

        Value  Global            Value  Global            Value  Global    
        -----  ------            -----  ------            -----  ------    
     000033ED  A$Bestiar |    000033ED  C$Bestiar |    000033F0  A$Bestiar
     000033F1  A$Bestiar |    000033F4  A$Bestiar |    000033F5  A$Bestiar
     000033F8  A$Bestiar |    000033FA  A$Bestiar |    000033FA  C$Bestiar
     000033FD  A$Bestiar |    000033FE  A$Bestiar |    00003401  A$Bestiar
     00003402  A$Bestiar |    00003405  A$Bestiar |    00003406  A$Bestiar
     00003409  A$Bestiar |    0000340B  A$Bestiar |    0000340B  C$Bestiar
     0000340D  A$Bestiar |    0000340E  A$Bestiar |    0000340F  A$Bestiar
     00003412  A$Bestiar |    00003413  A$Bestiar |    00003415  A$Bestiar
     00003417  A$Bestiar |    0000341A  A$Bestiar |    0000341A  C$Bestiar
     0000341C  A$Bestiar |    0000341D  A$Bestiar |    0000341E  A$Bestiar
     00003421  A$Bestiar |    00003422  A$Bestiar |    00003424  A$Bestiar
     00003426  A$Bestiar |    00003429  A$Bestiar |    00003429  C$Bestiar
     0000342B  A$Bestiar |    0000342C  A$Bestiar |    0000342D  A$Bestiar
     00003430  A$Bestiar |    00003431  A$Bestiar |    00003433  A$Bestiar
     00003435  A$Bestiar |    00003438  A$Bestiar |    00003438  C$Bestiar
     0000343A  A$Bestiar |    0000343B  A$Bestiar |    0000343C  A$Bestiar
     0000343F  A$Bestiar |    00003440  A$Bestiar |    00003442  A$Bestiar
     00003444  A$Bestiar |    00003447  A$Bestiar |    00003447  C$Bestiar
     00003449  A$Bestiar |    0000344A  A$Bestiar |    0000344B  A$Bestiar
     0000344E  A$Bestiar |    0000344F  A$Bestiar |    00003451  A$Bestiar
     00003453  A$Bestiar |    00003456  A$Bestiar |    00003456  C$Bestiar
     00003458  A$Bestiar |    00003459  A$Bestiar |    0000345A  A$Bestiar
     0000345D  A$Bestiar |    0000345E  A$Bestiar |    00003460  A$Bestiar
     00003462  A$Bestiar |    00003465  A$Bestiar |    00003468  A$Bestiar
     00003468  C$Bestiar |    0000346B  A$Bestiar |    0000346D  A$Bestiar
     0000346F  A$Bestiar |    0000346F  C$Bestiar |    00003472  A$Bestiar
     00003473  A$Bestiar |    00003476  A$Bestiar |    00003477  A$Bestiar
     0000347A  A$Bestiar |    0000347C  A$Bestiar |    0000347C  C$Bestiar
     0000347F  A$Bestiar |    00003480  A$Bestiar |    00003483  A$Bestiar
     00003484  A$Bestiar |    00003487  A$Bestiar |    00003488  A$Bestiar
     0000348B  A$Bestiar |    0000348D  A$Bestiar |    0000348D  C$Bestiar
     0000348F  A$Bestiar |    00003490  A$Bestiar |    00003491  A$Bestiar
     00003494  A$Bestiar |    00003495  A$Bestiar |    00003497  A$Bestiar
     00003499  A$Bestiar |    0000349C  A$Bestiar |    0000349C  C$Bestiar
     0000349E  A$Bestiar |    0000349F  A$Bestiar |    000034A0  A$Bestiar
     000034A3  A$Bestiar |    000034A4  A$Bestiar |    000034A6  A$Bestiar
     000034A8  A$Bestiar |    000034AB  A$Bestiar |    000034AB  C$Bestiar
     000034AD  A$Bestiar |    000034AE  A$Bestiar |    000034AF  A$Bestiar
     000034B2  A$Bestiar |    000034B3  A$Bestiar |    000034B5  A$Bestiar
     000034B7  A$Bestiar |    000034BA  A$Bestiar |    000034BA  C$Bestiar
     000034BC  A$Bestiar |    000034BD  A$Bestiar |    000034BE  A$Bestiar
     000034C1  A$Bestiar |    000034C2  A$Bestiar |    000034C4  A$Bestiar
     000034C6  A$Bestiar |    000034C9  A$Bestiar |    000034C9  C$Bestiar
     000034CB  A$Bestiar |    000034CC  A$Bestiar |    000034CD  A$Bestiar
     000034D0  A$Bestiar |    000034D1  A$Bestiar |    000034D3  A$Bestiar
     000034D5  A$Bestiar |    000034D8  A$Bestiar |    000034D8  C$Bestiar
     000034DA  A$Bestiar |    000034DB  A$Bestiar |    000034DC  A$Bestiar
     000034DF  A$Bestiar |    000034E0  A$Bestiar |    000034E2  A$Bestiar
     000034E4  A$Bestiar |    000034E7  A$Bestiar |    000034EA  A$Bestiar
     000034EA  C$Bestiar |    000034ED  A$Bestiar |    000034EF  A$Bestiar
     000034F1  A$Bestiar |    000034F1  C$Bestiar |    000034F4  A$Bestiar
ASxxxx Linker V03.00 + NoICE + sdld,  page 17.
Hexadecimal  [32-Bits]

Area                       Addr        Size        Decimal Bytes (Attributes)
--------------------       ----        ----        ------- ----- ------------
_CODE                  00000200    00004D24 =       19748. bytes (REL,CON)

        Value  Global            Value  Global            Value  Global    
        -----  ------            -----  ------            -----  ------    
     000034F5  A$Bestiar |    000034F8  A$Bestiar |    000034F9  A$Bestiar
     000034FC  A$Bestiar |    000034FE  A$Bestiar |    000034FE  C$Bestiar
     00003501  A$Bestiar |    00003502  A$Bestiar |    00003505  A$Bestiar
     00003506  A$Bestiar |    00003509  A$Bestiar |    0000350A  A$Bestiar
     0000350D  A$Bestiar |    0000350F  A$Bestiar |    0000350F  C$Bestiar
     00003511  A$Bestiar |    00003512  A$Bestiar |    00003513  A$Bestiar
     00003516  A$Bestiar |    00003517  A$Bestiar |    00003519  A$Bestiar
     0000351B  A$Bestiar |    0000351E  A$Bestiar |    0000351E  C$Bestiar
     00003520  A$Bestiar |    00003521  A$Bestiar |    00003522  A$Bestiar
     00003525  A$Bestiar |    00003526  A$Bestiar |    00003528  A$Bestiar
     0000352A  A$Bestiar |    0000352D  A$Bestiar |    0000352D  C$Bestiar
     0000352F  A$Bestiar |    00003530  A$Bestiar |    00003531  A$Bestiar
     00003534  A$Bestiar |    00003535  A$Bestiar |    00003537  A$Bestiar
     00003539  A$Bestiar |    0000353C  A$Bestiar |    0000353C  C$Bestiar
     0000353E  A$Bestiar |    0000353F  A$Bestiar |    00003540  A$Bestiar
     00003543  A$Bestiar |    00003544  A$Bestiar |    00003546  A$Bestiar
     00003548  A$Bestiar |    0000354B  A$Bestiar |    0000354B  C$Bestiar
     0000354D  A$Bestiar |    0000354E  A$Bestiar |    0000354F  A$Bestiar
     00003552  A$Bestiar |    00003553  A$Bestiar |    00003555  A$Bestiar
     00003557  A$Bestiar |    0000355A  A$Bestiar |    0000355A  C$Bestiar
     0000355C  A$Bestiar |    0000355D  A$Bestiar |    0000355E  A$Bestiar
     00003561  A$Bestiar |    00003562  A$Bestiar |    00003564  A$Bestiar
     00003566  A$Bestiar |    00003569  A$Bestiar |    0000356C  A$Bestiar
     0000356C  C$Bestiar |    0000356F  A$Bestiar |    00003571  A$Bestiar
     00003573  A$Bestiar |    00003573  C$Bestiar |    00003576  A$Bestiar
     00003577  A$Bestiar |    0000357A  A$Bestiar |    0000357B  A$Bestiar
     0000357E  A$Bestiar |    00003580  A$Bestiar |    00003580  C$Bestiar
     00003583  A$Bestiar |    00003584  A$Bestiar |    00003587  A$Bestiar
     00003588  A$Bestiar |    0000358B  A$Bestiar |    0000358C  A$Bestiar
     0000358F  A$Bestiar |    00003591  A$Bestiar |    00003591  C$Bestiar
     00003593  A$Bestiar |    00003594  A$Bestiar |    00003595  A$Bestiar
     00003598  A$Bestiar |    00003599  A$Bestiar |    0000359B  A$Bestiar
     0000359D  A$Bestiar |    000035A0  A$Bestiar |    000035A0  C$Bestiar
     000035A2  A$Bestiar |    000035A3  A$Bestiar |    000035A4  A$Bestiar
     000035A7  A$Bestiar |    000035A8  A$Bestiar |    000035AA  A$Bestiar
     000035AC  A$Bestiar |    000035AF  A$Bestiar |    000035AF  C$Bestiar
     000035B1  A$Bestiar |    000035B2  A$Bestiar |    000035B3  A$Bestiar
     000035B6  A$Bestiar |    000035B7  A$Bestiar |    000035B9  A$Bestiar
     000035BB  A$Bestiar |    000035BE  A$Bestiar |    000035BE  C$Bestiar
     000035C0  A$Bestiar |    000035C1  A$Bestiar |    000035C2  A$Bestiar
     000035C5  A$Bestiar |    000035C6  A$Bestiar |    000035C8  A$Bestiar
     000035CA  A$Bestiar |    000035CD  A$Bestiar |    000035CD  C$Bestiar
     000035CF  A$Bestiar |    000035D0  A$Bestiar |    000035D1  A$Bestiar
     000035D4  A$Bestiar |    000035D5  A$Bestiar |    000035D7  A$Bestiar
     000035D9  A$Bestiar |    000035DC  A$Bestiar |    000035DC  C$Bestiar
     000035DE  A$Bestiar |    000035DF  A$Bestiar |    000035E0  A$Bestiar
     000035E3  A$Bestiar |    000035E4  A$Bestiar |    000035E6  A$Bestiar
     000035E8  A$Bestiar |    000035EB  A$Bestiar |    000035EE  A$Bestiar
     000035EE  C$Bestiar |    000035F1  A$Bestiar |    000035F3  A$Bestiar
     000035F5  A$Bestiar |    000035F5  C$Bestiar |    000035F8  A$Bestiar
     000035F9  A$Bestiar |    000035FC  A$Bestiar |    000035FD  A$Bestiar
ASxxxx Linker V03.00 + NoICE + sdld,  page 18.
Hexadecimal  [32-Bits]

Area                       Addr        Size        Decimal Bytes (Attributes)
--------------------       ----        ----        ------- ----- ------------
_CODE                  00000200    00004D24 =       19748. bytes (REL,CON)

        Value  Global            Value  Global            Value  Global    
        -----  ------            -----  ------            -----  ------    
     00003600  A$Bestiar |    00003602  A$Bestiar |    00003602  C$Bestiar
     00003605  A$Bestiar |    00003606  A$Bestiar |    00003609  A$Bestiar
     0000360A  A$Bestiar |    0000360D  A$Bestiar |    0000360E  A$Bestiar
     00003611  A$Bestiar |    00003613  A$Bestiar |    00003613  C$Bestiar
     00003615  A$Bestiar |    00003616  A$Bestiar |    00003617  A$Bestiar
     0000361A  A$Bestiar |    0000361B  A$Bestiar |    0000361D  A$Bestiar
     0000361F  A$Bestiar |    00003622  A$Bestiar |    00003622  C$Bestiar
     00003624  A$Bestiar |    00003625  A$Bestiar |    00003626  A$Bestiar
     00003629  A$Bestiar |    0000362A  A$Bestiar |    0000362C  A$Bestiar
     0000362E  A$Bestiar |    00003631  A$Bestiar |    00003631  C$Bestiar
     00003633  A$Bestiar |    00003634  A$Bestiar |    00003635  A$Bestiar
     00003638  A$Bestiar |    00003639  A$Bestiar |    0000363B  A$Bestiar
     0000363D  A$Bestiar |    00003640  A$Bestiar |    00003640  C$Bestiar
     00003642  A$Bestiar |    00003643  A$Bestiar |    00003644  A$Bestiar
     00003647  A$Bestiar |    00003648  A$Bestiar |    0000364A  A$Bestiar
     0000364C  A$Bestiar |    0000364F  A$Bestiar |    0000364F  C$Bestiar
     00003651  A$Bestiar |    00003652  A$Bestiar |    00003653  A$Bestiar
     00003656  A$Bestiar |    00003657  A$Bestiar |    00003659  A$Bestiar
     0000365B  A$Bestiar |    0000365E  A$Bestiar |    0000365E  C$Bestiar
     00003660  A$Bestiar |    00003661  A$Bestiar |    00003662  A$Bestiar
     00003665  A$Bestiar |    00003666  A$Bestiar |    00003668  A$Bestiar
     0000366A  A$Bestiar |    0000366D  A$Bestiar |    00003670  A$Bestiar
     00003670  C$Bestiar |    00003673  A$Bestiar |    00003675  A$Bestiar
     00003677  A$Bestiar |    00003677  C$Bestiar |    0000367A  A$Bestiar
     0000367B  A$Bestiar |    0000367E  A$Bestiar |    0000367F  A$Bestiar
     00003682  A$Bestiar |    00003684  A$Bestiar |    00003684  C$Bestiar
     00003687  A$Bestiar |    00003688  A$Bestiar |    0000368B  A$Bestiar
     0000368C  A$Bestiar |    0000368F  A$Bestiar |    00003690  A$Bestiar
     00003693  A$Bestiar |    00003695  A$Bestiar |    00003695  C$Bestiar
     00003697  A$Bestiar |    00003698  A$Bestiar |    00003699  A$Bestiar
     0000369C  A$Bestiar |    0000369D  A$Bestiar |    0000369F  A$Bestiar
     000036A1  A$Bestiar |    000036A4  A$Bestiar |    000036A4  C$Bestiar
     000036A6  A$Bestiar |    000036A7  A$Bestiar |    000036A8  A$Bestiar
     000036AB  A$Bestiar |    000036AC  A$Bestiar |    000036AE  A$Bestiar
     000036B0  A$Bestiar |    000036B3  A$Bestiar |    000036B3  C$Bestiar
     000036B5  A$Bestiar |    000036B6  A$Bestiar |    000036B7  A$Bestiar
     000036BA  A$Bestiar |    000036BB  A$Bestiar |    000036BD  A$Bestiar
     000036BF  A$Bestiar |    000036C2  A$Bestiar |    000036C2  C$Bestiar
     000036C4  A$Bestiar |    000036C5  A$Bestiar |    000036C6  A$Bestiar
     000036C9  A$Bestiar |    000036CA  A$Bestiar |    000036CC  A$Bestiar
     000036CE  A$Bestiar |    000036D1  A$Bestiar |    000036D1  C$Bestiar
     000036D3  A$Bestiar |    000036D4  A$Bestiar |    000036D5  A$Bestiar
     000036D8  A$Bestiar |    000036D9  A$Bestiar |    000036DB  A$Bestiar
     000036DD  A$Bestiar |    000036E0  A$Bestiar |    000036E0  C$Bestiar
     000036E2  A$Bestiar |    000036E3  A$Bestiar |    000036E4  A$Bestiar
     000036E7  A$Bestiar |    000036E8  A$Bestiar |    000036EA  A$Bestiar
     000036EC  A$Bestiar |    000036EF  A$Bestiar |    000036F2  A$Bestiar
     000036F2  C$Bestiar |    000036F5  A$Bestiar |    000036F7  A$Bestiar
     000036F9  A$Bestiar |    000036F9  C$Bestiar |    000036FC  A$Bestiar
     000036FD  A$Bestiar |    00003700  A$Bestiar |    00003701  A$Bestiar
     00003704  A$Bestiar |    00003706  A$Bestiar |    00003706  C$Bestiar
ASxxxx Linker V03.00 + NoICE + sdld,  page 19.
Hexadecimal  [32-Bits]

Area                       Addr        Size        Decimal Bytes (Attributes)
--------------------       ----        ----        ------- ----- ------------
_CODE                  00000200    00004D24 =       19748. bytes (REL,CON)

        Value  Global            Value  Global            Value  Global    
        -----  ------            -----  ------            -----  ------    
     00003709  A$Bestiar |    0000370A  A$Bestiar |    0000370D  A$Bestiar
     0000370E  A$Bestiar |    00003711  A$Bestiar |    00003712  A$Bestiar
     00003715  A$Bestiar |    00003717  A$Bestiar |    00003717  C$Bestiar
     00003719  A$Bestiar |    0000371A  A$Bestiar |    0000371B  A$Bestiar
     0000371E  A$Bestiar |    0000371F  A$Bestiar |    00003721  A$Bestiar
     00003723  A$Bestiar |    00003726  A$Bestiar |    00003726  C$Bestiar
     00003728  A$Bestiar |    00003729  A$Bestiar |    0000372A  A$Bestiar
     0000372D  A$Bestiar |    0000372E  A$Bestiar |    00003730  A$Bestiar
     00003732  A$Bestiar |    00003735  A$Bestiar |    00003735  C$Bestiar
     00003737  A$Bestiar |    00003738  A$Bestiar |    00003739  A$Bestiar
     0000373C  A$Bestiar |    0000373D  A$Bestiar |    0000373F  A$Bestiar
     00003741  A$Bestiar |    00003744  A$Bestiar |    00003744  C$Bestiar
     00003746  A$Bestiar |    00003747  A$Bestiar |    00003748  A$Bestiar
     0000374B  A$Bestiar |    0000374C  A$Bestiar |    0000374E  A$Bestiar
     00003750  A$Bestiar |    00003753  A$Bestiar |    00003753  C$Bestiar
     00003755  A$Bestiar |    00003756  A$Bestiar |    00003757  A$Bestiar
     0000375A  A$Bestiar |    0000375B  A$Bestiar |    0000375D  A$Bestiar
     0000375F  A$Bestiar |    00003762  A$Bestiar |    00003762  C$Bestiar
     00003764  A$Bestiar |    00003765  A$Bestiar |    00003766  A$Bestiar
     00003769  A$Bestiar |    0000376A  A$Bestiar |    0000376C  A$Bestiar
     0000376E  A$Bestiar |    00003771  A$Bestiar |    00003774  A$Bestiar
     00003774  C$Bestiar |    00003777  A$Bestiar |    00003779  A$Bestiar
     0000377B  A$Bestiar |    0000377B  C$Bestiar |    0000377E  A$Bestiar
     0000377F  A$Bestiar |    00003782  A$Bestiar |    00003783  A$Bestiar
     00003786  A$Bestiar |    00003788  A$Bestiar |    00003788  C$Bestiar
     0000378B  A$Bestiar |    0000378C  A$Bestiar |    0000378F  A$Bestiar
     00003790  A$Bestiar |    00003793  A$Bestiar |    00003794  A$Bestiar
     00003797  A$Bestiar |    00003799  A$Bestiar |    00003799  C$Bestiar
     0000379B  A$Bestiar |    0000379C  A$Bestiar |    0000379D  A$Bestiar
     000037A0  A$Bestiar |    000037A1  A$Bestiar |    000037A3  A$Bestiar
     000037A5  A$Bestiar |    000037A8  A$Bestiar |    000037A8  C$Bestiar
     000037AA  A$Bestiar |    000037AB  A$Bestiar |    000037AC  A$Bestiar
     000037AF  A$Bestiar |    000037B0  A$Bestiar |    000037B2  A$Bestiar
     000037B4  A$Bestiar |    000037B7  A$Bestiar |    000037B7  C$Bestiar
     000037B9  A$Bestiar |    000037BA  A$Bestiar |    000037BB  A$Bestiar
     000037BE  A$Bestiar |    000037BF  A$Bestiar |    000037C1  A$Bestiar
     000037C3  A$Bestiar |    000037C6  A$Bestiar |    000037C6  C$Bestiar
     000037C8  A$Bestiar |    000037C9  A$Bestiar |    000037CA  A$Bestiar
     000037CD  A$Bestiar |    000037CE  A$Bestiar |    000037D0  A$Bestiar
     000037D2  A$Bestiar |    000037D5  A$Bestiar |    000037D5  C$Bestiar
     000037D7  A$Bestiar |    000037D8  A$Bestiar |    000037D9  A$Bestiar
     000037DC  A$Bestiar |    000037DD  A$Bestiar |    000037DF  A$Bestiar
     000037E1  A$Bestiar |    000037E4  A$Bestiar |    000037E4  C$Bestiar
     000037E6  A$Bestiar |    000037E7  A$Bestiar |    000037E8  A$Bestiar
     000037EB  A$Bestiar |    000037EC  A$Bestiar |    000037EE  A$Bestiar
     000037F0  A$Bestiar |    000037F3  A$Bestiar |    000037F6  A$Bestiar
     000037F6  C$Bestiar |    000037F9  A$Bestiar |    000037FB  A$Bestiar
     000037FD  A$Bestiar |    000037FD  C$Bestiar |    00003800  A$Bestiar
     00003801  A$Bestiar |    00003804  A$Bestiar |    00003805  A$Bestiar
     00003808  A$Bestiar |    0000380A  A$Bestiar |    0000380A  C$Bestiar
     0000380D  A$Bestiar |    0000380E  A$Bestiar |    00003811  A$Bestiar
ASxxxx Linker V03.00 + NoICE + sdld,  page 20.
Hexadecimal  [32-Bits]

Area                       Addr        Size        Decimal Bytes (Attributes)
--------------------       ----        ----        ------- ----- ------------
_CODE                  00000200    00004D24 =       19748. bytes (REL,CON)

        Value  Global            Value  Global            Value  Global    
        -----  ------            -----  ------            -----  ------    
     00003812  A$Bestiar |    00003815  A$Bestiar |    00003816  A$Bestiar
     00003819  A$Bestiar |    0000381B  A$Bestiar |    0000381B  C$Bestiar
     0000381D  A$Bestiar |    0000381E  A$Bestiar |    0000381F  A$Bestiar
     00003822  A$Bestiar |    00003823  A$Bestiar |    00003825  A$Bestiar
     00003827  A$Bestiar |    0000382A  A$Bestiar |    0000382A  C$Bestiar
     0000382C  A$Bestiar |    0000382D  A$Bestiar |    0000382E  A$Bestiar
     00003831  A$Bestiar |    00003832  A$Bestiar |    00003834  A$Bestiar
     00003836  A$Bestiar |    00003839  A$Bestiar |    00003839  C$Bestiar
     0000383B  A$Bestiar |    0000383C  A$Bestiar |    0000383D  A$Bestiar
     00003840  A$Bestiar |    00003841  A$Bestiar |    00003843  A$Bestiar
     00003845  A$Bestiar |    00003848  A$Bestiar |    00003848  C$Bestiar
     0000384A  A$Bestiar |    0000384B  A$Bestiar |    0000384C  A$Bestiar
     0000384F  A$Bestiar |    00003850  A$Bestiar |    00003852  A$Bestiar
     00003854  A$Bestiar |    00003857  A$Bestiar |    00003857  C$Bestiar
     00003859  A$Bestiar |    0000385A  A$Bestiar |    0000385B  A$Bestiar
     0000385E  A$Bestiar |    0000385F  A$Bestiar |    00003861  A$Bestiar
     00003863  A$Bestiar |    00003866  A$Bestiar |    00003866  C$Bestiar
     00003868  A$Bestiar |    00003869  A$Bestiar |    0000386A  A$Bestiar
     0000386D  A$Bestiar |    0000386E  A$Bestiar |    00003870  A$Bestiar
     00003872  A$Bestiar |    00003875  A$Bestiar |    00003878  A$Bestiar
     00003878  C$Bestiar |    0000387B  A$Bestiar |    0000387D  A$Bestiar
     0000387F  A$Bestiar |    0000387F  C$Bestiar |    00003882  A$Bestiar
     00003883  A$Bestiar |    00003886  A$Bestiar |    00003887  A$Bestiar
     0000388A  A$Bestiar |    0000388C  A$Bestiar |    0000388C  C$Bestiar
     0000388F  A$Bestiar |    00003890  A$Bestiar |    00003893  A$Bestiar
     00003894  A$Bestiar |    00003897  A$Bestiar |    00003898  A$Bestiar
     0000389B  A$Bestiar |    0000389D  A$Bestiar |    0000389D  C$Bestiar
[...]
     0000396C  A$Bestiar |    0000396D  A$Bestiar |    0000396E  A$Bestiar
     00003971  A$Bestiar |    00003972  A$Bestiar |    00003974  A$Bestiar
     00003976  A$Bestiar |    00003979  A$Bestiar |    00003979  C$Bestiar
     0000397B  A$Bestiar |    0000397B  C$Bestiar |    0000397B  XG$Bestia
     0000397C  G$FontTil |    0000397C  _FontTile |    00003CDC  G$GypsyTi
     00003CDC  _GypsyTil |    00003ECC  G$Gypsy_M |    00003ECC  _Gypsy_Ma
     00003EF6  G$Skatebo |    00003EF6  _Skateboa |    00004006  G$Cop_Til
     00004006  _Cop_Tile |    00004296  G$Officer |    00004296  _Officer_
     000042C0  G$Police_ |    000042C0  _Police_M |    000042EA  G$Sheriff
     000042EA  _Sheriff_ |    00004314  G$Chief_M |    00004314  _Chief_Ma
     0000433E  G$Tick_Ti |    0000433E  _Tick_Til |    0000448E  G$Man_Til
     0000448E  _Man_Tile |    0000467E  G$Sis_Til |    0000467E  _Sis_Tile
     0000487E  G$BigSis_ |    0000487E  _BigSis_M |    000048A1  G$MadSis_
     000048A1  _MadSis_M |    000048C4  G$Car_Til |    000048C4  _Car_Tile
     00004A74  G$Car_Map |    00004A74  _Car_Map  |    00004A92  G$Semi_Ti
     00004A92  _Semi_Til |    00004D82  G$Semi_Ma |    00004D82  _Semi_Map
     00004DB2  _set_vram |    00004DC1  _set_win_ |    00004DC9  _set_bkg_
     00004DF3  ___move_m |    00004E32  ___move_m |    00004E75  ___move_m
     00004EB8  ___move_m |    00004EFD  _get_win_ |    00004F05  _get_bkg_
ASxxxx Linker V03.00 + NoICE + sdld,  page 22.
Hexadecimal  [32-Bits]

Area                       Addr        Size        Decimal Bytes (Attributes)
--------------------       ----        ----        ------- ----- ------------
_HEADER0               00000000    00000001 =           1. bytes (ABS,CON)

        Value  Global            Value  Global            Value  Global    
        -----  ------            -----  ------            -----  ------    
     00000020  .call_hl 
ASxxxx Linker V03.00 + NoICE + sdld,  page 23.
Hexadecimal  [32-Bits]

Area                       Addr        Size        Decimal Bytes (Attributes)
--------------------       ----        ----        ------- ----- ------------
_HEADER1               00000000    00000005 =           5. bytes (ABS,CON)

        Value  Global            Value  Global            Value  Global    
        -----  ------            -----  ------            -----  ------    
     00000028  .MemsetSm
ASxxxx Linker V03.00 + NoICE + sdld,  page 24.
Hexadecimal  [32-Bits]

Area                       Addr        Size        Decimal Bytes (Attributes)
--------------------       ----        ----        ------- ----- ------------
_HEADER2               00000000    00000007 =           7. bytes (ABS,CON)

        Value  Global            Value  Global            Value  Global    
        -----  ------            -----  ------            -----  ------    
     00000030  .MemcpySm
ASxxxx Linker V03.00 + NoICE + sdld,  page 25.
Hexadecimal  [32-Bits]

Area                       Addr        Size        Decimal Bytes (Attributes)
--------------------       ----        ----        ------- ----- ------------
_HEADER3               00000000    00000008 =           8. bytes (ABS,CON)

        Value  Global            Value  Global            Value  Global    
        -----  ------            -----  ------            -----  ------    
ASxxxx Linker V03.00 + NoICE + sdld,  page 26.
Hexadecimal  [32-Bits]

Area                       Addr        Size        Decimal Bytes (Attributes)
--------------------       ----        ----        ------- ----- ------------
_HEADER4               00000000    0000004C =          76. bytes (ABS,CON)

        Value  Global            Value  Global            Value  Global    
        -----  ------            -----  ------            -----  ------    
     00000080  .int      |    0000008F  _wait_int |    0000009C  __standar
     000000AC  _refresh_
ASxxxx Linker V03.00 + NoICE + sdld,  page 27.
Hexadecimal  [32-Bits]

Area                       Addr        Size        Decimal Bytes (Attributes)
--------------------       ----        ----        ------- ----- ------------
_HEADER5               00000000    00000002 =           2. bytes (ABS,CON)

        Value  Global            Value  Global            Value  Global    
        -----  ------            -----  ------            -----  ------    
ASxxxx Linker V03.00 + NoICE + sdld,  page 28.
Hexadecimal  [32-Bits]

Area                       Addr        Size        Decimal Bytes (Attributes)
--------------------       ----        ----        ------- ----- ------------
_HEADER6               00000000    00000030 =          48. bytes (ABS,CON)

        Value  Global            Value  Global            Value  Global    
        -----  ------            -----  ------            -----  ------    
ASxxxx Linker V03.00 + NoICE + sdld,  page 29.
Hexadecimal  [32-Bits]

Area                       Addr        Size        Decimal Bytes (Attributes)
--------------------       ----        ----        ------- ----- ------------
_HEADER7               00000000    00000006 =           6. bytes (ABS,CON)

        Value  Global            Value  Global            Value  Global    
        -----  ------            -----  ------            -----  ------    
ASxxxx Linker V03.00 + NoICE + sdld,  page 30.
Hexadecimal  [32-Bits]

Area                       Addr        Size        Decimal Bytes (Attributes)
--------------------       ----        ----        ------- ----- ------------
_HEADER8               00000000    00000003 =           3. bytes (ABS,CON)

        Value  Global            Value  Global            Value  Global    
        -----  ------            -----  ------            -----  ------    
ASxxxx Linker V03.00 + NoICE + sdld,  page 31.
Hexadecimal  [32-Bits]

Area                       Addr        Size        Decimal Bytes (Attributes)
--------------------       ----        ----        ------- ----- ------------
_HEADER9               00000000    00000001 =           1. bytes (ABS,CON)

        Value  Global            Value  Global            Value  Global    
        -----  ------            -----  ------            -----  ------    
ASxxxx Linker V03.00 + NoICE + sdld,  page 32.
Hexadecimal  [32-Bits]

Area                       Addr        Size        Decimal Bytes (Attributes)
--------------------       ----        ----        ------- ----- ------------
_HEADERa               00000000    00000001 =           1. bytes (ABS,CON)

        Value  Global            Value  Global            Value  Global    
        -----  ------            -----  ------            -----  ------    
ASxxxx Linker V03.00 + NoICE + sdld,  page 33.
Hexadecimal  [32-Bits]

Area                       Addr        Size        Decimal Bytes (Attributes)
--------------------       ----        ----        ------- ----- ------------
_HEADERb               00000000    00000001 =           1. bytes (ABS,CON)

        Value  Global            Value  Global            Value  Global    
        -----  ------            -----  ------            -----  ------    
ASxxxx Linker V03.00 + NoICE + sdld,  page 34.
Hexadecimal  [32-Bits]

Area                       Addr        Size        Decimal Bytes (Attributes)
--------------------       ----        ----        ------- ----- ------------
_HEADERc               00000000    00000002 =           2. bytes (ABS,CON)

        Value  Global            Value  Global            Value  Global    
        -----  ------            -----  ------            -----  ------    
ASxxxx Linker V03.00 + NoICE + sdld,  page 35.
Hexadecimal  [32-Bits]

Area                       Addr        Size        Decimal Bytes (Attributes)
--------------------       ----        ----        ------- ----- ------------
_HEADERd               00000000    00000001 =           1. bytes (ABS,CON)

        Value  Global            Value  Global            Value  Global    
        -----  ------            -----  ------            -----  ------    
ASxxxx Linker V03.00 + NoICE + sdld,  page 36.
Hexadecimal  [32-Bits]

Area                       Addr        Size        Decimal Bytes (Attributes)
--------------------       ----        ----        ------- ----- ------------
_HEADERe               00000000    00000001 =           1. bytes (ABS,CON)

        Value  Global            Value  Global            Value  Global    
        -----  ------            -----  ------            -----  ------    
ASxxxx Linker V03.00 + NoICE + sdld,  page 37.
Hexadecimal  [32-Bits]

Area                       Addr        Size        Decimal Bytes (Attributes)
--------------------       ----        ----        ------- ----- ------------
_HEADERf               00000000    00000002 =           2. bytes (ABS,CON)

        Value  Global            Value  Global            Value  Global    
        -----  ------            -----  ------            -----  ------    
ASxxxx Linker V03.00 + NoICE + sdld,  page 38.
Hexadecimal  [32-Bits]

Area                       Addr        Size        Decimal Bytes (Attributes)
--------------------       ----        ----        ------- ----- ------------
_HEADER10              00000000    00000084 =         132. bytes (ABS,CON)

        Value  Global            Value  Global            Value  Global    
        -----  ------            -----  ------            -----  ------    
     00000150  .reset    |    00000150  _reset    |    00000157  .code_sta
     000001B9  _exit     |    000001BD  _set_inte
ASxxxx Linker V03.00 + NoICE + sdld,  page 39.
Hexadecimal  [32-Bits]

Area                       Addr        Size        Decimal Bytes (Attributes)
--------------------       ----        ----        ------- ----- ------------
_HEADER11              00000000    00000001 =           1. bytes (ABS,CON)

        Value  Global            Value  Global            Value  Global    
        -----  ------            -----  ------            -----  ------    
ASxxxx Linker V03.00 + NoICE + sdld,  page 40.
Hexadecimal  [32-Bits]

Area                       Addr        Size        Decimal Bytes (Attributes)
--------------------       ----        ----        ------- ----- ------------
_HOME                  00004F24    000002D6 =         726. bytes (REL,CON)

        Value  Global            Value  Global            Value  Global    
        -----  ------            -----  ------            -----  ------    
     00004F24  .memset_s |    00004F2D  .memcpy_s |    00004F4A  .remove_V
     00004F4D  .remove_i |    00004F6A  .add_VBL  |    00004F6D  .add_int 
     00004F78  .wait_vbl |    00004F78  _wait_vbl |    00004F88  .display_
     00004F88  _display_ |    00004FA0  _remove_V |    00004FAB  _add_VBL 
     00004FB6  _uitoa    |    00004FC5  _itoa     |    00004FD4  .itoa    
     00004FE8  .utoa     |    0000505C  _set_tile |    00005061  _set_bkg_
     00005061  _set_win_ |    00005069  _set_spri |    00005099  _set_bkg_
     000050DC  .set_xy_w |    000050E5  .set_xy_b |    000050F4  .set_xy_s
     0000513E  .padup    |    0000513E  _waitpadu |    0000514E  .jpad    
     0000514E  _joypad   |    00005176  _waitpad  |    00005177  .wait_pad
     0000517E  _strlen   |    00005183  .strlen   |    0000518C  _set_bkg_
     000051A0  .set_xy_w |    000051A9  .set_xy_b |    000051B8  .set_xy_t
ASxxxx Linker V03.00 + NoICE + sdld,  page 41.
Hexadecimal  [32-Bits]

Area                       Addr        Size        Decimal Bytes (Attributes)
--------------------       ----        ----        ------- ----- ------------
_INITIALIZER           000051FA    00001039 =        4153. bytes (REL,CON)

        Value  Global            Value  Global            Value  Global    
        -----  ------            -----  ------            -----  ------    
     000051FA  Fhome$__x |    00005E9C  FGameTitl |    00005E9D  FGameTitl
     00005E9E  Fcommon$_ |    00005E9F  Fcommon$_ |    00005EA0  FCoreGame
     00005EA8  FGameJohn |    00005EA9  FGameJohn |    00005EAB  FBestiary
     00006013  FBestiary |    00006014  FBestiary |    00006015  FWally_Ti
     000061D5  FWally_Ma |    000061F3  FTick_Map |    0000620C  FMan_Map$
ASxxxx Linker V03.00 + NoICE + sdld,  page 42.
Hexadecimal  [32-Bits]

Area                       Addr        Size        Decimal Bytes (Attributes)
--------------------       ----        ----        ------- ----- ------------
_GSINIT                00006233    0000000C =          12. bytes (REL,CON)

        Value  Global            Value  Global            Value  Global    
        -----  ------            -----  ------            -----  ------    
     00006233  gsinit   
ASxxxx Linker V03.00 + NoICE + sdld,  page 43.
Hexadecimal  [32-Bits]

Area                       Addr        Size        Decimal Bytes (Attributes)
--------------------       ----        ----        ------- ----- ------------
_GSFINAL               0000623F    00000001 =           1. bytes (REL,CON)

        Value  Global            Value  Global            Value  Global    
        -----  ------            -----  ------            -----  ------    
ASxxxx Linker V03.00 + NoICE + sdld,  page 44.
Hexadecimal  [32-Bits]

Area                       Addr        Size        Decimal Bytes (Attributes)
--------------------       ----        ----        ------- ----- ------------
_DATA                  0000C0A0    00000024 =          36. bytes (REL,CON)

        Value  Global            Value  Global            Value  Global    
        -----  ------            -----  ------            -----  ------    
     0000C0A0  __cpu     |    0000C0A1  __is_GBA  |    0000C0A2  .mode    
     0000C0A3  .sys_time |    0000C0A3  _sys_time |    0000C0A5  .int_0x40
     0000C0B1  G$camera_ |    0000C0B1  _camera_x |    0000C0B3  G$camera_
     0000C0B3  _camera_y |    0000C0B5  G$old_cam |    0000C0B5  _old_came
     0000C0B7  G$old_cam |    0000C0B7  _old_came |    0000C0B9  G$map_pos
     0000C0B9  _map_pos_ |    0000C0BA  G$map_pos |    0000C0BA  _map_pos_
     0000C0BB  G$old_map |    0000C0BB  _old_map_ |    0000C0BC  G$old_map
     0000C0BC  _old_map_ |    0000C0BD  G$redraw$ |    0000C0BD  _redraw  
     0000C0BE  G$camera_ |    0000C0BE  _camera_p |    0000C0BF  G$camera_
     0000C0BF  _camera_p |    0000C0C0  .image_ti |    0000C0C1  ___curren
     0000C0C3  ___curren
ASxxxx Linker V03.00 + NoICE + sdld,  page 45.
Hexadecimal  [32-Bits]

Area                       Addr        Size        Decimal Bytes (Attributes)
--------------------       ----        ----        ------- ----- ------------
_INITIALIZED           0000C0C4    00001039 =        4153. bytes (REL,CON)

        Value  Global            Value  Global            Value  Global    
        -----  ------            -----  ------            -----  ------    
     0000C0C4  G$Home$0_ |    0000C0C4  _Home     |    0000CD66  G$timer$0
     0000CD66  _timer    |    0000CD67  G$frame$0 |    0000CD67  _frame   
     0000CD68  G$joypadP |    0000CD68  _joypadPr |    0000CD69  G$joypadC
     0000CD69  _joypadCu |    0000CD6A  G$mouse$0 |    0000CD6A  _mouse   
     0000CD72  G$wabble$ |    0000CD72  _wabble   |    0000CD73  G$scanlin
     0000CD73  _scanline |    0000CD75  G$Bestiar |    0000CD75  _Bestiary
     0000CEDD  G$index$0 |    0000CEDD  _index    |    0000CEDE  G$invert$
     0000CEDE  _invert   |    0000CEDF  G$WallyTi |    0000CEDF  _WallyTil
     0000D09F  G$Wally_M |    0000D09F  _Wally_Ma |    0000D0BD  G$Tick_Ma
     0000D0BD  _Tick_Map |    0000D0D6  G$Man_Map |    0000D0D6  _Man_Map 
     0000D0FA  __submap_ |    0000D0FB  ___render |    0000D0FC  __map_til
ASxxxx Linker V03.00 + NoICE + sdld,  page 46.
Hexadecimal  [32-Bits]

Area                       Addr        Size        Decimal Bytes (Attributes)
--------------------       ----        ----        ------- ----- ------------
_HRAM12                00000000    00000003 =           3. bytes (ABS,CON)

        Value  Global            Value  Global            Value  Global    
        -----  ------            -----  ------            -----  ------    
     0000FF90  __current |    0000FF92  __shadow_
ASxxxx Linker V03.00 + NoICE + sdld,  page 47.
Hexadecimal  [32-Bits]

Area                       Addr        Size        Decimal Bytes (Attributes)
--------------------       ----        ----        ------- ----- ------------
_CABS0                 00000000    00000003 =           3. bytes (ABS,CON)

        Value  Global            Value  Global            Value  Global    
        -----  ------            -----  ------            -----  ------    
     00000048  FGameJohn
ASxxxx Linker V03.00 + NoICE + sdld,  page 48.

Files Linked                              [ module(s) ]

C:\gbdk\lib/gb/crt0.o                     [ Runtime ]
obj\main.o                                [ main ]
obj\cast_tiles.o                          [ cast_tiles ]
obj\indoor_tiles.o                        [ indoor_tiles ]
obj\home.o                                [ home ]
obj\player.o                              [ player ]
obj\GameTitle.o                           [ GameTitle ]
obj\Globe_Tiles.o                         [ Globe_Tiles ]
obj\Title_Map.o                           [ Title_Map ]
obj\Title_Tiles.o                         [ Title_Tiles ]
obj\common.o                              [ common ]
obj\CoreGameLoop.o                        [ CoreGameLoop ]
obj\JohnDoe_Map.o                         [ JohnDoe_Map ]
obj\JohnDoe_Tiles.o                       [ JohnDoe_Tiles ]
obj\GameJohnDoe.o                         [ GameJohnDoe ]
obj\Bestiary_Map.o                        [ Bestiary_Map ]
obj\Crow_Tiles.o                          [ Crow_Tiles ]
obj\Crow_Map.o                            [ Crow_Map ]
obj\Bestiary.o                            [ Bestiary ]
obj\Font.o                                [ Font ]
obj\Gypsy_Tiles.o                         [ Gypsy_Tiles ]
obj\Gypsy_Map.o                           [ Gypsy_Map ]
obj\Wally_Tiles.o                         [ Wally_Tiles ]
obj\Wally_Map.o                           [ Wally_Map ]
obj\Skateboard_Tiles.o                    [ Skateboard_Tiles ]
obj\Cop_Tiles.o                           [ Cop_Tiles ]
obj\Officer_Map.o                         [ Officer_Map ]
obj\Police_Map.o                          [ Police_Map ]
obj\Sheriff_Map.o                         [ Sheriff_Map ]
obj\Chief_Map.o                           [ Chief_Map ]
obj\Tick_Tiles.o                          [ Tick_Tiles ]
obj\Tick_Map.o                            [ Tick_Map ]
obj\Man_Tiles.o                           [ Man_Tiles ]
obj\Man_Map.o                             [ Man_Map ]
obj\Sis_Tiles.o                           [ Sis_Tiles ]
obj\BigSis_Map.o                          [ BigSis_Map ]
obj\MadSis_Map.o                          [ MadSis_Map ]
obj\Car_Tiles.o                           [ Car_Tiles ]
obj\Car_Map.o                             [ Car_Map ]
obj\Semi_Tiles.o                          [ Semi_Tiles ]
obj\Semi_Map.o                            [ Semi_Map ]


Libraries Linked                          [ object file ]

C:\gbdk\lib/gb/gb.lib                     [ sfr.o ]
C:\gbdk\lib/sm83/sm83.lib                 [ itoa.o ]
C:\gbdk\lib/gb/gb.lib                     [ set_tile.o ]
C:\gbdk\lib/gb/gb.lib                     [ set_data.o ]
C:\gbdk\lib/gb/gb.lib                     [ set_tile_submap.o ]
C:\gbdk\lib/gb/gb.lib                     [ pad.o ]
C:\gbdk\lib/gb/gb.lib                     [ metasprites.o ]
C:\gbdk\lib/gb/gb.lib                     [ metasprites_flip.o ]
C:\gbdk\lib/sm83/sm83.lib                 [ strlen.o ]
C:\gbdk\lib/gb/gb.lib                     [ get_addr.o ]
C:\gbdk\lib/gb/gb.lib                     [ set_bk_t.o ]
C:\gbdk\lib/gb/gb.lib                     [ set_xy_t.o ]

ASxxxx Linker V03.00 + NoICE + sdld,  page 49.

User Base Address Definitions

_DATA=0xC0A0
_CODE=0x0200
ASxxxx Linker V03.00 + NoICE + sdld,  page 50.

User Global Definitions

_shadow_OAM=0xC000
.STACK=0xE000
.refresh_OAM=0xFF80

