ASxxxx Linker V03.00/V05.40 + sdld,  page 1.
Hexadecimal  [32-Bits]

Area                                    Addr        Size        Decimal Bytes (Attributes)
--------------------------------        ----        ----        ------- ----- ------------
.  .ABS.                            00000000    00000000 =           0. bytes (ABS,CON)

      Value  Global                              Global Defined In Module
      -----  --------------------------------   ------------------------
     00000000  .__.ABS.                           SetTileMap
     00000000  _rRAMG                             
     00000000  l__BASE                         
     00000000  l__BSS                          
     00000000  l__CABS                         
     00000000  l__CODE_0                       
     00000000  l__DABS                         
     00000000  l__HEADER                       
     00000000  l__HEAP                         
     00000000  l__HEAP_END                     
     00000000  l__HRAM                         
     00000000  l__LIT                          
     00000000  s__CABS                         
     00000000  s__CABS0                        
     00000000  s__DABS                         
     00000000  s__HEADER                       
     00000000  s__HEADER0                      
     00000000  s__HEADER1                      
     00000000  s__HEADER10                     
     00000000  s__HEADER11                     
     00000000  s__HEADER2                      
     00000000  s__HEADER3                      
     00000000  s__HEADER4                      
     00000000  s__HEADER5                      
     00000000  s__HEADER6                      
     00000000  s__HEADER7                      
     00000000  s__HEADER8                      
     00000000  s__HEADER9                      
     00000000  s__HEADERa                      
     00000000  s__HEADERb                      
     00000000  s__HEADERc                      
     00000000  s__HEADERd                      
     00000000  s__HEADERe                      
     00000000  s__HEADERf                      
     00000000  s__HRAM                         
     00000000  s__HRAM12                       
     00000001  l__GSFINAL                      
     00000001  l__HEADER0                      
     00000001  l__HEADER5                      
     00000001  l__HEADERa                      
     00000001  l__HEADERb                      
     00000001  l__HEADERc                      
     00000001  l__HEADERe                      
     00000001  l__HEADERf                      
     00000002  l__HEADER10                     
     00000002  l__HEADER6                      
     00000002  l__HEADERd                      
     00000003  l__CABS0                        
     00000003  l__HEADER9                      
     00000003  l__HRAM12                       
ASxxxx Linker V03.00/V05.40 + sdld,  page 2.
Hexadecimal  [32-Bits]

Area                                    Addr        Size        Decimal Bytes (Attributes)
--------------------------------        ----        ----        ------- ----- ------------
.  .ABS.                            00000000    00000000 =           0. bytes (ABS,CON)

      Value  Global                              Global Defined In Module
      -----  --------------------------------   ------------------------
     00000005  l__HEADER1                      
     00000006  l__HEADER8                      
     00000007  l__HEADER2                      
     00000008  l__HEADER3                      
     0000000C  l__GSINIT                       
     00000029  l__DATA                         
     00000030  l__HEADER7                      
     00000060  l__HEADER4                      
     000000AB  l__HEADER11                     
     00000200  s__CODE                         
     00000286  l__HOME                         
     00001B40  l__INITIALIZED                  
     00001B40  l__INITIALIZER                  
     00002000  _rROMB0                            
     00003000  _rROMB1                            
     00004000  _rRAMB                             
     0000601F  l__CODE                         
     0000621F  s__HOME                         
     000064A5  s__BASE                         
     000064A5  s__CODE_0                       
     000064A5  s__INITIALIZER                  
     000064A5  s__LIT                          
     00007FE5  s__GSINIT                       
     00007FF1  s__GSFINAL                      
     00008000  __VRAM                             
     00008000  __VRAM8000                         
     00008800  __VRAM8800                         
     00009000  __VRAM9000                         
     00009800  __SCRN0                            
     00009C00  __SCRN1                            
     0000A000  __SRAM                             
     0000C000  __RAM                              
     0000C000  _shadow_OAM                     
     0000C0A0  s__DATA                         
     0000C0C9  s__BSS                          
     0000C0C9  s__INITIALIZED                  
     0000D000  __RAMBANK                          
     0000DC09  s__HEAP                         
     0000DC09  s__HEAP_END                     
     0000E000  .STACK                          
     0000FE00  __OAMRAM                           
     0000FF00  _P1_REG                            
     0000FF00  __IO                               
     0000FF01  _SB_REG                            
     0000FF02  _SC_REG                            
     0000FF04  _DIV_REG                           
     0000FF05  _TIMA_REG                          
     0000FF06  _TMA_REG                           
     0000FF07  _TAC_REG                           
     0000FF0F  _IF_REG                            
     0000FF10  _NR10_REG                          
ASxxxx Linker V03.00/V05.40 + sdld,  page 3.
Hexadecimal  [32-Bits]

Area                                    Addr        Size        Decimal Bytes (Attributes)
--------------------------------        ----        ----        ------- ----- ------------
.  .ABS.                            00000000    00000000 =           0. bytes (ABS,CON)

      Value  Global                              Global Defined In Module
      -----  --------------------------------   ------------------------
     0000FF11  _NR11_REG                          
     0000FF12  _NR12_REG                          
     0000FF13  _NR13_REG                          
     0000FF14  _NR14_REG                          
     0000FF16  _NR21_REG                          
     0000FF17  _NR22_REG                          
     0000FF18  _NR23_REG                          
     0000FF19  _NR24_REG                          
     0000FF1A  _NR30_REG                          
     0000FF1B  _NR31_REG                          
     0000FF1C  _NR32_REG                          
     0000FF1D  _NR33_REG                          
     0000FF1E  _NR34_REG                          
     0000FF20  _NR41_REG                          
     0000FF21  _NR42_REG                          
     0000FF22  _NR43_REG                          
     0000FF23  _NR44_REG                          
     0000FF24  _NR50_REG                          
     0000FF25  _NR51_REG                          
     0000FF26  _NR52_REG                          
     0000FF30  _AUD3WAVE                          
     0000FF30  _PCM_SAMPLE                        
     0000FF30  __AUD3WAVERAM                      
     0000FF40  _LCDC_REG                          
     0000FF41  _STAT_REG                          
     0000FF42  _SCY_REG                           
     0000FF43  _SCX_REG                           
     0000FF44  _LY_REG                            
     0000FF45  _LYC_REG                           
     0000FF46  _DMA_REG                           
     0000FF47  _BGP_REG                           
     0000FF48  _OBP0_REG                          
     0000FF49  _OBP1_REG                          
     0000FF4A  _WY_REG                            
     0000FF4B  _WX_REG                            
     0000FF4D  _KEY1_REG                          
     0000FF4F  _VBK_REG                           
     0000FF51  _HDMA1_REG                         
     0000FF52  _HDMA2_REG                         
     0000FF53  _HDMA3_REG                         
     0000FF54  _HDMA4_REG                         
     0000FF55  _HDMA5_REG                         
     0000FF56  _RP_REG                            
     0000FF68  _BCPS_REG                          
     0000FF69  _BCPD_REG                          
     0000FF6A  _OCPS_REG                          
     0000FF6B  _OCPD_REG                          
     0000FF70  _SVBK_REG                          
     0000FF76  _PCM12_REG                         
     0000FF77  _PCM34_REG                         
     0000FF80  .refresh_OAM                    
ASxxxx Linker V03.00/V05.40 + sdld,  page 4.
Hexadecimal  [32-Bits]

Area                                    Addr        Size        Decimal Bytes (Attributes)
--------------------------------        ----        ----        ------- ----- ------------
.  .ABS.                            00000000    00000000 =           0. bytes (ABS,CON)

      Value  Global                              Global Defined In Module
      -----  --------------------------------   ------------------------
     0000FF80  __HRAM                             
     0000FFFF  _IE_REG                            

ASxxxx Linker V03.00/V05.40 + sdld,  page 5.
Hexadecimal  [32-Bits]

Area                                    Addr        Size        Decimal Bytes (Attributes)
--------------------------------        ----        ----        ------- ----- ------------
_CODE                               00000200    0000601F =       24607. bytes (REL,CON)

      Value  Global                              Global Defined In Module
      -----  --------------------------------   ------------------------
     00000200  A$main$62                          main
     00000200  C$main.c$9$0_0$149                 main
     00000200  G$main$0$0                         main
     00000200  _main                              main
     00000201  A$main$66                          main
     00000201  C$main.c$11$2_0$149                main
     00000203  A$main$67                          main
     00000205  A$main$71                          main
     00000205  C$main.c$12$2_0$149                main
     00000207  A$main$79                          main
     00000207  C$main.c$15$1_0$149                main
     00000207  C$main.c$19$2_0$150                main
     00000209  A$main$80                          main
     0000020A  A$main$81                          main
     0000020B  A$main$82                          main
     0000020D  A$main$86                          main
     0000020D  C$main.c$21$3_0$151                main
     0000020F  A$main$90                          main
     0000020F  C$main.c$22$3_0$151                main
     00000210  A$main$91                          main
     00000211  A$main$92                          main
     00000212  A$main$93                          main
     00000214  A$main$94                          main
     00000215  A$main$95                          main
     00000217  A$main$96                          main
     00000219  A$main$97                          main
     0000021B  A$main$98                          main
     0000021D  A$main$99                          main
     0000021F  A$main$100                         main
     00000221  A$main$101                         main
     00000223  A$main$102                         main
     00000225  A$main$103                         main
     00000227  A$main$111                         main
     00000227  C$main.c$24$4_0$152                main
     00000227  C$main.c$25$4_0$152                main
     00000228  A$main$112                         main
     0000022B  A$main$113                         main
     0000022C  A$main$117                         main
     0000022C  C$main.c$26$4_0$152                main
     0000022E  A$main$125                         main
     0000022E  C$main.c$27$4_0$152                main
     0000022E  C$main.c$28$4_0$152                main
     0000022F  A$main$126                         main
     00000232  A$main$127                         main
     00000233  A$main$131                         main
     00000233  C$main.c$29$4_0$152                main
     00000235  A$main$139                         main
     00000235  C$main.c$30$4_0$152                main
     00000235  C$main.c$31$4_0$152                main
     00000236  A$main$140                         main
ASxxxx Linker V03.00/V05.40 + sdld,  page 6.
Hexadecimal  [32-Bits]

Area                                    Addr        Size        Decimal Bytes (Attributes)
--------------------------------        ----        ----        ------- ----- ------------
_CODE                               00000200    0000601F =       24607. bytes (REL,CON)

      Value  Global                              Global Defined In Module
      -----  --------------------------------   ------------------------
     00000239  A$main$141                         main
     0000023A  A$main$145                         main
     0000023A  C$main.c$32$4_0$152                main
     0000023C  A$main$153                         main
     0000023C  C$main.c$33$4_0$152                main
     0000023C  C$main.c$34$4_0$152                main
     0000023D  A$main$154                         main
     00000240  A$main$155                         main
     00000241  A$main$159                         main
     00000241  C$main.c$35$4_0$152                main
     00000243  A$main$167                         main
     00000243  C$main.c$36$4_0$152                main
     00000243  C$main.c$37$4_0$152                main
     00000244  A$main$168                         main
     00000247  A$main$169                         main
     00000248  A$main$177                         main
     00000248  C$main.c$40$2_0$150                main
     00000248  C$main.c$47$2_0$150                main
     0000024A  A$main$178                         main
     0000024B  A$main$179                         main
     0000024C  A$main$180                         main
     0000024E  A$main$181                         main
     00000250  A$main$182                         main
     00000251  A$main$183                         main
     00000253  A$main$184                         main
     00000255  A$main$185                         main
     00000257  A$main$186                         main
     00000258  A$main$187                         main
     0000025A  A$main$188                         main
     0000025C  A$main$189                         main
     0000025E  A$main$190                         main
     0000025F  A$main$191                         main
     00000261  A$main$192                         main
     00000263  A$main$193                         main
     00000265  A$main$194                         main
     00000266  A$main$195                         main
     00000268  A$main$196                         main
     0000026A  A$main$197                         main
     0000026C  A$main$205                         main
     0000026C  C$main.c$49$3_0$153                main
     0000026C  C$main.c$50$3_0$153                main
     0000026F  A$main$206                         main
     00000270  A$main$210                         main
     00000270  C$main.c$51$3_0$153                main
     00000272  A$main$218                         main
     00000272  C$main.c$52$3_0$153                main
     00000272  C$main.c$53$3_0$153                main
     00000275  A$main$219                         main
     00000276  A$main$223                         main
     00000276  C$main.c$54$3_0$153                main
     00000278  A$main$231                         main
ASxxxx Linker V03.00/V05.40 + sdld,  page 7.
Hexadecimal  [32-Bits]

Area                                    Addr        Size        Decimal Bytes (Attributes)
--------------------------------        ----        ----        ------- ----- ------------
_CODE                               00000200    0000601F =       24607. bytes (REL,CON)

      Value  Global                              Global Defined In Module
      -----  --------------------------------   ------------------------
     00000278  C$main.c$55$3_0$153                main
     00000278  C$main.c$56$3_0$153                main
     0000027B  A$main$232                         main
     0000027C  A$main$236                         main
     0000027C  C$main.c$57$3_0$153                main
     0000027E  A$main$244                         main
     0000027E  C$main.c$58$3_0$153                main
     0000027E  C$main.c$59$3_0$153                main
     00000281  A$main$245                         main
     00000282  A$main$249                         main
     00000282  C$main.c$60$3_0$153                main
     00000284  A$main$257                         main
     00000284  C$main.c$61$3_0$153                main
     00000284  C$main.c$62$3_0$153                main
     00000287  A$main$258                         main
     00000288  A$main$262                         main
     00000288  C$main.c$63$3_0$153                main
     0000028B  A$main$269                         main
     0000028B  C$main.c$66$1_0$149                main
     0000028C  A$main$274                         main
     0000028C  C$main.c$73$1_0$149                main
     0000028C  XG$main$0$0                        main
     0000028D  G$Cast_Tiles$0_0$0                 cast_tiles
     0000028D  _Cast_Tiles                        cast_tiles
     00000A8D  G$IndoorTiles$0_0$0                indoor_tiles
     00000A8D  _IndoorTiles                       indoor_tiles
     0000128D  A$home$57                          home
     0000128D  C$home.c$390$0_0$2                 home
     0000128D  G$returnCollisionValue$0$0         home
     0000128D  _returnCollisionValue              home
     0000128E  A$home$61                          home
     0000128E  C$home.c$392$1_0$2                 home
     00001290  A$home$62                          home
     00001291  A$home$63                          home
     00001292  A$home$64                          home
     00001293  A$home$65                          home
     00001294  A$home$66                          home
     00001295  A$home$67                          home
     00001296  A$home$68                          home
     00001297  A$home$69                          home
     00001298  A$home$70                          home
     0000129B  A$home$71                          home
     0000129C  A$home$72                          home
     0000129D  A$home$73                          home
     0000129F  A$home$74                          home
     000012A0  A$home$75                          home
     000012A1  A$home$83                          home
     000012A1  C$home.c$393$1_0$2                 home
     000012A1  XG$returnCollisionValue$0$0        home
     000012A2  G$HOME_COLLISION$0_0$0             home
     000012A2  _HOME_COLLISION                    home
ASxxxx Linker V03.00/V05.40 + sdld,  page 8.
Hexadecimal  [32-Bits]

Area                                    Addr        Size        Decimal Bytes (Attributes)
--------------------------------        ----        ----        ------- ----- ------------
_CODE                               00000200    0000601F =       24607. bytes (REL,CON)

      Value  Global                              Global Defined In Module
      -----  --------------------------------   ------------------------
     00001518  A$player$61                        player
     00001518  C$player.c$37$0_0$185              player
     00001518  G$check_map$0$0                    player
     00001518  _check_map                         player
     00001519  A$player$65                        player
     00001519  C$player.c$39$1_0$185              player
     0000151A  A$player$66                        player
     0000151C  A$player$70                        player
     0000151C  C$player.c$41$2_0$186              player
     0000151E  A$player$71                        player
     0000151F  A$player$72                        player
     00001520  A$player$73                        player
     00001523  A$player$78                        player
     00001523  C$player.c$43$1_0$185              player
     00001524  A$player$79                        player
     00001525  A$player$80                        player
     00001526  G$mouse_down$0_0$0                 player
     00001526  _mouse_down                        player
     00001532  G$mouse_up$0_0$0                   player
     00001532  _mouse_up                          player
     0000153E  G$mouse_right0$0_0$0               player
     0000153E  _mouse_right0                      player
     0000154A  G$mouse_right1$0_0$0               player
     0000154A  _mouse_right1                      player
     00001556  G$mouse_metasprites$0_0$0          player
     00001556  _mouse_metasprites                 player
     0000155E  A$player$152                       player
     0000155E  C$player.c$45$1_0$188              player
     0000155E  G$PlayerUpdate$0$0                 player
     0000155E  _PlayerUpdate                      player
     0000155F  A$player$153                       player
     00001560  A$player$157                       player
     00001560  C$player.c$48$1_0$188              player
     00001563  A$player$158                       player
     00001564  A$player$159                       player
     00001565  A$player$160                       player
     00001566  A$player$161                       player
     00001567  A$player$165                       player
     00001567  C$player.c$51$2_0$189              player
     0000156A  A$player$166                       player
     0000156D  A$player$170                       player
     0000156D  C$player.c$52$2_0$189              player
     00001570  A$player$171                       player
     00001573  A$player$172                       player
     00001574  A$player$176                       player
     00001574  C$player.c$53$1_0$188              player
     00001575  A$player$180                       player
     00001575  C$player.c$57$1_0$188              player
     00001578  A$player$181                       player
     00001579  A$player$185                       player
     00001579  C$player.c$53$2_0$189              player
ASxxxx Linker V03.00/V05.40 + sdld,  page 9.
Hexadecimal  [32-Bits]

Area                                    Addr        Size        Decimal Bytes (Attributes)
--------------------------------        ----        ----        ------- ----- ------------
_CODE                               00000200    0000601F =       24607. bytes (REL,CON)

      Value  Global                              Global Defined In Module
      -----  --------------------------------   ------------------------
     0000157B  A$player$186                       player
     0000157D  A$player$190                       player
     0000157D  C$player.c$57$3_0$190              player
     0000157F  A$player$191                       player
     00001580  A$player$196                       player
     00001580  C$player.c$59$2_0$189              player
     00001582  A$player$197                       player
     00001584  A$player$201                       player
     00001584  C$player.c$62$3_0$191              player
     00001586  A$player$202                       player
     00001587  A$player$207                       player
     00001587  C$player.c$64$2_0$189              player
     00001589  A$player$208                       player
     0000158B  A$player$212                       player
     0000158B  C$player.c$67$3_0$192              player
     0000158D  A$player$213                       player
     0000158E  A$player$218                       player
     0000158E  C$player.c$69$2_0$189              player
     00001590  A$player$219                       player
     00001591  A$player$223                       player
     00001591  C$player.c$72$3_0$193              player
     00001593  A$player$234                       player
     00001593  C$player.c$78$1_0$188              player
     00001593  C$player.c$79$1_0$188              player
     00001593  XG$PlayerUpdate$0$0                player
     00001594  A$player$244                       player
     00001594  C$player.c$81$1_0$195              player
     00001594  G$DrawPlayer$0$0                   player
     00001594  _DrawPlayer                        player
     00001596  A$player$248                       player
     00001599  A$player$249                       player
     0000159A  A$player$250                       player
     0000159B  A$player$251                       player
     0000159D  A$player$252                       player
     0000159E  A$player$256                       player
     0000159E  C$player.c$88$1_0$195              player
     0000159F  A$player$257                       player
     000015A0  A$player$258                       player
     000015A1  A$player$259                       player
     000015A2  A$player$260                       player
     000015A3  A$player$261                       player
     000015A5  A$player$262                       player
     000015A6  A$player$263                       player
     000015A7  A$player$267                       player
     000015A7  C$player.c$85$1_0$195              player
     000015A8  A$player$268                       player
     000015A9  A$player$269                       player
     000015AA  A$player$270                       player
     000015AC  A$player$271                       player
     000015AE  A$player$272                       player
     000015AF  A$player$273                       player
ASxxxx Linker V03.00/V05.40 + sdld,  page 10.
Hexadecimal  [32-Bits]

Area                                    Addr        Size        Decimal Bytes (Attributes)
--------------------------------        ----        ----        ------- ----- ------------
_CODE                               00000200    0000601F =       24607. bytes (REL,CON)

      Value  Global                              Global Defined In Module
      -----  --------------------------------   ------------------------
     000015B0  A$player$274                       player
     000015B2  A$player$275                       player
     000015B4  A$player$276                       player
     000015B5  A$player$277                       player
     000015B7  A$player$278                       player
     000015B9  A$player$279                       player
     000015BB  A$player$280                       player
     000015BC  A$player$281                       player
     000015BE  A$player$282                       player
     000015C0  A$player$283                       player
     000015C3  A$player$289                       player
     000015C3  C$player.c$87$2_0$196              player
     000015C5  A$player$290                       player
     000015C6  A$player$291                       player
     000015C7  A$player$292                       player
     000015C8  A$player$293                       player
     000015CB  A$player$294                       player
     000015CC  A$player$295                       player
     000015CD  A$player$300                       player
     000015CE  A$player$301                       player
     000015CF  A$player$302                       player
     000015D2  A$player$303                       player
     000015D3  A$player$304                       player
     000015D4  A$player$305                       player
     000015D5  A$player$307                       player
     000015D8  A$player$308                       player
     000015DA  A$player$310                       player
     000015DD  A$player$311                       player
     000015DF  A$player$313                       player
     000015E0  A$player$314                       player
     000015E1  A$player$315                       player
     000015E2  A$player$316                       player
     000015E5  A$player$320                       player
     000015E5  C$player.c$89$2_0$196              player
     000015E8  A$player$326                       player
     000015E8  C$player.c$90$2_0$196              player
     000015EB  A$player$327                       player
     000015EC  A$player$328                       player
     000015ED  A$player$329                       player
     000015EE  A$player$331                       player
     000015F1  A$player$332                       player
     000015F2  A$player$333                       player
     000015F3  A$player$334                       player
     000015F4  A$player$336                       player
     000015F7  A$player$337                       player
     000015F9  A$player$339                       player
     000015FC  A$player$340                       player
     000015FE  A$player$342                       player
     00001600  A$player$343                       player
     00001601  A$player$344                       player
     00001602  A$player$345                       player
ASxxxx Linker V03.00/V05.40 + sdld,  page 11.
Hexadecimal  [32-Bits]

Area                                    Addr        Size        Decimal Bytes (Attributes)
--------------------------------        ----        ----        ------- ----- ------------
_CODE                               00000200    0000601F =       24607. bytes (REL,CON)

      Value  Global                              Global Defined In Module
      -----  --------------------------------   ------------------------
     00001603  A$player$346                       player
     00001604  A$player$347                       player
     00001605  A$player$348                       player
     00001608  A$player$352                       player
     00001608  C$player.c$92$2_0$196              player
     0000160A  A$player$358                       player
     0000160A  C$player.c$93$2_0$196              player
     0000160C  A$player$359                       player
     0000160D  A$player$360                       player
     0000160E  A$player$361                       player
     0000160F  A$player$362                       player
     00001612  A$player$363                       player
     00001613  A$player$364                       player
     00001614  A$player$369                       player
     00001615  A$player$370                       player
     00001616  A$player$371                       player
     00001619  A$player$372                       player
     0000161A  A$player$373                       player
     0000161B  A$player$374                       player
     0000161C  A$player$376                       player
     0000161F  A$player$377                       player
     00001621  A$player$379                       player
     00001624  A$player$380                       player
     00001626  A$player$382                       player
     00001627  A$player$383                       player
     00001628  A$player$384                       player
     00001629  A$player$385                       player
     0000162C  A$player$389                       player
     0000162C  C$player.c$95$2_0$196              player
     0000162E  A$player$395                       player
     0000162E  C$player.c$96$2_0$196              player
     00001630  A$player$396                       player
     00001631  A$player$397                       player
     00001632  A$player$398                       player
     00001633  A$player$399                       player
     00001636  A$player$400                       player
     00001637  A$player$401                       player
     00001638  A$player$406                       player
     00001639  A$player$407                       player
     0000163A  A$player$408                       player
     0000163D  A$player$409                       player
     0000163E  A$player$410                       player
     0000163F  A$player$411                       player
     00001640  A$player$413                       player
     00001643  A$player$414                       player
     00001645  A$player$416                       player
     00001648  A$player$417                       player
     0000164A  A$player$419                       player
     0000164B  A$player$420                       player
     0000164C  A$player$421                       player
     0000164E  A$player$422                       player
ASxxxx Linker V03.00/V05.40 + sdld,  page 12.
Hexadecimal  [32-Bits]

Area                                    Addr        Size        Decimal Bytes (Attributes)
--------------------------------        ----        ----        ------- ----- ------------
_CODE                               00000200    0000601F =       24607. bytes (REL,CON)

      Value  Global                              Global Defined In Module
      -----  --------------------------------   ------------------------
     0000164F  A$player$423                       player
     00001650  A$player$424                       player
     00001653  A$player$428                       player
     00001653  C$player.c$98$2_0$196              player
     00001655  A$player$434                       player
     00001655  C$player.c$99$2_0$196              player
     00001657  A$player$435                       player
     00001658  A$player$436                       player
     00001659  A$player$437                       player
     0000165A  A$player$438                       player
     0000165D  A$player$439                       player
     0000165E  A$player$440                       player
     0000165F  A$player$445                       player
     00001660  A$player$446                       player
     00001661  A$player$447                       player
     00001664  A$player$448                       player
     00001665  A$player$449                       player
     00001666  A$player$450                       player
     00001667  A$player$452                       player
     0000166A  A$player$453                       player
     0000166C  A$player$455                       player
     0000166F  A$player$456                       player
     00001671  A$player$458                       player
     00001672  A$player$459                       player
     00001673  A$player$460                       player
     00001675  A$player$461                       player
     00001676  A$player$462                       player
     00001677  A$player$463                       player
     0000167A  A$player$471                       player
     0000167A  C$player.c$102$1_0$195             player
     0000167C  A$player$476                       player
     0000167C  C$player.c$103$1_0$195             player
     0000167C  XG$DrawPlayer$0$0                  player
     0000167D  A$GameTitle$76                     GameTitle
     0000167D  C$GameTitle.c$91$0_0$164           GameTitle
     0000167D  G$GameTitleSetup$0$0               GameTitle
     0000167D  _GameTitleSetup                    GameTitle
     0000167E  A$GameTitle$77                     GameTitle
     00001680  A$GameTitle$78                     GameTitle
     00001681  A$GameTitle$79                     GameTitle
     00001683  A$GameTitle$83                     GameTitle
     00001683  C$GameTitle.c$94$1_0$164           GameTitle
     00001685  A$GameTitle$84                     GameTitle
     00001687  A$GameTitle$88                     GameTitle
     00001687  C$GameTitle.c$95$1_0$164           GameTitle
     00001689  A$GameTitle$89                     GameTitle
     0000168B  A$GameTitle$93                     GameTitle
     0000168B  C$GameTitle.c$96$1_0$164           GameTitle
     0000168D  A$GameTitle$94                     GameTitle
     0000168F  A$GameTitle$95                     GameTitle
     00001691  A$GameTitle$99                     GameTitle
ASxxxx Linker V03.00/V05.40 + sdld,  page 13.
Hexadecimal  [32-Bits]

Area                                    Addr        Size        Decimal Bytes (Attributes)
--------------------------------        ----        ----        ------- ----- ------------
_CODE                               00000200    0000601F =       24607. bytes (REL,CON)

      Value  Global                              Global Defined In Module
      -----  --------------------------------   ------------------------
     00001691  C$GameTitle.c$97$1_0$164           GameTitle
     00001694  A$GameTitle$100                    GameTitle
     00001695  A$GameTitle$101                    GameTitle
     00001698  A$GameTitle$102                    GameTitle
     00001699  A$GameTitle$103                    GameTitle
     0000169C  A$GameTitle$104                    GameTitle
     0000169E  A$GameTitle$108                    GameTitle
     0000169E  C$GameTitle.c$98$1_0$164           GameTitle
     000016A1  A$GameTitle$109                    GameTitle
     000016A2  A$GameTitle$110                    GameTitle
     000016A5  A$GameTitle$111                    GameTitle
     000016A6  A$GameTitle$112                    GameTitle
     000016A7  A$GameTitle$113                    GameTitle
     000016A8  A$GameTitle$114                    GameTitle
     000016A9  A$GameTitle$115                    GameTitle
     000016AC  A$GameTitle$116                    GameTitle
     000016AE  A$GameTitle$120                    GameTitle
     000016AE  C$GameTitle.c$99$1_0$164           GameTitle
     000016B1  A$GameTitle$121                    GameTitle
     000016B2  A$GameTitle$122                    GameTitle
     000016B5  A$GameTitle$123                    GameTitle
     000016B6  A$GameTitle$124                    GameTitle
     000016B9  A$GameTitle$125                    GameTitle
     000016BB  A$GameTitle$127                    GameTitle
     000016BE  A$GameTitle$128                    GameTitle
     000016BF  A$GameTitle$129                    GameTitle
     000016C0  A$GameTitle$130                    GameTitle
     000016C1  A$GameTitle$132                    GameTitle
     000016C4  A$GameTitle$133                    GameTitle
     000016C5  A$GameTitle$134                    GameTitle
     000016C6  A$GameTitle$135                    GameTitle
     000016C7  A$GameTitle$137                    GameTitle
     000016CA  A$GameTitle$138                    GameTitle
     000016CC  A$GameTitle$140                    GameTitle
     000016CF  A$GameTitle$141                    GameTitle
     000016D1  A$GameTitle$143                    GameTitle
     000016D4  A$GameTitle$144                    GameTitle
     000016D5  A$GameTitle$145                    GameTitle
     000016D8  A$GameTitle$149                    GameTitle
     000016D8  C$GameTitle.c$101$1_0$164          GameTitle
     000016DA  A$GameTitle$150                    GameTitle
     000016DC  A$GameTitle$151                    GameTitle
     000016DE  A$GameTitle$155                    GameTitle
     000016DE  C$GameTitle.c$102$1_0$164          GameTitle
     000016E0  A$GameTitle$156                    GameTitle
     000016E2  A$GameTitle$157                    GameTitle
     000016E4  A$GameTitle$161                    GameTitle
     000016E4  C$GameTitle.c$103$1_0$164          GameTitle
     000016E6  A$GameTitle$169                    GameTitle
     000016E6  C$GameTitle.c$104$1_0$164          GameTitle
     000016E6  XG$GameTitleSetup$0$0              GameTitle
ASxxxx Linker V03.00/V05.40 + sdld,  page 14.
Hexadecimal  [32-Bits]

Area                                    Addr        Size        Decimal Bytes (Attributes)
--------------------------------        ----        ----        ------- ----- ------------
_CODE                               00000200    0000601F =       24607. bytes (REL,CON)

      Value  Global                              Global Defined In Module
      -----  --------------------------------   ------------------------
     000016E9  G$globe1$0_0$0                     GameTitle
     000016E9  _globe1                            GameTitle
     0000170D  G$globe2$0_0$0                     GameTitle
     0000170D  _globe2                            GameTitle
     00001731  G$globe3$0_0$0                     GameTitle
     00001731  _globe3                            GameTitle
     00001755  G$globe4$0_0$0                     GameTitle
     00001755  _globe4                            GameTitle
     00001779  G$globe5$0_0$0                     GameTitle
     00001779  _globe5                            GameTitle
     0000179D  G$globe6$0_0$0                     GameTitle
     0000179D  _globe6                            GameTitle
     000017C1  G$globe7$0_0$0                     GameTitle
     000017C1  _globe7                            GameTitle
     000017E5  G$globe_metasprites$0_0$0          GameTitle
     000017E5  _globe_metasprites                 GameTitle
     000017F3  A$GameTitle$457                    GameTitle
     000017F3  C$GameTitle.c$108$1_0$172          GameTitle
     000017F3  C$GameTitle.c$110$1_0$172          GameTitle
     000017F3  G$GameTitleUpdate$0$0              GameTitle
     000017F3  _GameTitleUpdate                   GameTitle
     000017F6  A$GameTitle$458                    GameTitle
     000017F9  A$GameTitle$462                    GameTitle
     000017F9  C$GameTitle.c$111$1_0$172          GameTitle
     000017FC  A$GameTitle$463                    GameTitle
     000017FF  A$GameTitle$467                    GameTitle
     000017FF  C$GameTitle.c$112$1_0$172          GameTitle
     00001802  A$GameTitle$468                    GameTitle
     00001803  A$GameTitle$472                    GameTitle
     00001803  C$GameTitle.c$113$1_0$172          GameTitle
     00001804  A$GameTitle$473                    GameTitle
     00001806  A$GameTitle$474                    GameTitle
     00001808  A$GameTitle$478                    GameTitle
     00001808  C$GameTitle.c$115$2_0$173          GameTitle
     0000180B  A$GameTitle$479                    GameTitle
     0000180C  A$GameTitle$483                    GameTitle
     0000180C  C$GameTitle.c$116$2_0$173          GameTitle
     0000180F  A$GameTitle$484                    GameTitle
     00001811  A$GameTitle$489                    GameTitle
     00001811  C$GameTitle.c$118$1_0$172          GameTitle
     00001814  A$GameTitle$490                    GameTitle
     00001815  A$GameTitle$491                    GameTitle
     00001817  A$GameTitle$492                    GameTitle
     00001819  A$GameTitle$493                    GameTitle
     0000181B  A$GameTitle$496                    GameTitle
     0000181E  A$GameTitle$497                    GameTitle
     00001821  A$GameTitle$498                    GameTitle
     00001822  A$GameTitle$501                    GameTitle
     00001823  A$GameTitle$502                    GameTitle
     00001824  A$GameTitle$503                    GameTitle
     00001825  A$GameTitle$504                    GameTitle
ASxxxx Linker V03.00/V05.40 + sdld,  page 15.
Hexadecimal  [32-Bits]

Area                                    Addr        Size        Decimal Bytes (Attributes)
--------------------------------        ----        ----        ------- ----- ------------
_CODE                               00000200    0000601F =       24607. bytes (REL,CON)

      Value  Global                              Global Defined In Module
      -----  --------------------------------   ------------------------
     00001826  A$GameTitle$505                    GameTitle
     00001827  A$GameTitle$506                    GameTitle
     00001828  A$GameTitle$509                    GameTitle
     00001829  A$GameTitle$510                    GameTitle
     0000182A  A$GameTitle$511                    GameTitle
     0000182D  A$GameTitle$512                    GameTitle
     0000182E  A$GameTitle$513                    GameTitle
     0000182F  A$GameTitle$514                    GameTitle
     00001830  A$GameTitle$516                    GameTitle
     00001833  A$GameTitle$517                    GameTitle
     00001835  A$GameTitle$519                    GameTitle
     00001838  A$GameTitle$520                    GameTitle
     0000183A  A$GameTitle$522                    GameTitle
     0000183B  A$GameTitle$523                    GameTitle
     0000183E  A$GameTitle$524                    GameTitle
     0000183F  A$GameTitle$525                    GameTitle
     00001842  A$GameTitle$526                    GameTitle
     00001843  A$GameTitle$530                    GameTitle
     00001843  C$GameTitle.c$120$1_0$172          GameTitle
     00001846  A$GameTitle$531                    GameTitle
     00001847  A$GameTitle$532                    GameTitle
     00001849  A$GameTitle$533                    GameTitle
     0000184B  A$GameTitle$537                    GameTitle
     0000184B  C$GameTitle.c$122$2_0$174          GameTitle
     0000184C  A$GameTitle$538                    GameTitle
     0000184E  A$GameTitle$539                    GameTitle
     00001851  A$GameTitle$540                    GameTitle
     00001852  A$GameTitle$542                    GameTitle
     00001855  A$GameTitle$543                    GameTitle
     00001856  A$GameTitle$546                    GameTitle
     00001857  A$GameTitle$547                    GameTitle
     00001858  A$GameTitle$548                    GameTitle
     00001859  A$GameTitle$549                    GameTitle
     0000185A  A$GameTitle$550                    GameTitle
     0000185B  A$GameTitle$551                    GameTitle
     0000185C  A$GameTitle$553                    GameTitle
     0000185F  A$GameTitle$554                    GameTitle
     00001860  A$GameTitle$555                    GameTitle
     00001861  A$GameTitle$557                    GameTitle
     00001864  A$GameTitle$558                    GameTitle
     00001866  A$GameTitle$560                    GameTitle
     00001869  A$GameTitle$561                    GameTitle
     0000186B  A$GameTitle$563                    GameTitle
     0000186E  A$GameTitle$564                    GameTitle
     0000186F  A$GameTitle$565                    GameTitle
     00001872  A$GameTitle$569                    GameTitle
     00001872  C$GameTitle.c$124$2_0$174          GameTitle
     00001874  A$GameTitle$570                    GameTitle
     00001875  A$GameTitle$575                    GameTitle
     00001875  C$GameTitle.c$126$1_0$172          GameTitle
     00001877  A$GameTitle$576                    GameTitle
ASxxxx Linker V03.00/V05.40 + sdld,  page 16.
Hexadecimal  [32-Bits]

Area                                    Addr        Size        Decimal Bytes (Attributes)
--------------------------------        ----        ----        ------- ----- ------------
_CODE                               00000200    0000601F =       24607. bytes (REL,CON)

      Value  Global                              Global Defined In Module
      -----  --------------------------------   ------------------------
     00001879  A$GameTitle$580                    GameTitle
     00001879  C$GameTitle.c$128$2_0$175          GameTitle
     0000187A  A$GameTitle$581                    GameTitle
     0000187C  A$GameTitle$582                    GameTitle
     0000187F  A$GameTitle$583                    GameTitle
     00001880  A$GameTitle$585                    GameTitle
     00001883  A$GameTitle$586                    GameTitle
     00001884  A$GameTitle$589                    GameTitle
     00001886  A$GameTitle$592                    GameTitle
     00001887  A$GameTitle$593                    GameTitle
     00001888  A$GameTitle$594                    GameTitle
     00001889  A$GameTitle$595                    GameTitle
     0000188A  A$GameTitle$597                    GameTitle
     0000188D  A$GameTitle$598                    GameTitle
     0000188E  A$GameTitle$599                    GameTitle
     0000188F  A$GameTitle$601                    GameTitle
     00001892  A$GameTitle$602                    GameTitle
     00001894  A$GameTitle$604                    GameTitle
     00001897  A$GameTitle$605                    GameTitle
     00001899  A$GameTitle$607                    GameTitle
     0000189C  A$GameTitle$608                    GameTitle
     0000189D  A$GameTitle$609                    GameTitle
     000018A0  A$GameTitle$613                    GameTitle
     000018A0  C$GameTitle.c$130$2_0$175          GameTitle
     000018A2  A$GameTitle$614                    GameTitle
     000018A3  A$GameTitle$619                    GameTitle
     000018A3  C$GameTitle.c$132$1_0$172          GameTitle
     000018A5  A$GameTitle$620                    GameTitle
     000018A7  A$GameTitle$624                    GameTitle
     000018A7  C$GameTitle.c$134$2_0$176          GameTitle
     000018A8  A$GameTitle$625                    GameTitle
     000018AA  A$GameTitle$626                    GameTitle
     000018AD  A$GameTitle$627                    GameTitle
     000018AF  A$GameTitle$628                    GameTitle
     000018B2  A$GameTitle$629                    GameTitle
     000018B4  A$GameTitle$630                    GameTitle
     000018B7  A$GameTitle$631                    GameTitle
     000018B9  A$GameTitle$632                    GameTitle
     000018BC  A$GameTitle$633                    GameTitle
     000018BE  A$GameTitle$634                    GameTitle
     000018C1  A$GameTitle$635                    GameTitle
     000018C2  A$GameTitle$637                    GameTitle
     000018C5  A$GameTitle$638                    GameTitle
     000018C6  A$GameTitle$641                    GameTitle
     000018C7  A$GameTitle$642                    GameTitle
     000018C8  A$GameTitle$643                    GameTitle
     000018C9  A$GameTitle$644                    GameTitle
     000018CA  A$GameTitle$645                    GameTitle
     000018CB  A$GameTitle$646                    GameTitle
     000018CC  A$GameTitle$648                    GameTitle
     000018CF  A$GameTitle$649                    GameTitle
ASxxxx Linker V03.00/V05.40 + sdld,  page 17.
Hexadecimal  [32-Bits]

Area                                    Addr        Size        Decimal Bytes (Attributes)
--------------------------------        ----        ----        ------- ----- ------------
_CODE                               00000200    0000601F =       24607. bytes (REL,CON)

      Value  Global                              Global Defined In Module
      -----  --------------------------------   ------------------------
     000018D0  A$GameTitle$650                    GameTitle
     000018D1  A$GameTitle$652                    GameTitle
     000018D4  A$GameTitle$653                    GameTitle
     000018D6  A$GameTitle$655                    GameTitle
     000018D9  A$GameTitle$656                    GameTitle
     000018DB  A$GameTitle$658                    GameTitle
     000018DE  A$GameTitle$659                    GameTitle
     000018DF  A$GameTitle$660                    GameTitle
     000018E2  A$GameTitle$664                    GameTitle
     000018E2  C$GameTitle.c$140$2_0$176          GameTitle
     000018E4  A$GameTitle$665                    GameTitle
     000018E5  A$GameTitle$670                    GameTitle
     000018E5  C$GameTitle.c$142$1_0$172          GameTitle
     000018E7  A$GameTitle$671                    GameTitle
     000018E9  A$GameTitle$675                    GameTitle
     000018E9  C$GameTitle.c$144$2_0$177          GameTitle
     000018EA  A$GameTitle$676                    GameTitle
     000018EC  A$GameTitle$677                    GameTitle
     000018EF  A$GameTitle$678                    GameTitle
     000018F0  A$GameTitle$680                    GameTitle
     000018F3  A$GameTitle$681                    GameTitle
     000018F4  A$GameTitle$684                    GameTitle
     000018F5  A$GameTitle$685                    GameTitle
     000018F6  A$GameTitle$686                    GameTitle
     000018F7  A$GameTitle$687                    GameTitle
     000018F8  A$GameTitle$688                    GameTitle
     000018F9  A$GameTitle$689                    GameTitle
     000018FA  A$GameTitle$691                    GameTitle
     000018FD  A$GameTitle$692                    GameTitle
     000018FE  A$GameTitle$693                    GameTitle
     000018FF  A$GameTitle$695                    GameTitle
     00001902  A$GameTitle$696                    GameTitle
     00001904  A$GameTitle$698                    GameTitle
     00001907  A$GameTitle$699                    GameTitle
     00001909  A$GameTitle$701                    GameTitle
     0000190C  A$GameTitle$702                    GameTitle
     0000190D  A$GameTitle$703                    GameTitle
     00001910  A$GameTitle$707                    GameTitle
     00001910  C$GameTitle.c$146$2_0$177          GameTitle
     00001912  A$GameTitle$708                    GameTitle
     00001913  A$GameTitle$713                    GameTitle
     00001913  C$GameTitle.c$149$1_0$172          GameTitle
     00001915  A$GameTitle$721                    GameTitle
     00001915  C$GameTitle.c$150$1_0$172          GameTitle
     00001915  XG$GameTitleUpdate$0$0             GameTitle
     00001916  G$Globe_Tiles$0_0$0                Globe_Tiles
     00001916  _Globe_Tiles                       Globe_Tiles
     00002016  G$Title_Map$0_0$0                  Title_Map
     00002016  _Title_Map                         Title_Map
     0000217E  G$TitleLabel$0_0$0                 Title_Tiles
     0000217E  _TitleLabel                        Title_Tiles
ASxxxx Linker V03.00/V05.40 + sdld,  page 18.
Hexadecimal  [32-Bits]

Area                                    Addr        Size        Decimal Bytes (Attributes)
--------------------------------        ----        ----        ------- ----- ------------
_CODE                               00000200    0000601F =       24607. bytes (REL,CON)

      Value  Global                              Global Defined In Module
      -----  --------------------------------   ------------------------
     0000249E  A$common$80                        common
     0000249E  C$common.c$13$0_0$164              common
     0000249E  G$performantdelay$0$0              common
     0000249E  _performantdelay                   common
     0000249F  A$common$84                        common
     000024A1  A$common$86                        common
     000024A2  A$common$87                        common
     000024A3  A$common$88                        common
     000024A4  A$common$92                        common
     000024A4  C$common.c$17$3_0$165              common
     000024A7  A$common$96                        common
     000024A7  C$common.c$15$2_0$164              common
     000024A8  A$common$104                       common
     000024A8  C$common.c$19$2_0$164              common
     000024A8  XG$performantdelay$0$0             common
     000024AA  A$common$114                       common
     000024AA  C$common.c$22$2_0$167              common
     000024AA  G$DrawNumber$0$0                   common
     000024AA  _DrawNumber                        common
     000024AC  A$common$115                       common
     000024AD  A$common$116                       common
     000024AE  A$common$120                       common
     000024AE  C$common.c$24$2_0$167              common
     000024B0  A$common$121                       common
     000024B2  A$common$122                       common
     000024B3  A$common$123                       common
     000024B4  A$common$124                       common
     000024B6  A$common$125                       common
     000024B7  A$common$126                       common
     000024B8  A$common$127                       common
     000024BA  A$common$128                       common
     000024BB  A$common$129                       common
     000024BC  A$common$130                       common
     000024BE  A$common$131                       common
     000024BF  A$common$132                       common
     000024C1  A$common$136                       common
     000024C1  C$common.c$27$1_0$167              common
     000024C3  A$common$137                       common
     000024C4  A$common$138                       common
     000024C5  A$common$139                       common
     000024C6  A$common$140                       common
     000024C7  A$common$141                       common
     000024C9  A$common$142                       common
     000024CA  A$common$143                       common
     000024CB  A$common$144                       common
     000024CE  A$common$145                       common
     000024CF  A$common$146                       common
     000024D0  A$common$147                       common
     000024D1  A$common$148                       common
     000024D4  A$common$149                       common
     000024D6  A$common$150                       common
ASxxxx Linker V03.00/V05.40 + sdld,  page 19.
Hexadecimal  [32-Bits]

Area                                    Addr        Size        Decimal Bytes (Attributes)
--------------------------------        ----        ----        ------- ----- ------------
_CODE                               00000200    0000601F =       24607. bytes (REL,CON)

      Value  Global                              Global Defined In Module
      -----  --------------------------------   ------------------------
     000024D7  A$common$154                       common
     000024D7  C$common.c$31$1_1$168              common
     000024D9  A$common$155                       common
     000024DA  A$common$156                       common
     000024DB  A$common$157                       common
     000024DD  A$common$161                       common
     000024DD  C$common.c$33$2_1$169              common
     000024DE  A$common$162                       common
     000024DF  A$common$163                       common
     000024E0  A$common$164                       common
     000024E1  A$common$165                       common
     000024E2  A$common$166                       common
     000024E5  A$common$167                       common
     000024E6  A$common$168                       common
     000024E7  A$common$169                       common
     000024E8  A$common$170                       common
     000024EA  A$common$175                       common
     000024EA  C$common.c$36$2_1$170              common
     000024EB  A$common$176                       common
     000024EC  A$common$177                       common
     000024ED  A$common$178                       common
     000024EE  A$common$179                       common
     000024EF  A$common$180                       common
     000024F2  A$common$181                       common
     000024F3  A$common$182                       common
     000024F4  A$common$183                       common
     000024F5  A$common$188                       common
     000024F5  C$common.c$40$1_2$171              common
     000024F8  A$common$189                       common
     000024F9  A$common$190                       common
     000024FA  A$common$191                       common
     000024FD  A$common$192                       common
     000024FE  A$common$193                       common
     00002500  A$common$194                       common
     00002501  A$common$198                       common
     00002501  C$common.c$45$2_2$167              common
     00002503  A$common$199                       common
     00002505  A$common$201                       common
     00002507  A$common$202                       common
     00002508  A$common$203                       common
     0000250A  A$common$204                       common
     0000250B  A$common$205                       common
     0000250C  A$common$206                       common
     0000250D  A$common$207                       common
     0000250E  A$common$208                       common
     0000250F  A$common$209                       common
     00002511  A$common$210                       common
     00002512  A$common$211                       common
     00002513  A$common$212                       common
     00002514  A$common$213                       common
     00002515  A$common$214                       common
ASxxxx Linker V03.00/V05.40 + sdld,  page 20.
Hexadecimal  [32-Bits]

Area                                    Addr        Size        Decimal Bytes (Attributes)
--------------------------------        ----        ----        ------- ----- ------------
_CODE                               00000200    0000601F =       24607. bytes (REL,CON)

      Value  Global                              Global Defined In Module
      -----  --------------------------------   ------------------------
     00002516  A$common$215                       common
     00002517  A$common$216                       common
     00002518  A$common$217                       common
     00002519  A$common$218                       common
     0000251A  A$common$219                       common
     0000251B  A$common$220                       common
     0000251C  A$common$221                       common
     0000251D  A$common$222                       common
     0000251E  A$common$223                       common
     0000251F  A$common$224                       common
     00002520  A$common$225                       common
     00002521  A$common$226                       common
     00002522  A$common$227                       common
     00002524  A$common$228                       common
     00002525  A$common$229                       common
     00002526  A$common$230                       common
     00002527  A$common$231                       common
     00002528  A$common$232                       common
     00002529  A$common$233                       common
     0000252B  A$common$234                       common
     0000252C  A$common$235                       common
     0000252E  A$common$236                       common
     00002530  A$common$237                       common
     00002531  A$common$238                       common
     00002532  A$common$239                       common
     00002534  A$common$240                       common
     00002535  A$common$241                       common
     00002536  A$common$242                       common
     00002537  A$common$243                       common
     00002538  A$common$244                       common
     00002539  A$common$245                       common
     0000253A  A$common$246                       common
     0000253B  A$common$247                       common
     0000253C  A$common$248                       common
     0000253E  A$common$249                       common
     00002540  A$common$250                       common
     00002542  A$common$251                       common
     00002544  A$common$252                       common
     00002545  A$common$253                       common
     00002547  A$common$255                       common
     00002549  A$common$256                       common
     0000254B  A$common$257                       common
     0000254C  A$common$259                       common
     0000254E  A$common$263                       common
     0000254E  C$common.c$47$3_2$173              common
     0000254F  A$common$266                       common
     00002550  A$common$267                       common
     00002551  A$common$268                       common
     00002553  A$common$269                       common
     00002554  A$common$270                       common
     00002557  A$common$274                       common
ASxxxx Linker V03.00/V05.40 + sdld,  page 21.
Hexadecimal  [32-Bits]

Area                                    Addr        Size        Decimal Bytes (Attributes)
--------------------------------        ----        ----        ------- ----- ------------
_CODE                               00000200    0000601F =       24607. bytes (REL,CON)

      Value  Global                              Global Defined In Module
      -----  --------------------------------   ------------------------
     00002557  C$common.c$45$2_2$172              common
     00002559  A$common$275                       common
     0000255A  A$common$276                       common
     0000255C  A$common$281                       common
     0000255C  C$common.c$52$2_2$167              common
     0000255E  A$common$283                       common
     0000255F  A$common$284                       common
     00002561  A$common$285                       common
     00002562  A$common$286                       common
     00002564  A$common$290                       common
     00002564  C$common.c$54$3_2$175              common
     00002565  A$common$291                       common
     00002567  A$common$292                       common
     0000256A  A$common$293                       common
     0000256B  A$common$294                       common
     0000256C  A$common$295                       common
     0000256D  A$common$296                       common
     0000256E  A$common$297                       common
     00002570  A$common$298                       common
     00002571  A$common$301                       common
     00002572  A$common$304                       common
     00002573  A$common$305                       common
     00002574  A$common$306                       common
     00002575  A$common$307                       common
     00002576  A$common$308                       common
     00002577  A$common$309                       common
     0000257A  A$common$310                       common
     0000257B  A$common$314                       common
     0000257B  C$common.c$52$2_2$174              common
     0000257C  A$common$315                       common
     0000257E  A$common$320                       common
     0000257E  C$common.c$56$2_2$167              common
     00002580  A$common$321                       common
     00002581  A$common$322                       common
     00002583  A$common$323                       common
     00002584  A$common$333                       common
     00002584  C$common.c$58$2_2$177              common
     00002584  G$DrawText$0$0                     common
     00002584  _DrawText                          common
     00002586  A$common$334                       common
     00002587  A$common$335                       common
     00002588  A$common$339                       common
     00002588  C$common.c$65$1_0$177              common
     0000258A  A$common$340                       common
     0000258B  A$common$341                       common
     0000258C  A$common$342                       common
     0000258E  A$common$346                       common
     0000258E  C$common.c$67$2_0$178              common
     0000258F  A$common$347                       common
     00002590  A$common$348                       common
     00002593  A$common$349                       common
ASxxxx Linker V03.00/V05.40 + sdld,  page 22.
Hexadecimal  [32-Bits]

Area                                    Addr        Size        Decimal Bytes (Attributes)
--------------------------------        ----        ----        ------- ----- ------------
_CODE                               00000200    0000601F =       24607. bytes (REL,CON)

      Value  Global                              Global Defined In Module
      -----  --------------------------------   ------------------------
     00002595  A$common$350                       common
     00002596  A$common$351                       common
     00002598  A$common$356                       common
     00002598  C$common.c$70$2_0$179              common
     00002599  A$common$357                       common
     0000259A  A$common$358                       common
     0000259D  A$common$359                       common
     0000259F  A$common$360                       common
     000025A0  A$common$365                       common
     000025A2  A$common$367                       common
     000025A4  A$common$368                       common
     000025A5  A$common$369                       common
     000025A6  A$common$370                       common
     000025A7  A$common$371                       common
     000025A8  A$common$372                       common
     000025AA  A$common$373                       common
     000025AB  A$common$374                       common
     000025AC  A$common$375                       common
     000025AD  A$common$379                       common
     000025AD  C$common.c$78$1_0$177              common
     000025AE  A$common$383                       common
     000025AE  C$common.c$73$1_0$177              common
     000025AF  A$common$384                       common
     000025B0  A$common$385                       common
     000025B3  A$common$389                       common
     000025B3  C$common.c$77$1_0$177              common
     000025B4  A$common$390                       common
     000025B5  A$common$391                       common
     000025B6  A$common$392                       common
     000025B7  A$common$393                       common
     000025B8  A$common$394                       common
     000025B9  A$common$395                       common
     000025BA  A$common$396                       common
     000025BC  A$common$397                       common
     000025BD  A$common$398                       common
     000025BE  A$common$399                       common
     000025BF  A$common$400                       common
     000025C1  A$common$401                       common
     000025C2  A$common$402                       common
     000025C3  A$common$403                       common
     000025C4  A$common$404                       common
     000025C6  A$common$405                       common
     000025C8  A$common$406                       common
     000025CA  A$common$407                       common
     000025CB  A$common$408                       common
     000025CD  A$common$409                       common
     000025CE  A$common$410                       common
     000025CF  A$common$411                       common
     000025D1  A$common$412                       common
     000025D2  A$common$413                       common
     000025D3  A$common$414                       common
ASxxxx Linker V03.00/V05.40 + sdld,  page 23.
Hexadecimal  [32-Bits]

Area                                    Addr        Size        Decimal Bytes (Attributes)
--------------------------------        ----        ----        ------- ----- ------------
_CODE                               00000200    0000601F =       24607. bytes (REL,CON)

      Value  Global                              Global Defined In Module
      -----  --------------------------------   ------------------------
     000025D4  A$common$415                       common
     000025D5  A$common$416                       common
     000025D6  A$common$417                       common
     000025D7  A$common$418                       common
     000025D9  A$common$419                       common
     000025DA  A$common$420                       common
     000025DB  A$common$421                       common
     000025DC  A$common$422                       common
     000025DD  A$common$423                       common
     000025E0  A$common$424                       common
     000025E3  A$common$429                       common
     000025E3  C$common.c$78$2_0$180              common
     000025E4  A$common$430                       common
     000025E6  A$common$431                       common
     000025E8  A$common$432                       common
     000025EA  A$common$433                       common
     000025EB  A$common$434                       common
     000025ED  A$common$435                       common
     000025EE  A$common$436                       common
     000025F0  A$common$437                       common
     000025F1  A$common$438                       common
     000025F2  A$common$439                       common
     000025F3  A$common$440                       common
     000025F5  A$common$441                       common
     000025F6  A$common$442                       common
     000025F7  A$common$443                       common
     000025F8  A$common$444                       common
     000025FA  A$common$445                       common
     000025FB  A$common$446                       common
     000025FC  A$common$447                       common
     000025FD  A$common$448                       common
     000025FE  A$common$449                       common
     00002601  A$common$450                       common
     00002603  A$common$455                       common
     00002603  C$common.c$79$2_0$180              common
     00002604  A$common$456                       common
     00002606  A$common$457                       common
     00002608  A$common$458                       common
     0000260A  A$common$459                       common
     0000260B  A$common$460                       common
     0000260D  A$common$461                       common
     0000260E  A$common$462                       common
     00002610  A$common$463                       common
     00002611  A$common$464                       common
     00002612  A$common$465                       common
     00002613  A$common$466                       common
     00002615  A$common$467                       common
     00002616  A$common$468                       common
     00002617  A$common$469                       common
     00002618  A$common$470                       common
     0000261A  A$common$471                       common
ASxxxx Linker V03.00/V05.40 + sdld,  page 24.
Hexadecimal  [32-Bits]

Area                                    Addr        Size        Decimal Bytes (Attributes)
--------------------------------        ----        ----        ------- ----- ------------
_CODE                               00000200    0000601F =       24607. bytes (REL,CON)

      Value  Global                              Global Defined In Module
      -----  --------------------------------   ------------------------
     0000261B  A$common$472                       common
     0000261C  A$common$473                       common
     0000261D  A$common$474                       common
     0000261E  A$common$475                       common
     00002621  A$common$476                       common
     00002623  A$common$481                       common
     00002623  C$common.c$85$3_0$181              common
     00002624  A$common$482                       common
     00002626  A$common$483                       common
     00002628  A$common$484                       common
     0000262A  A$common$485                       common
     0000262C  A$common$486                       common
     0000262E  A$common$487                       common
     00002630  A$common$491                       common
     00002630  C$common.c$86$4_0$182              common
     00002631  A$common$492                       common
     00002632  A$common$493                       common
     00002634  A$common$494                       common
     00002635  A$common$495                       common
     00002636  A$common$496                       common
     00002637  A$common$497                       common
     00002639  A$common$498                       common
     0000263A  A$common$499                       common
     0000263B  A$common$500                       common
     0000263C  A$common$501                       common
     0000263E  A$common$502                       common
     00002641  A$common$503                       common
     00002643  A$common$508                       common
     00002643  C$common.c$87$4_0$182              common
     00002644  A$common$509                       common
     00002645  A$common$510                       common
     00002647  A$common$511                       common
     00002648  A$common$512                       common
     00002649  A$common$513                       common
     0000264A  A$common$514                       common
     0000264C  A$common$515                       common
     0000264D  A$common$516                       common
     0000264E  A$common$517                       common
     0000264F  A$common$518                       common
     00002651  A$common$519                       common
     00002654  A$common$520                       common
     00002656  A$common$525                       common
     00002656  C$common.c$88$4_0$182              common
     00002657  A$common$526                       common
     00002658  A$common$527                       common
     0000265A  A$common$528                       common
     0000265B  A$common$529                       common
     0000265C  A$common$530                       common
     0000265D  A$common$531                       common
     0000265F  A$common$532                       common
     00002660  A$common$533                       common
ASxxxx Linker V03.00/V05.40 + sdld,  page 25.
Hexadecimal  [32-Bits]

Area                                    Addr        Size        Decimal Bytes (Attributes)
--------------------------------        ----        ----        ------- ----- ------------
_CODE                               00000200    0000601F =       24607. bytes (REL,CON)

      Value  Global                              Global Defined In Module
      -----  --------------------------------   ------------------------
     00002661  A$common$534                       common
     00002662  A$common$535                       common
     00002664  A$common$536                       common
     00002667  A$common$537                       common
     00002669  A$common$542                       common
     00002669  C$common.c$89$4_0$182              common
     0000266B  A$common$543                       common
     0000266C  A$common$544                       common
     0000266D  A$common$545                       common
     0000266E  A$common$546                       common
     00002670  A$common$547                       common
     00002671  A$common$548                       common
     00002672  A$common$549                       common
     00002673  A$common$557                       common
     00002673  C$common.c$90$2_0$180              common
     00002673  C$common.c$94$2_0$180              common
     00002674  A$common$558                       common
     00002677  A$common$563                       common
     00002677  C$common.c$96$1_0$177              common
     00002679  A$common$564                       common
     0000267B  A$common$568                       common
     0000267B  C$common.c$98$1_0$177              common
     0000267D  A$common$569                       common
     0000267E  A$common$570                       common
     00002680  A$common$571                       common
     00002681  A$common$581                       common
[...]

      Value  Global                              Global Defined In Module
      -----  --------------------------------   ------------------------
ASxxxx Linker V03.00/V05.40 + sdld,  page 122.
Hexadecimal  [32-Bits]

Area                                    Addr        Size        Decimal Bytes (Attributes)
--------------------------------        ----        ----        ------- ----- ------------
_HEADER10                           00000000    00000002 =           2. bytes (ABS,CON)

      Value  Global                              Global Defined In Module
      -----  --------------------------------   ------------------------
ASxxxx Linker V03.00/V05.40 + sdld,  page 123.
Hexadecimal  [32-Bits]

Area                                    Addr        Size        Decimal Bytes (Attributes)
--------------------------------        ----        ----        ------- ----- ------------
_HEADER11                           00000000    000000AB =         171. bytes (ABS,CON)

      Value  Global                              Global Defined In Module
      -----  --------------------------------   ------------------------
     00000150  .reset                             Runtime
     00000150  _reset                             Runtime
     00000157  .code_start                        Runtime
     000001B9  _exit                              Runtime
     000001BD  .wait_vbl_done                     Runtime
     000001BD  _vsync                             Runtime
     000001BD  _wait_vbl_done                     Runtime
     000001CD  .remove_VBL                        Runtime
     000001CD  _remove_VBL                        Runtime
     000001D0  .remove_int                        Runtime
     000001ED  .add_VBL                           Runtime
     000001ED  _add_VBL                           Runtime
     000001F0  .add_int                           Runtime

ASxxxx Linker V03.00/V05.40 + sdld,  page 124.
Hexadecimal  [32-Bits]

Area                                    Addr        Size        Decimal Bytes (Attributes)
--------------------------------        ----        ----        ------- ----- ------------
_HOME                               0000621F    00000286 =         646. bytes (REL,CON)

      Value  Global                              Global Defined In Module
      -----  --------------------------------   ------------------------
     0000621F  .memset_simple                     Runtime
     00006228  .memcpy_simple                     Runtime
     00006245  .display_off                       Runtime
     00006245  _display_off                       Runtime
     0000625D  _uitoa                             itoa
     0000626C  _itoa                              itoa
     0000627B  .itoa                              itoa
     0000628F  .utoa                              itoa
     00006303  _set_tile_data                     
     00006308  _set_bkg_data                      
     00006308  _set_win_data                      
     00006310  _set_sprite_data                   
     00006340  _set_bkg_submap                    SetTileSubmap
     00006383  .set_xy_win_submap                 SetTileSubmap
     0000638C  .set_xy_bkg_submap                 SetTileSubmap
     0000639B  .set_xy_submap                     SetTileSubmap
     000063E7  .padup                             
     000063E7  _waitpadup                         
     000063F7  .jpad                              
     000063F7  _joypad                            
     0000641F  _waitpad                           
     00006420  .wait_pad                          
     00006427  _strlen                            strlen
     0000642C  .strlen                            strlen
     00006435  _set_bkg_tiles                     
     00006449  .set_xy_wtt                        SetTileMap
     00006452  .set_xy_btt                        SetTileMap
     00006461  .set_xy_tt                         SetTileMap

ASxxxx Linker V03.00/V05.40 + sdld,  page 125.
Hexadecimal  [32-Bits]

Area                                    Addr        Size        Decimal Bytes (Attributes)
--------------------------------        ----        ----        ------- ----- ------------
_INITIALIZER                        000064A5    00001B40 =        6976. bytes (REL,CON)

      Value  Global                              Global Defined In Module
      -----  --------------------------------   ------------------------
     000064A5  Fhome$__xinit_Home$0_0$0           home
     00007147  FGameTitle$__xinit_timer$0_0$0     GameTitle
     00007148  FGameTitle$__xinit_frame$0_0$0     GameTitle
     00007149  Fcommon$__xinit_joypadPrevious$0   common
     0000714A  Fcommon$__xinit_joypadCurrent$0_   common
     0000714B  Fcommon$__xinit_index$0_0$0        common
     0000714C  FCoreGameLoop$__xinit_mouse$0_0$   CoreGameLoop
     00007158  FGameJohnDoe$__xinit_wabble$0_0$   GameJohnDoe
     00007159  FGameJohnDoe$__xinit_invert_b$0_   GameJohnDoe
     0000715A  FGameJohnDoe$__xinit_scanline_of   GameJohnDoe
     0000715C  FBestiary_Map$__xinit_Bestiary_M   Bestiary_Map
     000072C4  FBestiary$__xinit_invert$0_0$0     Bestiary
     000072C5  FWally_Tiles$__xinit_WallyTiles$   Wally_Tiles
     00007485  FWally_Map$__xinit_Wally_Map$0_0   Wally_Map
     000074A3  FTick_Map$__xinit_Tick_Map$0_0$0   Tick_Map
     000074BC  FMan_Map$__xinit_Man_Map$0_0$0     Man_Map
     000074E0  FBattle_Map$__xinit_Battle_Map$0   Battle_Map
     000076AC  FDrunk_Tiles$__xinit_Drunk_Tiles   Drunk_Tiles
     0000783C  FDrunk_Map$__xinit_Drunk_Map$0_0   Drunk_Map
     00007854  FExperiment_Tiles$__xinit_Experi   Experiment_Tiles
     00007A34  FExperiment_Map$__xinit_Experime   Experiment_Map
     00007A57  FGhost_Map$__xinit_Ghost_Map$0_0   Ghost_Map
     00007A6B  FGhost_Tiles$__xinit_Ghost_Tiles   Ghost_Tiles
     00007BAB  FSaucer_Tiles$__xinit_Saucer_Til   Saucer_Tiles
     00007C9B  FSaucer_Map$__xinit_Saucer_Map$0   Saucer_Map
     00007CAA  FSockHead_Map$__xinit_SockHead_M   SockHead_Map
     00007CC6  FSockHead_Tiles$__xinit_SockHead   SockHead_Tiles
     00007E16  FToby_Map$__xinit_Toby_Map$0_0$0   Toby_Map
     00007E32  FToby_Tiles$__xinit_Toby_Tiles$0   Toby_Tiles

ASxxxx Linker V03.00/V05.40 + sdld,  page 126.
Hexadecimal  [32-Bits]

Area                                    Addr        Size        Decimal Bytes (Attributes)
--------------------------------        ----        ----        ------- ----- ------------
_GSINIT                             00007FE5    0000000C =          12. bytes (REL,CON)

      Value  Global                              Global Defined In Module
      -----  --------------------------------   ------------------------
     00007FE5  gsinit                             Runtime

ASxxxx Linker V03.00/V05.40 + sdld,  page 127.
Hexadecimal  [32-Bits]

Area                                    Addr        Size        Decimal Bytes (Attributes)
--------------------------------        ----        ----        ------- ----- ------------
_GSFINAL                            00007FF1    00000001 =           1. bytes (REL,CON)

      Value  Global                              Global Defined In Module
      -----  --------------------------------   ------------------------
ASxxxx Linker V03.00/V05.40 + sdld,  page 128.
Hexadecimal  [32-Bits]

Area                                    Addr        Size        Decimal Bytes (Attributes)
--------------------------------        ----        ----        ------- ----- ------------
_DATA                               0000C0A0    00000029 =          41. bytes (REL,CON)

      Value  Global                              Global Defined In Module
      -----  --------------------------------   ------------------------
     0000C0A0  __cpu                              Runtime
     0000C0A1  __is_GBA                           Runtime
     0000C0A2  .mode                              Runtime
     0000C0A3  .sys_time                          Runtime
     0000C0A3  _sys_time                          Runtime
     0000C0A5  .int_0x40                          Runtime
     0000C0B1  G$camera_x_pixels$0_0$0            CoreGameLoop
     0000C0B1  _camera_x_pixels                   CoreGameLoop
     0000C0B3  G$camera_y_pixels$0_0$0            CoreGameLoop
     0000C0B3  _camera_y_pixels                   CoreGameLoop
     0000C0B5  G$old_camera_x_pixels$0_0$0        CoreGameLoop
     0000C0B5  _old_camera_x_pixels               CoreGameLoop
     0000C0B7  G$old_camera_y_pixels$0_0$0        CoreGameLoop
     0000C0B7  _old_camera_y_pixels               CoreGameLoop
     0000C0B9  G$map_pos_x_tiles$0_0$0            CoreGameLoop
     0000C0B9  _map_pos_x_tiles                   CoreGameLoop
     0000C0BA  G$map_pos_y_tiles$0_0$0            CoreGameLoop
     0000C0BA  _map_pos_y_tiles                   CoreGameLoop
     0000C0BB  G$old_map_pos_x_tiles$0_0$0        CoreGameLoop
     0000C0BB  _old_map_pos_x_tiles               CoreGameLoop
     0000C0BC  G$old_map_pos_y_tiles$0_0$0        CoreGameLoop
     0000C0BC  _old_map_pos_y_tiles               CoreGameLoop
     0000C0BD  G$redraw$0_0$0                     CoreGameLoop
     0000C0BD  _redraw                            CoreGameLoop
     0000C0BE  G$camera_pixel_goal_x$0_0$0        CoreGameLoop
     0000C0BE  _camera_pixel_goal_x               CoreGameLoop
     0000C0BF  G$camera_pixel_goal_y$0_0$0        CoreGameLoop
     0000C0BF  _camera_pixel_goal_y               CoreGameLoop
     0000C0C0  G$cursor$0_0$0                     Battle
     0000C0C0  _cursor                            Battle
     0000C0C4  .image_tile_width                  SetTileSubmap
     0000C0C5  ___current_metasprite              Metasprites
     0000C0C7  ___current_base_tile               Metasprites
     0000C0C8  ___current_base_prop               Metasprites

ASxxxx Linker V03.00/V05.40 + sdld,  page 129.
Hexadecimal  [32-Bits]

Area                                    Addr        Size        Decimal Bytes (Attributes)
--------------------------------        ----        ----        ------- ----- ------------
_INITIALIZED                        0000C0C9    00001B40 =        6976. bytes (REL,CON)

      Value  Global                              Global Defined In Module
      -----  --------------------------------   ------------------------
     0000C0C9  G$Home$0_0$0                       home
     0000C0C9  _Home                              home
     0000CD6B  G$timer$0_0$0                      GameTitle
     0000CD6B  _timer                             GameTitle
     0000CD6C  G$frame$0_0$0                      GameTitle
     0000CD6C  _frame                             GameTitle
     0000CD6D  G$joypadPrevious$0_0$0             common
     0000CD6D  _joypadPrevious                    common
     0000CD6E  G$joypadCurrent$0_0$0              common
     0000CD6E  _joypadCurrent                     common
     0000CD6F  G$index$0_0$0                      common
     0000CD6F  _index                             common
     0000CD70  G$mouse$0_0$0                      CoreGameLoop
     0000CD70  _mouse                             CoreGameLoop
     0000CD7C  G$wabble$0_0$0                     GameJohnDoe
     0000CD7C  _wabble                            GameJohnDoe
     0000CD7D  G$invert_b$0_0$0                   GameJohnDoe
     0000CD7D  _invert_b                          GameJohnDoe
     0000CD7E  G$scanline_offsets$0_0$0           GameJohnDoe
     0000CD7E  _scanline_offsets                  GameJohnDoe
     0000CD80  G$Bestiary_Map$0_0$0               Bestiary_Map
     0000CD80  _Bestiary_Map                      Bestiary_Map
     0000CEE8  G$invert$0_0$0                     Bestiary
     0000CEE8  _invert                            Bestiary
     0000CEE9  G$WallyTiles$0_0$0                 Wally_Tiles
     0000CEE9  _WallyTiles                        Wally_Tiles
     0000D0A9  G$Wally_Map$0_0$0                  Wally_Map
     0000D0A9  _Wally_Map                         Wally_Map
     0000D0C7  G$Tick_Map$0_0$0                   Tick_Map
     0000D0C7  _Tick_Map                          Tick_Map
     0000D0E0  G$Man_Map$0_0$0                    Man_Map
     0000D0E0  _Man_Map                           Man_Map
     0000D104  G$Battle_Map$0_0$0                 Battle_Map
     0000D104  _Battle_Map                        Battle_Map
     0000D2D0  G$Drunk_Tiles$0_0$0                Drunk_Tiles
     0000D2D0  _Drunk_Tiles                       Drunk_Tiles
     0000D460  G$Drunk_Map$0_0$0                  Drunk_Map
     0000D460  _Drunk_Map                         Drunk_Map
     0000D478  G$Experiment_Tiles$0_0$0           Experiment_Tiles
     0000D478  _Experiment_Tiles                  Experiment_Tiles
     0000D658  G$Experiment_Map$0_0$0             Experiment_Map
     0000D658  _Experiment_Map                    Experiment_Map
     0000D67B  G$Ghost_Map$0_0$0                  Ghost_Map
     0000D67B  _Ghost_Map                         Ghost_Map
     0000D68F  G$Ghost_Tiles$0_0$0                Ghost_Tiles
     0000D68F  _Ghost_Tiles                       Ghost_Tiles
     0000D7CF  G$Saucer_Tiles$0_0$0               Saucer_Tiles
     0000D7CF  _Saucer_Tiles                      Saucer_Tiles
     0000D8BF  G$Saucer_Map$0_0$0                 Saucer_Map
     0000D8BF  _Saucer_Map                        Saucer_Map
ASxxxx Linker V03.00/V05.40 + sdld,  page 130.
Hexadecimal  [32-Bits]

Area                                    Addr        Size        Decimal Bytes (Attributes)
--------------------------------        ----        ----        ------- ----- ------------
_INITIALIZED                        0000C0C9    00001B40 =        6976. bytes (REL,CON)

      Value  Global                              Global Defined In Module
      -----  --------------------------------   ------------------------
     0000D8CE  G$SockHead_Map$0_0$0               SockHead_Map
     0000D8CE  _SockHead_Map                      SockHead_Map
     0000D8EA  G$SockHead_Tiles$0_0$0             SockHead_Tiles
     0000D8EA  _SockHead_Tiles                    SockHead_Tiles
     0000DA3A  G$Toby_Map$0_0$0                   Toby_Map
     0000DA3A  _Toby_Map                          Toby_Map
     0000DA56  G$Toby_Tiles$0_0$0                 Toby_Tiles
     0000DA56  _Toby_Tiles                        Toby_Tiles
     0000DC06  __submap_tile_offset               SetTileSubmap
     0000DC07  ___render_shadow_OAM               Metasprites
     0000DC08  __map_tile_offset                  SetTileMap

ASxxxx Linker V03.00/V05.40 + sdld,  page 131.
Hexadecimal  [32-Bits]

Area                                    Addr        Size        Decimal Bytes (Attributes)
--------------------------------        ----        ----        ------- ----- ------------
_HRAM12                             00000000    00000003 =           3. bytes (ABS,CON)

      Value  Global                              Global Defined In Module
      -----  --------------------------------   ------------------------
     0000FF90  __current_bank                     Runtime
     0000FF92  __shadow_OAM_base                  Runtime

ASxxxx Linker V03.00/V05.40 + sdld,  page 132.
Hexadecimal  [32-Bits]

Area                                    Addr        Size        Decimal Bytes (Attributes)
--------------------------------        ----        ----        ------- ----- ------------
_CABS0                              00000000    00000003 =           3. bytes (ABS,CON)

      Value  Global                              Global Defined In Module
      -----  --------------------------------   ------------------------
     00000048  FGameJohnDoe$__ISR_VECTOR_STAT$0   GameJohnDoe

ASxxxx Linker V03.00/V05.40 + sdld,  page 133.

Files Linked                              [ module(s) ]

C:\gbdk\lib/gb/crt0.o                     [ Runtime ]
obj\main.o                                [ main ]
obj\cast_tiles.o                          [ cast_tiles ]
obj\indoor_tiles.o                        [ indoor_tiles ]
obj\home.o                                [ home ]
obj\player.o                              [ player ]
obj\GameTitle.o                           [ GameTitle ]
obj\Globe_Tiles.o                         [ Globe_Tiles ]
obj\Title_Map.o                           [ Title_Map ]
obj\Title_Tiles.o                         [ Title_Tiles ]
obj\common.o                              [ common ]
obj\CoreGameLoop.o                        [ CoreGameLoop ]
obj\JohnDoe_Map.o                         [ JohnDoe_Map ]
obj\JohnDoe_Tiles.o                       [ JohnDoe_Tiles ]
obj\GameJohnDoe.o                         [ GameJohnDoe ]
obj\Bestiary_Map.o                        [ Bestiary_Map ]
obj\Crow_Tiles.o                          [ Crow_Tiles ]
obj\Crow_Map.o                            [ Crow_Map ]
obj\Bestiary.o                            [ Bestiary ]
obj\Font.o                                [ Font ]
obj\Gypsy_Tiles.o                         [ Gypsy_Tiles ]
obj\Gypsy_Map.o                           [ Gypsy_Map ]
obj\Wally_Tiles.o                         [ Wally_Tiles ]
obj\Wally_Map.o                           [ Wally_Map ]
obj\Skateboard_Tiles.o                    [ Skateboard_Tiles ]
obj\Cop_Tiles.o                           [ Cop_Tiles ]
obj\Officer_Map.o                         [ Officer_Map ]
obj\Police_Map.o                          [ Police_Map ]
obj\Sheriff_Map.o                         [ Sheriff_Map ]
obj\Chief_Map.o                           [ Chief_Map ]
obj\Tick_Tiles.o                          [ Tick_Tiles ]
obj\Tick_Map.o                            [ Tick_Map ]
obj\Man_Tiles.o                           [ Man_Tiles ]
obj\Man_Map.o                             [ Man_Map ]
obj\Sis_Tiles.o                           [ Sis_Tiles ]
obj\BigSis_Map.o                          [ BigSis_Map ]
obj\MadSis_Map.o                          [ MadSis_Map ]
obj\Car_Tiles.o                           [ Car_Tiles ]
obj\Car_Map.o                             [ Car_Map ]
obj\Semi_Tiles.o                          [ Semi_Tiles ]
obj\Semi_Map.o                            [ Semi_Map ]
obj\Battle.o                              [ Battle ]
obj\Battle_Map.o                          [ Battle_Map ]
obj\Drunk_Tiles.o                         [ Drunk_Tiles ]
obj\Drunk_Map.o                           [ Drunk_Map ]
obj\Experiment_Tiles.o                    [ Experiment_Tiles ]
obj\Experiment_Map.o                      [ Experiment_Map ]
obj\Ghost_Map.o                           [ Ghost_Map ]
obj\Ghost_Tiles.o                         [ Ghost_Tiles ]
obj\Saucer_Tiles.o                        [ Saucer_Tiles ]
obj\Saucer_Map.o                          [ Saucer_Map ]
obj\SockHead_Map.o                        [ SockHead_Map ]
obj\SockHead_Tiles.o                      [ SockHead_Tiles ]
obj\Toby_Map.o                            [ Toby_Map ]
obj\Toby_Tiles.o                          [ Toby_Tiles ]


Libraries Linked                          [ object file ]

C:\gbdk\lib/gb/gb.lib                     [ sfr.o ]
C:\gbdk\lib/sm83/sm83.lib                 [ itoa.o ]
C:\gbdk\lib/gb/gb.lib                     [ set_tile.o ]
C:\gbdk\lib/gb/gb.lib                     [ get_addr.o ]
C:\gbdk\lib/gb/gb.lib                     [ set_data.o ]
C:\gbdk\lib/gb/gb.lib                     [ set_tile_submap.o ]
C:\gbdk\lib/gb/gb.lib                     [ pad.o ]
C:\gbdk\lib/gb/gb.lib                     [ metasprites.o ]
C:\gbdk\lib/gb/gb.lib                     [ metasprites_flip.o ]
C:\gbdk\lib/sm83/sm83.lib                 [ strlen.o ]
C:\gbdk\lib/sm83/sm83.lib                 [ div.o ]
C:\gbdk\lib/gb/gb.lib                     [ set_bk_t.o ]
C:\gbdk\lib/gb/gb.lib                     [ set_xy_t.o ]

ASxxxx Linker V03.00/V05.40 + sdld,  page 134.

User Base Address Definitions

_DATA=0xC0A0
_CODE=0x0200
ASxxxx Linker V03.00/V05.40 + sdld,  page 135.

User Global Definitions

_shadow_OAM=0xC000
.STACK=0xE000
.refresh_OAM=0xFF80

