ASxxxx Linker V03.00 + NoICE + sdld,  page 1.
Hexadecimal  [32-Bits]

Area                       Addr        Size        Decimal Bytes (Attributes)
--------------------       ----        ----        ------- ----- ------------
.  .ABS.               00000000    00000000 =           0. bytes (ABS,CON)

        Value  Global            Value  Global            Value  Global    
        -----  ------            -----  ------            -----  ------    
     00000000  .__.ABS.  |    00000000  _rRAMG    |    00000000  l__BASE  
     00000000  l__BSS    |    00000000  l__CABS   |    00000000  l__CODE_0
     00000000  l__DABS   |    00000000  l__HEADER |    00000000  l__HEAP  
     00000000  l__HEAP_E |    00000000  l__HRAM   |    00000000  l__LIT   
     00000000  s__CABS   |    00000000  s__DABS   |    00000000  s__HEADER
     00000000  s__HEADER |    00000000  s__HEADER |    00000000  s__HEADER
     00000000  s__HEADER |    00000000  s__HEADER |    00000000  s__HEADER
     00000000  s__HEADER |    00000000  s__HEADER |    00000000  s__HEADER
     00000000  s__HEADER |    00000000  s__HEADER |    00000000  s__HEADER
     00000000  s__HEADER |    00000000  s__HEADER |    00000000  s__HEADER
     00000000  s__HEADER |    00000000  s__HEADER |    00000000  s__HEADER
     00000000  s__HRAM   |    00000000  s__HRAM12 |    00000001  l__GSFINA
     00000001  l__HEADER |    00000001  l__HEADER |    00000001  l__HEADER
     00000001  l__HEADER |    00000001  l__HEADER |    00000001  l__HEADER
     00000001  l__HEADER |    00000002  l__HEADER |    00000002  l__HEADER
     00000002  l__HEADER |    00000003  l__HEADER |    00000003  l__HRAM12
     00000005  l__HEADER |    00000006  l__HEADER |    00000007  l__HEADER
     00000008  l__HEADER |    0000000C  l__GSINIT |    00000024  l__DATA  
     00000030  l__HEADER |    0000004C  l__HEADER |    00000084  l__HEADER
     00000200  s__CODE   |    000002D6  l__HOME   |    00001E9E  l__INITIA
     00001E9E  l__INITIA |    00002000  _rROMB0   |    00002B41  l__CODE  
     00002D41  s__HOME   |    00003000  _rROMB1   |    00003017  s__BASE  
     00003017  s__CODE_0 |    00003017  s__INITIA |    00003017  s__LIT   
     00004000  _rRAMB    |    00004EB5  s__GSINIT |    00004EC1  s__GSFINA
     00008000  __VRAM    |    00008000  __VRAM800 |    00008800  __VRAM880
     00009000  __VRAM900 |    00009800  __SCRN0   |    00009C00  __SCRN1  
     0000A000  __SRAM    |    0000C000  __RAM     |    0000C000  _shadow_O
     0000C0A0  s__DATA   |    0000C0C4  s__BSS    |    0000C0C4  s__INITIA
     0000D000  __RAMBANK |    0000DF62  s__HEAP   |    0000DF62  s__HEAP_E
     0000E000  .STACK    |    0000FE00  __OAMRAM  |    0000FF00  _P1_REG  
     0000FF00  __IO      |    0000FF01  _SB_REG   |    0000FF02  _SC_REG  
     0000FF04  _DIV_REG  |    0000FF05  _TIMA_REG |    0000FF06  _TMA_REG 
     0000FF07  _TAC_REG  |    0000FF0F  _IF_REG   |    0000FF10  _NR10_REG
     0000FF11  _NR11_REG |    0000FF12  _NR12_REG |    0000FF13  _NR13_REG
     0000FF14  _NR14_REG |    0000FF16  _NR21_REG |    0000FF17  _NR22_REG
     0000FF18  _NR23_REG |    0000FF19  _NR24_REG |    0000FF1A  _NR30_REG
     0000FF1B  _NR31_REG |    0000FF1C  _NR32_REG |    0000FF1D  _NR33_REG
     0000FF1E  _NR34_REG |    0000FF20  _NR41_REG |    0000FF21  _NR42_REG
     0000FF22  _NR43_REG |    0000FF23  _NR44_REG |    0000FF24  _NR50_REG
     0000FF25  _NR51_REG |    0000FF26  _NR52_REG |    0000FF30  _AUD3WAVE
     0000FF30  _PCM_SAMP |    0000FF30  __AUD3WAV |    0000FF40  _LCDC_REG
     0000FF41  _STAT_REG |    0000FF42  _SCY_REG  |    0000FF43  _SCX_REG 
     0000FF44  _LY_REG   |    0000FF45  _LYC_REG  |    0000FF46  _DMA_REG 
     0000FF47  _BGP_REG  |    0000FF48  _OBP0_REG |    0000FF49  _OBP1_REG
     0000FF4A  _WY_REG   |    0000FF4B  _WX_REG   |    0000FF4D  _KEY1_REG
     0000FF4F  _VBK_REG  |    0000FF51  _HDMA1_RE |    0000FF52  _HDMA2_RE
     0000FF53  _HDMA3_RE |    0000FF54  _HDMA4_RE |    0000FF55  _HDMA5_RE
     0000FF56  _RP_REG   |    0000FF68  _BCPS_REG |    0000FF69  _BCPD_REG
     0000FF6A  _OCPS_REG |    0000FF6B  _OCPD_REG |    0000FF70  _SVBK_REG
     0000FF76  _PCM12_RE |    0000FF77  _PCM34_RE |    0000FF80  .refresh_
ASxxxx Linker V03.00 + NoICE + sdld,  page 2.
Hexadecimal  [32-Bits]

Area                       Addr        Size        Decimal Bytes (Attributes)
--------------------       ----        ----        ------- ----- ------------
.  .ABS.               00000000    00000000 =           0. bytes (ABS,CON)

        Value  Global            Value  Global            Value  Global    
        -----  ------            -----  ------            -----  ------    
     0000FF80  __HRAM    |    0000FFFF  _IE_REG  
ASxxxx Linker V03.00 + NoICE + sdld,  page 3.
Hexadecimal  [32-Bits]

Area                       Addr        Size        Decimal Bytes (Attributes)
--------------------       ----        ----        ------- ----- ------------
_CODE                  00000200    00002B41 =       11073. bytes (REL,CON)

        Value  Global            Value  Global            Value  Global    
        -----  ------            -----  ------            -----  ------    
     00000200  A$main$66 |    00000200  C$main.c$ |    00000200  C$main.c$
     00000200  C$main.c$ |    00000200  G$main$0$ |    00000200  _main    
     00000203  A$main$74 |    00000203  C$main.c$ |    00000203  C$main.c$
     00000204  A$main$75 |    00000205  A$main$76 |    00000207  A$main$80
     00000207  C$main.c$ |    00000208  A$main$84 |    00000208  C$main.c$
     00000209  A$main$85 |    0000020A  A$main$86 |    0000020C  A$main$87
     0000020D  A$main$88 |    00000210  A$main$89 |    00000211  A$main$90
     00000213  A$main$95 |    00000213  C$main.c$ |    00000214  A$main$96
     00000216  A$main$97 |    00000218  A$main$98 |    00000219  A$main$99
     0000021C  A$main$10 |    0000021D  A$main$10 |    0000021F  A$main$10
     0000021F  C$main.c$ |    00000220  A$main$10 |    00000222  A$main$10
     00000224  A$main$10 |    00000225  A$main$11 |    00000228  A$main$11
     00000229  A$main$11 |    0000022B  A$main$11 |    0000022B  C$main.c$
     0000022C  A$main$11 |    0000022E  A$main$11 |    00000230  A$main$12
     00000231  A$main$12 |    00000234  A$main$12 |    00000235  A$main$12
     00000235  C$main.c$ |    00000236  A$main$12 |    00000237  A$main$12
     00000239  A$main$13 |    0000023A  A$main$13 |    0000023D  A$main$13
     0000023E  A$main$13 |    0000023F  A$main$13 |    00000241  A$main$13
     00000241  C$main.c$ |    00000242  A$main$14 |    00000244  A$main$14
     00000246  A$main$14 |    00000247  A$main$14 |    0000024A  A$main$14
     0000024B  A$main$14 |    0000024C  A$main$14 |    0000024E  A$main$15
     0000024E  C$main.c$ |    0000024F  A$main$15 |    00000251  A$main$15
     00000253  A$main$15 |    00000254  A$main$15 |    00000257  A$main$15
     00000258  A$main$15 |    00000259  A$main$15 |    0000025B  A$main$16
     0000025B  C$main.c$ |    0000025C  A$main$16 |    0000025E  A$main$16
     00000260  A$main$16 |    00000261  A$main$16 |    00000264  A$main$16
     00000265  A$main$16 |    00000266  A$main$17 |    00000266  C$main.c$
     00000266  XG$main$0 |    00000268  G$Cast_Ti |    00000268  _Cast_Til
     00000A68  G$IndoorT |    00000A68  _IndoorTi |    00001268  A$home$57
     00001268  C$home.c$ |    00001268  G$returnC |    00001268  _returnCo
     00001269  A$home$61 |    00001269  C$home.c$ |    0000126B  A$home$62
     0000126C  A$home$63 |    0000126D  A$home$64 |    0000126E  A$home$65
     0000126F  A$home$66 |    00001270  A$home$67 |    00001271  A$home$68
     00001272  A$home$69 |    00001273  A$home$70 |    00001276  A$home$71
     00001277  A$home$72 |    00001278  A$home$73 |    0000127A  A$home$74
     0000127B  A$home$75 |    0000127C  A$home$83 |    0000127C  C$home.c$
     0000127C  XG$return |    0000127D  G$HOME_CO |    0000127D  _HOME_COL
     000014F3  A$player$ |    000014F3  C$player. |    000014F3  G$PlayerU
     000014F3  _PlayerUp |    000014F4  A$player$ |    000014F5  A$player$
     000014F5  C$player. |    000014F8  A$player$ |    000014F9  A$player$
     000014FA  A$player$ |    000014FB  A$player$ |    000014FC  A$player$
     000014FC  C$player. |    000014FF  A$player$ |    00001502  A$player$
     00001502  C$player. |    00001505  A$player$ |    00001508  A$player$
     00001509  A$player$ |    00001509  C$player. |    0000150A  A$player$
     0000150A  C$player. |    0000150D  A$player$ |    0000150E  A$player$
     0000150E  C$player. |    00001510  A$player$ |    00001512  A$player$
     00001512  C$player. |    00001514  A$player$ |    00001515  A$player$
     00001515  C$player. |    00001517  A$player$ |    00001519  A$player$
     00001519  C$player. |    0000151B  A$player$ |    0000151C  A$player$
     0000151C  C$player. |    0000151E  A$player$ |    00001520  A$player$
ASxxxx Linker V03.00 + NoICE + sdld,  page 4.
Hexadecimal  [32-Bits]

Area                       Addr        Size        Decimal Bytes (Attributes)
--------------------       ----        ----        ------- ----- ------------
_CODE                  00000200    00002B41 =       11073. bytes (REL,CON)

        Value  Global            Value  Global            Value  Global    
        -----  ------            -----  ------            -----  ------    
     00001520  C$player. |    00001522  A$player$ |    00001523  A$player$
     00001523  C$player. |    00001525  A$player$ |    00001526  A$player$
     00001526  C$player. |    00001528  A$player$ |    00001528  C$player.
     00001528  C$player. |    00001528  XG$Player |    00001529  A$player$
     00001529  C$player. |    00001529  G$DrawPla |    00001529  _DrawPlay
     0000152B  A$player$ |    0000152E  A$player$ |    0000152F  A$player$
     00001530  A$player$ |    00001532  A$player$ |    00001533  A$player$
     00001533  C$player. |    00001534  A$player$ |    00001535  A$player$
     00001536  A$player$ |    00001537  A$player$ |    00001538  A$player$
     0000153A  A$player$ |    0000153B  A$player$ |    0000153C  A$player$
     0000153C  C$player. |    0000153D  A$player$ |    0000153E  A$player$
     0000153F  A$player$ |    00001541  A$player$ |    00001543  A$player$
     00001544  A$player$ |    00001545  A$player$ |    00001547  A$player$
     00001549  A$player$ |    0000154A  A$player$ |    0000154C  A$player$
     0000154E  A$player$ |    00001550  A$player$ |    00001551  A$player$
     00001553  A$player$ |    00001555  A$player$ |    00001558  A$player$
     00001558  C$player. |    0000155A  A$player$ |    0000155B  A$player$
     0000155C  A$player$ |    0000155D  A$player$ |    00001560  A$player$
     00001561  A$player$ |    00001562  A$player$ |    00001563  A$player$
     00001566  A$player$ |    00001567  A$player$ |    00001568  A$player$
     00001569  A$player$ |    0000156C  A$player$ |    0000156E  A$player$
     0000156F  A$player$ |    00001570  A$player$ |    00001571  A$player$
     00001573  A$player$ |    00001574  A$player$ |    00001577  A$player$
     00001579  A$player$ |    00001579  C$player. |    0000157C  A$player$
     0000157C  C$player. |    0000157F  A$player$ |    00001580  A$player$
     00001581  A$player$ |    00001582  A$player$ |    00001585  A$player$
     00001586  A$player$ |    00001587  A$player$ |    00001588  A$player$
     0000158B  A$player$ |    0000158D  A$player$ |    0000158F  A$player$
     00001590  A$player$ |    00001591  A$player$ |    00001592  A$player$
     00001593  A$player$ |    00001595  A$player$ |    00001596  A$player$
     00001599  A$player$ |    0000159B  A$player$ |    0000159B  C$player.
     0000159D  A$player$ |    0000159D  C$player. |    0000159F  A$player$
     000015A0  A$player$ |    000015A1  A$player$ |    000015A2  A$player$
     000015A5  A$player$ |    000015A6  A$player$ |    000015A7  A$player$
     000015A8  A$player$ |    000015AB  A$player$ |    000015AC  A$player$
     000015AD  A$player$ |    000015AE  A$player$ |    000015B1  A$player$
     000015B3  A$player$ |    000015B4  A$player$ |    000015B5  A$player$
     000015B6  A$player$ |    000015B8  A$player$ |    000015B9  A$player$
     000015BC  A$player$ |    000015BE  A$player$ |    000015BE  C$player.
     000015C0  A$player$ |    000015C0  C$player. |    000015C2  A$player$
     000015C3  A$player$ |    000015C4  A$player$ |    000015C5  A$player$
     000015C8  A$player$ |    000015C9  A$player$ |    000015CA  A$player$
     000015CB  A$player$ |    000015CE  A$player$ |    000015CF  A$player$
     000015D0  A$player$ |    000015D1  A$player$ |    000015D4  A$player$
     000015D6  A$player$ |    000015D7  A$player$ |    000015D9  A$player$
     000015DA  A$player$ |    000015DB  A$player$ |    000015DC  A$player$
     000015DE  A$player$ |    000015DF  A$player$ |    000015E2  A$player$
     000015E4  A$player$ |    000015E4  C$player. |    000015E6  A$player$
     000015E6  C$player. |    000015E8  A$player$ |    000015E9  A$player$
     000015EA  A$player$ |    000015EB  A$player$ |    000015EE  A$player$
     000015EF  A$player$ |    000015F0  A$player$ |    000015F1  A$player$
ASxxxx Linker V03.00 + NoICE + sdld,  page 5.
Hexadecimal  [32-Bits]

Area                       Addr        Size        Decimal Bytes (Attributes)
--------------------       ----        ----        ------- ----- ------------
_CODE                  00000200    00002B41 =       11073. bytes (REL,CON)

        Value  Global            Value  Global            Value  Global    
        -----  ------            -----  ------            -----  ------    
     000015F4  A$player$ |    000015F5  A$player$ |    000015F6  A$player$
     000015F7  A$player$ |    000015FA  A$player$ |    000015FC  A$player$
     000015FD  A$player$ |    000015FF  A$player$ |    00001600  A$player$
     00001601  A$player$ |    00001602  A$player$ |    00001604  A$player$
     00001605  A$player$ |    00001608  A$player$ |    0000160A  A$player$
     0000160A  C$player. |    0000160C  A$player$ |    0000160C  C$player.
     0000160C  XG$DrawPl |    0000160D  G$mouse_d |    0000160D  _mouse_do
     00001619  G$mouse_u |    00001619  _mouse_up |    00001625  G$mouse_r
     00001625  _mouse_ri |    00001631  G$mouse_r |    00001631  _mouse_ri
     0000163D  G$mouse_m |    0000163D  _mouse_me |    00001645  A$GameTit
     00001645  C$GameTit |    00001645  C$GameTit |    00001645  G$GameTit
     00001645  _GameTitl |    00001647  A$GameTit |    00001649  A$GameTit
     00001649  C$GameTit |    0000164B  A$GameTit |    0000164D  A$GameTit
     0000164D  C$GameTit |    0000164F  A$GameTit |    00001651  A$GameTit
     00001653  A$GameTit |    00001653  C$GameTit |    00001656  A$GameTit
     00001657  A$GameTit |    0000165A  A$GameTit |    0000165B  A$GameTit
     0000165E  A$GameTit |    00001660  A$GameTit |    00001660  C$GameTit
     00001663  A$GameTit |    00001664  A$GameTit |    00001667  A$GameTit
     00001668  A$GameTit |    00001669  A$GameTit |    0000166A  A$GameTit
     0000166B  A$GameTit |    0000166E  A$GameTit |    00001670  A$GameTit
     00001670  C$GameTit |    00001673  A$GameTit |    00001674  A$GameTit
     00001677  A$GameTit |    00001678  A$GameTit |    0000167B  A$GameTit
     0000167D  A$GameTit |    00001680  A$GameTit |    00001681  A$GameTit
     00001682  A$GameTit |    00001683  A$GameTit |    00001686  A$GameTit
     00001687  A$GameTit |    00001688  A$GameTit |    00001689  A$GameTit
     0000168C  A$GameTit |    0000168E  A$GameTit |    00001691  A$GameTit
     00001692  A$GameTit |    00001693  A$GameTit |    00001694  A$GameTit
     00001695  A$GameTit |    00001698  A$GameTit |    0000169A  A$GameTit
     0000169A  C$GameTit |    0000169C  A$GameTit |    0000169E  A$GameTit
     000016A0  A$GameTit |    000016A0  C$GameTit |    000016A2  A$GameTit
     000016A4  A$GameTit |    000016A6  A$GameTit |    000016A6  C$GameTit
     000016A8  A$GameTit |    000016A8  C$GameTit |    000016A8  XG$GameTi
     000016AB  G$globe1$ |    000016AB  _globe1   |    000016CF  G$globe2$
     000016CF  _globe2   |    000016F3  G$globe3$ |    000016F3  _globe3  
     00001717  G$globe4$ |    00001717  _globe4   |    0000173B  G$globe5$
     0000173B  _globe5   |    0000175F  G$globe6$ |    0000175F  _globe6  
     00001783  G$globe7$ |    00001783  _globe7   |    000017A7  G$globe_m
     000017A7  _globe_me |    000017B5  A$GameTit |    000017B5  C$GameTit
     000017B5  G$GameTit |    000017B5  _GameTitl |    000017B8  A$GameTit
     000017BB  A$GameTit |    000017BB  C$GameTit |    000017BE  A$GameTit
     000017C1  A$GameTit |    000017C1  C$GameTit |    000017C4  A$GameTit
     000017C5  A$GameTit |    000017C5  C$GameTit |    000017C6  A$GameTit
     000017C8  A$GameTit |    000017CA  A$GameTit |    000017CA  C$GameTit
     000017CD  A$GameTit |    000017CE  A$GameTit |    000017CE  C$GameTit
     000017D1  A$GameTit |    000017D3  A$GameTit |    000017D3  C$GameTit
     000017D6  A$GameTit |    000017D7  A$GameTit |    000017D9  A$GameTit
     000017DB  A$GameTit |    000017DD  A$GameTit |    000017E0  A$GameTit
     000017E3  A$GameTit |    000017E4  A$GameTit |    000017E6  A$GameTit
     000017E7  A$GameTit |    000017E8  A$GameTit |    000017E9  A$GameTit
     000017EA  A$GameTit |    000017EB  A$GameTit |    000017EC  A$GameTit
     000017EF  A$GameTit |    000017F0  A$GameTit |    000017F1  A$GameTit
ASxxxx Linker V03.00 + NoICE + sdld,  page 6.
Hexadecimal  [32-Bits]

Area                       Addr        Size        Decimal Bytes (Attributes)
--------------------       ----        ----        ------- ----- ------------
_CODE                  00000200    00002B41 =       11073. bytes (REL,CON)

        Value  Global            Value  Global            Value  Global    
        -----  ------            -----  ------            -----  ------    
     000017F2  A$GameTit |    000017F5  A$GameTit |    000017F7  A$GameTit
     000017F8  A$GameTit |    000017FB  A$GameTit |    000017FC  A$GameTit
     000017FD  A$GameTit |    000017FE  A$GameTit |    000017FF  A$GameTit
     00001802  A$GameTit |    00001804  A$GameTit |    00001805  A$GameTit
     00001805  C$GameTit |    00001808  A$GameTit |    00001809  A$GameTit
     00001809  C$GameTit |    0000180B  A$GameTit |    0000180D  A$GameTit
     0000180D  C$GameTit |    0000180E  A$GameTit |    00001810  A$GameTit
     00001813  A$GameTit |    00001814  A$GameTit |    00001817  A$GameTit
     00001818  A$GameTit |    0000181A  A$GameTit |    0000181B  A$GameTit
     0000181C  A$GameTit |    0000181D  A$GameTit |    0000181E  A$GameTit
     00001821  A$GameTit |    00001822  A$GameTit |    00001823  A$GameTit
     00001826  A$GameTit |    00001828  A$GameTit |    0000182B  A$GameTit
     0000182C  A$GameTit |    0000182D  A$GameTit |    0000182E  A$GameTit
     0000182F  A$GameTit |    00001832  A$GameTit |    00001834  A$GameTit
     00001834  C$GameTit |    00001836  A$GameTit |    00001837  A$GameTit
     00001837  C$GameTit |    00001839  A$GameTit |    0000183B  A$GameTit
     0000183B  C$GameTit |    0000183C  A$GameTit |    0000183E  A$GameTit
     00001841  A$GameTit |    00001842  A$GameTit |    00001845  A$GameTit
     00001846  A$GameTit |    00001848  A$GameTit |    00001849  A$GameTit
     0000184A  A$GameTit |    0000184B  A$GameTit |    0000184C  A$GameTit
     0000184F  A$GameTit |    00001850  A$GameTit |    00001851  A$GameTit
     00001854  A$GameTit |    00001856  A$GameTit |    00001859  A$GameTit
     0000185A  A$GameTit |    0000185B  A$GameTit |    0000185C  A$GameTit
     0000185D  A$GameTit |    00001860  A$GameTit |    00001862  A$GameTit
     00001862  C$GameTit |    00001864  A$GameTit |    00001865  A$GameTit
     00001865  C$GameTit |    00001867  A$GameTit |    00001869  A$GameTit
     00001869  C$GameTit |    0000186A  A$GameTit |    0000186C  A$GameTit
     0000186F  A$GameTit |    00001870  A$GameTit |    00001873  A$GameTit
     00001874  A$GameTit |    00001876  A$GameTit |    00001877  A$GameTit
     00001878  A$GameTit |    00001879  A$GameTit |    0000187A  A$GameTit
     0000187D  A$GameTit |    0000187E  A$GameTit |    0000187F  A$GameTit
     00001882  A$GameTit |    00001884  A$GameTit |    00001887  A$GameTit
     00001888  A$GameTit |    00001889  A$GameTit |    0000188A  A$GameTit
     0000188B  A$GameTit |    0000188E  A$GameTit |    00001890  A$GameTit
     00001890  C$GameTit |    00001892  A$GameTit |    00001893  A$GameTit
     00001893  C$GameTit |    00001895  A$GameTit |    00001895  C$GameTit
     00001895  XG$GameTi |    00001896  G$Globe_T |    00001896  _Globe_Ti
     00001F96  G$Title_M |    00001F96  _Title_Ma |    000020FE  G$TitleLa
     000020FE  _TitleLab |    0000241E  A$common$ |    0000241E  C$common.
     0000241E  G$perform |    0000241E  _performa |    0000241F  A$common$
     00002421  A$common$ |    00002422  A$common$ |    00002423  A$common$
     00002424  A$common$ |    00002424  C$common. |    00002427  A$common$
     00002427  C$common. |    00002428  A$common$ |    00002428  C$common.
     00002428  XG$perfor |    0000242A  A$common$ |    0000242A  C$common.
     0000242A  G$DrawNum |    0000242A  _DrawNumb |    0000242C  A$common$
     0000242E  A$common$ |    0000242F  A$common$ |    00002430  A$common$
     00002430  C$common. |    00002432  A$common$ |    00002434  A$common$
     00002435  A$common$ |    00002436  A$common$ |    00002438  A$common$
     00002439  A$common$ |    0000243A  A$common$ |    0000243C  A$common$
     0000243D  A$common$ |    0000243E  A$common$ |    00002440  A$common$
     00002441  A$common$ |    00002443  A$common$ |    00002443  C$common.
ASxxxx Linker V03.00 + NoICE + sdld,  page 7.
Hexadecimal  [32-Bits]

Area                       Addr        Size        Decimal Bytes (Attributes)
--------------------       ----        ----        ------- ----- ------------
_CODE                  00000200    00002B41 =       11073. bytes (REL,CON)

        Value  Global            Value  Global            Value  Global    
        -----  ------            -----  ------            -----  ------    
     00002445  A$common$ |    00002446  A$common$ |    00002448  A$common$
     00002449  A$common$ |    0000244B  A$common$ |    0000244C  A$common$
     0000244E  A$common$ |    0000244F  A$common$ |    00002451  A$common$
     00002452  A$common$ |    00002453  A$common$ |    00002456  A$common$
     00002457  A$common$ |    00002458  A$common$ |    0000245A  A$common$
     0000245B  A$common$ |    0000245C  A$common$ |    0000245D  A$common$
     0000245E  A$common$ |    00002461  A$common$ |    00002463  A$common$
     00002463  C$common. |    00002465  A$common$ |    00002466  A$common$
     00002467  A$common$ |    00002468  A$common$ |    00002469  A$common$
     0000246C  A$common$ |    0000246D  A$common$ |    0000246F  A$common$
     00002470  A$common$ |    00002471  A$common$ |    00002472  A$common$
     00002474  A$common$ |    00002475  A$common$ |    00002477  A$common$
     00002478  A$common$ |    0000247A  A$common$ |    0000247B  A$common$
     0000247D  A$common$ |    0000247E  A$common$ |    0000247E  C$common.
     00002481  A$common$ |    00002482  A$common$ |    00002483  A$common$
     00002486  A$common$ |    00002487  A$common$ |    00002489  A$common$
     0000248A  A$common$ |    0000248B  A$common$ |    0000248C  A$common$
     0000248E  A$common$ |    0000248F  A$common$ |    00002491  A$common$
     00002492  A$common$ |    00002492  C$common. |    00002494  A$common$
     00002495  A$common$ |    00002497  A$common$ |    00002498  A$common$
     0000249A  A$common$ |    0000249B  A$common$ |    0000249D  A$common$
     0000249E  A$common$ |    000024A0  A$common$ |    000024A2  A$common$
     000024A3  A$common$ |    000024A5  A$common$ |    000024A6  A$common$
     000024A7  A$common$ |    000024A8  A$common$ |    000024A9  A$common$
     000024AA  A$common$ |    000024AC  A$common$ |    000024AD  A$common$
     000024AE  A$common$ |    000024AF  A$common$ |    000024B0  A$common$
     000024B1  A$common$ |    000024B2  A$common$ |    000024B3  A$common$
     000024B4  A$common$ |    000024B5  A$common$ |    000024B6  A$common$
     000024B7  A$common$ |    000024B8  A$common$ |    000024B9  A$common$
     000024BA  A$common$ |    000024BB  A$common$ |    000024BC  A$common$
     000024BD  A$common$ |    000024BF  A$common$ |    000024C0  A$common$
     000024C1  A$common$ |    000024C3  A$common$ |    000024C4  A$common$
     000024C6  A$common$ |    000024C8  A$common$ |    000024C9  A$common$
     000024CA  A$common$ |    000024CB  A$common$ |    000024CC  A$common$
     000024CD  A$common$ |    000024CE  A$common$ |    000024CF  A$common$
     000024D1  A$common$ |    000024D3  A$common$ |    000024D5  A$common$
     000024D7  A$common$ |    000024D8  A$common$ |    000024DA  A$common$
     000024DC  A$common$ |    000024DE  A$common$ |    000024DF  A$common$
     000024E1  A$common$ |    000024E1  C$common. |    000024E3  A$common$
     000024E4  A$common$ |    000024E6  A$common$ |    000024E7  A$common$
     000024E9  A$common$ |    000024EA  A$common$ |    000024EC  A$common$
     000024ED  A$common$ |    000024EF  A$common$ |    000024F0  A$common$
     000024F2  A$common$ |    000024F3  A$common$ |    000024F4  A$common$
     000024F6  A$common$ |    000024F7  A$common$ |    000024F8  A$common$
     000024FA  A$common$ |    000024FB  A$common$ |    000024FC  A$common$
     000024FD  A$common$ |    000024FE  A$common$ |    00002501  A$common$
     00002503  A$common$ |    00002503  C$common. |    00002505  A$common$
     00002506  A$common$ |    00002508  A$common$ |    00002508  C$common.
     0000250A  A$common$ |    0000250B  A$common$ |    0000250C  A$common$
     0000250D  A$common$ |    0000250F  A$common$ |    00002510  A$common$
     00002512  A$common$ |    00002513  A$common$ |    00002515  A$common$
ASxxxx Linker V03.00 + NoICE + sdld,  page 8.
Hexadecimal  [32-Bits]

Area                       Addr        Size        Decimal Bytes (Attributes)
--------------------       ----        ----        ------- ----- ------------
_CODE                  00000200    00002B41 =       11073. bytes (REL,CON)

        Value  Global            Value  Global            Value  Global    
        -----  ------            -----  ------            -----  ------    
     00002515  C$common. |    00002516  A$common$ |    00002518  A$common$
     0000251B  A$common$ |    0000251C  A$common$ |    0000251D  A$common$
     0000251E  A$common$ |    0000251F  A$common$ |    00002521  A$common$
     00002522  A$common$ |    00002523  A$common$ |    00002524  A$common$
     00002525  A$common$ |    00002526  A$common$ |    00002527  A$common$
     00002528  A$common$ |    0000252B  A$common$ |    0000252D  A$common$
     0000252E  A$common$ |    0000252E  C$common. |    0000252F  A$common$
     00002531  A$common$ |    00002531  C$common. |    00002533  A$common$
     00002534  A$common$ |    00002536  A$common$ |    00002537  A$common$
     00002537  C$common. |    00002537  G$fadeToB |    00002537  _fadeToBl
     00002538  A$common$ |    0000253A  A$common$ |    0000253B  A$common$
     0000253D  A$common$ |    0000253E  A$common$ |    0000253E  C$common.
     0000253F  A$common$ |    00002540  A$common$ |    00002542  A$common$
     00002543  A$common$ |    00002544  A$common$ |    00002546  A$common$
     00002547  A$common$ |    00002549  A$common$ |    0000254B  A$common$
     0000254D  A$common$ |    0000254F  A$common$ |    00002551  A$common$
     00002551  C$common. |    00002551  C$common. |    00002553  A$common$
     00002555  A$common$ |    00002555  C$common. |    00002557  A$common$
     00002559  A$common$ |    00002559  C$common. |    0000255B  A$common$
     0000255B  C$common. |    0000255B  C$common. |    0000255D  A$common$
     0000255F  A$common$ |    0000255F  C$common. |    00002561  A$common$
     00002563  A$common$ |    00002563  C$common. |    00002565  A$common$
     00002565  C$common. |    00002565  C$common. |    00002567  A$common$
     00002569  A$common$ |    00002569  C$common. |    0000256B  A$common$
     0000256D  A$common$ |    0000256D  C$common. |    0000256F  A$common$
     0000256F  C$common. |    0000256F  C$common. |    00002571  A$common$
     00002573  A$common$ |    00002573  C$common. |    00002575  A$common$
     00002577  A$common$ |    00002577  C$common. |    00002577  C$common.
     00002578  A$common$ |    00002579  A$common$ |    0000257C  A$common$
     0000257D  A$common$ |    0000257D  C$common. |    0000257E  A$common$
     0000257E  C$common. |    0000257E  XG$fadeTo |    00002580  A$common$
     00002580  C$common. |    00002580  G$fadeFro |    00002580  _fadeFrom
     00002581  A$common$ |    00002583  A$common$ |    00002584  A$common$
     00002586  A$common$ |    00002587  A$common$ |    00002587  C$common.
     00002588  A$common$ |    00002589  A$common$ |    0000258B  A$common$
     0000258C  A$common$ |    0000258D  A$common$ |    0000258F  A$common$
     00002590  A$common$ |    00002592  A$common$ |    00002594  A$common$
     00002596  A$common$ |    00002598  A$common$ |    0000259A  A$common$
     0000259A  C$common. |    0000259A  C$common. |    0000259C  A$common$
     0000259E  A$common$ |    0000259E  C$common. |    000025A0  A$common$
     000025A2  A$common$ |    000025A2  C$common. |    000025A4  A$common$
     000025A4  C$common. |    000025A4  C$common. |    000025A6  A$common$
     000025A8  A$common$ |    000025A8  C$common. |    000025AA  A$common$
     000025AC  A$common$ |    000025AC  C$common. |    000025AE  A$common$
     000025AE  C$common. |    000025AE  C$common. |    000025B0  A$common$
     000025B2  A$common$ |    000025B2  C$common. |    000025B4  A$common$
     000025B6  A$common$ |    000025B6  C$common. |    000025B8  A$common$
     000025B8  C$common. |    000025B8  C$common. |    000025BA  A$common$
     000025BC  A$common$ |    000025BC  C$common. |    000025BE  A$common$
     000025C0  A$common$ |    000025C0  C$common. |    000025C0  C$common.
     000025C1  A$common$ |    000025C2  A$common$ |    000025C5  A$common$
ASxxxx Linker V03.00 + NoICE + sdld,  page 9.
Hexadecimal  [32-Bits]

Area                       Addr        Size        Decimal Bytes (Attributes)
--------------------       ----        ----        ------- ----- ------------
_CODE                  00000200    00002B41 =       11073. bytes (REL,CON)

        Value  Global            Value  Global            Value  Global    
        -----  ------            -----  ------            -----  ------    
     000025C6  A$common$ |    000025C6  C$common. |    000025C7  A$common$
     000025C7  C$common. |    000025C7  XG$fadeFr |    000025C9  A$common$
     000025C9  C$common. |    000025C9  G$fadeToW |    000025C9  _fadeToWh
     000025CA  A$common$ |    000025CC  A$common$ |    000025CD  A$common$
     000025CF  A$common$ |    000025D0  A$common$ |    000025D0  C$common.
     000025D2  A$common$ |    000025D3  A$common$ |    000025D5  A$common$
     000025D6  A$common$ |    000025D8  A$common$ |    000025DB  A$common$
     000025DC  A$common$ |    000025DD  A$common$ |    000025DD  C$common.
     000025DE  A$common$ |    000025E0  A$common$ |    000025E2  A$common$
     000025E4  A$common$ |    000025E6  A$common$ |    000025E8  A$common$
     000025E8  C$common. |    000025EA  A$common$ |    000025EC  A$common$
     000025EC  C$common. |    000025EE  A$common$ |    000025F0  A$common$
     000025F0  C$common. |    000025F2  A$common$ |    000025F2  C$common.
     000025F2  C$common. |    000025F4  A$common$ |    000025F6  A$common$
     000025F6  C$common. |    000025F8  A$common$ |    000025FA  A$common$
     000025FA  C$common. |    000025FC  A$common$ |    000025FC  C$common.
     000025FC  C$common. |    000025FE  A$common$ |    00002600  A$common$
     00002600  C$common. |    00002602  A$common$ |    00002604  A$common$
     00002604  C$common. |    00002606  A$common$ |    00002606  C$common.
     00002606  C$common. |    00002608  A$common$ |    0000260A  A$common$
     0000260A  C$common. |    0000260C  A$common$ |    0000260E  A$common$
     0000260E  C$common. |    00002610  A$common$ |    00002610  C$common.
     00002610  C$common. |    00002611  A$common$ |    00002613  A$common$
     00002613  C$common. |    00002614  A$common$ |    00002616  A$common$
     00002616  C$common. |    00002616  C$common. |    00002617  A$common$
     00002618  A$common$ |    0000261B  A$common$ |    0000261C  A$common$
     0000261C  C$common. |    0000261D  A$common$ |    0000261D  C$common.
     0000261D  XG$fadeTo |    0000261F  A$common$ |    0000261F  C$common.
     0000261F  G$fadeFro |    0000261F  _fadeFrom |    00002620  A$common$
     00002622  A$common$ |    00002623  A$common$ |    00002625  A$common$
     00002626  A$common$ |    00002626  C$common. |    00002627  A$common$
     00002628  A$common$ |    0000262A  A$common$ |    0000262B  A$common$
     0000262C  A$common$ |    0000262E  A$common$ |    0000262F  A$common$
     00002631  A$common$ |    00002633  A$common$ |    00002635  A$common$
     00002637  A$common$ |    00002639  A$common$ |    00002639  C$common.
     00002639  C$common. |    0000263B  A$common$ |    0000263D  A$common$
     0000263D  C$common. |    0000263F  A$common$ |    00002641  A$common$
     00002641  C$common. |    00002643  A$common$ |    00002643  C$common.
     00002643  C$common. |    00002645  A$common$ |    00002647  A$common$
     00002647  C$common. |    00002649  A$common$ |    0000264B  A$common$
     0000264B  C$common. |    0000264D  A$common$ |    0000264D  C$common.
     0000264D  C$common. |    0000264F  A$common$ |    00002651  A$common$
     00002651  C$common. |    00002653  A$common$ |    00002655  A$common$
     00002655  C$common. |    00002657  A$common$ |    00002657  C$common.
     00002657  C$common. |    00002659  A$common$ |    0000265B  A$common$
     0000265B  C$common. |    0000265D  A$common$ |    0000265F  A$common$
     0000265F  C$common. |    0000265F  C$common. |    00002660  A$common$
     00002661  A$common$ |    00002664  A$common$ |    00002665  A$common$
     00002665  C$common. |    00002666  A$common$ |    00002666  C$common.
     00002666  XG$fadeFr |    00002668  A$common$ |    00002668  C$common.
     00002668  C$common. |    00002668  G$InvertC |    00002668  _InvertCo
ASxxxx Linker V03.00 + NoICE + sdld,  page 10.
Hexadecimal  [32-Bits]

Area                       Addr        Size        Decimal Bytes (Attributes)
--------------------       ----        ----        ------- ----- ------------
_CODE                  00000200    00002B41 =       11073. bytes (REL,CON)

        Value  Global            Value  Global            Value  Global    
        -----  ------            -----  ------            -----  ------    
     0000266A  A$common$ |    0000266C  A$common$ |    0000266C  C$common.
     0000266E  A$common$ |    00002670  A$common$ |    00002670  C$common.
     00002670  XG$Invert |    00002671  A$common$ |    00002671  C$common.
     00002671  C$common. |    00002671  G$ResetCo |    00002671  _ResetCol
     00002673  A$common$ |    00002675  A$common$ |    00002675  C$common.
     00002677  A$common$ |    00002679  A$common$ |    00002679  C$common.
     00002679  XG$ResetC |    0000267A  A$CoreGam |    0000267A  C$CoreGam
     0000267A  G$set_cam |    0000267A  _set_came |    0000267C  A$CoreGam
     0000267C  C$CoreGam |    0000267F  A$CoreGam |    00002681  A$CoreGam
     00002684  A$CoreGam |    00002686  A$CoreGam |    00002686  C$CoreGam
     00002689  A$CoreGam |    0000268A  A$CoreGam |    0000268B  A$CoreGam
     0000268C  A$CoreGam |    0000268E  A$CoreGam |    00002690  A$CoreGam
     00002692  A$CoreGam |    00002694  A$CoreGam |    00002696  A$CoreGam
     00002698  A$CoreGam |    0000269B  A$CoreGam |    0000269C  A$CoreGam
     0000269D  A$CoreGam |    0000269D  C$CoreGam |    0000269E  A$CoreGam
     000026A1  A$CoreGam |    000026A2  A$CoreGam |    000026A5  A$CoreGam
     000026A8  A$CoreGam |    000026A9  A$CoreGam |    000026AB  A$CoreGam
     000026AC  A$CoreGam |    000026AD  A$CoreGam |    000026AF  A$CoreGam
     000026B0  A$CoreGam |    000026B2  A$CoreGam |    000026B3  A$CoreGam
     000026B4  A$CoreGam |    000026B5  A$CoreGam |    000026B6  A$CoreGam
     000026B7  A$CoreGam |    000026B9  A$CoreGam |    000026BA  A$CoreGam
     000026BB  A$CoreGam |    000026BC  A$CoreGam |    000026BD  A$CoreGam
     000026BE  A$CoreGam |    000026C0  A$CoreGam |    000026C1  A$CoreGam
     000026C3  A$CoreGam |    000026C4  A$CoreGam |    000026C6  A$CoreGam
     000026C7  A$CoreGam |    000026C8  A$CoreGam |    000026C8  C$CoreGam
     000026CB  A$CoreGam |    000026CE  A$CoreGam |    000026CF  A$CoreGam
     000026D0  A$CoreGam |    000026D1  A$CoreGam |    000026D2  A$CoreGam
     000026D3  A$CoreGam |    000026D4  A$CoreGam |    000026D6  A$CoreGam
     000026D7  A$CoreGam |    000026D8  A$CoreGam |    000026DA  A$CoreGam
     000026DC  A$CoreGam |    000026DE  A$CoreGam |    000026E0  A$CoreGam
     000026E1  A$CoreGam |    000026E2  A$CoreGam |    000026E5  A$CoreGam
     000026E7  A$CoreGam |    000026E9  A$CoreGam |    000026EA  A$CoreGam
     000026EB  A$CoreGam |    000026EE  A$CoreGam |    000026EF  A$CoreGam
     000026F1  A$CoreGam |    000026F2  A$CoreGam |    000026F3  A$CoreGam
     000026F4  A$CoreGam |    000026F5  A$CoreGam |    000026F7  A$CoreGam
     000026F8  A$CoreGam |    000026F9  A$CoreGam |    000026FA  A$CoreGam
     000026FD  A$CoreGam |    000026FF  A$CoreGam |    00002702  A$CoreGam
     00002704  A$CoreGam |    00002704  C$CoreGam |    00002706  A$CoreGam
     00002706  C$CoreGam |    00002709  A$CoreGam |    0000270B  A$CoreGam
     0000270D  A$CoreGam |    00002710  A$CoreGam |    00002711  A$CoreGam
     00002712  A$CoreGam |    00002714  A$CoreGam |    00002717  A$CoreGam
     00002719  A$CoreGam |    0000271B  A$CoreGam |    0000271C  A$CoreGam
     0000271D  A$CoreGam |    0000271E  A$CoreGam |    00002721  A$CoreGam
     00002723  A$CoreGam |    00002726  A$CoreGam |    00002728  A$CoreGam
     0000272A  A$CoreGam |    0000272B  A$CoreGam |    0000272C  A$CoreGam
     0000272D  A$CoreGam |    0000272F  A$CoreGam |    00002730  A$CoreGam
     00002731  A$CoreGam |    00002732  A$CoreGam |    00002733  A$CoreGam
     00002734  A$CoreGam |    00002735  A$CoreGam |    00002736  A$CoreGam
     00002738  A$CoreGam |    00002739  A$CoreGam |    0000273A  A$CoreGam
     0000273B  A$CoreGam |    0000273E  A$CoreGam |    00002740  A$CoreGam
     00002743  A$CoreGam |    00002745  A$CoreGam |    00002745  C$CoreGam
ASxxxx Linker V03.00 + NoICE + sdld,  page 11.
Hexadecimal  [32-Bits]

Area                       Addr        Size        Decimal Bytes (Attributes)
--------------------       ----        ----        ------- ----- ------------
_CODE                  00000200    00002B41 =       11073. bytes (REL,CON)

        Value  Global            Value  Global            Value  Global    
        -----  ------            -----  ------            -----  ------    
     00002745  C$CoreGam |    00002748  A$CoreGam |    00002749  A$CoreGam
     00002749  C$CoreGam |    0000274C  A$CoreGam |    0000274D  A$CoreGam
     0000274D  C$CoreGam |    00002750  A$CoreGam |    00002751  A$CoreGam
     00002752  A$CoreGam |    00002753  A$CoreGam |    00002755  A$CoreGam
     00002757  A$CoreGam |    00002759  A$CoreGam |    0000275B  A$CoreGam
     0000275D  A$CoreGam |    0000275F  A$CoreGam |    00002762  A$CoreGam
     00002763  A$CoreGam |    00002763  C$CoreGam |    00002764  A$CoreGam
     00002767  A$CoreGam |    00002768  A$CoreGam |    0000276B  A$CoreGam
     0000276B  C$CoreGam |    0000276E  A$CoreGam |    0000276F  A$CoreGam
     00002771  A$CoreGam |    00002772  A$CoreGam |    00002774  A$CoreGam
     00002775  A$CoreGam |    00002776  A$CoreGam |    00002777  A$CoreGam
     00002778  A$CoreGam |    00002779  A$CoreGam |    0000277B  A$CoreGam
     0000277C  A$CoreGam |    0000277D  A$CoreGam |    0000277E  A$CoreGam
     0000277F  A$CoreGam |    00002780  A$CoreGam |    00002782  A$CoreGam
     00002783  A$CoreGam |    00002785  A$CoreGam |    00002786  A$CoreGam
     00002788  A$CoreGam |    00002789  A$CoreGam |    0000278A  A$CoreGam
     0000278A  C$CoreGam |    0000278B  A$CoreGam |    0000278E  A$CoreGam
     00002791  A$CoreGam |    00002792  A$CoreGam |    00002793  A$CoreGam
     00002794  A$CoreGam |    00002795  A$CoreGam |    00002796  A$CoreGam
     00002797  A$CoreGam |    00002798  A$CoreGam |    0000279A  A$CoreGam
     0000279B  A$CoreGam |    0000279C  A$CoreGam |    0000279E  A$CoreGam
     000027A1  A$CoreGam |    000027A2  A$CoreGam |    000027A5  A$CoreGam
     000027A8  A$CoreGam |    000027AA  A$CoreGam |    000027AC  A$CoreGam
     000027AD  A$CoreGam |    000027AE  A$CoreGam |    000027B1  A$CoreGam
     000027B2  A$CoreGam |    000027B3  A$CoreGam |    000027B4  A$CoreGam
     000027B6  A$CoreGam |    000027B7  A$CoreGam |    000027B8  A$CoreGam
     000027B9  A$CoreGam |    000027BA  A$CoreGam |    000027BB  A$CoreGam
     000027BC  A$CoreGam |    000027BD  A$CoreGam |    000027C0  A$CoreGam
     000027C2  A$CoreGam |    000027C5  A$CoreGam |    000027C7  A$CoreGam
     000027C7  C$CoreGam |    000027C9  A$CoreGam |    000027C9  C$CoreGam
     000027CC  A$CoreGam |    000027CE  A$CoreGam |    000027D0  A$CoreGam
     000027D1  A$CoreGam |    000027D2  A$CoreGam |    000027D4  A$CoreGam
     000027D7  A$CoreGam |    000027D8  A$CoreGam |    000027DB  A$CoreGam
     000027DD  A$CoreGam |    000027E0  A$CoreGam |    000027E2  A$CoreGam
     000027E4  A$CoreGam |    000027E5  A$CoreGam |    000027E6  A$CoreGam
     000027E9  A$CoreGam |    000027EA  A$CoreGam |    000027EB  A$CoreGam
     000027EC  A$CoreGam |    000027EE  A$CoreGam |    000027EF  A$CoreGam
     000027F0  A$CoreGam |    000027F1  A$CoreGam |    000027F2  A$CoreGam
     000027F3  A$CoreGam |    000027F4  A$CoreGam |    000027F5  A$CoreGam
     000027F8  A$CoreGam |    000027FA  A$CoreGam |    000027FD  A$CoreGam
     000027FF  A$CoreGam |    000027FF  C$CoreGam |    000027FF  C$CoreGam
     00002802  A$CoreGam |    00002805  A$CoreGam |    00002805  C$CoreGam
     00002808  A$CoreGam |    0000280B  A$CoreGam |    0000280E  A$CoreGam
     00002811  A$CoreGam |    00002814  A$CoreGam |    00002817  A$CoreGam
     0000281A  A$CoreGam |    0000281D  A$CoreGam |    0000281F  A$CoreGam
     0000281F  C$CoreGam |    0000281F  XG$set_ca |    00002820  A$CoreGam
     00002820  C$CoreGam |    00002820  C$CoreGam |    00002820  G$CoreGam
     00002820  _CoreGame |    00002823  A$CoreGam |    00002825  A$CoreGam
     00002828  A$CoreGam |    0000282A  A$CoreGam |    0000282A  C$CoreGam
     0000282D  A$CoreGam |    0000282F  A$CoreGam |    0000282F  C$CoreGam
     00002832  A$CoreGam |    00002834  A$CoreGam |    00002835  A$CoreGam
ASxxxx Linker V03.00 + NoICE + sdld,  page 12.
Hexadecimal  [32-Bits]

Area                       Addr        Size        Decimal Bytes (Attributes)
--------------------       ----        ----        ------- ----- ------------
_CODE                  00000200    00002B41 =       11073. bytes (REL,CON)

        Value  Global            Value  Global            Value  Global    
        -----  ------            -----  ------            -----  ------    
     00002836  A$CoreGam |    00002837  A$CoreGam |    00002837  C$CoreGam
     0000283A  A$CoreGam |    0000283C  A$CoreGam |    0000283D  A$CoreGam
     0000283E  A$CoreGam |    0000283F  A$CoreGam |    0000283F  C$CoreGam
     00002842  A$CoreGam |    00002844  A$CoreGam |    00002845  A$CoreGam
     00002846  A$CoreGam |    00002847  A$CoreGam |    0000284A  A$CoreGam
     0000284C  A$CoreGam |    0000284D  A$CoreGam |    0000284E  A$CoreGam
     0000284F  A$CoreGam |    0000284F  C$CoreGam |    00002852  A$CoreGam
     00002854  A$CoreGam |    00002854  C$CoreGam |    00002857  A$CoreGam
     00002858  A$CoreGam |    0000285B  A$CoreGam |    0000285C  A$CoreGam
     0000285F  A$CoreGam |    00002861  A$CoreGam |    00002864  A$CoreGam
     00002866  A$CoreGam |    00002868  A$CoreGam |    00002869  A$CoreGam
     0000286A  A$CoreGam |    0000286D  A$CoreGam |    0000286E  A$CoreGam
     00002871  A$CoreGam |    00002872  A$CoreGam |    00002873  A$CoreGam
     00002874  A$CoreGam |    00002875  A$CoreGam |    00002878  A$CoreGam
     0000287A  A$CoreGam |    0000287D  A$CoreGam |    0000287F  A$CoreGam
     0000287F  C$CoreGam |    00002882  A$CoreGam |    00002883  A$CoreGam
     00002886  A$CoreGam |    00002887  A$CoreGam |    0000288A  A$CoreGam
     0000288C  A$CoreGam |    0000288C  C$CoreGam |    0000288E  A$CoreGam
     00002890  A$CoreGam |    00002892  A$CoreGam |    00002892  C$CoreGam
     00002894  A$CoreGam |    00002896  A$CoreGam |    00002898  A$CoreGam
     00002898  C$CoreGam |    0000289A  A$CoreGam |    0000289C  A$CoreGam
     0000289E  A$CoreGam |    0000289E  C$CoreGam |    000028A1  A$CoreGam
     000028A1  C$CoreGam |    000028A3  A$CoreGam |    000028A3  C$CoreGam
     000028A3  XG$CoreGa |    000028A6  A$CoreGam |    000028A6  C$CoreGam
     000028A6  C$CoreGam |    000028A6  G$CoreGam |    000028A6  _CoreGame
     000028A9  A$CoreGam |    000028AC  A$CoreGam |    000028AC  C$CoreGam
     000028AF  A$CoreGam |    000028B2  A$CoreGam |    000028B2  C$CoreGam
     000028B5  A$CoreGam |    000028B8  A$CoreGam |    000028B8  C$CoreGam
     000028BB  A$CoreGam |    000028BC  A$CoreGam |    000028BE  A$CoreGam
     000028C0  A$CoreGam |    000028C0  C$CoreGam |    000028C3  A$CoreGam
     000028C4  A$CoreGam |    000028C5  A$CoreGam |    000028C7  A$CoreGam
     000028C7  C$CoreGam |    000028C8  A$CoreGam |    000028C9  A$CoreGam
     000028CA  A$CoreGam |    000028CB  A$CoreGam |    000028CC  A$CoreGam
     000028CD  A$CoreGam |    000028CE  A$CoreGam |    000028CF  A$CoreGam
     000028CF  C$CoreGam |    000028D2  A$CoreGam |    000028D4  A$CoreGam
     000028D6  A$CoreGam |    000028D6  C$CoreGam |    000028D8  A$CoreGam
     000028DA  A$CoreGam |    000028DA  C$CoreGam |    000028DD  A$CoreGam
     000028DE  A$CoreGam |    000028DF  A$CoreGam |    000028E1  A$CoreGam
     000028E2  A$CoreGam |    000028E4  A$CoreGam |    000028E6  A$CoreGam
     000028E6  C$CoreGam |    000028E7  A$CoreGam |    000028E8  A$CoreGam
     000028EA  A$CoreGam |    000028EB  A$CoreGam |    000028EC  A$CoreGam
     000028EC  C$CoreGam |    000028EF  A$CoreGam |    000028F1  A$CoreGam
     000028F1  C$CoreGam |    000028F3  A$CoreGam |    000028F5  A$CoreGam
     000028F5  C$CoreGam |    000028F8  A$CoreGam |    000028F9  A$CoreGam
     000028FA  A$CoreGam |    000028FC  A$CoreGam |    000028FC  C$CoreGam
     000028FD  A$CoreGam |    000028FE  A$CoreGam |    000028FF  A$CoreGam
     00002900  A$CoreGam |    00002901  A$CoreGam |    00002902  A$CoreGam
     00002903  A$CoreGam |    00002904  A$CoreGam |    00002904  C$CoreGam
     00002907  A$CoreGam |    00002909  A$CoreGam |    0000290B  A$CoreGam
     0000290B  C$CoreGam |    0000290D  A$CoreGam |    0000290F  A$CoreGam
     0000290F  C$CoreGam |    00002912  A$CoreGam |    00002913  A$CoreGam
ASxxxx Linker V03.00 + NoICE + sdld,  page 13.
Hexadecimal  [32-Bits]

Area                       Addr        Size        Decimal Bytes (Attributes)
--------------------       ----        ----        ------- ----- ------------
_CODE                  00000200    00002B41 =       11073. bytes (REL,CON)

        Value  Global            Value  Global            Value  Global    
        -----  ------            -----  ------            -----  ------    
     00002915  A$CoreGam |    00002916  A$CoreGam |    00002918  A$CoreGam
     0000291A  A$CoreGam |    0000291A  C$CoreGam |    0000291B  A$CoreGam
     0000291C  A$CoreGam |    0000291E  A$CoreGam |    0000291F  A$CoreGam
     00002920  A$CoreGam |    00002920  C$CoreGam |    00002923  A$CoreGam
     00002925  A$CoreGam |    00002927  A$CoreGam |    00002927  C$CoreGam
     00002929  A$CoreGam |    0000292B  A$CoreGam |    0000292B  C$CoreGam
     0000292D  A$CoreGam |    00002930  A$CoreGam |    00002930  C$CoreGam
     00002932  A$CoreGam |    00002933  A$CoreGam |    00002933  C$CoreGam
     00002935  A$CoreGam |    00002937  A$CoreGam |    00002937  C$CoreGam
     0000293A  A$CoreGam |    0000293B  A$CoreGam |    0000293E  A$CoreGam
     0000293F  A$CoreGam |    00002942  A$CoreGam |    00002944  A$CoreGam
     00002944  C$CoreGam |    00002947  A$CoreGam |    00002948  A$CoreGam
     0000294A  A$CoreGam |    0000294A  C$CoreGam |    0000294D  A$CoreGam
     0000294D  C$CoreGam |    00002950  A$CoreGam |    00002950  C$CoreGam
     00002953  A$CoreGam |    00002955  A$CoreGam |    00002955  C$CoreGam
     00002957  A$CoreGam |    00002957  C$CoreGam |    00002957  XG$CoreGa
     00002958  A$GameJoh |    00002958  C$GameJoh |    00002958  C$GameJoh
     00002958  G$GameJoh |    00002958  _GameJohn |    0000295B  A$GameJoh
     0000295C  A$GameJoh |    0000295F  A$GameJoh |    00002960  A$GameJoh
     00002963  A$GameJoh |    00002965  A$GameJoh |    00002965  C$GameJoh
     00002968  A$GameJoh |    00002969  A$GameJoh |    0000296C  A$GameJoh
     0000296D  A$GameJoh |    0000296E  A$GameJoh |    0000296F  A$GameJoh
     00002970  A$GameJoh |    00002973  A$GameJoh |    00002975  A$GameJoh
     00002975  C$GameJoh |    00002977  A$GameJoh |    00002979  A$GameJoh
     0000297B  A$GameJoh |    0000297B  C$GameJoh |    0000297D  A$GameJoh
     0000297D  C$GameJoh |    0000297D  XG$GameJo |    00002980  A$GameJoh
     00002980  C$GameJoh |    00002980  C$GameJoh |    00002980  G$GameJoh
     00002980  _GameJohn |    00002983  A$GameJoh |    00002986  A$GameJoh
     00002986  C$GameJoh |    00002989  A$GameJoh |    0000298C  A$GameJoh
     0000298D  A$GameJoh |    0000298D  C$GameJoh |    0000298F  A$GameJoh
     00002991  A$GameJoh |    00002991  C$GameJoh |    00002993  A$GameJoh
     00002996  A$GameJoh |    00002996  C$GameJoh |    00002998  A$GameJoh
     0000299B  A$GameJoh |    0000299B  C$GameJoh |    0000299E  A$GameJoh
     000029A0  A$GameJoh |    000029A2  A$GameJoh |    000029A2  C$GameJoh
     000029A4  A$GameJoh |    000029A7  A$GameJoh |    000029A7  C$GameJoh
     000029A9  A$GameJoh |    000029AC  A$GameJoh |    000029AC  C$GameJoh
     000029AF  A$GameJoh |    000029B1  A$GameJoh |    000029B3  A$GameJoh
     000029B3  C$GameJoh |    000029B5  A$GameJoh |    000029B8  A$GameJoh
     000029B8  C$GameJoh |    000029BA  A$GameJoh |    000029BB  A$GameJoh
     000029BB  C$GameJoh |    000029BD  A$GameJoh |    000029BD  C$GameJoh
     000029BD  XG$GameJo |    000029BE  A$Bestiar |    000029BE  C$Bestiar
     000029BE  C$Bestiar |    000029BE  G$Bestiar |    000029BE  _Bestiary
     000029C1  A$Bestiar |    000029C2  A$Bestiar |    000029C5  A$Bestiar
     000029C6  A$Bestiar |    000029C9  A$Bestiar |    000029CB  A$Bestiar
     000029CB  C$Bestiar |    000029CE  A$Bestiar |    000029CF  A$Bestiar
     000029D2  A$Bestiar |    000029D3  A$Bestiar |    000029D4  A$Bestiar
     000029D5  A$Bestiar |    000029D6  A$Bestiar |    000029D9  A$Bestiar
     000029DB  A$Bestiar |    000029DB  C$Bestiar |    000029DD  A$Bestiar
     000029DF  A$Bestiar |    000029E1  A$Bestiar |    000029E1  C$Bestiar
     000029E3  A$Bestiar |    000029E3  C$Bestiar |    000029E3  XG$Bestia
     000029E6  A$Bestiar |    000029E6  C$Bestiar |    000029E6  G$Bestiar
ASxxxx Linker V03.00 + NoICE + sdld,  page 14.
Hexadecimal  [32-Bits]

Area                       Addr        Size        Decimal Bytes (Attributes)
--------------------       ----        ----        ------- ----- ------------
_CODE                  00000200    00002B41 =       11073. bytes (REL,CON)

        Value  Global            Value  Global            Value  Global    
        -----  ------            -----  ------            -----  ------    
     000029E6  _Bestiary |    000029E9  A$Bestiar |    000029EC  A$Bestiar
     000029EC  C$Bestiar |    000029EF  A$Bestiar |    000029F2  A$Bestiar
     000029F3  A$Bestiar |    000029F3  C$Bestiar |    000029F4  A$Bestiar
     000029F4  C$Bestiar |    000029F6  A$Bestiar |    000029F8  A$Bestiar
     000029F8  C$Bestiar |    000029FB  A$Bestiar |    000029FC  A$Bestiar
     000029FD  A$Bestiar |    000029FE  A$Bestiar |    000029FF  A$Bestiar
     00002A00  A$Bestiar |    00002A01  A$Bestiar |    00002A03  A$Bestiar
     00002A05  A$Bestiar |    00002A05  C$Bestiar |    00002A08  A$Bestiar
     00002A09  A$Bestiar |    00002A09  C$Bestiar |    00002A0B  A$Bestiar
     00002A0D  A$Bestiar |    00002A0D  C$Bestiar |    00002A10  A$Bestiar
     00002A11  A$Bestiar |    00002A12  A$Bestiar |    00002A13  A$Bestiar
     00002A14  A$Bestiar |    00002A15  A$Bestiar |    00002A16  A$Bestiar
     00002A17  A$Bestiar |    00002A19  A$Bestiar |    00002A1B  A$Bestiar
     00002A1C  A$Bestiar |    00002A1E  A$Bestiar |    00002A1F  A$Bestiar
     00002A21  A$Bestiar |    00002A23  A$Bestiar |    00002A25  A$Bestiar
     00002A27  A$Bestiar |    00002A28  A$Bestiar |    00002A2A  A$Bestiar
     00002A2C  A$Bestiar |    00002A2E  A$Bestiar |    00002A2F  A$Bestiar
     00002A31  A$Bestiar |    00002A31  C$Bestiar |    00002A34  A$Bestiar
     00002A35  A$Bestiar |    00002A35  C$Bestiar |    00002A37  A$Bestiar
     00002A39  A$Bestiar |    00002A39  C$Bestiar |    00002A3C  A$Bestiar
     00002A3C  C$Bestiar |    00002A3F  A$Bestiar |    00002A41  A$Bestiar
     00002A43  A$Bestiar |    00002A43  C$Bestiar |    00002A45  A$Bestiar
     00002A48  A$Bestiar |    00002A48  C$Bestiar |    00002A4A  A$Bestiar
     00002A4B  A$Bestiar |    00002A4B  C$Bestiar |    00002A4E  A$Bestiar
     00002A4F  A$Bestiar |    00002A51  A$Bestiar |    00002A51  C$Bestiar
     00002A54  A$Bestiar |    00002A55  A$Bestiar |    00002A58  A$Bestiar
     00002A59  A$Bestiar |    00002A5C  A$Bestiar |    00002A5E  A$Bestiar
     00002A5E  C$Bestiar |    00002A61  A$Bestiar |    00002A62  A$Bestiar
     00002A65  A$Bestiar |    00002A66  A$Bestiar |    00002A69  A$Bestiar
     00002A6A  A$Bestiar |    00002A6D  A$Bestiar |    00002A6F  A$Bestiar
     00002A6F  C$Bestiar |    00002A71  A$Bestiar |    00002A72  A$Bestiar
     00002A73  A$Bestiar |    00002A76  A$Bestiar |    00002A77  A$Bestiar
     00002A79  A$Bestiar |    00002A7B  A$Bestiar |    00002A7E  A$Bestiar
     00002A7E  C$Bestiar |    00002A80  A$Bestiar |    00002A81  A$Bestiar
     00002A82  A$Bestiar |    00002A85  A$Bestiar |    00002A86  A$Bestiar
     00002A88  A$Bestiar |    00002A8A  A$Bestiar |    00002A8D  A$Bestiar
     00002A8D  C$Bestiar |    00002A8F  A$Bestiar |    00002A90  A$Bestiar
     00002A91  A$Bestiar |    00002A94  A$Bestiar |    00002A95  A$Bestiar
     00002A97  A$Bestiar |    00002A99  A$Bestiar |    00002A9C  A$Bestiar
     00002A9C  C$Bestiar |    00002A9E  A$Bestiar |    00002A9F  A$Bestiar
     00002AA0  A$Bestiar |    00002AA3  A$Bestiar |    00002AA4  A$Bestiar
     00002AA6  A$Bestiar |    00002AA8  A$Bestiar |    00002AAB  A$Bestiar
     00002AAB  C$Bestiar |    00002AAD  A$Bestiar |    00002AAE  A$Bestiar
     00002AAF  A$Bestiar |    00002AB2  A$Bestiar |    00002AB3  A$Bestiar
     00002AB5  A$Bestiar |    00002AB7  A$Bestiar |    00002ABA  A$Bestiar
     00002ABA  C$Bestiar |    00002ABC  A$Bestiar |    00002ABD  A$Bestiar
     00002ABE  A$Bestiar |    00002AC1  A$Bestiar |    00002AC2  A$Bestiar
     00002AC4  A$Bestiar |    00002AC6  A$Bestiar |    00002AC9  A$Bestiar
     00002ACC  A$Bestiar |    00002ACC  C$Bestiar |    00002ACF  A$Bestiar
     00002AD0  A$Bestiar |    00002AD2  A$Bestiar |    00002AD2  C$Bestiar
     00002AD5  A$Bestiar |    00002AD6  A$Bestiar |    00002AD9  A$Bestiar
ASxxxx Linker V03.00 + NoICE + sdld,  page 15.
Hexadecimal  [32-Bits]

Area                       Addr        Size        Decimal Bytes (Attributes)
--------------------       ----        ----        ------- ----- ------------
_CODE                  00000200    00002B41 =       11073. bytes (REL,CON)

        Value  Global            Value  Global            Value  Global    
        -----  ------            -----  ------            -----  ------    
     00002ADA  A$Bestiar |    00002ADD  A$Bestiar |    00002ADF  A$Bestiar
     00002ADF  C$Bestiar |    00002AE2  A$Bestiar |    00002AE3  A$Bestiar
     00002AE6  A$Bestiar |    00002AE7  A$Bestiar |    00002AEA  A$Bestiar
     00002AEB  A$Bestiar |    00002AEE  A$Bestiar |    00002AF0  A$Bestiar
     00002AF0  C$Bestiar |    00002AF2  A$Bestiar |    00002AF3  A$Bestiar
     00002AF4  A$Bestiar |    00002AF7  A$Bestiar |    00002AF8  A$Bestiar
     00002AFA  A$Bestiar |    00002AFC  A$Bestiar |    00002AFF  A$Bestiar
     00002AFF  C$Bestiar |    00002B01  A$Bestiar |    00002B02  A$Bestiar
     00002B03  A$Bestiar |    00002B06  A$Bestiar |    00002B07  A$Bestiar
     00002B09  A$Bestiar |    00002B0B  A$Bestiar |    00002B0E  A$Bestiar
     00002B0E  C$Bestiar |    00002B10  A$Bestiar |    00002B11  A$Bestiar
     00002B12  A$Bestiar |    00002B15  A$Bestiar |    00002B16  A$Bestiar
     00002B18  A$Bestiar |    00002B1A  A$Bestiar |    00002B1D  A$Bestiar
     00002B1D  C$Bestiar |    00002B1F  A$Bestiar |    00002B20  A$Bestiar
     00002B21  A$Bestiar |    00002B24  A$Bestiar |    00002B25  A$Bestiar
     00002B27  A$Bestiar |    00002B29  A$Bestiar |    00002B2C  A$Bestiar
     00002B2C  C$Bestiar |    00002B2E  A$Bestiar |    00002B2F  A$Bestiar
     00002B30  A$Bestiar |    00002B33  A$Bestiar |    00002B34  A$Bestiar
     00002B36  A$Bestiar |    00002B38  A$Bestiar |    00002B3B  A$Bestiar
     00002B3B  C$Bestiar |    00002B3D  A$Bestiar |    00002B3E  A$Bestiar
     00002B3F  A$Bestiar |    00002B42  A$Bestiar |    00002B43  A$Bestiar
     00002B45  A$Bestiar |    00002B47  A$Bestiar |    00002B4A  A$Bestiar
     00002B4D  A$Bestiar |    00002B4D  C$Bestiar |    00002B50  A$Bestiar
     00002B52  A$Bestiar |    00002B54  A$Bestiar |    00002B54  C$Bestiar
     00002B57  A$Bestiar |    00002B58  A$Bestiar |    00002B5B  A$Bestiar
     00002B5C  A$Bestiar |    00002B5F  A$Bestiar |    00002B61  A$Bestiar
     00002B61  C$Bestiar |    00002B64  A$Bestiar |    00002B65  A$Bestiar
     00002B68  A$Bestiar |    00002B69  A$Bestiar |    00002B6C  A$Bestiar
     00002B6D  A$Bestiar |    00002B70  A$Bestiar |    00002B72  A$Bestiar
     00002B72  C$Bestiar |    00002B74  A$Bestiar |    00002B75  A$Bestiar
     00002B76  A$Bestiar |    00002B79  A$Bestiar |    00002B7A  A$Bestiar
     00002B7C  A$Bestiar |    00002B7E  A$Bestiar |    00002B81  A$Bestiar
     00002B81  C$Bestiar |    00002B83  A$Bestiar |    00002B84  A$Bestiar
     00002B85  A$Bestiar |    00002B88  A$Bestiar |    00002B89  A$Bestiar
     00002B8B  A$Bestiar |    00002B8D  A$Bestiar |    00002B90  A$Bestiar
     00002B90  C$Bestiar |    00002B92  A$Bestiar |    00002B93  A$Bestiar
     00002B94  A$Bestiar |    00002B97  A$Bestiar |    00002B98  A$Bestiar
     00002B9A  A$Bestiar |    00002B9C  A$Bestiar |    00002B9F  A$Bestiar
     00002B9F  C$Bestiar |    00002BA1  A$Bestiar |    00002BA2  A$Bestiar
     00002BA3  A$Bestiar |    00002BA6  A$Bestiar |    00002BA7  A$Bestiar
     00002BA9  A$Bestiar |    00002BAB  A$Bestiar |    00002BAE  A$Bestiar
     00002BAE  C$Bestiar |    00002BB0  A$Bestiar |    00002BB1  A$Bestiar
     00002BB2  A$Bestiar |    00002BB5  A$Bestiar |    00002BB6  A$Bestiar
     00002BB8  A$Bestiar |    00002BBA  A$Bestiar |    00002BBD  A$Bestiar
     00002BBD  C$Bestiar |    00002BBF  A$Bestiar |    00002BC0  A$Bestiar
     00002BC1  A$Bestiar |    00002BC4  A$Bestiar |    00002BC5  A$Bestiar
     00002BC7  A$Bestiar |    00002BC9  A$Bestiar |    00002BCC  A$Bestiar
     00002BCC  C$Bestiar |    00002BCE  A$Bestiar |    00002BCE  C$Bestiar
     00002BCE  XG$Bestia |    00002BCF  _set_vram |    00002BDE  _set_win_
     00002BE6  _set_bkg_ |    00002C10  ___move_m |    00002C4F  ___move_m
     00002C92  ___move_m |    00002CD5  ___move_m |    00002D1A  _get_win_
ASxxxx Linker V03.00 + NoICE + sdld,  page 16.
Hexadecimal  [32-Bits]

Area                       Addr        Size        Decimal Bytes (Attributes)
--------------------       ----        ----        ------- ----- ------------
_CODE                  00000200    00002B41 =       11073. bytes (REL,CON)

        Value  Global            Value  Global            Value  Global    
        -----  ------            -----  ------            -----  ------    
     00002D22  _get_bkg_
ASxxxx Linker V03.00 + NoICE + sdld,  page 17.
Hexadecimal  [32-Bits]

Area                       Addr        Size        Decimal Bytes (Attributes)
--------------------       ----        ----        ------- ----- ------------
_HEADER0               00000000    00000001 =           1. bytes (ABS,CON)

        Value  Global            Value  Global            Value  Global    
        -----  ------            -----  ------            -----  ------    
     00000020  .call_hl 
ASxxxx Linker V03.00 + NoICE + sdld,  page 18.
Hexadecimal  [32-Bits]

Area                       Addr        Size        Decimal Bytes (Attributes)
--------------------       ----        ----        ------- ----- ------------
_HEADER1               00000000    00000005 =           5. bytes (ABS,CON)

        Value  Global            Value  Global            Value  Global    
        -----  ------            -----  ------            -----  ------    
     00000028  .MemsetSm
ASxxxx Linker V03.00 + NoICE + sdld,  page 19.
Hexadecimal  [32-Bits]

Area                       Addr        Size        Decimal Bytes (Attributes)
--------------------       ----        ----        ------- ----- ------------
_HEADER2               00000000    00000007 =           7. bytes (ABS,CON)

        Value  Global            Value  Global            Value  Global    
        -----  ------            -----  ------            -----  ------    
     00000030  .MemcpySm
ASxxxx Linker V03.00 + NoICE + sdld,  page 20.
Hexadecimal  [32-Bits]

Area                       Addr        Size        Decimal Bytes (Attributes)
--------------------       ----        ----        ------- ----- ------------
_HEADER3               00000000    00000008 =           8. bytes (ABS,CON)

        Value  Global            Value  Global            Value  Global    
        -----  ------            -----  ------            -----  ------    
ASxxxx Linker V03.00 + NoICE + sdld,  page 21.
Hexadecimal  [32-Bits]

Area                       Addr        Size        Decimal Bytes (Attributes)
--------------------       ----        ----        ------- ----- ------------
_HEADER4               00000000    0000004C =          76. bytes (ABS,CON)

        Value  Global            Value  Global            Value  Global    
        -----  ------            -----  ------            -----  ------    
     00000080  .int      |    0000008F  _wait_int |    0000009C  __standar
     000000AC  _refresh_
ASxxxx Linker V03.00 + NoICE + sdld,  page 22.
Hexadecimal  [32-Bits]

Area                       Addr        Size        Decimal Bytes (Attributes)
--------------------       ----        ----        ------- ----- ------------
_HEADER5               00000000    00000002 =           2. bytes (ABS,CON)

        Value  Global            Value  Global            Value  Global    
        -----  ------            -----  ------            -----  ------    
ASxxxx Linker V03.00 + NoICE + sdld,  page 23.
Hexadecimal  [32-Bits]

Area                       Addr        Size        Decimal Bytes (Attributes)
--------------------       ----        ----        ------- ----- ------------
_HEADER6               00000000    00000030 =          48. bytes (ABS,CON)

        Value  Global            Value  Global            Value  Global    
        -----  ------            -----  ------            -----  ------    
ASxxxx Linker V03.00 + NoICE + sdld,  page 24.
Hexadecimal  [32-Bits]

Area                       Addr        Size        Decimal Bytes (Attributes)
--------------------       ----        ----        ------- ----- ------------
_HEADER7               00000000    00000006 =           6. bytes (ABS,CON)

        Value  Global            Value  Global            Value  Global    
        -----  ------            -----  ------            -----  ------    
ASxxxx Linker V03.00 + NoICE + sdld,  page 25.
Hexadecimal  [32-Bits]

Area                       Addr        Size        Decimal Bytes (Attributes)
--------------------       ----        ----        ------- ----- ------------
_HEADER8               00000000    00000003 =           3. bytes (ABS,CON)

        Value  Global            Value  Global            Value  Global    
        -----  ------            -----  ------            -----  ------    
ASxxxx Linker V03.00 + NoICE + sdld,  page 26.
Hexadecimal  [32-Bits]

Area                       Addr        Size        Decimal Bytes (Attributes)
--------------------       ----        ----        ------- ----- ------------
_HEADER9               00000000    00000001 =           1. bytes (ABS,CON)

        Value  Global            Value  Global            Value  Global    
        -----  ------            -----  ------            -----  ------    
ASxxxx Linker V03.00 + NoICE + sdld,  page 27.
Hexadecimal  [32-Bits]

Area                       Addr        Size        Decimal Bytes (Attributes)
--------------------       ----        ----        ------- ----- ------------
_HEADERa               00000000    00000001 =           1. bytes (ABS,CON)

        Value  Global            Value  Global            Value  Global    
        -----  ------            -----  ------            -----  ------    
ASxxxx Linker V03.00 + NoICE + sdld,  page 28.
Hexadecimal  [32-Bits]

Area                       Addr        Size        Decimal Bytes (Attributes)
--------------------       ----        ----        ------- ----- ------------
_HEADERb               00000000    00000001 =           1. bytes (ABS,CON)

        Value  Global            Value  Global            Value  Global    
        -----  ------            -----  ------            -----  ------    
ASxxxx Linker V03.00 + NoICE + sdld,  page 29.
Hexadecimal  [32-Bits]

Area                       Addr        Size        Decimal Bytes (Attributes)
--------------------       ----        ----        ------- ----- ------------
_HEADERc               00000000    00000002 =           2. bytes (ABS,CON)

        Value  Global            Value  Global            Value  Global    
        -----  ------            -----  ------            -----  ------    
ASxxxx Linker V03.00 + NoICE + sdld,  page 30.
Hexadecimal  [32-Bits]

Area                       Addr        Size        Decimal Bytes (Attributes)
--------------------       ----        ----        ------- ----- ------------
_HEADERd               00000000    00000001 =           1. bytes (ABS,CON)

        Value  Global            Value  Global            Value  Global    
        -----  ------            -----  ------            -----  ------    
ASxxxx Linker V03.00 + NoICE + sdld,  page 31.
Hexadecimal  [32-Bits]

Area                       Addr        Size        Decimal Bytes (Attributes)
--------------------       ----        ----        ------- ----- ------------
_HEADERe               00000000    00000001 =           1. bytes (ABS,CON)

        Value  Global            Value  Global            Value  Global    
        -----  ------            -----  ------            -----  ------    
ASxxxx Linker V03.00 + NoICE + sdld,  page 32.
Hexadecimal  [32-Bits]

Area                       Addr        Size        Decimal Bytes (Attributes)
--------------------       ----        ----        ------- ----- ------------
_HEADERf               00000000    00000002 =           2. bytes (ABS,CON)

        Value  Global            Value  Global            Value  Global    
        -----  ------            -----  ------            -----  ------    
ASxxxx Linker V03.00 + NoICE + sdld,  page 33.
Hexadecimal  [32-Bits]

Area                       Addr        Size        Decimal Bytes (Attributes)
--------------------       ----        ----        ------- ----- ------------
_HEADER10              00000000    00000084 =         132. bytes (ABS,CON)

        Value  Global            Value  Global            Value  Global    
        -----  ------            -----  ------            -----  ------    
     00000150  .reset    |    00000150  _reset    |    00000157  .code_sta
     000001B9  _exit     |    000001BD  _set_inte
ASxxxx Linker V03.00 + NoICE + sdld,  page 34.
Hexadecimal  [32-Bits]

Area                       Addr        Size        Decimal Bytes (Attributes)
--------------------       ----        ----        ------- ----- ------------
_HEADER11              00000000    00000001 =           1. bytes (ABS,CON)

        Value  Global            Value  Global            Value  Global    
        -----  ------            -----  ------            -----  ------    
ASxxxx Linker V03.00 + NoICE + sdld,  page 35.
Hexadecimal  [32-Bits]

Area                       Addr        Size        Decimal Bytes (Attributes)
--------------------       ----        ----        ------- ----- ------------
_HOME                  00002D41    000002D6 =         726. bytes (REL,CON)

        Value  Global            Value  Global            Value  Global    
        -----  ------            -----  ------            -----  ------    
     00002D41  .memset_s |    00002D4A  .memcpy_s |    00002D67  .remove_V
     00002D6A  .remove_i |    00002D87  .add_VBL  |    00002D8A  .add_int 
     00002D95  .wait_vbl |    00002D95  _wait_vbl |    00002DA5  .display_
     00002DA5  _display_ |    00002DBD  _remove_V |    00002DC8  _add_VBL 
     00002DD3  _uitoa    |    00002DE2  _itoa     |    00002DF1  .itoa    
     00002E05  .utoa     |    00002E79  _set_tile |    00002E7E  _set_bkg_
     00002E7E  _set_win_ |    00002E86  _set_spri |    00002EB6  _set_bkg_
     00002EF9  .set_xy_w |    00002F02  .set_xy_b |    00002F11  .set_xy_s
     00002F5B  .padup    |    00002F5B  _waitpadu |    00002F6B  .jpad    
     00002F6B  _joypad   |    00002F93  _waitpad  |    00002F94  .wait_pad
     00002F9B  _strlen   |    00002FA0  .strlen   |    00002FA9  _set_bkg_
     00002FBD  .set_xy_w |    00002FC6  .set_xy_b |    00002FD5  .set_xy_t
ASxxxx Linker V03.00 + NoICE + sdld,  page 36.
Hexadecimal  [32-Bits]

Area                       Addr        Size        Decimal Bytes (Attributes)
--------------------       ----        ----        ------- ----- ------------
_INITIALIZER           00003017    00001E9E =        7838. bytes (REL,CON)

        Value  Global            Value  Global            Value  Global    
        -----  ------            -----  ------            -----  ------    
     00003017  Fhome$__x |    00003CB9  FGameTitl |    00003CBA  FGameTitl
     00003CBB  Fcommon$_ |    00003CBC  Fcommon$_ |    00003CBD  FCoreGame
     00003CC5  FJohnDoe_ |    00003E2D  FJohnDoe_ |    0000432D  FBestiary
     00004495  FCrow_Til |    00004625  FCrow_Map |    00004648  FBestiary
     00004649  FBestiary |    0000464A  FFont$__x |    000049AA  FGypsy_Ti
     00004B9A  FGypsy_Ma |    00004BC4  FWally_Ti |    00004D84  FWally_Ma
     00004DA2  FSkateboa
ASxxxx Linker V03.00 + NoICE + sdld,  page 37.
Hexadecimal  [32-Bits]

Area                       Addr        Size        Decimal Bytes (Attributes)
--------------------       ----        ----        ------- ----- ------------
_GSINIT                00004EB5    0000000C =          12. bytes (REL,CON)

        Value  Global            Value  Global            Value  Global    
        -----  ------            -----  ------            -----  ------    
     00004EB5  gsinit   
ASxxxx Linker V03.00 + NoICE + sdld,  page 38.
Hexadecimal  [32-Bits]

Area                       Addr        Size        Decimal Bytes (Attributes)
--------------------       ----        ----        ------- ----- ------------
_GSFINAL               00004EC1    00000001 =           1. bytes (REL,CON)

        Value  Global            Value  Global            Value  Global    
        -----  ------            -----  ------            -----  ------    
ASxxxx Linker V03.00 + NoICE + sdld,  page 39.
Hexadecimal  [32-Bits]

Area                       Addr        Size        Decimal Bytes (Attributes)
--------------------       ----        ----        ------- ----- ------------
_DATA                  0000C0A0    00000024 =          36. bytes (REL,CON)

        Value  Global            Value  Global            Value  Global    
        -----  ------            -----  ------            -----  ------    
     0000C0A0  __cpu     |    0000C0A1  __is_GBA  |    0000C0A2  .mode    
     0000C0A3  .sys_time |    0000C0A3  _sys_time |    0000C0A5  .int_0x40
     0000C0B1  G$camera_ |    0000C0B1  _camera_x |    0000C0B3  G$camera_
     0000C0B3  _camera_y |    0000C0B5  G$old_cam |    0000C0B5  _old_came
     0000C0B7  G$old_cam |    0000C0B7  _old_came |    0000C0B9  G$map_pos
     0000C0B9  _map_pos_ |    0000C0BA  G$map_pos |    0000C0BA  _map_pos_
     0000C0BB  G$old_map |    0000C0BB  _old_map_ |    0000C0BC  G$old_map
     0000C0BC  _old_map_ |    0000C0BD  G$redraw$ |    0000C0BD  _redraw  
     0000C0BE  G$camera_ |    0000C0BE  _camera_p |    0000C0BF  G$camera_
     0000C0BF  _camera_p |    0000C0C0  .image_ti |    0000C0C1  ___curren
     0000C0C3  ___curren
ASxxxx Linker V03.00 + NoICE + sdld,  page 40.
Hexadecimal  [32-Bits]

Area                       Addr        Size        Decimal Bytes (Attributes)
--------------------       ----        ----        ------- ----- ------------
_INITIALIZED           0000C0C4    00001E9E =        7838. bytes (REL,CON)

        Value  Global            Value  Global            Value  Global    
        -----  ------            -----  ------            -----  ------    
     0000C0C4  G$Home$0_ |    0000C0C4  _Home     |    0000CD66  G$timer$0
     0000CD66  _timer    |    0000CD67  G$frame$0 |    0000CD67  _frame   
     0000CD68  G$joypadP |    0000CD68  _joypadPr |    0000CD69  G$joypadC
     0000CD69  _joypadCu |    0000CD6A  G$mouse$0 |    0000CD6A  _mouse   
     0000CD72  G$JohnDoe |    0000CD72  _JohnDoe_ |    0000CEDA  G$JohnDoe
     0000CEDA  _JohnDoe_ |    0000D3DA  G$Bestiar |    0000D3DA  _Bestiary
     0000D542  G$Crow_Ti |    0000D542  _Crow_Til |    0000D6D2  G$Crow_Ma
     0000D6D2  _Crow_Map |    0000D6F5  G$index$0 |    0000D6F5  _index   
     0000D6F6  G$invert$ |    0000D6F6  _invert   |    0000D6F7  G$FontTil
     0000D6F7  _FontTile |    0000DA57  G$GypsyTi |    0000DA57  _GypsyTil
     0000DC47  G$Gypsy_M |    0000DC47  _Gypsy_Ma |    0000DC71  G$WallyTi
     0000DC71  _WallyTil |    0000DE31  G$Wally_M |    0000DE31  _Wally_Ma
     0000DE4F  G$Skatebo |    0000DE4F  _Skateboa |    0000DF5F  __submap_
     0000DF60  ___render |    0000DF61  __map_til
ASxxxx Linker V03.00 + NoICE + sdld,  page 41.
Hexadecimal  [32-Bits]

Area                       Addr        Size        Decimal Bytes (Attributes)
--------------------       ----        ----        ------- ----- ------------
_HRAM12                00000000    00000003 =           3. bytes (ABS,CON)

        Value  Global            Value  Global            Value  Global    
        -----  ------            -----  ------            -----  ------    
     0000FF90  __current |    0000FF92  __shadow_
ASxxxx Linker V03.00 + NoICE + sdld,  page 42.

Files Linked                              [ module(s) ]

C:\gbdk\lib/gb/crt0.o                     [ Runtime ]
obj\main.o                                [ main ]
obj\cast_tiles.o                          [ cast_tiles ]
obj\indoor_tiles.o                        [ indoor_tiles ]
obj\home.o                                [ home ]
obj\player.o                              [ player ]
obj\GameTitle.o                           [ GameTitle ]
obj\Globe_Tiles.o                         [ Globe_Tiles ]
obj\Title_Map.o                           [ Title_Map ]
obj\Title_Tiles.o                         [ Title_Tiles ]
obj\common.o                              [ common ]
obj\CoreGameLoop.o                        [ CoreGameLoop ]
obj\JohnDoe_Map.o                         [ JohnDoe_Map ]
obj\JohnDoe_Tiles.o                       [ JohnDoe_Tiles ]
obj\GameJohnDoe.o                         [ GameJohnDoe ]
obj\Bestiary_Map.o                        [ Bestiary_Map ]
obj\Crow_Tiles.o                          [ Crow_Tiles ]
obj\Crow_Map.o                            [ Crow_Map ]
obj\Bestiary.o                            [ Bestiary ]
obj\Font.o                                [ Font ]
obj\Gypsy_Tiles.o                         [ Gypsy_Tiles ]
obj\Gypsy_Map.o                           [ Gypsy_Map ]
obj\Wally_Tiles.o                         [ Wally_Tiles ]
obj\Wally_Map.o                           [ Wally_Map ]
obj\Skateboard_Tiles.o                    [ Skateboard_Tiles ]


Libraries Linked                          [ object file ]

C:\gbdk\lib/sm83/sm83.lib                 [ itoa.o ]
C:\gbdk\lib/gb/gb.lib                     [ sfr.o ]
C:\gbdk\lib/gb/gb.lib                     [ set_tile.o ]
C:\gbdk\lib/gb/gb.lib                     [ set_data.o ]
C:\gbdk\lib/gb/gb.lib                     [ set_tile_submap.o ]
C:\gbdk\lib/gb/gb.lib                     [ pad.o ]
C:\gbdk\lib/gb/gb.lib                     [ metasprites.o ]
C:\gbdk\lib/gb/gb.lib                     [ metasprites_flip.o ]
C:\gbdk\lib/sm83/sm83.lib                 [ strlen.o ]
C:\gbdk\lib/gb/gb.lib                     [ get_addr.o ]
C:\gbdk\lib/gb/gb.lib                     [ set_bk_t.o ]
C:\gbdk\lib/gb/gb.lib                     [ set_xy_t.o ]

ASxxxx Linker V03.00 + NoICE + sdld,  page 43.

User Base Address Definitions

_DATA=0xC0A0
_CODE=0x0200
ASxxxx Linker V03.00 + NoICE + sdld,  page 44.

User Global Definitions

_shadow_OAM=0xC000
.STACK=0xE000
.refresh_OAM=0xFF80

